06-20 20:20:39.161 13883 13981 I Unity   : New GUID: 7b65f3d1-6664-4b39-b77d-8ea1447a9497
06-20 20:20:39.164 13883 13981 I Unity   : [IHBEPIEEIJG] Init
06-20 20:20:39.166 13883 13981 I Unity   : [IHBEPIEEIJG] Current state: None
06-20 20:20:39.314 13883 13981 I Unity   : Overwrite external configs with internal
06-20 20:20:39.569 13883 13981 I Unity   : Migration to the new dto
06-20 20:20:39.574 13883 13981 W Unity   : BlockInput was called, but we cannot block input yet
06-20 20:20:39.580 13883 14182 D BLASTBufferQueue: [2d72351 SurfaceView[com.nekki.shadowfight3/com.nekki.unityplugins.NekkiNativeActivity]@0#1](f:0,a:1) acquireNextBufferLocked size=1340x800 mFrameNumber=1 applyTransaction=true mTimestamp=302033111479308(auto) mPendingTransactions.size=0 graphicBufferId=59627030970370 transform=7
06-20 20:20:39.608 13883 13981 I Unity   : [BOGDEHCNHOF]; Logs folder: [/storage/emulated/0/Android/data/top.niunaijun.blackbox/files/blackbox/storage/emulated/0/Android/data/com.nekki.shadowfight3/files/gamedata/Logs]; Available drive space: 6730MB; Limit space: 50MB
06-20 20:20:39.621 13883 13981 I Unity   : [LOJMGBEJJGO] Init
06-20 20:20:39.629 13883 13981 D AttributionSourceUtils: Fixed AttributionSource UID in method arguments
06-20 20:20:39.629 13883 13981 D ContentProviderStub: android_id intercepted (call) for top.niunaijun.blackbox -> f10ec6ad6e9ee2da
06-20 20:20:39.631 13883 14230 I UserMessagingPlatform: Use new ConsentDebugSettings.Builder().addTestDeviceHashedId("65EDE2A903253B2F54A8A94622D63D73") to set this as a debug device.
06-20 20:20:39.631 13883 13981 I Unity   : [JOKOBCPEOPJ] Init
06-20 20:20:39.631 13883 13981 I Unity   : [DHEDEFLIDPP] Init
06-20 20:20:39.633 13883 14230 D UserMessagingPlatform: Stored info not exists: IABTCF_TCString
06-20 20:20:39.633 13883 14230 D UserMessagingPlatform: Stored info not exists: IABGPP_HDR_GppString
06-20 20:20:39.633 13883 14230 D UserMessagingPlatform: Stored info not exists: IABGPP_GppSID
06-20 20:20:39.633 13883 14230 D UserMessagingPlatform: Stored info not exists: IABUSPrivacy_String
06-20 20:20:39.642 13883 14230 I WebViewFactory: Loading com.google.android.webview version 149.0.7827.91 (code 782709103)
06-20 20:20:39.645 13883 14230 V ResourcesManager: The following library key has been added: ResourcesKey{ mHash=577b64ab mResDir=null mSplitDirs=[] mOverlayDirs=[] mLibDirs=[/data/app/~~Le3hgXek_hNQMhl1CO1F4g==/com.google.android.webview-2XJ4JQhZFpZKWJuOrRbbBA==/base.apk,/system/framework/android.test.base.jar,/system_ext/framework/androidx.window.extensions.jar] mDisplayId=0 mOverrideConfig=v36 mCompatInfo={213dpi always-compat} mLoaders=[]}
06-20 20:20:39.646 13883 14230 D ApplicationLoaders: Returning zygote-cached class loader: /system/framework/android.test.base.jar
06-20 20:20:39.646 13883 14230 D ApplicationLoaders: Returning zygote-cached class loader: /system_ext/framework/androidx.window.extensions.jar
06-20 20:20:39.647 13883 14230 D NativeCore: openDexFileNative: /data/app/~~Le3hgXek_hNQMhl1CO1F4g==/com.google.android.webview-2XJ4JQhZFpZKWJuOrRbbBA==/base.apk
06-20 20:20:39.655 13883 14230 D nativeloader: Configuring clns-11 for other apk /data/app/~~Le3hgXek_hNQMhl1CO1F4g==/com.google.android.webview-2XJ4JQhZFpZKWJuOrRbbBA==/base.apk. target_sdk_version=36, uses_libraries=, library_path=/data/app/~~Le3hgXek_hNQMhl1CO1F4g==/com.google.android.webview-2XJ4JQhZFpZKWJuOrRbbBA==/lib/arm64:/data/app/~~Le3hgXek_hNQMhl1CO1F4g==/com.google.android.webview-2XJ4JQhZFpZKWJuOrRbbBA==/base.apk!/lib/arm64-v8a, permitted_path=/data:/mnt/expand
06-20 20:20:39.728 13883 14230 I cr_WVCFactoryProvider: version=149.0.7827.91 (782709103) minSdkVersion=29 multiprocess=true packageId=2 splits=config.arm64_v8a
06-20 20:20:39.729 13883 13883 I BLASTBufferQueue_Java: update, w= 1340 h= 800 mName = VRI[NekkiNativeActivity]@1d2240a mNativeObject= 0x778e245b50 sc.mNativeObject= 0x772e216310 format= -3 caller= android.view.ViewRootImpl.updateBlastSurfaceIfNeeded:3574 android.view.ViewRootImpl.relayoutWindow:11685 android.view.ViewRootImpl.performTraversals:4804 android.view.ViewRootImpl.doTraversal:3924 android.view.ViewRootImpl$TraversalRunnable.run:12903 android.view.Choreographer$CallbackRecord.run:1901 
06-20 20:20:39.730 13883 13883 I VRI[NekkiNativeActivity]@1d2240a: Relayout returned: old=(0,0,1340,800) new=(0,0,1340,800) relayoutAsync=true req=(1340,800)0 dur=0 res=0x0 s={true 0x775e256e60} ch=false seqId=0
06-20 20:20:39.730 13883 13883 I VRI[NekkiNativeActivity]@1d2240a: updateBoundsLayer: t=android.view.SurfaceControl$Transaction@2455a0a sc=Surface(name=Bounds for - com.nekki.shadowfight3/com.nekki.unityplugins.NekkiNativeActivity@0)/@0x6b2927b frame=5
06-20 20:20:39.730 13883 13883 I VRI[NekkiNativeActivity]@1d2240a: registerCallbackForPendingTransactions
06-20 20:20:39.732 13883 13992 I VRI[NekkiNativeActivity]@1d2240a: mWNT: t=0x779e2fc0d0 mBlastBufferQueue=0x778e245b50 fn= 5 HdrRenderState mRenderHdrSdrRatio=1.0 caller= android.view.ViewRootImpl$10.onFrameDraw:6536 android.view.ViewRootImpl$4.onFrameDraw:2489 android.view.ThreadedRenderer$1.onFrameDraw:718 
06-20 20:20:39.738 13883 14230 D nativeloader: Load /data/app/~~Le3hgXek_hNQMhl1CO1F4g==/com.google.android.webview-2XJ4JQhZFpZKWJuOrRbbBA==/base.apk!/lib/arm64-v8a/libwebviewchromium.so using class loader ns clns-11 (caller=/data/app/~~Le3hgXek_hNQMhl1CO1F4g==/com.google.android.webview-2XJ4JQhZFpZKWJuOrRbbBA==/base.apk): ok
06-20 20:20:39.749 13883 14230 D nativeloader: Load /system/lib64/libwebviewchromium_plat_support.so using class loader ns clns-11 (caller=/data/app/~~Le3hgXek_hNQMhl1CO1F4g==/com.google.android.webview-2XJ4JQhZFpZKWJuOrRbbBA==/base.apk): ok
06-20 20:20:39.761 13883 14233 I chromium: [0620/202039.754322:INFO:android_webview/browser/variations/variations_seed_loader.cc:67] Failed to open file for reading.: No such file or directory (2)
06-20 20:20:39.761 13883 14233 I chromium: [0620/202039.761644:INFO:android_webview/browser/variations/variations_seed_loader.cc:67] Failed to open file for reading.: No such file or directory (2)
06-20 20:20:39.803 13883 13883 I cr_LibraryLoader: Successfully loaded native library
06-20 20:20:39.819 13883 13883 I cr_CachingUmaRecorder: Flushed 44 samples from 22 histograms, 0 samples were dropped.
06-20 20:20:39.824 13883 13883 I cr_ChildProcLH: ScopedServiceBindingBatch.tryActivate: false
06-20 20:20:39.827 13883 13883 I cr_CombinedPProvider: #registerProvider() provider:WV.wk@d00a9c9 isPolicyCacheEnabled:false policyProvidersSize:0
06-20 20:20:39.827 13883 13883 I cr_PolicyProvider: #setManagerAndSource() 0
06-20 20:20:39.829 13883 14232 D TransactionThrottler: Reset transaction throttler
06-20 20:20:39.830 13883 14232 D TransactionThrottler: Reset transaction throttler
06-20 20:20:39.831 13883 13883 I cr_DisplayManager: Is Display Topology available: false
06-20 20:20:39.833 13883 14232 I cr_policy: registerReceiver succeeded after 6ms
06-20 20:20:39.836 13883 14236 D TransactionThrottler: Reset transaction throttler
06-20 20:20:39.847 13883 14236 D TransactionThrottler: Reset transaction throttler
06-20 20:20:39.849 13883 13981 D BanzaiLogcat: Starting Logcat process with command line: logcat -f /storage/emulated/0/Android/data/top.niunaijun.blackbox/files/blackbox/storage/emulated/0/Android/data/com.nekki.shadowfight3/files/gamedata/Logs/NativeLog_20-06-26_20-20-39.log *:S UnityIAP:V BillingClient:V BillingHelper:V BanzaiLogcat:V BanzaiExceptions:V BanzaiGpgTokens:V NativeBridgeActivity:V TokenFragment:V TokenPendingResult:V BanzaiBackups:V
06-20 20:20:39.941 13883 13887 I jun.blackbox:p0: Background young concurrent mark compact GC freed 5261KB AllocSpace bytes, 24(996KB) LOS objects, 49% free, 5502KB/10MB, paused 728us,14.261ms total 80.608ms
06-20 20:20:39.952 13883 13981 W Unity   : Client time was used instead of server time.
06-20 20:20:39.953 13883 13883 I cr_CombinedPProvider: #linkNativeInternal() 1
06-20 20:20:39.954 13883 13981 I Unity   : GcUtils_SetFreeSpaceDivisor(3)
06-20 20:20:39.956 13883 13981 D PackageManagerStub: GetPackageInfo: Providing fake Google Play Services info
06-20 20:20:39.957 13883 13981 W GooglePlayServicesUtil: com.nekki.shadowfight3 requires Google Play services, but they are missing.
06-20 20:20:39.959 13883 13981 D Banzai  : Status of gaming service availability: 1
06-20 20:20:39.959 13883 13981 I Unity   : GC Configuration:
06-20 20:20:39.959 13883 13981 I Unity   : Adaptivity=1
06-20 20:20:39.959 13883 13981 I Unity   : CrashMemoryLimit=1821
06-20 20:20:39.959 13883 13981 I Unity   : MinFreeSpaceDivisor=3
06-20 20:20:39.959 13883 13981 I Unity   : MaxFreeSpaceDivisor=8
06-20 20:20:39.960 13883 13883 I cr_AppResProvider: #getApplicationRestrictionsFromUserManager() Only system may: get application restrictions for other user/app com.nekki.shadowfight3
06-20 20:20:39.960 13883 13883 I cr_PolicyProvider: #notifySettingsAvailable() 0
06-20 20:20:39.960 13883 13883 I cr_CombinedPProvider: #onSettingsAvailable() 0
06-20 20:20:39.960 13883 13883 I cr_CombinedPProvider: #flushPolicies()
06-20 20:20:39.965 13883 14252 I jun.blackbox:p0: Using smaps_rollup for pss collection
06-20 20:20:39.994 13883 13883 D VirtualSpoof: [spoof] ro.build.version.release = 12
06-20 20:20:39.994 13883 13883 D VirtualSpoof: [spoof] ro.product.model = Pixel 6
06-20 20:20:40.020 13883 14259 D TransactionThrottler: Reset transaction throttler
06-20 20:20:40.021 13883 14259 D TransactionThrottler: Reset transaction throttler
06-20 20:20:40.045 13883 14259 D TransactionThrottler: Reset transaction throttler
06-20 20:20:40.046 13883 14259 D TransactionThrottler: Reset transaction throttler
06-20 20:20:40.106 13883 14260 W chromium: [WARNING:net/dns/dns_config_service_android.cc:69] Failed to read DnsConfig.
06-20 20:20:40.110 13883 13981 I Unity   : Initializing localization..
06-20 20:20:40.113 13883 13883 W cr_PlatformSer-Internal: Unable to find GMS package on device
06-20 20:20:40.129 13883 13883 D VirtualSpoof: [spoof] ro.build.version.release = 12
06-20 20:20:40.129 13883 13883 D VirtualSpoof: [spoof] ro.product.model = Pixel 6
06-20 20:20:40.130 13883 13883 W chromium: [WARNING:android_webview/browser/network_service/net_helpers.cc:137] HTTP Cache size is: 20971520
06-20 20:20:40.132 13883 13883 D TransactionThrottler: Reset transaction throttler
06-20 20:20:40.133 13883 13883 D TransactionThrottler: Reset transaction throttler
06-20 20:20:40.135 13883 13883 D TransactionThrottler: Reset transaction throttler
06-20 20:20:40.135 13883 13883 D TransactionThrottler: Reset transaction throttler
06-20 20:20:40.138 13883 13892 E LoadedApk: performReceive() called targeting raw IIntentReceiver for Intent { act=android.intent.action.PROXY_CHANGE flg=0x24000010 xflg=0x4 (has extras) }
06-20 20:20:40.150 13883 14230 D VirtualSpoof: [spoof] ro.build.version.release = 12
06-20 20:20:40.150 13883 14230 D VirtualSpoof: [spoof] ro.product.model = Pixel 6
06-20 20:20:40.162 13883 13883 I cr_AppResProvider: #getApplicationRestrictionsFromUserManager() Only system may: get application restrictions for other user/app com.nekki.shadowfight3
06-20 20:20:40.162 13883 13883 I cr_PolicyProvider: #notifySettingsAvailable() 0
06-20 20:20:40.162 13883 13883 I cr_CombinedPProvider: #onSettingsAvailable() 0
06-20 20:20:40.162 13883 13883 I cr_CombinedPProvider: #flushPolicies()
06-20 20:20:40.167 13883 14289 I CameraManagerGlobal: Connecting to camera service
06-20 20:20:40.183 13883 14289 D VendorTagDescriptor: addVendorDescriptor: vendor tag id 8932615658386372252 added
06-20 20:20:40.204 13883 14289 I CameraManager: registerAvailabilityCallback: Is device callback = false
06-20 20:20:40.204 13883 13892 I CameraManagerGlobal: Camera 0 facing CAMERA_FACING_BACK state now CAMERA_STATE_CLOSED for client com.google.android.googlequicksearchbox API Level 2 User Id 0Device Id 0
06-20 20:20:40.204 13883 13894 I CameraManagerGlobal: Camera 1 facing CAMERA_FACING_FRONT state now CAMERA_STATE_CLOSED for client android.system API Level 2 User Id 0Device Id 0
06-20 20:20:40.204 13883 13894 I CameraManagerGlobal: Camera 2 facing CAMERA_FACING_FRONT state now CAMERA_STATE_CLOSED for client client.pid<1100> API Level 2 User Id 0Device Id 0
06-20 20:20:40.205 13883 14289 I CameraManagerGlobal: postSingleUpdate device: camera id 0 status STATUS_PRESENT
06-20 20:20:40.205 13883 14289 I CameraManagerGlobal: postSingleUpdate device: camera id 1 status STATUS_PRESENT
06-20 20:20:40.471 13883 14230 D UserMessagingPlatform: Action[clear]: {"keys":["UMP_eids"]}
06-20 20:20:40.471 13883 14230 D UserMessagingPlatform: Action[write]: {"UMP_consentModeValues":"3334","IABTCF_CmpSdkID":300,"IABTCF_gdprApplies":0}
06-20 20:20:40.471 13883 14230 D UserMessagingPlatform: Writing to storage: [UMP_consentModeValues] 3334
06-20 20:20:40.471 13883 14230 D UserMessagingPlatform: Writing to storage: [IABTCF_CmpSdkID] 300
06-20 20:20:40.471 13883 14230 D UserMessagingPlatform: Writing to storage: [IABTCF_gdprApplies] 0
06-20 20:20:40.506 13883 13981 I Unity   : Localization initialized: [English] []
06-20 20:20:40.511 13883 13981 I Unity   : [GAPLKBELEIG]; Get internet accessibility response: [Available]
06-20 20:20:40.623 13883 13981 I Unity   : [LOJMGBEJJGO] Update. Success. Status: NotRequired True
06-20 20:20:41.149 13883 13981 I Unity   : Audio configuration:
06-20 20:20:41.149 13883 13981 I Unity   :   DSP buffer size: 512
06-20 20:20:41.149 13883 13981 I Unity   :   Number real voices: 32
06-20 20:20:41.149 13883 13981 I Unity   :   Number virtual voices: 512
06-20 20:20:41.149 13883 13981 I Unity   :   Sample rate: 24000
06-20 20:20:41.149 13883 13981 I Unity   :   Speaker mode: Stereo
06-20 20:20:41.198 13883 13981 I Unity   : NativeScreenTexture: SetTexture; caller=[TermsOfUse]; layer=[990] camera=[Both]; filter=[Blur]; current callers=[empty]
06-20 20:20:41.198 13883 13981 I Unity   : NativeScreenTexture: TakeScreenshot; autoSet=[True]; camera=[Both]; filter=[Blur]
06-20 20:20:41.202 13883 13981 W Unity   : DontDestroyOnLoad only works for root GameObjects or components on root GameObjects.
06-20 20:20:41.322 13883 13981 I Unity   : World changed: IN
06-20 20:20:41.323 13883 13981 I Banzai  : Path: /storage/emulated/0/Android/data/top.niunaijun.blackbox/files/blackbox/storage/emulated/0/Android/data/com.nekki.shadowfight3/files/tou.file
06-20 20:20:41.323 13883 13981 W Banzai  : SendLog Terms of use not confirm!
06-20 20:20:41.489 13883 13981 I Unity   : Own config version (NetworkSettings.ConfigVersion [full version: 1.45.0.0.16655-prod]) need update to : NetworkSettings.ConfigVersion [full version: 1.45.0.21.16675-prod]
06-20 20:20:41.495 13883 13981 D ConnectivityManager: StackLog: [android.net.ConnectivityManager.sendRequestForNetwork(ConnectivityManager.java:4744)] [android.net.ConnectivityManager.registerDefaultNetworkCallbackForUid(ConnectivityManager.java:5469)] [android.net.ConnectivityManager.registerDefaultNetworkCallback(ConnectivityManager.java:5436)] [android.net.ConnectivityManager.registerDefaultNetworkCallback(ConnectivityManager.java:5410)] [com.unity3d.player.a.v.<init>(SourceFile:64)] [com.unity3d.player.UnityPlayer.getNetworkConnectivity(SourceFile:855)] [com.unity3d.player.UnityPlayerForActivityOrService.nativeRender(Native Method)] [com.unity3d.player.V.handleMessage(SourceFile:93)]
06-20 20:20:41.495 13883 13981 D IConnectivityManagerProxy: Intercepting requestNetwork call for internet access
06-20 20:20:41.497 13883 13981 D IConnectivityManagerProxy: requestNetwork succeeded via original method
06-20 20:20:41.983 13883 13981 W Unity   : Client time was used instead of server time.
06-20 20:20:41.983 13883 13981 I Unity   : Localization download meta: {"langs": {"Turkish": {"Journal": 1758, "Base": 1758, "News": 1758}, "Japanese": {"News": 1758, "Base": 1758, "Journal": 1758}, "English": {"Journal": 1758, "Base": 1758, "News": 1758}, "Russian": {"Base": 1758, "News": 1758, "Journal": 1758}, "Korean": {"News": 1758, "Base": 1758, "Journal": 1758}, "French": {"Journal": 1758, "News": 1758, "Base": 1758}, "Vietnamese": {"Journal": 1758, "Base": 1758, "News": 1758}, "Hindi": {"News": 1758, "Journal": 1758, "Base": 1758}, "ChineseSimplified": {"Base": 1758, "News": 1758, "Journal": 1758}, "Indonesian": {"Base": 1758, "Journal": 1758, "News": 1758}, "Spanish": {"Base": 1758, "News": 1758, "Journal": 1758}, "Portuguese": {"Journal": 1758, "News": 1758, "Base": 1758}, "ChineseTraditional": {"News": 1758, "Journal": 1758, "Base": 1758}, "Italian": {"Journal": 1758, "News": 1758, "Base": 1758}, "Thai": {"Base": 1758, "News": 1758, "Journal": 1758}, "German": {"News": 1758, "Base": 1758, "Journal": 1758}}, "baseUrl": "https://sf3assets.ne
06-20 20:20:42.427 13883 14259 D TransactionThrottler: Reset transaction throttler
06-20 20:20:42.435 13883 14259 D TransactionThrottler: Reset transaction throttler
06-20 20:20:46.245 13883 13883 D VRI[NekkiNativeActivity]@1d2240a: mThreadedRenderer.initializeIfNeeded()#2 mSurface={isValid=true 0x775e256e60}
06-20 20:20:46.246 13883 13883 D InputMethodManagerUtils: startInputInner - Id : 0
06-20 20:20:46.246 13883 13883 I InputMethodManager: startInputInner - IInputMethodManagerGlobalInvoker.startInputOrWindowGainedFocus
06-20 20:20:46.250 13883 13883 I InputMethodManager: handleMessage: setImeVisibility visible=false
06-20 20:20:46.250 13883 13883 D InsetsController: hide(ime(), fromIme=false)
06-20 20:20:46.250 13883 13883 I ImeTracker: top.niunaijun.blackbox:29015c8b: onCancelled at PHASE_CLIENT_ALREADY_HIDDEN
06-20 20:20:46.254 13883 13894 D InputTransport: Input channel constructed: 'ClientS', fd=318
06-20 20:20:47.169 13883 13883 I VRI[NekkiNativeActivity]@1d2240a: ViewPostIme pointer 0
06-20 20:20:47.169 13883 13883 I VRI[NekkiNativeActivity]@1d2240a: call setFrameRateCategory for touch hint category=high hint, reason=touch, vri=VRI[NekkiNativeActivity]@1d2240a
06-20 20:20:47.235 13883 13883 I VRI[NekkiNativeActivity]@1d2240a: ViewPostIme pointer 1
06-20 20:20:47.355 13883 13883 D CrashMonitor: Performing periodic health check...
06-20 20:20:47.355 13883 13883 W CrashMonitor: High thread count detected: 111
06-20 20:20:47.355 13883 13883 D CrashMonitor: Health check completed - Memory: 2.1%, Threads: 111
06-20 20:20:47.779 13883 13883 I VRI[NekkiNativeActivity]@1d2240a: ViewPostIme pointer 0
06-20 20:20:47.862 13883 13883 I VRI[NekkiNativeActivity]@1d2240a: ViewPostIme pointer 1
06-20 20:20:47.877 13883 13981 W Unity   : Client time was used instead of server time.
06-20 20:20:47.878 13883 13981 I Unity   : NativeScreenTexture: Clear; from=[TermsOfUse]; delayed=[False]; callers=[1]
06-20 20:20:47.910 13883 13981 I Unity   : $<color=blue><b>CreateNativeJsEngine: PlatformDefault</b></color>
06-20 20:20:47.923 13883 13981 D nativeloader: Load /data/app/~~b-kNTPL92oJmt3Gcmb6V-w==/com.nekki.shadowfight3-7kK4tjGugrQhSUVD9c6cmg==/lib/arm64/libbanzai-v8.so using class loader ns clns-10 (caller=/data/app/~~b-kNTPL92oJmt3Gcmb6V-w==/com.nekki.shadowfight3-7kK4tjGugrQhSUVD9c6cmg==/base.apk!classes7.dex): ok
06-20 20:20:47.944 13883 13981 I Unity   : [V8 JS] Msg: [V8] Initialized
06-20 20:20:47.963 13883 13981 I Unity   : [V8 JS] Msg: [V8] Isolate initialized
06-20 20:20:47.963 13883 13981 I Unity   : [JS] Init params: chapterId=100, debug=False, allChapters=False, loadFromSnapshot=True, createSnapshot=False
06-20 20:20:48.562 13883 14016 D TransactionThrottler: Reset transaction throttler
06-20 20:20:48.594 13883 13883 D TransactionThrottler: Reset transaction throttler
06-20 20:20:48.595 13883 13883 D TransactionThrottler: Reset transaction throttler
06-20 20:20:48.597 13883 13894 E LoadedApk: performReceive() called targeting raw IIntentReceiver for Intent { act=android.intent.action.BATTERY_CHANGED flg=0x60000010 (has extras) }
06-20 20:20:50.864 13883 13883 I VRI[NekkiNativeActivity]@1d2240a: call setFrameRateCategory for touch hint category=no preference, reason=boost timeout, vri=VRI[NekkiNativeActivity]@1d2240a
06-20 20:20:52.853 13883 13981 W Unity   : Client time was used instead of server time.
06-20 20:20:52.854 13883 13981 I Unity   : [JS] Init stats: exec 4543 ms, total 4885 ms
06-20 20:20:52.880 13883 13981 I Unity   : [FB] Init
06-20 20:20:52.941 13883 13981 V com.facebook.unity.FB: SetUserAgentSuffix(Unity.18.0.0)
06-20 20:20:52.942 13883 13981 V com.facebook.unity.FB: Init({"appId":"647386682120764","clientToken":"1fc47ffc09d4802ddba691bc6fde9479"})
06-20 20:20:52.945 13883 13981 D com.facebook.unity.FB: KeyHash: 1hEJ12jtqjrS76nvNXvRrjPV8Ks=
06-20 20:20:52.947 13883 13911 D PackageManagerStub: GetPackageInfo: Providing fake Google Play Services info
06-20 20:20:52.948 13883 13981 V com.facebook.unity.FB: sending to Unity OnInitComplete({"key_hash":"1hEJ12jtqjrS76nvNXvRrjPV8Ks=\n"})
06-20 20:20:52.948 13883 13981 I Unity   : Using Facebook Unity SDK v18.0.0 with FBAndroidSDK/18.2.3
06-20 20:20:52.948 13883 13911 W GooglePlayServicesUtil: com.nekki.shadowfight3 requires Google Play services, but they are missing.
06-20 20:20:52.949 13883 13911 W GooglePlayServicesUtil: com.nekki.shadowfight3 requires Google Play services, but they are missing.
06-20 20:20:52.951 13883 14355 D TransactionThrottler: Reset transaction throttler
06-20 20:20:52.966 13883 14355 E adservices: Failed binding to measurement service: com.android.adservices.shared.common.exception.ServiceUnavailableException: Service is not available.
06-20 20:20:52.966 13883 13911 D class com.facebook.appevents.gps.ara.GpsAraTriggersManager: OUTCOME_RECEIVER_TRIGGER_FAILURE
06-20 20:20:52.978 13883 13981 I Unity   : [FB] ActivateApp
06-20 20:20:52.978 13883 13981 W com.facebook.unity.FB: Activite app only needs to be called once
06-20 20:20:52.983 13883 13981 I Unity   : [BCIOEFJGMMA] Init
06-20 20:20:52.985 13883 13981 I Unity   : [UserManager]; Load user. Is new: True
06-20 20:20:53.833 13883 13981 I Unity   : Create default server settings 
06-20 20:20:53.833 13883 13981 I Unity   :  System.Collections.Generic.Dictionary`2[System.String,System.Object]{
06-20 20:20:53.833 13883 13981 I Unity   :   "NTF": true,
06-20 20:20:53.833 13883 13981 I Unity   :   "LNG": 10,
06-20 20:20:53.833 13883 13981 I Unity   :   "TCTL": true,
06-20 20:20:53.833 13883 13981 I Unity   :   "QLT": "high",
06-20 20:20:53.833 13883 13981 I Unity   :   "SNDV": 0.0,
06-20 20:20:53.833 13883 13981 I Unity   :   "SNDM": false,
06-20 20:20:53.833 13883 13981 I Unity   :   "MSCV": 0.0,
06-20 20:20:53.833 13883 13981 I Unity   :   "MSCM": false,
06-20 20:20:53.833 13883 13981 I Unity   :   "CNTR": "joystick_small",
06-20 20:20:53.833 13883 13981 I Unity   :   "SLMO": true,
06-20 20:20:53.833 13883 13981 I Unity   :   "cjoy": "",
06-20 20:20:53.833 13883 13981 I Unity   :   "cmag": "",
06-20 20:20:53.833 13883 13981 I Unity   :   "ckic": "",
06-20 20:20:53.833 13883 13981 I Unity   :   "cpun": "",
06-20 20:20:53.833 13883 13981 I Unity   :   "cmis": "",
06-20 20:20:53.833 13883 13981 I Unity   :   "ccon": "",
06-20 20:20:53.833 13883 13981 I Unity   :   "cadd": "",
06-20 20:20:53.833 13883 13981 I Unity   :   "cad2": ""
06-20 20:20:53.833 13883 13981 I Unity   : }
06-20 20:20:53.892 13883 13981 I Unity   : Load current preset: [joystick_small]
06-20 20:20:53.919 13883 13981 I Unity   : [BattlePass] Scheduling BP end: ID=10080209, EndDate=06/29/2026 05:30:00
06-20 20:20:54.381 13883 13981 W Unity   : Havnt any battle data to parse
06-20 20:20:54.393 13883 13981 W Unity   : [UserDataSaver] DataSaver BATTLES already added
06-20 20:20:54.403 13883 13981 I Unity   : [BMNNADNBPKN] Init
06-20 20:20:54.415 13883 13981 I Unity   : [DJBCNKBGEGH] Init
06-20 20:20:54.415 13883 13981 I Unity   : [DJBCNKBGEGH] InitInternal: False
06-20 20:20:54.436 13883 14361 W GooglePlayServicesUtil: com.nekki.shadowfight3 requires Google Play services, but they are missing.
06-20 20:20:54.441 13883 14361 D ConnectivityManager: StackLog: [android.net.ConnectivityManager.sendRequestForNetwork(ConnectivityManager.java:4744)] [android.net.ConnectivityManager.sendRequestForNetwork(ConnectivityManager.java:4912)] [android.net.ConnectivityManager.registerNetworkCallback(ConnectivityManager.java:5329)] [android.net.ConnectivityManager.registerNetworkCallback(ConnectivityManager.java:5299)] [com.appsflyer.internal.AFi1oSDK.<init>(:34)] [com.appsflyer.internal.AFa1uSDK.copy(:51047)] [com.appsflyer.internal.AFa1uSDK.$r8$lambda$afiUCNXcbaeS-eqsPnXdGJMH2qE(:0)] [com.appsflyer.internal.AFa1uSDK$$ExternalSyntheticLambda4.run(D8$$SyntheticClass:0)] [java.util.concurrent.ThreadPoolExecutor.runWorker(ThreadPoolExecutor.java:1100)] [java.util.concurrent.ThreadPoolExecutor$Worker.run(ThreadPoolExecutor.java:624)] [java.lang.Thread.run(Thread.java:1572)]
06-20 20:20:54.446 13883 14366 W GooglePlayServicesUtil: com.nekki.shadowfight3 requires Google Play services, but they are missing.
06-20 20:20:54.448 13883 14366 D AdvertisingIdClient: AdvertisingIdClient already created.
06-20 20:20:54.448 13883 14366 D AdvertisingIdClient: AdvertisingIdClient is not bounded. Starting to bind it...
06-20 20:20:54.449 13883 14366 D PackageManagerStub: GetPackageInfo: Providing fake Google Play Services info
06-20 20:20:54.449 13883 14361 W ContextImpl: Failed to ensure /data/user/0/top.niunaijun.blackbox/blackbox/data/user/0/com.nekki.shadowfight3/code_cache: chown failed: EPERM (Operation not permitted)
06-20 20:20:54.450 13883 13981 D TransactionThrottler: Reset transaction throttler
06-20 20:20:54.450 13883 14366 W GooglePlayServicesUtil: com.nekki.shadowfight3 requires Google Play services, but they are missing.
06-20 20:20:54.451 13883 14366 I AdvertisingIdClient: shouldSendLog -1
06-20 20:20:54.451 13883 13981 D TransactionThrottler: Reset transaction throttler
06-20 20:20:54.452 13883 13981 D TransactionThrottler: Reset transaction throttler
06-20 20:20:54.453 13883 14366 D TransactionThrottler: Reset transaction throttler
06-20 20:20:54.454 13883 13961 W GooglePlayServicesUtil: com.nekki.shadowfight3 requires Google Play services, but they are missing.
06-20 20:20:54.454 13883 14364 D TransactionThrottler: Reset transaction throttler
06-20 20:20:54.454 13883 14364 E ActivityThread: Failed to find provider info for com.samsung.android.mapsagent.providers.apptracking
06-20 20:20:54.454 13883 13981 D TransactionThrottler: Reset transaction throttler
06-20 20:20:54.455 13883 13961 W GoogleApiManager: The service for com.google.android.gms.common.internal.service.zau is not available: ConnectionResult{statusCode=SERVICE_MISSING, resolution=null, message=null, clientMethodKey=null}
06-20 20:20:54.456 13883 13883 I AdvertisingIdClient: getting error as 17: API: ClientTelemetry.API is not available on this device. Connection failed with: ConnectionResult{statusCode=SERVICE_MISSING, resolution=null, message=null, clientMethodKey=null}
06-20 20:20:54.456 13883 13981 D TransactionThrottler: Reset transaction throttler
06-20 20:20:54.458 13883 13981 D TransactionThrottler: Reset transaction throttler
06-20 20:20:54.461 13883 14371 D TransactionThrottler: Reset transaction throttler
06-20 20:20:54.461 13883 14371 E ActivityThread: Failed to find provider info for com.aura.oobe.samsung.attributionreferrerprovider
06-20 20:20:54.469 13883 14361 W GooglePlayServicesUtil: com.nekki.shadowfight3 requires Google Play services, but they are missing.
06-20 20:20:54.473 13883 14374 D SensorManager: registerListener :: 1, bma2xy_acc, 20000, 0, 
06-20 20:20:54.476 13883 13981 I Unity   : ***** log handler added
06-20 20:20:54.477 13883 14361 E PlayCore: UID: [10002]  PID: [13883] IntegrityService : Phonesky is not installed.
06-20 20:20:54.479 13883 14374 D SensorManager: registerListener :: 2, qmc6308_mag, 20000, 0, 
06-20 20:20:54.482 13883 13883 V Banzai  : UnityPlayerActivity called onResume
06-20 20:20:54.531 13883 14362 W libc    : Access denied finding property "ro.chipname"
06-20 20:20:54.531 13883 14362 W libc    : Access denied finding property "vzw.os.rooted"
06-20 20:20:54.534 13883 13981 W GooglePlayServicesUtil: com.nekki.shadowfight3 requires Google Play services, but they are missing.
06-20 20:20:54.535 13883 13981 D Banzai  : Status of gaming service availability: 1
06-20 20:20:54.536 13883 13981 I Unity   : [NGLDMEPPJLD]; Create gaming service: NGLDMEPPJLD
06-20 20:20:54.620 13883 14374 D SensorManager: unregisterListener
06-20 20:20:54.622 13883 14374 D SensorManager: unregisterListener
06-20 20:20:54.766 13883 13981 I Unity   : ServerVersion - NetworkSettings.ConfigVersion [full version: 1.45.0.21.16675-prod] ---  CurrentVersion - NetworkSettings.ConfigVersion [full version: 1.45.0.0.16655-prod]
06-20 20:20:54.779 13883 13981 I Unity   : [MKPDMLJNNLC] Start
06-20 20:20:54.823 13883 13887 I jun.blackbox:p0: Background concurrent mark compact GC freed 7248KB AllocSpace bytes, 4(80KB) LOS objects, 49% free, 6214KB/12MB, paused 3.718ms,3.658ms total 113.703ms
06-20 20:20:54.860 13883 13981 W Unity   : Client time was used instead of server time.
06-20 20:20:54.860 13883 13981 W Unity   : Client time was used instead of server time.
06-20 20:20:55.129 13883 13981 I Unity   : BundlesNetworkState Download succeeded
06-20 20:20:55.130 13883 13981 I Unity   : Start Connecting IP:ec2-52-66-28-201.ap-south-1.compute.amazonaws.com Port:443
06-20 20:20:55.140 13883 13981 I Unity   : [NEBU INFO] Connecting to ec2-52-66-28-201.ap-south-1.compute.amazonaws.com:443
06-20 20:20:55.189 13883 13981 I Unity   : [NEBU DEBUG] Reader task is started
06-20 20:20:55.189 13883 13981 I Unity   : [NEBU DEBUG] Writer task is started
06-20 20:20:55.204 13883 13981 I Unity   : [DJBCNKBGEGH] OnDeepLink
06-20 20:20:55.216 13883 13981 E Unity   : [DJBCNKBGEGH] Deep link error NETWORK
06-20 20:20:55.216 13883 13981 E Unity   : UnityEngine.DebugLogHandler:Internal_Log(LogType, LogOption, String, Object)
06-20 20:20:55.216 13883 13981 E Unity   : DJBCNKBGEGH:EKEEAMEJFKL(Object, EventArgs)
06-20 20:20:55.216 13883 13981 E Unity   : 
06-20 20:20:55.218 13883 14367 W libc    : Access denied finding property "ro.chipname"
06-20 20:20:55.219 13883 14367 W libc    : Access denied finding property "vzw.os.rooted"
06-20 20:20:55.219 13883 13981 I Unity   : OnConnectionSuccess
06-20 20:20:55.220 13883 13981 I Banzai  : Path: /storage/emulated/0/Android/data/top.niunaijun.blackbox/files/blackbox/storage/emulated/0/Android/data/com.nekki.shadowfight3/files/tou.file
06-20 20:20:55.227 13883 13981 D AttributionSourceUtils: Fixed AttributionSource UID in method arguments
06-20 20:20:55.227 13883 13981 D ContentProviderStub: android_id intercepted (call) for top.niunaijun.blackbox -> f10ec6ad6e9ee2da
06-20 20:20:55.234 13883 13981 D Banzai  : Send request on url https://sf3lb.nekki.com/clog?guid=f10ec6ad6e9ee2da&e=SMARTFOX_CONNECT&ext=eyJSQU0iOiIzNjQyIiwiQVJDSCI6ImFybTY0LXY4YSIsIk9TIjoiMTYiLCJMQU5HIjoiRW5nbGlzaCIsIk5FVCI6IldJRkkiLCJPR0wiOiJPUEVOR0xFU18zXzAiLCJCTiI6IjE5MjA5IiwiUEwiOiJBbmRyb2lkIn0%3D
06-20 20:20:55.246 13883 13981 W Unity   : AndroidJNIHelper.GetSignature: using Byte parameters is obsolete, use SByte parameters instead
06-20 20:20:55.246 13883 13981 W Unity   : AndroidJNIHelper: converting from Byte array is obsolete, use SByte array instead
06-20 20:20:55.253 13883 13981 I Unity   : Banzai.Networking.Proto.LoginRequest{
06-20 20:20:55.253 13883 13981 I Unity   :   "Version": 6,
06-20 20:20:55.253 13883 13981 I Unity   :   "PrimaryAuthToken": {
06-20 20:20:55.253 13883 13981 I Unity   :     "Type": 1,
06-20 20:20:55.253 13883 13981 I Unity   :     "Data": "{\"login\":\"7b65f3d1-6664-4b39-b77d-8ea1447a9497\",\"password\":\"a529b3ebc00df14602f9b3d9e2b594d2\"}"
06-20 20:20:55.253 13883 13981 I Unity   :   },
06-20 20:20:55.253 13883 13981 I Unity   :   "SecondaryAuthToken": [
06-20 20:20:55.253 13883 13981 I Unity   :     {
06-20 20:20:55.253 13883 13981 I Unity   :       "Type": 6,
06-20 20:20:55.253 13883 13981 I Unity   :       "Data": "f10ec6ad6e9ee2da"
06-20 20:20:55.253 13883 13981 I Unity   :     }
06-20 20:20:55.253 13883 13981 I Unity   :   ],
06-20 20:20:55.253 13883 13981 I Unity   :   "ExtData": "{\"platform\":\"Android\",\"v\":\"19209\",\"app_id\":\"com.nekki.shadowfight3\",\"f\":\"63B1AC5BBB43A2CBC47166585EFDF58AC43689FC\",\"bnumber\":\"19209\",\"bname\":\"UnityClient_ShadowFight3_UnityClientShadowFight3Release_ConfigurationAndroid\"}"
06-20 20:20:55.253 13883 13981 I Unity   : }
06-20 20:20:55.253 13883 13981 I Unity   : [MKPDMLJNNLC] Done in 473.679 ms
06-20 20:20:55.257 13883 13981 I Unity   : [NEBU DEBUG] CompressionThreshold = 256
06-20 20:20:55.288 13883 13981 I Unity   : OnLogin - Guid:  
06-20 20:20:55.308 13883 13981 I Unity   : [Server Event] cmd:<b>join_zone</b> type:Banzai.Networking.Proto.JoinZoneEvent extensible:
06-20 20:20:55.308 13883 13981 I Unity   : Banzai.Networking.Proto.JoinZoneEvent{
06-20 20:20:55.308 13883 13981 I Unity   :   "PlayerExists": false,
06-20 20:20:55.308 13883 13981 I Unity   :   "Timestamp": {
06-20 20:20:55.308 13883 13981 I Unity   :     "Value": 1781967055410
06-20 20:20:55.308 13883 13981 I Unity   :   },
06-20 20:20:55.308 13883 13981 I Unity   :   "NewGooglePlay": false,
06-20 20:20:55.308 13883 13981 I Unity   :   "AuthStatus": 1
06-20 20:20:55.308 13883 13981 I Unity   : }
06-20 20:20:55.312 13883 13981 I Unity   : OnJoinZone Player Exists = False
06-20 20:20:55.313 13883 13981 I Unity   : [IHBEPIEEIJG] State set: NewUser
06-20 20:20:55.319 13883 13981 I Unity   : [FJKBBKCOMAJ] Start
06-20 20:20:55.319 13883 13981 I Unity   : [FJKBBKCOMAJ] Done in 0.073 ms
06-20 20:20:55.324 13883 13981 I Unity   : [Client SFS.send] cmd:<b>log</b> type:sf3DTO.LogRequest session_request_id:4 extensible:
06-20 20:20:55.324 13883 13981 I Unity   : sf3DTO.LogRequest{
06-20 20:20:55.324 13883 13981 I Unity   :   "Events": [
06-20 20:20:55.324 13883 13981 I Unity   :     "{\"msg\":\"[DJBCNKBGEGH] Deep link error NETWORK\",\"trc\":\"UnityEngine.DebugLogHandler:Internal_Log(LogType, LogOption, String, Object)\\nDJBCNKBGEGH:EKEEAMEJFKL(Object, EventArgs)\\n\",\"etype\":\"CLIENT_ERROR\",\"cid\":1,\"pl\":1,\"cts\":1781967055210,\"plf\":\"Android\",\"v\":\"1.45.0.0\",\"fv\":\"1.45.0.0.16655-prod\",\"sid\":0,\"onl\":false,\"md\":\"None\",\"creg\":1781967055}"
06-20 20:20:55.324 13883 13981 I Unity   :   ]
06-20 20:20:55.324 13883 13981 I Unity   : }
06-20 20:20:55.325 13883 13981 I Unity   : [MILMDPBPDDF]; Network initialize finished with active state = [True]
06-20 20:20:55.353 13883 13981 I Unity   : CurrentQualityPreset: [high], CurrentDeviceType: [TABLET]
06-20 20:20:55.364 13883 13981 I Unity   : [Server Response] cmd:<b>log</b> type:Google.Protobuf.WellKnownTypes.Empty session_request_id:4 extensible:
06-20 20:20:55.364 13883 13981 I Unity   : Google.Protobuf.WellKnownTypes.Empty{}
06-20 20:20:55.691 13883 14377 W libc    : Access denied finding property "ro.chipname"
06-20 20:20:55.691 13883 14377 W libc    : Access denied finding property "vzw.os.rooted"
06-20 20:20:55.889 13883 13911 D Banzai  : Request code: 200
06-20 20:20:55.890 13883 13883 D Banzai  : Request result: 
06-20 20:20:55.947 13883 13887 I jun.blackbox:p0: Background concurrent mark compact GC freed 6132KB AllocSpace bytes, 2(40KB) LOS objects, 49% free, 6898KB/13MB, paused 1.246ms,1.823ms total 104.730ms
06-20 20:20:56.969 13883 13981 I Unity   : AppsFlyer_Unity_v6.17.72 AppsFlyerTrackerCallbacks:: didReceiveConversionDataWithError called with Launch exception: Failed to connect to xsj9qt.conversions.appsflyersdk.com/0.0.0.0:443
06-20 20:20:56.984 13883 13981 I Unity   : Sf3BundlesController init
06-20 20:20:57.122 13883 13981 W Unity   : [StringHash] Keeping only hash
06-20 20:20:57.971 13883 13981 I Unity   : Initialize android haptic feedback
06-20 20:20:58.073 13883 13981 I Unity   : Preload quests triggers by locks [INIT]
06-20 20:20:58.073 13883 13981 I Unity   : [Achievements] Not supported platform
06-20 20:20:58.411 13883 13981 I Unity   : Load triggers by locks. Loaded splits=[69]
06-20 20:20:58.457 13883 13981 I Unity   : Set mute volume on mixer [MasterMixer] to [False]
06-20 20:20:58.457 13883 13981 I Unity   : Initialize mixers volume:
06-20 20:20:58.457 13883 13981 I Unity   : Ambient: 0
06-20 20:20:58.457 13883 13981 I Unity   : Battle: 0
06-20 20:20:58.457 13883 13981 I Unity   : MasterMixer: 0
06-20 20:20:58.457 13883 13981 I Unity   : Music: 0
06-20 20:20:58.457 13883 13981 I Unity   : UI: 0
06-20 20:20:58.522 13883 13883 D AttributionSourceUtils: Fixed AttributionSource UID in method arguments
06-20 20:20:58.522 13883 13883 D ContentProviderStub: android_id intercepted (call) for top.niunaijun.blackbox -> f10ec6ad6e9ee2da
06-20 20:20:58.535 13883 14440 D AdvertisingIdClient: AdvertisingIdClient already created.
06-20 20:20:58.535 13883 14440 D AdvertisingIdClient: AdvertisingIdClient is not bounded. Starting to bind it...
06-20 20:20:58.535 13883 14440 W GooglePlayServicesUtil: com.nekki.shadowfight3 requires Google Play services, but they are missing.
06-20 20:20:58.537 13883 14440 I AdvertisingIdClient: shouldSendLog -1
06-20 20:20:58.538 13883 13961 W GooglePlayServicesUtil: com.nekki.shadowfight3 requires Google Play services, but they are missing.
06-20 20:20:58.539 13883 13961 W GoogleApiManager: The service for com.google.android.gms.common.internal.service.zau is not available: ConnectionResult{statusCode=SERVICE_MISSING, resolution=null, message=null, clientMethodKey=null}
06-20 20:20:58.578 13883 13981 I Unity   : [BMNNADNBPKN] Init shop data from null
06-20 20:20:58.605 13883 13981 I Unity   : Preloading in-apps...
06-20 20:20:58.608 13883 14440 W GooglePlayServicesUtil: com.nekki.shadowfight3 requires Google Play services, but they are missing.
06-20 20:20:58.608 13883 13883 I AdvertisingIdClient: getting error as 17: API: ClientTelemetry.API is not available on this device. Connection failed with: ConnectionResult{statusCode=SERVICE_MISSING, resolution=null, message=null, clientMethodKey=null}
06-20 20:20:58.608 13883 13961 W GooglePlayServicesUtil: com.nekki.shadowfight3 requires Google Play services, but they are missing.
06-20 20:20:58.610 13883 13961 W GoogleApiManager: The service for com.google.android.gms.internal.appset.zzd is not available: ConnectionResult{statusCode=SERVICE_MISSING, resolution=null, message=null, clientMethodKey=null}
06-20 20:20:58.657 13883 14440 D AudioPermissionProxy: AudioPermission: getStreamVolume called, allowing
06-20 20:20:58.657 13883 14440 D AudioPermissionProxy: AudioPermission: getStreamMaxVolume called, allowing
06-20 20:20:58.661 13883 14440 D AttributionSourceUtils: Fixed AttributionSource UID in method arguments
06-20 20:20:58.749 13883 13981 D TransactionThrottler: Reset transaction throttler
06-20 20:20:58.750 13883 13981 D BlackManager: Creating service for: top.niunaijun.blackbox.core.system.notification.IBNotificationManagerService$Stub
06-20 20:20:58.750 13883 13981 D BlackManager: Successfully created service: notification_manager
06-20 20:20:58.755 13883 13981 D TransactionThrottler: Reset transaction throttler
06-20 20:20:58.761 13883 13981 D TransactionThrottler: Reset transaction throttler
06-20 20:20:58.765 13883 13981 D TransactionThrottler: Reset transaction throttler
06-20 20:20:58.771 13883 13981 D TransactionThrottler: Reset transaction throttler
06-20 20:20:58.780 13883 14444 D TransactionThrottler: Reset transaction throttler
06-20 20:20:58.786 13883 14444 D UnityNotifications: Checking for invalid notification IDs still hanging around
06-20 20:20:58.786 13883 14444 D TransactionThrottler: Reset transaction throttler
06-20 20:20:58.788 13883 14444 D TransactionThrottler: Reset transaction throttler
06-20 20:20:58.791 13883 14444 D TransactionThrottler: Reset transaction throttler
06-20 20:20:58.794 13883 14444 D TransactionThrottler: Reset transaction throttler
06-20 20:20:58.797 13883 14444 D TransactionThrottler: Reset transaction throttler
06-20 20:20:58.801 13883 14444 D TransactionThrottler: Reset transaction throttler
06-20 20:20:58.804 13883 14444 D TransactionThrottler: Reset transaction throttler
06-20 20:20:58.806 13883 14444 D TransactionThrottler: Reset transaction throttler
06-20 20:20:58.806 13883 13981 I Banzai  : Path: /storage/emulated/0/Android/data/top.niunaijun.blackbox/files/blackbox/storage/emulated/0/Android/data/com.nekki.shadowfight3/files/tou.file
06-20 20:20:58.807 13883 13981 D Banzai  : Send request on url https://sf3lb.nekki.com/clog?guid=f10ec6ad6e9ee2da&e=APP_OPEN_CONTROL&ext=eyJSQU0iOiIzNjQyIiwiQVJDSCI6ImFybTY0LXY4YSIsIk9TIjoiMTYiLCJMQU5HIjoiRW5nbGlzaCIsIk5FVCI6IldJRkkiLCJPR0wiOiJPUEVOR0xFU18zXzAiLCJCTiI6IjE5MjA5IiwiUEwiOiJBbmRyb2lkIn0%3D
06-20 20:20:58.808 13883 14444 D TransactionThrottler: Reset transaction throttler
06-20 20:20:58.810 13883 14444 D TransactionThrottler: Reset transaction throttler
06-20 20:20:58.811 13883 13981 I Unity   : [Client SFS.send] cmd:<b>log</b> type:sf3DTO.LogRequest session_request_id:5 extensible:
06-20 20:20:58.811 13883 13981 I Unity   : sf3DTO.LogRequest{
06-20 20:20:58.811 13883 13981 I Unity   :   "Events": [
06-20 20:20:58.811 13883 13981 I Unity   :     "{\"device\":\"samsung SM-X115\",\"OS\":\"Android OS 16 / API-36 (BP2A.250605.031.A3/X115XXS8DZA6)\",\"RAM\":3642,\"CPU\":8,\"screenWidth\":1340,\"screenHeight\":800,\"processorFrequencyMHz\":2200,\"graphicsDeviceName\":\"Mali-G57 MC2\",\"graphicsDeviceVersion\":\"OpenGL ES 3.2 v1.r54p1-09bet0.ffb9e377f5d7c95fe2471f3c463d2515\",\"graphicsMemorySize\":1024,\"graphicsShaderLevel\":50,\"apiLevel\":\"36\",\"OSVersion\":\"36.0\",\"gamepad\":false,\"id_FULL\":\"f10ec6ad6e9ee2da\",\"qualityPreset\":\"high\",\"systemLanguage\":\"English\",\"network\":\"wifi\",\"build_version\":19209,\"localization\":\"English\",\"etype\":\"APPLICATION_OPEN\",\"cid\":2,\"pl\":1,\"cts\":1781967058810,\"plf\":\"Android\",\"v\":\"1.45.0.0\",\"fv\":\"1.45.0.0.16655-prod\",\"sid\":0,\"onl\":false,\"md\":\"None\",\"creg\":1781967055}"
06-20 20:20:58.811 13883 13981 I Unity   :   ]
06-20 20:20:58.811 13883 13981 I Unity   : }
06-20 20:20:58.813 13883 14444 D TransactionThrottler: Reset transaction throttler
06-20 20:20:58.839 13883 13981 I Unity   : [Server Response] cmd:<b>log</b> type:Google.Protobuf.WellKnownTypes.Empty session_request_id:5 extensible:
06-20 20:20:58.839 13883 13981 I Unity   : Google.Protobuf.WellKnownTypes.Empty{}
06-20 20:20:58.857 13883 13981 I Unity   : [LNPGDLHLKNM] Init
06-20 20:20:58.885 13883 13981 I Unity   : [ICCEKPDBECH] Init
06-20 20:20:58.888 13883 13981 I Unity   : [LevelPlayHandler] Initializing...
06-20 20:20:58.888 13883 13981 I Unity   : [LevelPlayHandler] RecreateThreadDispatcher
06-20 20:20:58.964 13883 13911 D Banzai  : Request code: 200
06-20 20:20:58.965 13883 13883 D Banzai  : Request result: 
06-20 20:20:59.028 13883 13981 I Unity   : [ISAdQualityHandler] Init start with 66bcc545
06-20 20:20:59.087 13883 14448 D AdvertisingIdClient: AdvertisingIdClient already created.
06-20 20:20:59.087 13883 14448 D AdvertisingIdClient: AdvertisingIdClient is not bounded. Starting to bind it...
06-20 20:20:59.087 13883 14448 W GooglePlayServicesUtil: com.nekki.shadowfight3 requires Google Play services, but they are missing.
06-20 20:20:59.090 13883 14448 I AdvertisingIdClient: shouldSendLog -1
06-20 20:20:59.091 13883 13961 W GooglePlayServicesUtil: com.nekki.shadowfight3 requires Google Play services, but they are missing.
06-20 20:20:59.094 13883 13961 W GoogleApiManager: The service for com.google.android.gms.common.internal.service.zau is not available: ConnectionResult{statusCode=SERVICE_MISSING, resolution=null, message=null, clientMethodKey=null}
06-20 20:20:59.094 13883 13883 I AdvertisingIdClient: getting error as 17: API: ClientTelemetry.API is not available on this device. Connection failed with: ConnectionResult{statusCode=SERVICE_MISSING, resolution=null, message=null, clientMethodKey=null}
06-20 20:20:59.100 13883 14453 I IronSource AdQuality: AdQualitySDK: Initializing with app key 66bcc545
06-20 20:20:59.103 13883 14453 D TransactionThrottler: Reset transaction throttler
06-20 20:20:59.104 13883 14453 D TransactionThrottler: Reset transaction throttler
06-20 20:20:59.105 13883 13981 I LevelPlaySDK: API: LevelPlay setConsent - consent: true
06-20 20:20:59.108 13883 13894 E LoadedApk: performReceive() called targeting raw IIntentReceiver for Intent { act=android.net.conn.CONNECTIVITY_CHANGE flg=0x4200010 xflg=0x4 (has extras) }
06-20 20:20:59.116 13883 14455 V LevelPlaySDK: EVENT: UIThread: false Activity: 12097239 l3 b.run - {"eventId":40
06-20 20:20:59.116 13883 14455 V LevelPlaySDK: EVENT: "timestamp":1781967059111
06-20 20:20:59.116 13883 14455 V LevelPlaySDK: EVENT: "provider":"Mediation"
06-20 20:20:59.116 13883 14455 V LevelPlaySDK: EVENT: "euid":"148286c6-778f-4f45-aa58-8d53ff2a2755"
06-20 20:20:59.116 13883 14455 V LevelPlaySDK: EVENT: "esat":1
06-20 20:20:59.116 13883 14455 V LevelPlaySDK: EVENT: "eventSessionId":"fa6a8025-a288-46f3-9342-46564dc70fef"
06-20 20:20:59.116 13883 14455 V LevelPlaySDK: EVENT: "essn":-1
06-20 20:20:59.116 13883 14455 V LevelPlaySDK: EVENT: "rawConnectionType":"NETWORK_TYPE_UNKNOWN"}}
06-20 20:20:59.119 13883 14023 I LevelPlaySDK: API: tb c - LevelPlay.init() appkey: 66bcc545, userId: 0_IN, legacyAdFormats: [], context: NekkiNativeActivity
06-20 20:20:59.123 13883 14456 V LevelPlaySDK: API: UIThread: false Activity: 12097239 p j - userId = 0_IN
06-20 20:20:59.125 13883 14456 V LevelPlaySDK: INTERNAL: UIThread: false Activity: 12097239 p a - GitHash: e56df04
06-20 20:20:59.127 13883 13981 I Unity   : [CNBPMHDFKIK] Init
06-20 20:20:59.127 13883 14456 V LevelPlaySDK: INTERNAL: UIThread: false Activity: 12097239 Ie a - set first session timestamp = 1781967059127
06-20 20:20:59.128 13883 14456 V LevelPlaySDK: INTERNAL: UIThread: false Activity: 12097239 p a - activity is updated to: 12097239
06-20 20:20:59.128 13883 13981 I Unity   : [InterstitialAd] enabled: False, enabledInConfig: False
06-20 20:20:59.128 13883 14455 V LevelPlaySDK: EVENT: UIThread: false Activity: 12097239 l3 b.run - {"eventId":52
06-20 20:20:59.128 13883 14455 V LevelPlaySDK: EVENT: "timestamp":1781967059123
06-20 20:20:59.128 13883 14455 V LevelPlaySDK: EVENT: "provider":"Mediation"
06-20 20:20:59.128 13883 14455 V LevelPlaySDK: EVENT: "euid":"92e28931-8998-4cda-bcc2-94f7d042240c"
06-20 20:20:59.128 13883 14455 V LevelPlaySDK: EVENT: "esat":1
06-20 20:20:59.128 13883 14455 V LevelPlaySDK: EVENT: "eventSessionId":"fa6a8025-a288-46f3-9342-46564dc70fef"
06-20 20:20:59.128 13883 14455 V LevelPlaySDK: EVENT: "essn":-1
06-20 20:20:59.128 13883 14455 V LevelPlaySDK: EVENT: "rawConnectionType":"NETWORK_TYPE_UNKNOWN"}}
06-20 20:20:59.128 13883 14456 I LevelPlaySDK: API: p a - init(appKey:66bcc545)
06-20 20:20:59.129 13883 14456 V LevelPlaySDK: INTERNAL: UIThread: false Activity: 12097239 p a - init cache does not exist
06-20 20:20:59.129 13883 14453 D AttributionSourceUtils: Fixed AttributionSource UID in method arguments
06-20 20:20:59.130 13883 14453 D ContentProviderStub: android_id intercepted (call) for top.niunaijun.blackbox -> f10ec6ad6e9ee2da
06-20 20:20:59.131 13883 14456 I LevelPlaySDK: API: LevelPlay getSdkVersion
06-20 20:20:59.136 13883 13981 I Unity   : [BPBOEPMOBHL] Init
06-20 20:20:59.145 13883 14453 D AttributionSourceUtils: Fixed AttributionSource UID in method arguments
06-20 20:20:59.146 13883 14453 D ContentProviderStub: android_id intercepted (call) for top.niunaijun.blackbox -> f10ec6ad6e9ee2da
06-20 20:20:59.156 13883 13981 I Unity   : Frame:[496], Type:[ListChange], Body:[Add  - NEW_PLAYERS_IN_NEW_LOBBY], List:[0:]
06-20 20:20:59.158 13883 14459 D AdvertisingIdClient: AdvertisingIdClient already created.
06-20 20:20:59.158 13883 14459 D AdvertisingIdClient: AdvertisingIdClient is not bounded. Starting to bind it...
06-20 20:20:59.158 13883 14459 W GooglePlayServicesUtil: com.nekki.shadowfight3 requires Google Play services, but they are missing.
06-20 20:20:59.159 13883 14459 I AdvertisingIdClient: shouldSendLog -1
06-20 20:20:59.160 13883 13981 I Unity   : Frame:[496], Type:[ListChange], Body:[Add  - SESSION_START_MUSIC_START], List:[1:NEW_PLAYERS_IN_NEW_LOBBY,]
06-20 20:20:59.160 13883 13961 W GooglePlayServicesUtil: com.nekki.shadowfight3 requires Google Play services, but they are missing.
06-20 20:20:59.161 13883 14453 D AttributionSourceUtils: Fixed AttributionSource UID in method arguments
06-20 20:20:59.161 13883 14453 D ContentProviderStub: android_id intercepted (call) for top.niunaijun.blackbox -> f10ec6ad6e9ee2da
06-20 20:20:59.161 13883 14459 V LevelPlaySDK: INTERNAL: UIThread: false Activity: 12097239 n4 a - isInitialized=false
06-20 20:20:59.161 13883 14459 D AdvertisingIdClient: AdvertisingIdClient already created.
06-20 20:20:59.161 13883 14459 D AdvertisingIdClient: AdvertisingIdClient is not bounded. Starting to bind it...
06-20 20:20:59.161 13883 14459 W GooglePlayServicesUtil: com.nekki.shadowfight3 requires Google Play services, but they are missing.
06-20 20:20:59.162 13883 13981 I Unity   : Frame:[496], Type:[ListChange], Body:[Add  - SET_DOJO_1_1], List:[2:SESSION_START_MUSIC_START,NEW_PLAYERS_IN_NEW_LOBBY,]
06-20 20:20:59.162 13883 13961 W GoogleApiManager: The service for com.google.android.gms.common.internal.service.zau is not available: ConnectionResult{statusCode=SERVICE_MISSING, resolution=null, message=null, clientMethodKey=null}
06-20 20:20:59.163 13883 14459 I AdvertisingIdClient: shouldSendLog -1
06-20 20:20:59.163 13883 13883 I AdvertisingIdClient: getting error as 17: API: ClientTelemetry.API is not available on this device. Connection failed with: ConnectionResult{statusCode=SERVICE_MISSING, resolution=null, message=null, clientMethodKey=null}
06-20 20:20:59.163 13883 13981 I Unity   : Frame:[496], Type:[ListChange], Body:[Add  - LOST_FIGHTS_IN_A_ROW_COUNT_DAILY_RESET], List:[3:SESSION_START_MUSIC_START,NEW_PLAYERS_IN_NEW_LOBBY,SET_DOJO_1_1,]
06-20 20:20:59.163 13883 14459 V LevelPlaySDK: INTERNAL: UIThread: false Activity: 12097239 n4 a - isInitialized=false
