06-20 12:00:13.634 15989 15989 I AdvertisingIdClient: getting error as 17: API: ClientTelemetry.API is not available on this device. Connection failed with: ConnectionResult{statusCode=SERVICE_MISSING, resolution=null, message=null, clientMethodKey=null}
06-20 12:00:13.634 15989 15989 I AdvertisingIdClient: getting error as 17: API: ClientTelemetry.API is not available on this device. Connection failed with: ConnectionResult{statusCode=SERVICE_MISSING, resolution=null, message=null, clientMethodKey=null}
06-20 12:00:13.639 15989 16072 W GoogleApiManager: The service for com.google.android.gms.internal.appset.zzd is not available: ConnectionResult{statusCode=SERVICE_MISSING, resolution=null, message=null, clientMethodKey=null}
06-20 12:00:13.664 15989 16101 I Unity   : Preloading in-apps...
06-20 12:00:13.677 15989 16595 D AudioPermissionProxy: AudioPermission: getStreamVolume called, allowing
06-20 12:00:13.678 15989 16595 D AudioPermissionProxy: AudioPermission: getStreamMaxVolume called, allowing
06-20 12:00:13.682 15989 16595 D AttributionSourceUtils: Fixed AttributionSource UID in method arguments
06-20 12:00:13.718 15989 16520 D Banzai  : Request code: 200
06-20 12:00:13.718 15989 15989 D Banzai  : Request result: 
06-20 12:00:13.745 15989 16101 D TransactionThrottler: Reset transaction throttler
06-20 12:00:13.746 15989 16101 D BlackManager: Creating service for: top.niunaijun.blackbox.core.system.notification.IBNotificationManagerService$Stub
06-20 12:00:13.746 15989 16101 D BlackManager: Successfully created service: notification_manager
06-20 12:00:13.753 15989 16101 D TransactionThrottler: Reset transaction throttler
06-20 12:00:13.758 15989 16101 D TransactionThrottler: Reset transaction throttler
06-20 12:00:13.763 15989 16101 D TransactionThrottler: Reset transaction throttler
06-20 12:00:13.767 15989 16101 D TransactionThrottler: Reset transaction throttler
06-20 12:00:13.778 15989 16606 D TransactionThrottler: Reset transaction throttler
06-20 12:00:13.783 15989 16606 D UnityNotifications: Checking for invalid notification IDs still hanging around
06-20 12:00:13.784 15989 15989 D VRI[NekkiNativeActivity]@4894582: mThreadedRenderer.initializeIfNeeded()#2 mSurface={isValid=true 0x775e23df40}
06-20 12:00:13.784 15989 15989 D InputMethodManagerUtils: startInputInner - Id : 0
06-20 12:00:13.784 15989 15989 I InputMethodManager: startInputInner - IInputMethodManagerGlobalInvoker.startInputOrWindowGainedFocus
06-20 12:00:13.786 15989 16606 D TransactionThrottler: Reset transaction throttler
06-20 12:00:13.789 15989 15989 I InputMethodManager: handleMessage: setImeVisibility visible=false
06-20 12:00:13.789 15989 15989 D InsetsController: hide(ime(), fromIme=false)
06-20 12:00:13.789 15989 15989 I ImeTracker: top.niunaijun.blackbox:9b7d4380: onCancelled at PHASE_CLIENT_ALREADY_HIDDEN
06-20 12:00:13.789 15989 16606 D TransactionThrottler: Reset transaction throttler
06-20 12:00:13.791 15989 15999 D InputTransport: Input channel constructed: 'ClientS', fd=339
06-20 12:00:13.791 15989 16606 D TransactionThrottler: Reset transaction throttler
06-20 12:00:13.796 15989 16606 D TransactionThrottler: Reset transaction throttler
06-20 12:00:13.799 15989 16101 I Unity   : [GAPLKBELEIG]; Get internet accessibility response: [Available]
06-20 12:00:13.801 15989 16606 D TransactionThrottler: Reset transaction throttler
06-20 12:00:13.802 15989 16606 D TransactionThrottler: Reset transaction throttler
06-20 12:00:13.804 15989 16606 D TransactionThrottler: Reset transaction throttler
06-20 12:00:13.806 15989 16606 D TransactionThrottler: Reset transaction throttler
06-20 12:00:13.807 15989 16606 D TransactionThrottler: Reset transaction throttler
06-20 12:00:13.809 15989 16606 D TransactionThrottler: Reset transaction throttler
06-20 12:00:13.811 15989 16101 I Banzai  : Path: /storage/emulated/0/Android/data/top.niunaijun.blackbox/files/blackbox/storage/emulated/0/Android/data/com.nekki.shadowfight3/files/tou.file
06-20 12:00:13.812 15989 16101 D Banzai  : Send request on url https://sf3lb.nekki.com/clog?guid=96b1a4edeac872bc&e=APP_OPEN_CONTROL&ext=eyJSQU0iOiIzNjQyIiwiQVJDSCI6ImFybTY0LXY4YSIsIk9TIjoiMTYiLCJMQU5HIjoiRW5nbGlzaCIsIk5FVCI6IldJRkkiLCJPR0wiOiJPUEVOR0xFU18zXzAiLCJCTiI6IjE5MjA5IiwiUEwiOiJBbmRyb2lkIn0%3D
06-20 12:00:13.816 15989 16606 D TransactionThrottler: Reset transaction throttler
06-20 12:00:13.819 15989 16101 I Unity   : ServerVersion - NetworkSettings.ConfigVersion [full version: 1.45.0.21.16675-prod] ---  CurrentVersion - NetworkSettings.ConfigVersion [full version: 1.45.0.0.16655-prod]
06-20 12:00:13.819 15989 16101 I Unity   : [MKPDMLJNNLC] Start
06-20 12:00:13.819 15989 16101 I Unity   : [MKPDMLJNNLC] Done in 0.027 ms
06-20 12:00:13.861 15989 16101 I Unity   : [LNPGDLHLKNM] Init
06-20 12:00:13.877 15989 16101 I Unity   : [ICCEKPDBECH] Init
06-20 12:00:13.880 15989 16101 I Unity   : [LevelPlayHandler] Initializing...
06-20 12:00:13.880 15989 16101 I Unity   : [LevelPlayHandler] RecreateThreadDispatcher
06-20 12:00:13.976 15989 16520 D Banzai  : Request code: 200
06-20 12:00:13.976 15989 15989 D Banzai  : Request result: 
06-20 12:00:14.003 15989 16101 I Unity   : [ISAdQualityHandler] Init start with 66bcc545
06-20 12:00:14.029 15989 16610 D AdvertisingIdClient: AdvertisingIdClient already created.
06-20 12:00:14.029 15989 16610 D AdvertisingIdClient: AdvertisingIdClient is not bounded. Starting to bind it...
06-20 12:00:14.029 15989 16610 W GooglePlayServicesUtil: com.nekki.shadowfight3 requires Google Play services, but they are missing.
06-20 12:00:14.031 15989 16610 I AdvertisingIdClient: shouldSendLog -1
06-20 12:00:14.031 15989 16072 W GooglePlayServicesUtil: com.nekki.shadowfight3 requires Google Play services, but they are missing.
06-20 12:00:14.033 15989 16072 W GoogleApiManager: The service for com.google.android.gms.common.internal.service.zau is not available: ConnectionResult{statusCode=SERVICE_MISSING, resolution=null, message=null, clientMethodKey=null}
06-20 12:00:14.033 15989 16612 I IronSource AdQuality: AdQualitySDK: Initializing with app key 66bcc545
06-20 12:00:14.034 15989 15989 I AdvertisingIdClient: getting error as 17: API: ClientTelemetry.API is not available on this device. Connection failed with: ConnectionResult{statusCode=SERVICE_MISSING, resolution=null, message=null, clientMethodKey=null}
06-20 12:00:14.035 15989 16101 I LevelPlaySDK: API: LevelPlay setConsent - consent: true
06-20 12:00:14.036 15989 16612 D TransactionThrottler: Reset transaction throttler
06-20 12:00:14.037 15989 16612 D TransactionThrottler: Reset transaction throttler
06-20 12:00:14.039 15989 15999 E LoadedApk: performReceive() called targeting raw IIntentReceiver for Intent { act=android.net.conn.CONNECTIVITY_CHANGE flg=0x4200010 xflg=0x4 (has extras) }
06-20 12:00:14.045 15989 16616 V LevelPlaySDK: EVENT: UIThread: false Activity: 176388483 l3 b.run - {"eventId":40
06-20 12:00:14.045 15989 16616 V LevelPlaySDK: EVENT: "timestamp":1781937014040
06-20 12:00:14.045 15989 16616 V LevelPlaySDK: EVENT: "provider":"Mediation"
06-20 12:00:14.045 15989 16616 V LevelPlaySDK: EVENT: "euid":"3e1155fc-6fbc-4205-bb03-351fd24c661a"
06-20 12:00:14.045 15989 16616 V LevelPlaySDK: EVENT: "esat":1
06-20 12:00:14.045 15989 16616 V LevelPlaySDK: EVENT: "eventSessionId":"9ae3c9a1-8130-4101-8506-c5115d10ad1e"
06-20 12:00:14.045 15989 16616 V LevelPlaySDK: EVENT: "essn":-1
06-20 12:00:14.045 15989 16616 V LevelPlaySDK: EVENT: "rawConnectionType":"NETWORK_TYPE_UNKNOWN"}}
06-20 12:00:14.045 15989 16161 I LevelPlaySDK: API: tb c - LevelPlay.init() appkey: 66bcc545, userId: 0_IN, legacyAdFormats: [], context: NekkiNativeActivity
06-20 12:00:14.049 15989 16618 V LevelPlaySDK: API: UIThread: false Activity: 176388483 p j - userId = 0_IN
06-20 12:00:14.049 15989 16101 W Unity   : Client time was used instead of server time.
06-20 12:00:14.049 15989 16101 W Unity   : Client time was used instead of server time.
06-20 12:00:14.050 15989 16618 V LevelPlaySDK: INTERNAL: UIThread: false Activity: 176388483 p a - GitHash: e56df04
06-20 12:00:14.051 15989 16616 V LevelPlaySDK: EVENT: UIThread: false Activity: 176388483 l3 b.run - {"eventId":52
06-20 12:00:14.051 15989 16616 V LevelPlaySDK: EVENT: "timestamp":1781937014049
06-20 12:00:14.051 15989 16616 V LevelPlaySDK: EVENT: "provider":"Mediation"
06-20 12:00:14.051 15989 16616 V LevelPlaySDK: EVENT: "euid":"d080853a-ce59-4ac6-93f3-9ba98f832520"
06-20 12:00:14.051 15989 16616 V LevelPlaySDK: EVENT: "esat":1
06-20 12:00:14.051 15989 16616 V LevelPlaySDK: EVENT: "eventSessionId":"9ae3c9a1-8130-4101-8506-c5115d10ad1e"
06-20 12:00:14.051 15989 16616 V LevelPlaySDK: EVENT: "essn":-1
06-20 12:00:14.051 15989 16616 V LevelPlaySDK: EVENT: "rawConnectionType":"NETWORK_TYPE_UNKNOWN"}}
06-20 12:00:14.052 15989 16618 V LevelPlaySDK: INTERNAL: UIThread: false Activity: 176388483 Ie a - set first session timestamp = 1781937014052
06-20 12:00:14.053 15989 16618 V LevelPlaySDK: INTERNAL: UIThread: false Activity: 176388483 p a - activity is updated to: 176388483
06-20 12:00:14.054 15989 16618 I LevelPlaySDK: API: p a - init(appKey:66bcc545)
06-20 12:00:14.054 15989 16101 I Unity   : [CNBPMHDFKIK] Init
06-20 12:00:14.055 15989 16618 V LevelPlaySDK: INTERNAL: UIThread: false Activity: 176388483 p a - init cache does not exist
06-20 12:00:14.056 15989 16101 I Unity   : [InterstitialAd] enabled: False, enabledInConfig: False
06-20 12:00:14.057 15989 16618 I LevelPlaySDK: API: LevelPlay getSdkVersion
06-20 12:00:14.066 15989 16101 I Unity   : [BPBOEPMOBHL] Init
06-20 12:00:14.085 15989 16620 D AdvertisingIdClient: AdvertisingIdClient already created.
06-20 12:00:14.085 15989 16620 D AdvertisingIdClient: AdvertisingIdClient is not bounded. Starting to bind it...
06-20 12:00:14.085 15989 16620 W GooglePlayServicesUtil: com.nekki.shadowfight3 requires Google Play services, but they are missing.
06-20 12:00:14.088 15989 16620 I AdvertisingIdClient: shouldSendLog -1
06-20 12:00:14.089 15989 16620 V LevelPlaySDK: INTERNAL: UIThread: false Activity: 176388483 n4 a - isInitialized=false
06-20 12:00:14.089 15989 16620 D AdvertisingIdClient: AdvertisingIdClient already created.
06-20 12:00:14.089 15989 16620 D AdvertisingIdClient: AdvertisingIdClient is not bounded. Starting to bind it...
06-20 12:00:14.090 15989 16072 W GooglePlayServicesUtil: com.nekki.shadowfight3 requires Google Play services, but they are missing.
06-20 12:00:14.091 15989 16620 W GooglePlayServicesUtil: com.nekki.shadowfight3 requires Google Play services, but they are missing.
06-20 12:00:14.092 15989 16072 W GoogleApiManager: The service for com.google.android.gms.common.internal.service.zau is not available: ConnectionResult{statusCode=SERVICE_MISSING, resolution=null, message=null, clientMethodKey=null}
06-20 12:00:14.092 15989 16101 I Unity   : Frame:[4767], Type:[ListChange], Body:[Add  - NEW_PLAYERS_IN_NEW_LOBBY], List:[0:]
06-20 12:00:14.093 15989 16101 I Unity   : Frame:[4767], Type:[ListChange], Body:[Add  - SESSION_START_MUSIC_START], List:[1:NEW_PLAYERS_IN_NEW_LOBBY,]
06-20 12:00:14.093 15989 15989 I AdvertisingIdClient: getting error as 17: API: ClientTelemetry.API is not available on this device. Connection failed with: ConnectionResult{statusCode=SERVICE_MISSING, resolution=null, message=null, clientMethodKey=null}
06-20 12:00:14.094 15989 16620 I AdvertisingIdClient: shouldSendLog -1
06-20 12:00:14.095 15989 16620 V LevelPlaySDK: INTERNAL: UIThread: false Activity: 176388483 n4 a - isInitialized=false
06-20 12:00:14.095 15989 16101 I Unity   : Frame:[4767], Type:[ListChange], Body:[Add  - SET_DOJO_1_1], List:[2:SESSION_START_MUSIC_START,NEW_PLAYERS_IN_NEW_LOBBY,]
06-20 12:00:14.095 15989 16072 W GooglePlayServicesUtil: com.nekki.shadowfight3 requires Google Play services, but they are missing.
06-20 12:00:14.096 15989 16101 I Unity   : Frame:[4767], Type:[ListChange], Body:[Add  - LOST_FIGHTS_IN_A_ROW_COUNT_DAILY_RESET], List:[3:SESSION_START_MUSIC_START,NEW_PLAYERS_IN_NEW_LOBBY,SET_DOJO_1_1,]
06-20 12:00:14.097 15989 16072 W GoogleApiManager: The service for com.google.android.gms.common.internal.service.zau is not available: ConnectionResult{statusCode=SERVICE_MISSING, resolution=null, message=null, clientMethodKey=null}
06-20 12:00:14.097 15989 16101 I Unity   : Frame:[4767], Type:[ListChange], Body:[Add  - TUTORIAL_SKIP], List:[4:SESSION_START_MUSIC_START,LOST_FIGHTS_IN_A_ROW_COUNT_DAILY_RESET,NEW_PLAYERS_IN_NEW_LOBBY,SET_DOJO_1_1,]
06-20 12:00:14.098 15989 15989 I AdvertisingIdClient: getting error as 17: API: ClientTelemetry.API is not available on this device. Connection failed with: ConnectionResult{statusCode=SERVICE_MISSING, resolution=null, message=null, clientMethodKey=null}
06-20 12:00:14.099 15989 16101 I Unity   : Frame:[4767], Type:[ThrowEvent], Body:[Event: Type: PlayerDataReceived | Data: 
06-20 12:00:14.099 15989 16101 I Unity   :  HasTrigger: True QueueCount: 5 - ], List:[5:SESSION_START_MUSIC_START,LOST_FIGHTS_IN_A_ROW_COUNT_DAILY_RESET,TUTORIAL_SKIP,NEW_PLAYERS_IN_NEW_LOBBY,SET_DOJO_1_1,]
06-20 12:00:14.099 15989 16620 I LevelPlaySDK: API: LevelPlay getSdkVersion
06-20 12:00:14.099 15989 16101 I Unity   : Frame:[4767], Type:[ListChange], Body:[Remove  - SESSION_START_MUSIC_START], List:[5:SESSION_START_MUSIC_START,LOST_FIGHTS_IN_A_ROW_COUNT_DAILY_RESET,TUTORIAL_SKIP,NEW_PLAYERS_IN_NEW_LOBBY,SET_DOJO_1_1,]
06-20 12:00:14.100 15989 16101 I Unity   : Frame:[4767], Type:[RunAction], Body:[SESSION_START_MUSIC_START - PlayMusic], List:[4:LOST_FIGHTS_IN_A_ROW_COUNT_DAILY_RESET,TUTORIAL_SKIP,NEW_PLAYERS_IN_NEW_LOBBY,SET_DOJO_1_1,]
06-20 12:00:14.101 15989 16101 I Unity   : Frame:[4767], Type:[CloseAction], Body:[SESSION_START_MUSIC_START - PlayMusic], List:[4:LOST_FIGHTS_IN_A_ROW_COUNT_DAILY_RESET,TUTORIAL_SKIP,NEW_PLAYERS_IN_NEW_LOBBY,SET_DOJO_1_1,]
06-20 12:00:14.101 15989 16101 I Unity   : Frame:[4767], Type:[ListChange], Body:[Remove  - LOST_FIGHTS_IN_A_ROW_COUNT_DAILY_RESET], List:[4:LOST_FIGHTS_IN_A_ROW_COUNT_DAILY_RESET,TUTORIAL_SKIP,NEW_PLAYERS_IN_NEW_LOBBY,SET_DOJO_1_1,]
06-20 12:00:14.101 15989 16101 I Unity   : Frame:[4767], Type:[RunAction], Body:[LOST_FIGHTS_IN_A_ROW_COUNT_DAILY_RESET - SetUserVariable], List:[3:TUTORIAL_SKIP,NEW_PLAYERS_IN_NEW_LOBBY,SET_DOJO_1_1,]
06-20 12:00:14.101 15989 16101 I Unity   : Frame:[4767], Type:[CloseAction], Body:[LOST_FIGHTS_IN_A_ROW_COUNT_DAILY_RESET - SetUserVariable], List:[3:TUTORIAL_SKIP,NEW_PLAYERS_IN_NEW_LOBBY,SET_DOJO_1_1,]
06-20 12:00:14.102 15989 16101 I Unity   : Frame:[4767], Type:[RunAction], Body:[LOST_FIGHTS_IN_A_ROW_COUNT_DAILY_RESET - RemoveUserVariable], List:[3:TUTORIAL_SKIP,NEW_PLAYERS_IN_NEW_LOBBY,SET_DOJO_1_1,]
06-20 12:00:14.102 15989 16101 I Unity   : Frame:[4767], Type:[CloseAction], Body:[LOST_FIGHTS_IN_A_ROW_COUNT_DAILY_RESET - RemoveUserVariable], List:[3:TUTORIAL_SKIP,NEW_PLAYERS_IN_NEW_LOBBY,SET_DOJO_1_1,]
06-20 12:00:14.103 15989 16101 I Unity   : Frame:[4767], Type:[RunAction], Body:[LOST_FIGHTS_IN_A_ROW_COUNT_DAILY_RESET - RemoveUserVariable], List:[3:TUTORIAL_SKIP,NEW_PLAYERS_IN_NEW_LOBBY,SET_DOJO_1_1,]
06-20 12:00:14.103 15989 16101 I Unity   : Frame:[4767], Type:[CloseAction], Body:[LOST_FIGHTS_IN_A_ROW_COUNT_DAILY_RESET - RemoveUserVariable], List:[3:TUTORIAL_SKIP,NEW_PLAYERS_IN_NEW_LOBBY,SET_DOJO_1_1,]
06-20 12:00:14.103 15989 16101 I Unity   : Frame:[4767], Type:[RunAction], Body:[LOST_FIGHTS_IN_A_ROW_COUNT_DAILY_RESET - RemoveUserVariable], List:[3:TUTORIAL_SKIP,NEW_PLAYERS_IN_NEW_LOBBY,SET_DOJO_1_1,]
06-20 12:00:14.103 15989 16101 I Unity   : Frame:[4767], Type:[CloseAction], Body:[LOST_FIGHTS_IN_A_ROW_COUNT_DAILY_RESET - RemoveUserVariable], List:[3:TUTORIAL_SKIP,NEW_PLAYERS_IN_NEW_LOBBY,SET_DOJO_1_1,]
06-20 12:00:14.104 15989 16101 I Unity   : Frame:[4767], Type:[RunAction], Body:[LOST_FIGHTS_IN_A_ROW_COUNT_DAILY_RESET - RemoveUserVariable], List:[3:TUTORIAL_SKIP,NEW_PLAYERS_IN_NEW_LOBBY,SET_DOJO_1_1,]
06-20 12:00:14.104 15989 16101 I Unity   : Frame:[4767], Type:[CloseAction], Body:[LOST_FIGHTS_IN_A_ROW_COUNT_DAILY_RESET - RemoveUserVariable], List:[3:TUTORIAL_SKIP,NEW_PLAYERS_IN_NEW_LOBBY,SET_DOJO_1_1,]
06-20 12:00:14.104 15989 16101 I Unity   : Frame:[4767], Type:[RunAction], Body:[LOST_FIGHTS_IN_A_ROW_COUNT_DAILY_RESET - RemoveUserVariable], List:[3:TUTORIAL_SKIP,NEW_PLAYERS_IN_NEW_LOBBY,SET_DOJO_1_1,]
06-20 12:00:14.105 15989 16101 I Unity   : Frame:[4767], Type:[CloseAction], Body:[LOST_FIGHTS_IN_A_ROW_COUNT_DAILY_RESET - RemoveUserVariable], List:[3:TUTORIAL_SKIP,NEW_PLAYERS_IN_NEW_LOBBY,SET_DOJO_1_1,]
06-20 12:00:14.105 15989 16620 V LevelPlaySDK: INTERNAL: UIThread: false Activity: 176388483 K6 a - collecting data for events: {appVersion=1.45.2, tz=Asia/Calcutta, icc=in, advertisingId=fecf30ed-8c9a-4e1b-be3e-1377627a3cb3, language=en, battery=62, mcc=0, connectionType=wifi, internalFreeMemory=6977, osVersion=36(16), appKey=66bcc545, firstSession=true, deviceOEM=samsung, auid=3781ab34-f090-41ba-ba0a-392897779c1d, pluginType=Unity, plugin_fw_v=6000.3.11f1, mnc=0, rawConnectionType=NETWORK_TYPE_WIFI, deviceOS=Android, bundleId=com.nekki.shadowfight3, sessionId=9ae3c9a1-8130-4101-8506-c5115d10ad1e, externalFreeMemory=6977, pluginVersion=9.4.1, advertisingIdType=UUID, AdvIdOptOutReason=missingDependencies, jb=false, sdkVersion=9.4.1, deviceModel=SM-X115, gmtMinutesOffset=330}
06-20 12:00:14.105 15989 16101 I Unity   : Frame:[4767], Type:[RunAction], Body:[LOST_FIGHTS_IN_A_ROW_COUNT_DAILY_RESET - RemoveUserVariable], List:[3:TUTORIAL_SKIP,NEW_PLAYERS_IN_NEW_LOBBY,SET_DOJO_1_1,]
06-20 12:00:14.106 15989 16101 I Unity   : Frame:[4767], Type:[CloseAction], Body:[LOST_FIGHTS_IN_A_ROW_COUNT_DAILY_RESET - RemoveUserVariable], List:[3:TUTORIAL_SKIP,NEW_PLAYERS_IN_NEW_LOBBY,SET_DOJO_1_1,]
06-20 12:00:14.106 15989 16101 I Unity   : Frame:[4767], Type:[RunAction], Body:[LOST_FIGHTS_IN_A_ROW_COUNT_DAILY_RESET - RemoveUserVariable], List:[3:TUTORIAL_SKIP,NEW_PLAYERS_IN_NEW_LOBBY,SET_DOJO_1_1,]
06-20 12:00:14.106 15989 16101 I Unity   : Frame:[4767], Type:[CloseAction], Body:[LOST_FIGHTS_IN_A_ROW_COUNT_DAILY_RESET - RemoveUserVariable], List:[3:TUTORIAL_SKIP,NEW_PLAYERS_IN_NEW_LOBBY,SET_DOJO_1_1,]
06-20 12:00:14.107 15989 16101 I Unity   : Frame:[4767], Type:[RunAction], Body:[LOST_FIGHTS_IN_A_ROW_COUNT_DAILY_RESET - RemoveUserVariable], List:[3:TUTORIAL_SKIP,NEW_PLAYERS_IN_NEW_LOBBY,SET_DOJO_1_1,]
06-20 12:00:14.107 15989 16101 I Unity   : Frame:[4767], Type:[CloseAction], Body:[LOST_FIGHTS_IN_A_ROW_COUNT_DAILY_RESET - RemoveUserVariable], List:[3:TUTORIAL_SKIP,NEW_PLAYERS_IN_NEW_LOBBY,SET_DOJO_1_1,]
06-20 12:00:14.107 15989 16101 I Unity   : Frame:[4767], Type:[RunAction], Body:[LOST_FIGHTS_IN_A_ROW_COUNT_DAILY_RESET - RemoveUserVariable], List:[3:TUTORIAL_SKIP,NEW_PLAYERS_IN_NEW_LOBBY,SET_DOJO_1_1,]
06-20 12:00:14.108 15989 16101 I Unity   : Frame:[4767], Type:[CloseAction], Body:[LOST_FIGHTS_IN_A_ROW_COUNT_DAILY_RESET - RemoveUserVariable], List:[3:TUTORIAL_SKIP,NEW_PLAYERS_IN_NEW_LOBBY,SET_DOJO_1_1,]
06-20 12:00:14.108 15989 16101 I Unity   : Frame:[4767], Type:[RunAction], Body:[LOST_FIGHTS_IN_A_ROW_COUNT_DAILY_RESET - RemoveUserVariable], List:[3:TUTORIAL_SKIP,NEW_PLAYERS_IN_NEW_LOBBY,SET_DOJO_1_1,]
06-20 12:00:14.108 15989 16101 I Unity   : Frame:[4767], Type:[CloseAction], Body:[LOST_FIGHTS_IN_A_ROW_COUNT_DAILY_RESET - RemoveUserVariable], List:[3:TUTORIAL_SKIP,NEW_PLAYERS_IN_NEW_LOBBY,SET_DOJO_1_1,]
06-20 12:00:14.108 15989 16101 I Unity   : Frame:[4767], Type:[RunAction], Body:[LOST_FIGHTS_IN_A_ROW_COUNT_DAILY_RESET - RemoveUserVariable], List:[3:TUTORIAL_SKIP,NEW_PLAYERS_IN_NEW_LOBBY,SET_DOJO_1_1,]
06-20 12:00:14.109 15989 16101 I Unity   : Frame:[4767], Type:[CloseAction], Body:[LOST_FIGHTS_IN_A_ROW_COUNT_DAILY_RESET - RemoveUserVariable], List:[3:TUTORIAL_SKIP,NEW_PLAYERS_IN_NEW_LOBBY,SET_DOJO_1_1,]
06-20 12:00:14.109 15989 16101 I Unity   : Frame:[4767], Type:[RunAction], Body:[LOST_FIGHTS_IN_A_ROW_COUNT_DAILY_RESET - RemoveUserVariable], List:[3:TUTORIAL_SKIP,NEW_PLAYERS_IN_NEW_LOBBY,SET_DOJO_1_1,]
06-20 12:00:14.109 15989 16101 I Unity   : Frame:[4767], Type:[CloseAction], Body:[LOST_FIGHTS_IN_A_ROW_COUNT_DAILY_RESET - RemoveUserVariable], List:[3:TUTORIAL_SKIP,NEW_PLAYERS_IN_NEW_LOBBY,SET_DOJO_1_1,]
06-20 12:00:14.110 15989 16101 I Unity   : Frame:[4767], Type:[RunAction], Body:[LOST_FIGHTS_IN_A_ROW_COUNT_DAILY_RESET - RemoveUserVariable], List:[3:TUTORIAL_SKIP,NEW_PLAYERS_IN_NEW_LOBBY,SET_DOJO_1_1,]
06-20 12:00:14.110 15989 16101 I Unity   : Frame:[4767], Type:[CloseAction], Body:[LOST_FIGHTS_IN_A_ROW_COUNT_DAILY_RESET - RemoveUserVariable], List:[3:TUTORIAL_SKIP,NEW_PLAYERS_IN_NEW_LOBBY,SET_DOJO_1_1,]
06-20 12:00:14.111 15989 16101 I Unity   : Frame:[4767], Type:[RunAction], Body:[LOST_FIGHTS_IN_A_ROW_COUNT_DAILY_RESET - RemoveUserVariable], List:[3:TUTORIAL_SKIP,NEW_PLAYERS_IN_NEW_LOBBY,SET_DOJO_1_1,]
06-20 12:00:14.111 15989 16101 I Unity   : Frame:[4767], Type:[CloseAction], Body:[LOST_FIGHTS_IN_A_ROW_COUNT_DAILY_RESET - RemoveUserVariable], List:[3:TUTORIAL_SKIP,NEW_PLAYERS_IN_NEW_LOBBY,SET_DOJO_1_1,]
06-20 12:00:14.111 15989 16101 I Unity   : Frame:[4767], Type:[RunAction], Body:[LOST_FIGHTS_IN_A_ROW_COUNT_DAILY_RESET - RemoveUserVariable], List:[3:TUTORIAL_SKIP,NEW_PLAYERS_IN_NEW_LOBBY,SET_DOJO_1_1,]
06-20 12:00:14.111 15989 16101 I Unity   : Frame:[4767], Type:[CloseAction], Body:[LOST_FIGHTS_IN_A_ROW_COUNT_DAILY_RESET - RemoveUserVariable], List:[3:TUTORIAL_SKIP,NEW_PLAYERS_IN_NEW_LOBBY,SET_DOJO_1_1,]
06-20 12:00:14.112 15989 16101 I Unity   : Frame:[4767], Type:[RunAction], Body:[LOST_FIGHTS_IN_A_ROW_COUNT_DAILY_RESET - RemoveUserVariable], List:[3:TUTORIAL_SKIP,NEW_PLAYERS_IN_NEW_LOBBY,SET_DOJO_1_1,]
06-20 12:00:14.112 15989 16101 I Unity   : Frame:[4767], Type:[CloseAction], Body:[LOST_FIGHTS_IN_A_ROW_COUNT_DAILY_RESET - RemoveUserVariable], List:[3:TUTORIAL_SKIP,NEW_PLAYERS_IN_NEW_LOBBY,SET_DOJO_1_1,]
06-20 12:00:14.112 15989 16101 I Unity   : Frame:[4767], Type:[RunAction], Body:[LOST_FIGHTS_IN_A_ROW_COUNT_DAILY_RESET - RemoveUserVariable], List:[3:TUTORIAL_SKIP,NEW_PLAYERS_IN_NEW_LOBBY,SET_DOJO_1_1,]
06-20 12:00:14.113 15989 16101 I Unity   : Frame:[4767], Type:[CloseAction], Body:[LOST_FIGHTS_IN_A_ROW_COUNT_DAILY_RESET - RemoveUserVariable], List:[3:TUTORIAL_SKIP,NEW_PLAYERS_IN_NEW_LOBBY,SET_DOJO_1_1,]
06-20 12:00:14.113 15989 16101 I Unity   : Frame:[4767], Type:[RunAction], Body:[LOST_FIGHTS_IN_A_ROW_COUNT_DAILY_RESET - RemoveUserVariable], List:[3:TUTORIAL_SKIP,NEW_PLAYERS_IN_NEW_LOBBY,SET_DOJO_1_1,]
06-20 12:00:14.113 15989 16101 I Unity   : Frame:[4767], Type:[CloseAction], Body:[LOST_FIGHTS_IN_A_ROW_COUNT_DAILY_RESET - RemoveUserVariable], List:[3:TUTORIAL_SKIP,NEW_PLAYERS_IN_NEW_LOBBY,SET_DOJO_1_1,]
06-20 12:00:14.114 15989 16101 I Unity   : Frame:[4767], Type:[RunAction], Body:[LOST_FIGHTS_IN_A_ROW_COUNT_DAILY_RESET - RemoveUserVariable], List:[3:TUTORIAL_SKIP,NEW_PLAYERS_IN_NEW_LOBBY,SET_DOJO_1_1,]
06-20 12:00:14.114 15989 16101 I Unity   : Frame:[4767], Type:[CloseAction], Body:[LOST_FIGHTS_IN_A_ROW_COUNT_DAILY_RESET - RemoveUserVariable], List:[3:TUTORIAL_SKIP,NEW_PLAYERS_IN_NEW_LOBBY,SET_DOJO_1_1,]
06-20 12:00:14.114 15989 16101 I Unity   : Frame:[4767], Type:[RunAction], Body:[LOST_FIGHTS_IN_A_ROW_COUNT_DAILY_RESET - RemoveUserVariable], List:[3:TUTORIAL_SKIP,NEW_PLAYERS_IN_NEW_LOBBY,SET_DOJO_1_1,]
06-20 12:00:14.115 15989 16101 I Unity   : Frame:[4767], Type:[CloseAction], Body:[LOST_FIGHTS_IN_A_ROW_COUNT_DAILY_RESET - RemoveUserVariable], List:[3:TUTORIAL_SKIP,NEW_PLAYERS_IN_NEW_LOBBY,SET_DOJO_1_1,]
06-20 12:00:14.115 15989 16101 I Unity   : Frame:[4767], Type:[RunAction], Body:[LOST_FIGHTS_IN_A_ROW_COUNT_DAILY_RESET - RemoveUserVariable], List:[3:TUTORIAL_SKIP,NEW_PLAYERS_IN_NEW_LOBBY,SET_DOJO_1_1,]
06-20 12:00:14.115 15989 16101 I Unity   : Frame:[4767], Type:[CloseAction], Body:[LOST_FIGHTS_IN_A_ROW_COUNT_DAILY_RESET - RemoveUserVariable], List:[3:TUTORIAL_SKIP,NEW_PLAYERS_IN_NEW_LOBBY,SET_DOJO_1_1,]
06-20 12:00:14.115 15989 16101 I Unity   : Frame:[4767], Type:[RunAction], Body:[LOST_FIGHTS_IN_A_ROW_COUNT_DAILY_RESET - RemoveUserVariable], List:[3:TUTORIAL_SKIP,NEW_PLAYERS_IN_NEW_LOBBY,SET_DOJO_1_1,]
06-20 12:00:14.116 15989 16101 I Unity   : Frame:[4767], Type:[CloseAction], Body:[LOST_FIGHTS_IN_A_ROW_COUNT_DAILY_RESET - RemoveUserVariable], List:[3:TUTORIAL_SKIP,NEW_PLAYERS_IN_NEW_LOBBY,SET_DOJO_1_1,]
06-20 12:00:14.116 15989 16101 I Unity   : Frame:[4767], Type:[RunAction], Body:[LOST_FIGHTS_IN_A_ROW_COUNT_DAILY_RESET - RemoveUserVariable], List:[3:TUTORIAL_SKIP,NEW_PLAYERS_IN_NEW_LOBBY,SET_DOJO_1_1,]
06-20 12:00:14.116 15989 16101 I Unity   : Frame:[4767], Type:[CloseAction], Body:[LOST_FIGHTS_IN_A_ROW_COUNT_DAILY_RESET - RemoveUserVariable], List:[3:TUTORIAL_SKIP,NEW_PLAYERS_IN_NEW_LOBBY,SET_DOJO_1_1,]
06-20 12:00:14.116 15989 16101 I Unity   : Frame:[4767], Type:[RunAction], Body:[LOST_FIGHTS_IN_A_ROW_COUNT_DAILY_RESET - RemoveUserVariable], List:[3:TUTORIAL_SKIP,NEW_PLAYERS_IN_NEW_LOBBY,SET_DOJO_1_1,]
06-20 12:00:14.117 15989 16101 I Unity   : Frame:[4767], Type:[CloseAction], Body:[LOST_FIGHTS_IN_A_ROW_COUNT_DAILY_RESET - RemoveUserVariable], List:[3:TUTORIAL_SKIP,NEW_PLAYERS_IN_NEW_LOBBY,SET_DOJO_1_1,]
06-20 12:00:14.117 15989 16101 I Unity   : Frame:[4767], Type:[RunAction], Body:[LOST_FIGHTS_IN_A_ROW_COUNT_DAILY_RESET - RemoveUserVariable], List:[3:TUTORIAL_SKIP,NEW_PLAYERS_IN_NEW_LOBBY,SET_DOJO_1_1,]
06-20 12:00:14.117 15989 16101 I Unity   : Frame:[4767], Type:[CloseAction], Body:[LOST_FIGHTS_IN_A_ROW_COUNT_DAILY_RESET - RemoveUserVariable], List:[3:TUTORIAL_SKIP,NEW_PLAYERS_IN_NEW_LOBBY,SET_DOJO_1_1,]
06-20 12:00:14.117 15989 16101 I Unity   : Frame:[4767], Type:[RunAction], Body:[LOST_FIGHTS_IN_A_ROW_COUNT_DAILY_RESET - RemoveUserVariable], List:[3:TUTORIAL_SKIP,NEW_PLAYERS_IN_NEW_LOBBY,SET_DOJO_1_1,]
06-20 12:00:14.118 15989 16101 I Unity   : Frame:[4767], Type:[CloseAction], Body:[LOST_FIGHTS_IN_A_ROW_COUNT_DAILY_RESET - RemoveUserVariable], List:[3:TUTORIAL_SKIP,NEW_PLAYERS_IN_NEW_LOBBY,SET_DOJO_1_1,]
06-20 12:00:14.118 15989 16101 I Unity   : Frame:[4767], Type:[RunAction], Body:[LOST_FIGHTS_IN_A_ROW_COUNT_DAILY_RESET - RemoveUserVariable], List:[3:TUTORIAL_SKIP,NEW_PLAYERS_IN_NEW_LOBBY,SET_DOJO_1_1,]
06-20 12:00:14.118 15989 16101 I Unity   : Frame:[4767], Type:[CloseAction], Body:[LOST_FIGHTS_IN_A_ROW_COUNT_DAILY_RESET - RemoveUserVariable], List:[3:TUTORIAL_SKIP,NEW_PLAYERS_IN_NEW_LOBBY,SET_DOJO_1_1,]
06-20 12:00:14.118 15989 16101 I Unity   : Frame:[4767], Type:[RunAction], Body:[LOST_FIGHTS_IN_A_ROW_COUNT_DAILY_RESET - RemoveUserVariable], List:[3:TUTORIAL_SKIP,NEW_PLAYERS_IN_NEW_LOBBY,SET_DOJO_1_1,]
06-20 12:00:14.118 15989 16101 I Unity   : Frame:[4767], Type:[CloseAction], Body:[LOST_FIGHTS_IN_A_ROW_COUNT_DAILY_RESET - RemoveUserVariable], List:[3:TUTORIAL_SKIP,NEW_PLAYERS_IN_NEW_LOBBY,SET_DOJO_1_1,]
06-20 12:00:14.118 15989 16101 I Unity   : Frame:[4767], Type:[ListChange], Body:[Remove  - TUTORIAL_SKIP], List:[3:TUTORIAL_SKIP,NEW_PLAYERS_IN_NEW_LOBBY,SET_DOJO_1_1,]
06-20 12:00:14.118 15989 16101 I Unity   : Frame:[4767], Type:[RunAction], Body:[TUTORIAL_SKIP - GoToModule], List:[2:NEW_PLAYERS_IN_NEW_LOBBY,SET_DOJO_1_1,]
06-20 12:00:14.120 15989 16618 W GooglePlayServicesUtil: com.nekki.shadowfight3 requires Google Play services, but they are missing.
06-20 12:00:14.120 15989 16129 D AdvertisingIdClient: AdvertisingIdClient already created.
06-20 12:00:14.120 15989 16129 D AdvertisingIdClient: AdvertisingIdClient is not bounded. Starting to bind it...
06-20 12:00:14.120 15989 16072 W GooglePlayServicesUtil: com.nekki.shadowfight3 requires Google Play services, but they are missing.
06-20 12:00:14.120 15989 16129 W GooglePlayServicesUtil: com.nekki.shadowfight3 requires Google Play services, but they are missing.
06-20 12:00:14.121 15989 16129 I AdvertisingIdClient: shouldSendLog -1
06-20 12:00:14.121 15989 16612 D TransactionThrottler: Reset transaction throttler
06-20 12:00:14.122 15989 16612 D TransactionThrottler: Reset transaction throttler
06-20 12:00:14.122 15989 16072 W GoogleApiManager: The service for com.google.android.gms.internal.appset.zzd is not available: ConnectionResult{statusCode=SERVICE_MISSING, resolution=null, message=null, clientMethodKey=null}
06-20 12:00:14.123 15989 16072 W GooglePlayServicesUtil: com.nekki.shadowfight3 requires Google Play services, but they are missing.
06-20 12:00:14.123 15989 16129 V LevelPlaySDK: INTERNAL: UIThread: false Activity: 176388483 n4 a - isInitialized=false
06-20 12:00:14.123 15989 16129 D AdvertisingIdClient: AdvertisingIdClient already created.
06-20 12:00:14.123 15989 16129 D AdvertisingIdClient: AdvertisingIdClient is not bounded. Starting to bind it...
06-20 12:00:14.124 15989 16129 W GooglePlayServicesUtil: com.nekki.shadowfight3 requires Google Play services, but they are missing.
06-20 12:00:14.125 15989 16129 I AdvertisingIdClient: shouldSendLog -1
06-20 12:00:14.125 15989 16072 W GoogleApiManager: The service for com.google.android.gms.common.internal.service.zau is not available: ConnectionResult{statusCode=SERVICE_MISSING, resolution=null, message=null, clientMethodKey=null}
06-20 12:00:14.126 15989 16129 V LevelPlaySDK: INTERNAL: UIThread: false Activity: 176388483 n4 a - isInitialized=false
06-20 12:00:14.126 15989 15989 I AdvertisingIdClient: getting error as 17: API: ClientTelemetry.API is not available on this device. Connection failed with: ConnectionResult{statusCode=SERVICE_MISSING, resolution=null, message=null, clientMethodKey=null}
06-20 12:00:14.127 15989 16072 W GooglePlayServicesUtil: com.nekki.shadowfight3 requires Google Play services, but they are missing.
06-20 12:00:14.127 15989 15998 E LoadedApk: performReceive() called targeting raw IIntentReceiver for Intent { act=android.net.conn.CONNECTIVITY_CHANGE flg=0x4200010 xflg=0x4 (has extras) }
06-20 12:00:14.128 15989 16618 D AudioPermissionProxy: AudioPermission: getStreamVolume called, allowing
06-20 12:00:14.128 15989 16618 D AudioPermissionProxy: AudioPermission: getStreamMaxVolume called, allowing
06-20 12:00:14.129 15989 16072 W GoogleApiManager: The service for com.google.android.gms.common.internal.service.zau is not available: ConnectionResult{statusCode=SERVICE_MISSING, resolution=null, message=null, clientMethodKey=null}
06-20 12:00:14.129 15989 16618 D AttributionSourceUtils: Fixed AttributionSource UID in method arguments
06-20 12:00:14.130 15989 15989 I AdvertisingIdClient: getting error as 17: API: ClientTelemetry.API is not available on this device. Connection failed with: ConnectionResult{statusCode=SERVICE_MISSING, resolution=null, message=null, clientMethodKey=null}
06-20 12:00:14.131 15989 16618 D AttributionSourceUtils: Fixed AttributionSource UID in method arguments
06-20 12:00:14.138 15989 16618 D AdvertisingIdClient: AdvertisingIdClient already created.
06-20 12:00:14.138 15989 16616 V LevelPlaySDK: EVENT: UIThread: false Activity: 176388483 l3 b.run - {"eventId":14
06-20 12:00:14.138 15989 16616 V LevelPlaySDK: EVENT: "timestamp":1781937014135
06-20 12:00:14.138 15989 16616 V LevelPlaySDK: EVENT: "provider":"Mediation"
06-20 12:00:14.138 15989 16616 V LevelPlaySDK: EVENT: "ext1":"
06-20 12:00:14.138 15989 16616 V LevelPlaySDK: EVENT: cachedUserAgent=false"
06-20 12:00:14.138 15989 16616 V LevelPlaySDK: EVENT: "sessionDepth":1
06-20 12:00:14.138 15989 16616 V LevelPlaySDK: EVENT: "isMultipleAdUnits":1
06-20 12:00:14.138 15989 16616 V LevelPlaySDK: EVENT: "euid":"d9ba155b-07d7-4187-9e39-26a73a8a52c8"
06-20 12:00:14.138 15989 16616 V LevelPlaySDK: EVENT: "esat":1
06-20 12:00:14.138 15989 16616 V LevelPlaySDK: EVENT: "eventSessionId":"9ae3c9a1-8130-4101-8506-c5115d10ad1e"
06-20 12:00:14.138 15989 16616 V LevelPlaySDK: EVENT: "essn":1
06-20 12:00:14.138 15989 16616 V LevelPlaySDK: EVENT: "connectionType":"wifi"
06-20 12:00:14.138 15989 16616 V LevelPlaySDK: EVENT: "rawConnectionType":"NETWORK_TYPE_WIFI"
06-20 12:00:14.138 15989 16616 V LevelPlaySDK: EVENT: "firstSessionTimestamp":1781937014052}}
06-20 12:00:14.138 15989 16618 D AdvertisingIdClient: AdvertisingIdClient is not bounded. Starting to bind it...
06-20 12:00:14.138 15989 16618 W GooglePlayServicesUtil: com.nekki.shadowfight3 requires Google Play services, but they are missing.
06-20 12:00:14.140 15989 16618 I AdvertisingIdClient: shouldSendLog -1
06-20 12:00:14.141 15989 16618 V LevelPlaySDK: INTERNAL: UIThread: false Activity: 176388483 n4 a - isInitialized=false
06-20 12:00:14.143 15989 16618 I LevelPlaySDK: INTERNAL: using custom identifier
06-20 12:00:14.143 15989 16072 W GooglePlayServicesUtil: com.nekki.shadowfight3 requires Google Play services, but they are missing.
06-20 12:00:14.144 15989 16618 I LevelPlaySDK: API: LevelPlay getSdkVersion
06-20 12:00:14.148 15989 16072 W GoogleApiManager: The service for com.google.android.gms.common.internal.service.zau is not available: ConnectionResult{statusCode=SERVICE_MISSING, resolution=null, message=null, clientMethodKey=null}
06-20 12:00:14.149 15989 15989 I AdvertisingIdClient: getting error as 17: API: ClientTelemetry.API is not available on this device. Connection failed with: ConnectionResult{statusCode=SERVICE_MISSING, resolution=null, message=null, clientMethodKey=null}
06-20 12:00:14.151 15989 16612 I IronSource AdQuality: AdQualitySDK: Your ISAdQuality SDK user ID is: fdb95080-f78b-4f2e-82de-baca320b4241
06-20 12:00:14.152 15989 16616 V LevelPlaySDK: EVENT: UIThread: false Activity: 176388483 l3 b.run - {"eventId":65
06-20 12:00:14.152 15989 16616 V LevelPlaySDK: EVENT: "timestamp":1781937014142
06-20 12:00:14.152 15989 16616 V LevelPlaySDK: EVENT: "provider":"Mediation"
06-20 12:00:14.152 15989 16616 V LevelPlaySDK: EVENT: "euid":"7165dc56-8237-42c1-9f80-af65f8e94421"
06-20 12:00:14.152 15989 16616 V LevelPlaySDK: EVENT: "esat":1
06-20 12:00:14.152 15989 16616 V LevelPlaySDK: EVENT: "eventSessionId":"9ae3c9a1-8130-4101-8506-c5115d10ad1e"
06-20 12:00:14.152 15989 16616 V LevelPlaySDK: EVENT: "essn":1
06-20 12:00:14.152 15989 16616 V LevelPlaySDK: EVENT: "connectionType":"wifi"
06-20 12:00:14.152 15989 16616 V LevelPlaySDK: EVENT: "rawConnectionType":"NETWORK_TYPE_WIFI"
06-20 12:00:14.152 15989 16616 V LevelPlaySDK: EVENT: "firstSessionTimestamp":1781937014052}}
06-20 12:00:14.156 15989 16618 I LevelPlaySDK: API: LevelPlay getSdkVersion
06-20 12:00:14.159 15989 16129 D AdvertisingIdClient: AdvertisingIdClient already created.
06-20 12:00:14.159 15989 16129 D AdvertisingIdClient: AdvertisingIdClient is not bounded. Starting to bind it...
06-20 12:00:14.159 15989 16618 W GooglePlayServicesUtil: com.nekki.shadowfight3 requires Google Play services, but they are missing.
06-20 12:00:14.159 15989 16072 W GooglePlayServicesUtil: com.nekki.shadowfight3 requires Google Play services, but they are missing.
06-20 12:00:14.160 15989 16129 W GooglePlayServicesUtil: com.nekki.shadowfight3 requires Google Play services, but they are missing.
06-20 12:00:14.161 15989 16129 I AdvertisingIdClient: shouldSendLog -1
06-20 12:00:14.161 15989 16072 W GoogleApiManager: The service for com.google.android.gms.internal.appset.zzd is not available: ConnectionResult{statusCode=SERVICE_MISSING, resolution=null, message=null, clientMethodKey=null}
06-20 12:00:14.162 15989 16072 W GooglePlayServicesUtil: com.nekki.shadowfight3 requires Google Play services, but they are missing.
06-20 12:00:14.162 15989 16129 V LevelPlaySDK: INTERNAL: UIThread: false Activity: 176388483 n4 a - isInitialized=false
06-20 12:00:14.163 15989 16101 I Unity   : Frame:[4767], Type:[ThrowEvent], Body:[Event: Type: PreSceneChange | Data: [key:ModuleFrom, value:None] [key:TabFrom, value:] [key:ModuleTo, value:CharacterCreator] [key:TabTo, value:] 
06-20 12:00:14.163 15989 16101 I Unity   :  HasTrigger: False QueueCount: 2 - ], List:[2:NEW_PLAYERS_IN_NEW_LOBBY,SET_DOJO_1_1,]
06-20 12:00:14.163 15989 16129 D AdvertisingIdClient: AdvertisingIdClient already created.
06-20 12:00:14.163 15989 16101 I Unity   : Frame:[4767], Type:[ListChange], Body:[Add  - SESSION_CHECK_PENDING_QUICK_ACTIONS], List:[2:NEW_PLAYERS_IN_NEW_LOBBY,SET_DOJO_1_1,]
06-20 12:00:14.163 15989 16129 D AdvertisingIdClient: AdvertisingIdClient is not bounded. Starting to bind it...
06-20 12:00:14.164 15989 16101 I Unity   : Frame:[4767], Type:[ListChange], Body:[Add  - SESSION_CHECK_RICH_NOTIFICATION_TRANSITION], List:[3:SESSION_CHECK_PENDING_QUICK_ACTIONS,SET_DOJO_1_1,NEW_PLAYERS_IN_NEW_LOBBY,]
06-20 12:00:14.164 15989 16072 W GoogleApiManager: The service for com.google.android.gms.common.internal.service.zau is not available: ConnectionResult{statusCode=SERVICE_MISSING, resolution=null, message=null, clientMethodKey=null}
06-20 12:00:14.164 15989 16101 I Unity   : Frame:[4767], Type:[ListChange], Body:[Add  - SESSION_START_SPHINX], List:[4:SESSION_CHECK_PENDING_QUICK_ACTIONS,SESSION_CHECK_RICH_NOTIFICATION_TRANSITION,SET_DOJO_1_1,NEW_PLAYERS_IN_NEW_LOBBY,]
06-20 12:00:14.164 15989 15989 I AdvertisingIdClient: getting error as 17: API: ClientTelemetry.API is not available on this device. Connection failed with: ConnectionResult{statusCode=SERVICE_MISSING, resolution=null, message=null, clientMethodKey=null}
06-20 12:00:14.165 15989 16129 W GooglePlayServicesUtil: com.nekki.shadowfight3 requires Google Play services, but they are missing.
06-20 12:00:14.166 15989 16612 D TransactionThrottler: Reset transaction throttler
06-20 12:00:14.166 15989 16129 I AdvertisingIdClient: shouldSendLog -1
06-20 12:00:14.167 15989 16618 D AudioPermissionProxy: AudioPermission: getStreamVolume called, allowing
06-20 12:00:14.167 15989 16072 W GooglePlayServicesUtil: com.nekki.shadowfight3 requires Google Play services, but they are missing.
06-20 12:00:14.167 15989 16129 V LevelPlaySDK: INTERNAL: UIThread: false Activity: 176388483 n4 a - isInitialized=false
06-20 12:00:14.168 15989 16612 D TransactionThrottler: Reset transaction throttler
06-20 12:00:14.168 15989 16618 D AudioPermissionProxy: AudioPermission: getStreamMaxVolume called, allowing
06-20 12:00:14.169 15989 16101 I Unity   : Frame:[4767], Type:[ThrowEvent], Body:[Event: Type: SessionStart | Data: 
06-20 12:00:14.169 15989 16101 I Unity   :  HasTrigger: True QueueCount: 5 - ], List:[5:SESSION_START_SPHINX,SESSION_CHECK_PENDING_QUICK_ACTIONS,SESSION_CHECK_RICH_NOTIFICATION_TRANSITION,SET_DOJO_1_1,NEW_PLAYERS_IN_NEW_LOBBY,]
06-20 12:00:14.171 15989 15998 E LoadedApk: performReceive() called targeting raw IIntentReceiver for Intent { act=android.intent.action.BATTERY_CHANGED flg=0x60000010 (has extras) }
06-20 12:00:14.171 15989 16072 W GoogleApiManager: The service for com.google.android.gms.common.internal.service.zau is not available: ConnectionResult{statusCode=SERVICE_MISSING, resolution=null, message=null, clientMethodKey=null}
06-20 12:00:14.171 15989 15989 I AdvertisingIdClient: getting error as 17: API: ClientTelemetry.API is not available on this device. Connection failed with: ConnectionResult{statusCode=SERVICE_MISSING, resolution=null, message=null, clientMethodKey=null}
06-20 12:00:14.174 15989 16101 I Unity   : Module opened: [CharacterCreatorIntentModule]|[Time:82.47195; MonoHeapSize:229.7031; MonoUsedSize:129.3789; TempAllocator:4; TotalAllocatedMemory:180.1989; TotalReservedMemory:249.9844; TotalUnusedReservedMemory:69.78552; usedHeapSize:180.1989;]
06-20 12:00:14.176 15989 16101 I Unity   : Unloading unused triggers. Splits unloaded - 0 ],  left - 
06-20 12:00:14.176 15989 16101 I Unity   : 0 ]
06-20 12:00:14.186 15989 15989 E IronSource AdQuality: RemoteConfig: Error getting config from server: -1
06-20 12:00:14.186 15989 16618 V LevelPlaySDK: INTERNAL: UIThread: false Activity: 176388483 n4 a - isInitialized=false
06-20 12:00:14.187 15989 16618 E LevelPlaySDK: INTERNAL: e7 a - exception while sending request Failed to connect to i-sdk.mediation.unity3d.com/0.0.0.0:443
06-20 12:00:14.187 15989 16618 W LevelPlaySDK: INTERNAL: Qe a - HTTP init request failed: Exception - Failed to connect to i-sdk.mediation.unity3d.com/0.0.0.0:443
06-20 12:00:14.188 15989 16618 V LevelPlaySDK: INTERNAL: UIThread: false Activity: 176388483 Null or invalid response. Trying to get cached response
06-20 12:00:14.189 15989 16618 I LevelPlaySDK: API: Mediation availability false reason: SdkError(errorCode=2070, errorMessage=Exception - Failed to connect to i-sdk.mediation.unity3d.com/0.0.0.0:443)
06-20 12:00:14.192 15989 15989 I LevelPlaySDK: CALLBACK: tb a - LevelPlayInitListener.LevelPlayInitError() error: SdkError(errorCode=2070, errorMessage=Exception - Failed to connect to i-sdk.mediation.unity3d.com/0.0.0.0:443)
06-20 12:00:14.194 15989 16616 V LevelPlaySDK: EVENT: UIThread: false Activity: 176388483 l3 b.run - {"eventId":515
06-20 12:00:14.194 15989 16616 V LevelPlaySDK: EVENT: "timestamp":1781937014190
06-20 12:00:14.194 15989 16616 V LevelPlaySDK: EVENT: "provider":"Mediation"
06-20 12:00:14.194 15989 16616 V LevelPlaySDK: EVENT: "errorCode":2070
06-20 12:00:14.194 15989 16616 V LevelPlaySDK: EVENT: "reason":"Exception - Failed to connect to i-sdk.mediation.unity3d.com\/0.0.0.0:443"
06-20 12:00:14.194 15989 16616 V LevelPlaySDK: EVENT: "isMultipleAdUnits":1
06-20 12:00:14.194 15989 16616 V LevelPlaySDK: EVENT: "duration":144
06-20 12:00:14.194 15989 16616 V LevelPlaySDK: EVENT: "euid":"a607b6c4-1d48-450c-868f-d611ed9ceaa5"
06-20 12:00:14.194 15989 16616 V LevelPlaySDK: EVENT: "esat":1
06-20 12:00:14.194 15989 16616 V LevelPlaySDK: EVENT: "eventSessionId":"9ae3c9a1-8130-4101-8506-c5115d10ad1e"
06-20 12:00:14.194 15989 16616 V LevelPlaySDK: EVENT: "essn":1
06-20 12:00:14.194 15989 16616 V LevelPlaySDK: EVENT: "connectionType":"wifi"
06-20 12:00:14.194 15989 16616 V LevelPlaySDK: EVENT: "rawConnectionType":"NETWORK_TYPE_WIFI"
06-20 12:00:14.194 15989 16616 V LevelPlaySDK: EVENT: "firstSessionTimestamp":1781937014052}}
06-20 12:00:14.214 15989 16101 I Unity   : [BOGDEHCNHOF]; Logs folder: [/storage/emulated/0/Android/data/top.niunaijun.blackbox/files/blackbox/storage/emulated/0/Android/data/com.nekki.shadowfight3/files/gamedata/Logs]; Available drive space: 6977MB; Limit space: 50MB
06-20 12:00:14.220 15989 16640 D AudioPermissionProxy: AudioPermission: getStreamVolume called, allowing
06-20 12:00:14.221 15989 16640 D AudioPermissionProxy: AudioPermission: getStreamMaxVolume called, allowing
06-20 12:00:14.230 15989 16101 I Unity   : [EmulatorDetector] isEmulator: false
06-20 12:00:14.230 15989 16101 I Unity   : Initialization completed
06-20 12:00:14.235 15989 16101 I Unity   : C#: Handle Connect Success
06-20 12:00:14.235 15989 16642 D AudioPermissionProxy: AudioPermission: getStreamVolume called, allowing
06-20 12:00:14.236 15989 16642 D AudioPermissionProxy: AudioPermission: getStreamMaxVolume called, allowing
06-20 12:00:14.242 15989 16642 D AudioPermissionProxy: AudioPermission: getStreamVolume called, allowing
06-20 12:00:14.243 15989 16642 D AudioPermissionProxy: AudioPermission: getStreamMaxVolume called, allowing
06-20 12:00:14.296 15989 16101 I Unity   : Clearing cache. Entries: 32
06-20 12:00:14.324 15989 16101 I Unity   : [LevelPlayHandler] SDK initialization failed. Message: noServerResponse. ErrorCode: 2070
06-20 12:00:14.331 15989 16101 I Unity   : BundlesNetworkState Download succeeded
06-20 12:00:14.331 15989 16101 I Unity   : Start Connecting IP:ec2-52-66-28-201.ap-south-1.compute.amazonaws.com Port:443
06-20 12:00:14.338 15989 16101 I Unity   : [NEBU INFO] Connecting to ec2-52-66-28-201.ap-south-1.compute.amazonaws.com:443
06-20 12:00:14.375 15989 16101 I Unity   : [NEBU DEBUG] Reader task is started
06-20 12:00:14.375 15989 16101 I Unity   : [NEBU DEBUG] Writer task is started
06-20 12:00:14.473 15989 16101 I Unity   : Frame:[4773], Type:[ThrowEvent], Body:[Event: Type: NetworkConnection | Data: 
06-20 12:00:14.473 15989 16101 I Unity   :  HasTrigger: False QueueCount: 5 - ], List:[5:SESSION_START_SPHINX,SESSION_CHECK_PENDING_QUICK_ACTIONS,SESSION_CHECK_RICH_NOTIFICATION_TRANSITION,SET_DOJO_1_1,NEW_PLAYERS_IN_NEW_LOBBY,]
06-20 12:00:14.473 15989 16101 I Unity   : OnConnectionSuccess
06-20 12:00:14.473 15989 16101 I Banzai  : Path: /storage/emulated/0/Android/data/top.niunaijun.blackbox/files/blackbox/storage/emulated/0/Android/data/com.nekki.shadowfight3/files/tou.file
06-20 12:00:14.474 15989 16101 D Banzai  : Send request on url https://sf3lb.nekki.com/clog?guid=96b1a4edeac872bc&e=SMARTFOX_CONNECT&ext=eyJSQU0iOiIzNjQyIiwiQVJDSCI6ImFybTY0LXY4YSIsIk9TIjoiMTYiLCJMQU5HIjoiRW5nbGlzaCIsIk5FVCI6IldJRkkiLCJPR0wiOiJPUEVOR0xFU18zXzAiLCJCTiI6IjE5MjA5IiwiUEwiOiJBbmRyb2lkIn0%3D
06-20 12:00:14.475 15989 16101 W Unity   : AndroidJNIHelper.GetSignature: using Byte parameters is obsolete, use SByte parameters instead
06-20 12:00:14.475 15989 16101 W Unity   : AndroidJNIHelper: converting from Byte array is obsolete, use SByte array instead
06-20 12:00:14.476 15989 16101 I Unity   : Banzai.Networking.Proto.LoginRequest{
06-20 12:00:14.476 15989 16101 I Unity   :   "Version": 6,
06-20 12:00:14.476 15989 16101 I Unity   :   "PrimaryAuthToken": {
06-20 12:00:14.476 15989 16101 I Unity   :     "Type": 1,
06-20 12:00:14.476 15989 16101 I Unity   :     "Data": "{\"login\":\"bf79b85a-01e4-49c9-92ec-a17edd7516ab\",\"password\":\"1ebd11b9c0f2e9217f5d0c7fc1dbfbce\"}"
06-20 12:00:14.476 15989 16101 I Unity   :   },
06-20 12:00:14.476 15989 16101 I Unity   :   "SecondaryAuthToken": [
06-20 12:00:14.476 15989 16101 I Unity   :     {
06-20 12:00:14.476 15989 16101 I Unity   :       "Type": 6,
06-20 12:00:14.476 15989 16101 I Unity   :       "Data": "96b1a4edeac872bc"
06-20 12:00:14.476 15989 16101 I Unity   :     }
06-20 12:00:14.476 15989 16101 I Unity   :   ],
06-20 12:00:14.476 15989 16101 I Unity   :   "ExtData": "{\"platform\":\"Android\",\"v\":\"19209\",\"app_id\":\"com.nekki.shadowfight3\",\"f\":\"629C77C4D5B65DC0C5F36BA1598E325A4281A9A7\",\"bnumber\":\"19209\",\"bname\":\"UnityClient_ShadowFight3_UnityClientShadowFight3Release_ConfigurationAndroid\"}"
06-20 12:00:14.476 15989 16101 I Unity   : }
06-20 12:00:14.559 15989 16644 W Unity   : Reader task was aborted by System.IO.EndOfStreamException : Attempted to read past the end of the stream.; StackTrace:   at LCDDJOIFKME.FIAPGJLMAPC (System.IO.Stream OIIELOMCEBN, System.Byte[] NCJFLFIKFHD) [0x00000] in <00000000000000000000000000000000>:0 
06-20 12:00:14.559 15989 16644 W Unity   :   at KKEGDLFDJJI.OKLIGPHLBNB (System.Net.Sockets.NetworkStream LNCPNLNPMAG) [0x00000] in <00000000000000000000000000000000>:0 
06-20 12:00:14.559 15989 16644 W Unity   :   at DDOPPLDBKIB.GAACDLDPBDC () [0x00000] in <00000000000000000000000000000000>:0 
06-20 12:00:14.559 15989 16644 W Unity   :   at System.Threading.Tasks.Task.Execute () [0x00000] in <00000000000000000000000000000000>:0 
06-20 12:00:14.559 15989 16644 W Unity   :   at System.Threading.ExecutionContext.RunInternal (System.Threading.ExecutionContext executionContext, System.Threading.ContextCallback callback, System.Object state, System.Boolean preserveSyncCtx) [0x00000] in <00000000000000000000000000000000>:0 
06-20 12:00:14.559 15989 16644 W Unity   :   at System.Threading.Tasks.Task.ExecuteWithThreadLocal (System.Threading.Tasks.Task& currentTaskSlot) [0x00000] in <00000000000000000000000000000000>:0 
06-20 12:00:14.559 15989 16644 W Unity   :   at System.Threading.Tasks.Task.ExecuteEntry (System.Bo
06-20 12:00:14.560 15989 16101 I Unity   : [NEBU DEBUG] CompressionThreshold = 256
06-20 12:00:14.560 15989 16101 I Unity   : OnLogin - Guid:  
06-20 12:00:14.560 15989 16101 I Unity   : [Server Event] cmd:<b>ban_event</b> type:sfDTO.BanEventData extensible:
06-20 12:00:14.560 15989 16101 I Unity   : sfDTO.BanEventData{
06-20 12:00:14.560 15989 16101 I Unity   :   "Type": 1,
06-20 12:00:14.560 15989 16101 I Unity   :   "Reason": "Violation of the rules of the game",
06-20 12:00:14.560 15989 16101 I Unity   :   "MillisLeft": 41562504,
06-20 12:00:14.560 15989 16101 I Unity   :   "PlayerId": 69994873
06-20 12:00:14.560 15989 16101 I Unity   : }
06-20 12:00:14.561 15989 16101 I Unity   : [DarkPocket] entering to 'NetworkConnection'
06-20 12:00:14.561 15989 16101 W Unity   : BlockInput was called, but we cannot block input yet
06-20 12:00:14.561 15989 16101 W Unity   : Restarting Connection. Reason: ban
06-20 12:00:14.561 15989 16101 I Unity   : StopCurrentState
06-20 12:00:14.561 15989 16101 W Unity   : Dispose nebu tasks
06-20 12:00:14.563 15989 16101 I Unity   : C#: User ID: 69994873
06-20 12:00:14.563 15989 16101 I Unity   : C#: Fyber User ID: 69994873
06-20 12:00:14.563 15989 16101 W Unity   : [NEBU WARN] Reader task was aborted by System.IO.EndOfStreamException : Attempted to read past the end of the stream.; StackTrace:   at LCDDJOIFKME.FIAPGJLMAPC (System.IO.Stream OIIELOMCEBN, System.Byte[] NCJFLFIKFHD) [0x00000] in <00000000000000000000000000000000>:0 
06-20 12:00:14.563 15989 16101 W Unity   :   at KKEGDLFDJJI.OKLIGPHLBNB (System.Net.Sockets.NetworkStream LNCPNLNPMAG) [0x00000] in <00000000000000000000000000000000>:0 
06-20 12:00:14.563 15989 16101 W Unity   :   at DDOPPLDBKIB.GAACDLDPBDC () [0x00000] in <00000000000000000000000000000000>:0 
06-20 12:00:14.563 15989 16101 W Unity   :   at System.Threading.Tasks.Task.Execute () [0x00000] in <00000000000000000000000000000000>:0 
06-20 12:00:14.563 15989 16101 W Unity   :   at System.Threading.ExecutionContext.RunInternal (System.Threading.ExecutionContext executionContext, System.Threading.ContextCallback callback, System.Object state, System.Boolean preserveSyncCtx) [0x00000] in <00000000000000000000000000000000>:0 
06-20 12:00:14.563 15989 16101 W Unity   :   at System.Threading.Tasks.Task.ExecuteWithThreadLocal (System.Threading.Tasks.Task& currentTaskSlot) [0x00000] in <00000000000000000000000000000000>:0 
06-20 12:00:14.563 15989 16101 W Unity   :   at System.Threading.Tasks.Task.ExecuteEntr
06-20 12:00:14.564 15989 16101 I Unity   : [NEBU DEBUG] Reader task terminated
06-20 12:00:14.578 15989 16101 W Unity   : [IBDPJFMKJMM] ExecuteRequest HTTP/1.1 404 Not Found
