06-20 00:10:22.393 31710 31710 D nativeloader: Load /data/app/~~b-kNTPL92oJmt3Gcmb6V-w==/com.nekki.shadowfight3-7kK4tjGugrQhSUVD9c6cmg==/lib/arm64/libmain.so using class loader ns clns-10 (caller=/data/app/~~b-kNTPL92oJmt3Gcmb6V-w==/com.nekki.shadowfight3-7kK4tjGugrQhSUVD9c6cmg==/base.apk!classes7.dex): ok
06-20 00:10:22.421 31710 31710 I IL2CPP  : JNI_OnLoad
06-20 00:10:22.421 31710 31710 V Unity   : Context Type: ActivityOrService
06-20 00:10:22.424 31710 31710 V SF3     : UnityPlayerActivity called onCreate
06-20 00:10:22.424 31710 31710 D BlackManager: Creating service for: top.niunaijun.blackbox.core.system.os.IBStorageManagerService$Stub
06-20 00:10:22.424 31710 31710 D BlackManager: Successfully created service: storage_manager
06-20 00:10:22.426 31710 31710 I Banzai  : Path: /storage/emulated/0/Android/data/top.niunaijun.blackbox/files/blackbox/storage/emulated/0/Android/data/com.nekki.shadowfight3/files/tou.file
06-20 00:10:22.426 31710 31710 W Banzai  : SendLog Terms of use not confirm!
06-20 00:10:22.431 31710 31710 D FirebaseSessions: App foregrounded on com.nekki.shadowfight3
06-20 00:10:22.431 31710 31710 D FirebaseSessions: Session 7f76eb847a5648dfa09668735b808fd6 has not backgrounded yet
06-20 00:10:22.431 31710 31710 D FirebaseSessions: No process data for com.nekki.shadowfight3
06-20 00:10:22.433 31710 31710 D AttributionSourceUtils: Fixed AttributionSource UID in method arguments
06-20 00:10:22.434 31710 31753 D FirebaseSessions: Session 2548e18b97db4d9ab0afde0d1fbe7e8f has not backgrounded yet
06-20 00:10:22.434 31710 31753 D FirebaseSessions: No process data map
06-20 00:10:22.434 31710 31753 D FirebaseSessions: No process data for com.nekki.shadowfight3
06-20 00:10:22.435 31710 31710 D AttributionSourceUtils: Fixed AttributionSource UID in method arguments
06-20 00:10:22.437 31710 31710 D AudioPermissionProxy: AudioPermission: getStreamVolume called, allowing
06-20 00:10:22.438 31710 31710 D AttributionSourceUtils: Fixed AttributionSource UID in method arguments
06-20 00:10:22.442 31710 31754 D FirebaseSessions: Notified CRASHLYTICS of new session 28ec7c32297b458a889de133391cb029
06-20 00:10:22.443 31710 31710 I ViewRootImpl: dVRR is disabled
06-20 00:10:22.444 31710 31710 D HardwareRenderer: onDisplayChanged. displayId=0 current wxh=1340x800 mLargest wxh=0x0
06-20 00:10:22.444 31710 31710 W HWUI    : Unknown dataspace 0
06-20 00:10:22.444 31710 31710 D HardwareRenderer: Set largestWidth and largestHeight as logical resolution. (1340x800)
06-20 00:10:22.444 31710 31783 D HWUI    : setMaxSurfaceArea requested wxh=(1340,800) requestedSurfaceArea(1072000) is smaller than defaultSurfaceArea(2073600). Use default.
06-20 00:10:22.444 31710 31783 D NativeCustomFrequencyManager: [NativeCFMS] BpCustomFrequencyManager::BpCustomFrequencyManager()
06-20 00:10:22.445 31710 31710 D TransactionThrottler: Reset transaction throttler
06-20 00:10:22.447 31710 31710 D InsetsController: Setting requestedVisibleTypes to -12 (was -9)
06-20 00:10:22.447 31710 31710 I InsetsController: setRequestedVisibleTypes: visible=false, mask=statusBars navigationBars, host=com.nekki.shadowfight3/com.nekki.unityplugins.NekkiNativeActivity, from=android.view.InsetsController.controlAnimationUnchecked:1604 android.view.InsetsController.applyAnimation:2416 android.view.InsetsController.applyAnimation:2343 android.view.InsetsController.hide:1540 android.view.InsetsController.hide:1450 android.view.PendingInsetsController$HideRequest.replay:277 android.view.PendingInsetsController.replayAndAttach:192 android.view.ViewRootImpl.setView:1948 android.view.WindowManagerGlobal.addView:604 android.view.WindowManagerImpl.addView:158 
06-20 00:10:22.448 31710 31710 D InsetsController: Setting requestedVisibleTypes to -16 (was -12)
06-20 00:10:22.448 31710 31710 I InsetsController: setRequestedVisibleTypes: visible=false, mask=captionBar, host=com.nekki.shadowfight3/com.nekki.unityplugins.NekkiNativeActivity, from=android.view.InsetsController.controlAnimationUnchecked:1604 android.view.InsetsController.applyAnimation:2416 android.view.InsetsController.applyAnimation:2343 android.view.InsetsController.hide:1540 android.view.InsetsController.hide:1450 android.view.ViewRootImpl.controlInsetsForCompatibility:4170 android.view.ViewRootImpl.setView:1970 android.view.WindowManagerGlobal.addView:604 android.view.WindowManagerImpl.addView:158 android.app.ActivityThread.handleResumeActivity:6395 
06-20 00:10:22.451 31710 31710 D InputTransport: Input channel constructed: '567146f', fd=153
06-20 00:10:22.452 31710 31710 I InsetsController: onStateChanged: host=com.nekki.shadowfight3/com.nekki.unityplugins.NekkiNativeActivity, from=android.view.ViewRootImpl.onInsetsStateChanged:3026, state=InsetsState: {mDisplayFrame=Rect(0, 0 - 1340, 800), mDisplayCutout=DisplayCutout{insets=Rect(0, 0 - 0, 0) waterfall=Insets{left=0, top=0, right=0, bottom=0} boundingRect={Bounds=[Rect(0, 0 - 0, 0), Rect(0, 0 - 0, 0), Rect(0, 0 - 0, 0), Rect(0, 0 - 0, 0)]} cutoutPathParserInfo={CutoutPathParserInfo{displayWidth=0 displayHeight=0 physicalDisplayWidth=0 physicalDisplayHeight=0 density={0.0} cutoutSpec={} rotation={0} scale={0.0} physicalPixelDisplaySizeRatio={0.0}}} sideOverrides=null}, mRoundedCorners=RoundedCorners{[RoundedCorner{position=TopLeft, radius=9, center=Point(9, 9)}, RoundedCorner{position=TopRight, radius=9, center=Point(1331, 9)}, RoundedCorner{position=BottomRight, radius=9, center=Point(1331, 791)}, RoundedCorner{position=BottomLeft, radius=9, center=Point(9, 791)}]}  mRoundedCornerFrame=Rect(0, 0 - 1340, 800), mPrivacyIndicatorBounds=PrivacyIndicatorBounds {static bounds=Rect(1282, 0 - 1340, 39) rotation=1}, mDisplayShape=DisplayShape{ spec=-311912193 displayWidth=800 displayHeight=1340 physicalPixelDisplaySizeRatio=1.0 rotation=1 offsetX=0 offsetY=0 scale=1.0}, mSources= { InsetsSource: {887e0000 mType=statusBars mFrame=[0,0][1340,39] mVisible=true mFlags= mSideHint=TOP mBoundingRects=null}, InsetsSource: {887e0005 mType=mandatorySystemGestures mFrame=[0,0][1340,39] mVisible=true mFlags= mSideHint=TOP mBoundingRects=null}, InsetsSource: {887e0006 mType=tappableElement mFrame=[0,0][1340,39] mVisible=true mFlags= mSideHint=TOP mBoundingRects=null}, InsetsSource: {3 mType=ime mFrame=[0,0][0,0] mVisible=false mFlags= mSideHint=NONE mBoundingRects=null}, InsetsSource: {292c0001 mType=navigationBars mFrame=[0,737][1340,800] mVisible=true mFlags= mSideHint=BOTTOM mBoundingRects=null}, InsetsSource: {292c0004 mType=systemGestures mFrame=[0,0][0,0] mVisible=true mFlags= mSideHint=NONE mBoundingRects=null}, InsetsSource: {292c0005 mType=mandatorySystemGestures mFrame=[0,737][1340,800] mVisible=true mFlags= mSideHint=BOTTOM mBoundingRects=null}, InsetsSource: {292c0006 mType=tappableElement mFrame=[0,737][1340,800] mVisible=true mFlags= mSideHint=BOTTOM mBoundingRects=null}, InsetsSource: {292c0024 mType=systemGestures mFrame=[0,0][0,0] mVisible=true mFlags= mSideHint=NONE mBoundingRects=null} }
06-20 00:10:22.452 31710 31756 I FA      : Tag Manager is not found and thus will not be used
06-20 00:10:22.452 31710 31710 I VRI[NekkiNativeActivity]@4280dc: synced displayState. AttachInfo displayState=2
06-20 00:10:22.452 31710 31710 D InputTransport: setImprovementEvent.. GameApp 1 1  179.759  179.759 2003436.750 2002.020 1415.428
06-20 00:10:22.453 31710 31710 I VRI[NekkiNativeActivity]@4280dc: setView = com.android.internal.policy.DecorView@dfb546a IsHRR=false mFlingFrameRateChange=0 TM=true
06-20 00:10:22.454 31710 31710 I IDS_TAG : Starting IDS observe window
06-20 00:10:22.454 31710 31710 I IDS_TAG : Getting Shared Preference for androidx.multidex.MultiDexApplication@c96396a uid = 10009
06-20 00:10:22.454 31710 31710 I IDS_TAG : App androidx.multidex.MultiDexApplication@c96396a has not finished training
06-20 00:10:22.457 31710 31710 I IDS_TAG : Closing IDS observe window
06-20 00:10:22.457 31710 31710 I IDS_TAG : Getting Shared Preference for androidx.multidex.MultiDexApplication@c96396a uid = 10009
06-20 00:10:22.457 31710 31710 I IDS_TAG : IDS count updated to 1 for androidx.multidex.MultiDexApplication@c96396a
06-20 00:10:22.457 31710 31710 I SV[109180308 NekkiNativeActivity]: onWindowVisibilityChanged(0) true com.unity3d.player.a.g{681f594 VFE...... .F....I. 0,0-0,0 #7f0a03a2 app:id/unitySurfaceView} of VRI[NekkiNativeActivity]@4280dc
06-20 00:10:22.457 31710 31710 D SurfaceView: 109180308 updateSurface: has no frame
06-20 00:10:22.461 31710 31756 W GooglePlayServicesUtil: com.nekki.shadowfight3 requires Google Play services, but they are missing.
06-20 00:10:22.462 31710 31710 E jun.blackbox:p0: [perfctl] 31710 31710 FPSGO ver:0
06-20 00:10:22.463 31710 31710 E jun.blackbox:p0: [perfctl] 0 0 0 0
06-20 00:10:22.463 31710 31710 D BufferQueueConsumer: [](id:7bde00000000,api:0,p:-1,c:31710) connect: controlledByApp=false
06-20 00:10:22.464 31710 31710 D BLASTBufferQueue: [VRI[NekkiNativeActivity]@4280dc#0](f:0,a:0) constructor()
06-20 00:10:22.464 31710 31710 I BLASTBufferQueue_Java: new BLASTBufferQueue, mName= VRI[NekkiNativeActivity]@4280dc mNativeObject= 0x778e25a070 caller= android.view.ViewRootImpl.updateBlastSurfaceIfNeeded:3585 android.view.ViewRootImpl.relayoutWindow:11685 android.view.ViewRootImpl.performTraversals:4804 android.view.ViewRootImpl.doTraversal:3924 android.view.ViewRootImpl$TraversalRunnable.run:12903 android.view.Choreographer$CallbackRecord.run:1901 android.view.Choreographer$CallbackRecord.run:1910 android.view.Choreographer.doCallbacks:1367 android.view.Choreographer.doFrame:1292 android.view.Choreographer$FrameDisplayEventReceiver.run:1870 
06-20 00:10:22.464 31710 31710 I BLASTBufferQueue_Java: update, w= 1340 h= 800 mName = VRI[NekkiNativeActivity]@4280dc mNativeObject= 0x778e25a070 sc.mNativeObject= 0x772e214e10 format= -3 caller= android.view.ViewRootImpl.updateBlastSurfaceIfNeeded:3590 android.view.ViewRootImpl.relayoutWindow:11685 android.view.ViewRootImpl.performTraversals:4804 android.view.ViewRootImpl.doTraversal:3924 android.view.ViewRootImpl$TraversalRunnable.run:12903 android.view.Choreographer$CallbackRecord.run:1901 
06-20 00:10:22.464 31710 31710 D BLASTBufferQueue: [VRI[NekkiNativeActivity]@4280dc#0](f:0,a:0) update width=1340 height=800 format=-3 mTransformHint=4
06-20 00:10:22.465 31710 31710 I VRI[NekkiNativeActivity]@4280dc: Relayout returned: old=(0,0,1340,800) new=(0,0,1340,800) relayoutAsync=false req=(1340,800)0 dur=3 res=0x3 s={true 0x775e2317b0} ch=true seqId=0
06-20 00:10:22.466 31710 31710 D VRI[NekkiNativeActivity]@4280dc: mThreadedRenderer.initialize() mSurface={isValid=true 0x775e2317b0} hwInitialized=true
06-20 00:10:22.466 31710 31710 D SurfaceView: 109180308 updateSurface: has no frame
06-20 00:10:22.468 31710 31756 D TransactionThrottler: Reset transaction throttler
06-20 00:10:22.469 31710 31710 I Kumiho-Kumiho: getPackageName: top.niunaijun.blackbox
06-20 00:10:22.501 31710 31710 I Kumiho-Kumiho: getPackageName: top.niunaijun.blackbox
06-20 00:10:22.515 31710 31710 I SV[109180308 NekkiNativeActivity]: windowStopped(false) true com.unity3d.player.a.g{681f594 VFE...... .F....ID 0,0-1340,800 #7f0a03a2 app:id/unitySurfaceView} of VRI[NekkiNativeActivity]@4280dc
06-20 00:10:22.515 31710 31710 D SurfaceView: 109180308 updateSurface: has no frame
06-20 00:10:22.515 31710 31710 D VRI[NekkiNativeActivity]@4280dc: reportNextDraw android.view.ViewRootImpl.performTraversals:5443 android.view.ViewRootImpl.doTraversal:3924 android.view.ViewRootImpl$TraversalRunnable.run:12903 android.view.Choreographer$CallbackRecord.run:1901 android.view.Choreographer$CallbackRecord.run:1910 
06-20 00:10:22.515 31710 31710 I SurfaceView: 109180308 Changes: creating=true format=true size=true visible=true alpha=false hint=true left=true top=true z=false attached=true lifecycleStrategy=false
06-20 00:10:22.518 31710 31710 D BufferQueueConsumer: [](id:7bde00000001,api:0,p:-1,c:31710) connect: controlledByApp=false
06-20 00:10:22.518 31710 31710 D BLASTBufferQueue: [681f594 SurfaceView[com.nekki.shadowfight3/com.nekki.unityplugins.NekkiNativeActivity]@0#1](f:0,a:0) constructor()
06-20 00:10:22.518 31710 31710 I BLASTBufferQueue_Java: new BLASTBufferQueue, mName= 681f594 SurfaceView[com.nekki.shadowfight3/com.nekki.unityplugins.NekkiNativeActivity]@0 mNativeObject= 0x778e25c490 caller= android.view.SurfaceView.createBlastSurfaceControls:1781 android.view.SurfaceView.updateSurface:1450 android.view.SurfaceView.lambda$new$0:280 android.view.SurfaceView.$r8$lambda$NfZyM_TG8F8lqzaOVZ7noREFjzU:0 android.view.SurfaceView$$ExternalSyntheticLambda1.onPreDraw:0 android.view.ViewTreeObserver.dispatchOnPreDraw:1229 android.view.ViewRootImpl.performTraversals:5448 android.view.ViewRootImpl.doTraversal:3924 android.view.ViewRootImpl$TraversalRunnable.run:12903 android.view.Choreographer$CallbackRecord.run:1901 
06-20 00:10:22.519 31710 31710 I BLASTBufferQueue_Java: update, w= 1340 h= 800 mName = 681f594 SurfaceView[com.nekki.shadowfight3/com.nekki.unityplugins.NekkiNativeActivity]@0 mNativeObject= 0x778e25c490 sc.mNativeObject= 0x772e215410 format= 4 caller= android.view.SurfaceView.createBlastSurfaceControls:1782 android.view.SurfaceView.updateSurface:1450 android.view.SurfaceView.lambda$new$0:280 android.view.SurfaceView.$r8$lambda$NfZyM_TG8F8lqzaOVZ7noREFjzU:0 android.view.SurfaceView$$ExternalSyntheticLambda1.onPreDraw:0 android.view.ViewTreeObserver.dispatchOnPreDraw:1229 
06-20 00:10:22.519 31710 31710 D BLASTBufferQueue: [681f594 SurfaceView[com.nekki.shadowfight3/com.nekki.unityplugins.NekkiNativeActivity]@0#1](f:0,a:0) update width=1340 height=800 format=4 mTransformHint=4
06-20 00:10:22.519 31710 31710 I SurfaceView: 109180308 Cur surface: Surface(name=null mNativeObject=0)/@0x6a25c53
06-20 00:10:22.519 31710 31710 I SV[109180308 NekkiNativeActivity]: pST: sr = Rect(0, 0 - 1340, 800) sw = 1340 sh = 800
06-20 00:10:22.519 31710 31710 D SurfaceView: 109180308 performSurfaceTransaction RenderWorker position = [0, 0, 1340, 800] surfaceSize = 1340x800
06-20 00:10:22.519 31710 31710 I SV[109180308 NekkiNativeActivity]: updateSurface: mVisible = true mSurface.isValid() = true
06-20 00:10:22.519 31710 31710 I SV[109180308 NekkiNativeActivity]: updateSurface: mSurfaceCreated = false surfaceChanged = true visibleChanged = true
06-20 00:10:22.519 31710 31710 I SurfaceView: 109180308 visibleChanged -- surfaceCreated
06-20 00:10:22.519 31710 31710 I SV[109180308 NekkiNativeActivity]: surfaceCreated 1 #8 com.unity3d.player.a.g{681f594 VFE...... .F....ID 0,0-1340,800 #7f0a03a2 app:id/unitySurfaceView}
06-20 00:10:22.519 31710 31710 I SurfaceView: 109180308 surfaceChanged -- format=4 w=1340 h=800
06-20 00:10:22.519 31710 31710 I SV[109180308 NekkiNativeActivity]: surfaceChanged (1340,800) 1 #8 com.unity3d.player.a.g{681f594 VFE...... .F....ID 0,0-1340,800 #7f0a03a2 app:id/unitySurfaceView}
06-20 00:10:22.519 31710 31710 I SurfaceView: 109180308 surfaceRedrawNeeded
06-20 00:10:22.519 31710 31710 I SurfaceView: 109180308 finishedDrawing
06-20 00:10:22.520 31710 31710 V SurfaceView: Layout: x=0 y=0 w=1340 h=800, frame=Rect(0, 0 - 1340, 800)
06-20 00:10:22.520 31710 31710 D VRI[NekkiNativeActivity]@4280dc: Setup new sync=wmsSync-VRI[NekkiNativeActivity]@4280dc#1
06-20 00:10:22.520 31710 31710 I VRI[NekkiNativeActivity]@4280dc: Creating new active sync group VRI[NekkiNativeActivity]@4280dc#2
06-20 00:10:22.520 31710 31710 D VRI[NekkiNativeActivity]@4280dc: registerCallbacksForSync syncBuffer=false
06-20 00:10:22.521 31710 31783 D SurfaceView: 109180308 updateSurfacePosition RenderWorker, frameNr = 1, position = [0, 0, 1340, 800] surfaceSize = 1340x800
06-20 00:10:22.521 31710 31783 I SV[109180308 NekkiNativeActivity]: uSP: rtp = Rect(0, 0 - 1340, 800) rtsw = 1340 rtsh = 800
06-20 00:10:22.521 31710 31783 I SV[109180308 NekkiNativeActivity]: onSSPAndSRT: pl = 0 pt = 0 sx = 1.0 sy = 1.0
06-20 00:10:22.523 31710 31783 I SV[109180308 NekkiNativeActivity]: aOrMT: VRI[NekkiNativeActivity]@4280dc t = android.view.SurfaceControl$Transaction@1b859c1 fN = 1 android.view.SurfaceView.-$$Nest$mapplyOrMergeTransaction:0 android.view.SurfaceView$SurfaceViewPositionUpdateListener.positionChanged:1932 android.graphics.RenderNode$CompositePositionUpdateListener.positionChanged:401 
06-20 00:10:22.523 31710 31783 I VRI[NekkiNativeActivity]@4280dc: mWNT: t=0x779e243510 mBlastBufferQueue=0x778e25a070 fn= 1 HdrRenderState mRenderHdrSdrRatio=1.0 caller= android.view.SurfaceView.applyOrMergeTransaction:1863 android.view.SurfaceView.-$$Nest$mapplyOrMergeTransaction:0 android.view.SurfaceView$SurfaceViewPositionUpdateListener.positionChanged:1932 
06-20 00:10:22.530 31710 31783 D jun.blackbox:p0: Can't load libmbrainSDK
06-20 00:10:22.530 31710 31783 D jun.blackbox:p0: initMbrain failed
06-20 00:10:22.530 31710 31812 D VRI[NekkiNativeActivity]@4280dc: Received frameDrawingCallback syncResult=0 frameNum=1.
06-20 00:10:22.531 31710 31812 I VRI[NekkiNativeActivity]@4280dc: mWNT: t=0x779e254610 mBlastBufferQueue=0x778e25a070 fn= 1 HdrRenderState mRenderHdrSdrRatio=1.0 caller= android.view.ViewRootImpl$12.onFrameDraw:15441 android.view.ThreadedRenderer$1.onFrameDraw:718 <bottom of call stack> 
06-20 00:10:22.531 31710 31812 I VRI[NekkiNativeActivity]@4280dc: Setting up sync and frameCommitCallback
06-20 00:10:22.535 31710 31783 I GrallocExtra: gralloc_extra_query:is_SW3D 0
06-20 00:10:22.535 31710 31783 I GrallocExtra: gralloc_extra_query:is_SW3D 0
06-20 00:10:22.536 31710 31783 D BLASTBufferQueue: [VRI[NekkiNativeActivity]@4280dc#0](f:0,a:1) acquireNextBufferLocked size=1340x800 mFrameNumber=1 applyTransaction=true mTimestamp=287596545416063(auto) mPendingTransactions.size=0 graphicBufferId=136193412956160 transform=7
06-20 00:10:22.536 31710 31783 D jun.blackbox:p0: Can't load libmbrainSDK
06-20 00:10:22.536 31710 31783 D jun.blackbox:p0: initMbrain failed
06-20 00:10:22.536 31710 31783 I VRI[NekkiNativeActivity]@4280dc: Received frameCommittedCallback lastAttemptedDrawFrameNum=1 didProduceBuffer=true
06-20 00:10:22.537 31710 31783 D HWUI    : CFMS:: SetUp Pid : 31710    Tid : 31783
06-20 00:10:22.537 31710 31710 D VRI[NekkiNativeActivity]@4280dc: reportDrawFinished seqId=0
06-20 00:10:22.538 31710 31710 I AdvertisingIdClient: getting error as 17: API: ClientTelemetry.API is not available on this device. Connection failed with: ConnectionResult{statusCode=SERVICE_MISSING, resolution=null, message=null, clientMethodKey=null}
06-20 00:10:22.539 31710 31710 D PackageManagerStub: GetPackageInfo: Providing fake Google Play Services info
06-20 00:10:22.540 31710 31783 D HWUI    : HWUI - treat SMPTE_170M as sRGB
06-20 00:10:22.544 31710 31710 V FA      : AppMeasurementService is starting up.
06-20 00:10:22.545 31710 31782 E GoogleApiManager: Failed to get service from broker. 
06-20 00:10:22.545 31710 31782 E GoogleApiManager: java.lang.SecurityException: Unknown calling package name 'com.nekki.shadowfight3'.
06-20 00:10:22.545 31710 31782 E GoogleApiManager: 	at android.os.Parcel.createExceptionOrNull(Parcel.java:3354)
06-20 00:10:22.545 31710 31782 E GoogleApiManager: 	at android.os.Parcel.createException(Parcel.java:3338)
06-20 00:10:22.545 31710 31782 E GoogleApiManager: 	at android.os.Parcel.readException(Parcel.java:3321)
06-20 00:10:22.545 31710 31782 E GoogleApiManager: 	at android.os.Parcel.readException(Parcel.java:3263)
06-20 00:10:22.545 31710 31782 E GoogleApiManager: 	at com.google.android.gms.common.internal.zzaa.getService(com.google.android.gms:play-services-basement@@18.9.0:9)
06-20 00:10:22.545 31710 31782 E GoogleApiManager: 	at com.google.android.gms.common.internal.BaseGmsClient.getRemoteService(com.google.android.gms:play-services-basement@@18.9.0:17)
06-20 00:10:22.545 31710 31782 E GoogleApiManager: 	at com.google.android.gms.common.api.internal.zabm.run(com.google.android.gms:play-services-base@@18.9.0:6)
06-20 00:10:22.545 31710 31782 E GoogleApiManager: 	at android.os.Handler.handleCallback(Handler.java:995)
06-20 00:10:22.545 31710 31782 E GoogleApiManager: 	at android.os.Handler.dispatchMessage(Handler.java:103)
06-20 00:10:22.545 31710 31782 E GoogleApiManager: 	at android.os.Looper.loopOnce(Looper.java:273)
06-20 00:10:22.545 31710 31782 E GoogleApiManager: 	at android.os.Looper.loop(Looper.java:363)
06-20 00:10:22.545 31710 31782 E GoogleApiManager: 	at android.os.HandlerThread.run(HandlerThread.java:85)
06-20 00:10:22.558 31710 31756 D TransactionThrottler: Reset transaction throttler
06-20 00:10:22.563 31710 31756 W JobServiceStub: Cancel: JobId is null
06-20 00:10:22.572 31710 31823 I AppMetrica: AppMetrica [4439-IAA-CDE-1] Initializing of AppMetrica, Release type, Version 7.14.2, API Level 116, Dated 03.03.2026.
06-20 00:10:22.573 31710 31756 D TransactionThrottler: Reset transaction throttler
06-20 00:10:22.575 31710 31756 W JobServiceStub: Cancel: JobId is null
06-20 00:10:22.578 31710 31776 D AttributionSourceUtils: Fixed AttributionSource UID in method arguments
06-20 00:10:22.579 31710 31776 D AttributionSourceUtils: Fixed AttributionSource UID in method arguments
06-20 00:10:22.586 31710 31776 W GooglePlayServicesUtil: com.nekki.shadowfight3 requires Google Play services, but they are missing.
06-20 00:10:22.587 31710 31782 W GooglePlayServicesUtil: com.nekki.shadowfight3 requires Google Play services, but they are missing.
06-20 00:10:22.588 31710 31782 W GoogleApiManager: The service for com.google.android.gms.internal.appset.zzd is not available: ConnectionResult{statusCode=SERVICE_MISSING, resolution=null, message=null, clientMethodKey=null}
06-20 00:10:22.598 31710 31710 I InsetsController: controlAnimationUncheckedInner: Added types=statusBars navigationBars, animType=1, host=com.nekki.shadowfight3/com.nekki.unityplugins.NekkiNativeActivity, from=android.view.InsetsController.controlAnimationUnchecked:1608 android.view.InsetsController.applyAnimation:2416 android.view.InsetsController.applyAnimation:2343 
06-20 00:10:22.609 31710 31776 D AdvertisingIdClient: AdvertisingIdClient already created.
06-20 00:10:22.609 31710 31776 D AdvertisingIdClient: AdvertisingIdClient is not bounded. Starting to bind it...
06-20 00:10:22.609 31710 31776 W GooglePlayServicesUtil: com.nekki.shadowfight3 requires Google Play services, but they are missing.
06-20 00:10:22.610 31710 31710 I InsetsController: onStateChanged: host=com.nekki.shadowfight3/com.nekki.unityplugins.NekkiNativeActivity, from=android.view.ViewRootImpl.onInsetsStateChanged:3026, state=InsetsState: {mDisplayFrame=Rect(0, 0 - 1340, 800), mDisplayCutout=DisplayCutout{insets=Rect(0, 0 - 0, 0) waterfall=Insets{left=0, top=0, right=0, bottom=0} boundingRect={Bounds=[Rect(0, 0 - 0, 0), Rect(0, 0 - 0, 0), Rect(0, 0 - 0, 0), Rect(0, 0 - 0, 0)]} cutoutPathParserInfo={CutoutPathParserInfo{displayWidth=0 displayHeight=0 physicalDisplayWidth=0 physicalDisplayHeight=0 density={0.0} cutoutSpec={} rotation={0} scale={0.0} physicalPixelDisplaySizeRatio={0.0}}} sideOverrides=null}, mRoundedCorners=RoundedCorners{[RoundedCorner{position=TopLeft, radius=9, center=Point(9, 9)}, RoundedCorner{position=TopRight, radius=9, center=Point(1331, 9)}, RoundedCorner{position=BottomRight, radius=9, center=Point(1331, 791)}, RoundedCorner{position=BottomLeft, radius=9, center=Point(9, 791)}]}  mRoundedCornerFrame=Rect(0, 0 - 1340, 800), mPrivacyIndicatorBounds=PrivacyIndicatorBounds {static bounds=Rect(1282, 0 - 1340, 39) rotation=1}, mDisplayShape=DisplayShape{ spec=-311912193 displayWidth=800 displayHeight=1340 physicalPixelDisplaySizeRatio=1.0 rotation=1 offsetX=0 offsetY=0 scale=1.0}, mSources= { InsetsSource: {887e0000 mType=statusBars mFrame=[0,0][1340,39] mVisible=false mFlags= mSideHint=TOP mBoundingRects=null}, InsetsSource: {887e0005 mType=mandatorySystemGestures mFrame=[0,0][1340,39] mVisible=true mFlags= mSideHint=TOP mBoundingRects=null}, InsetsSource: {887e0006 mType=tappableElement mFrame=[0,0][1340,39] mVisible=true mFlags= mSideHint=TOP mBoundingRects=null}, InsetsSource: {3 mType=ime mFrame=[0,0][0,0] mVisible=false mFlags= mSideHint=NONE mBoundingRects=null}, InsetsSource: {292c0001 mType=navigationBars mFrame=[0,737][1340,800] mVisible=false mFlags= mSideHint=BOTTOM mBoundingRects=null}, InsetsSource: {292c0004 mType=systemGestures mFrame=[0,0][0,0] mVisible=true mFlags= mSideHint=NONE mBoundingRects=null}, InsetsSource: {292c0005 mType=mandatorySystemGestures mFrame=[0,737][1340,800] mVisible=true mFlags= mSideHint=BOTTOM mBoundingRects=null}, InsetsSource: {292c0006 mType=tappableElement mFrame=[0,737][1340,800] mVisible=true mFlags= mSideHint=BOTTOM mBoundingRects=null}, InsetsSource: {292c0024 mType=systemGestures mFrame=[0,0][0,0] mVisible=true mFlags= mSideHint=NONE mBoundingRects=null} }
06-20 00:10:22.611 31710 31710 I VRI[NekkiNativeActivity]@4280dc: handleResized, frames=ClientWindowFrames{frame=[0,0][1340,800] display=[0,0][1340,800] parentFrame=[0,0][0,0]} displayId=0 dragResizing=false compatScale=1.0 frameChanged=false attachedFrameChanged=false configChanged=false displayChanged=false compatScaleChanged=false dragResizingChanged=false
06-20 00:10:22.611 31710 31776 I AdvertisingIdClient: shouldSendLog -1
06-20 00:10:22.612 31710 31776 D AttributionSourceUtils: Fixed AttributionSource UID in method arguments
06-20 00:10:22.613 31710 31782 W GooglePlayServicesUtil: com.nekki.shadowfight3 requires Google Play services, but they are missing.
06-20 00:10:22.613 31710 31776 D AttributionSourceUtils: Fixed AttributionSource UID in method arguments
06-20 00:10:22.614 31710 31776 D AttributionSourceUtils: Fixed AttributionSource UID in method arguments
06-20 00:10:22.614 31710 31782 W GoogleApiManager: The service for com.google.android.gms.common.internal.service.zau is not available: ConnectionResult{statusCode=SERVICE_MISSING, resolution=null, message=null, clientMethodKey=null}
06-20 00:10:22.615 31710 31710 I AdvertisingIdClient: getting error as 17: API: ClientTelemetry.API is not available on this device. Connection failed with: ConnectionResult{statusCode=SERVICE_MISSING, resolution=null, message=null, clientMethodKey=null}
06-20 00:10:22.617 31710 31832 D TransactionThrottler: Reset transaction throttler
06-20 00:10:22.617 31710 31823 I LevelPlaySDK: API: LevelPlay addImpressionDataListener - adding listener: c
06-20 00:10:22.617 31710 31776 W ApkUtil : getPackageInfo NameNotFoundException
06-20 00:10:22.621 31710 31768 D AdvertisingIdClient: AdvertisingIdClient already created.
06-20 00:10:22.621 31710 31768 D AdvertisingIdClient: AdvertisingIdClient is not bounded. Starting to bind it...
06-20 00:10:22.622 31710 31768 W GooglePlayServicesUtil: com.nekki.shadowfight3 requires Google Play services, but they are missing.
06-20 00:10:22.622 31710 31767 W GooglePlayServicesUtil: com.nekki.shadowfight3 requires Google Play services, but they are missing.
06-20 00:10:22.622 31710 31823 I LevelPlaySDK: API: p b - add impression data listener to Za
06-20 00:10:22.622 31710 31782 W GooglePlayServicesUtil: com.nekki.shadowfight3 requires Google Play services, but they are missing.
06-20 00:10:22.623 31710 31823 I AppMetrica: AppMetrica [4439-IAA-CDE-1] Activate AppMetrica in anonymous mode
06-20 00:10:22.624 31710 31768 I AdvertisingIdClient: shouldSendLog -1
06-20 00:10:22.624 31710 31782 W GoogleApiManager: The service for com.google.android.gms.internal.appset.zzd is not available: ConnectionResult{statusCode=SERVICE_MISSING, resolution=null, message=null, clientMethodKey=null}
06-20 00:10:22.624 31710 31782 W GooglePlayServicesUtil: com.nekki.shadowfight3 requires Google Play services, but they are missing.
06-20 00:10:22.626 31710 31823 I AppMetrica: AppMetrica [4439-IAA-CDE-1] Activate reporter with APIKey 20799a27-xxxx-xxxx-xxxx-xxxxxxxx4180
06-20 00:10:22.626 31710 31776 W ApkUtil : getPackageInfo NameNotFoundException
06-20 00:10:22.626 31710 31772 D TransactionThrottler: Reset transaction throttler
06-20 00:10:22.626 31710 31776 W ApkUtil : getPackageInfo NameNotFoundException
06-20 00:10:22.627 31710 31768 D TransactionThrottler: Reset transaction throttler
06-20 00:10:22.627 31710 31782 W GoogleApiManager: The service for com.google.android.gms.common.internal.service.zau is not available: ConnectionResult{statusCode=SERVICE_MISSING, resolution=null, message=null, clientMethodKey=null}
06-20 00:10:22.629 31710 31710 I AdvertisingIdClient: getting error as 17: API: ClientTelemetry.API is not available on this device. Connection failed with: ConnectionResult{statusCode=SERVICE_MISSING, resolution=null, message=null, clientMethodKey=null}
06-20 00:10:22.630 31710 31768 D TransactionThrottler: Reset transaction throttler
06-20 00:10:22.670 31710 31823 I AppMetrica: AppMetrica [4439-IAA-CDE-1] Activate reporter with APIKey 478cb909-xxxx-xxxx-xxxx-xxxxxxxx9f93
06-20 00:10:22.678 31710 31710 E SQLiteLog: (1) no such table: binary_data in "SELECT * FROM binary_data WHERE data_key = ?"
06-20 00:10:22.679 31710 31710 E SQLiteConnection: DB version: 116
06-20 00:10:22.687 31710 31710 D TransactionThrottler: Reset transaction throttler
06-20 00:10:22.687 31710 31710 D TransactionThrottler: Reset transaction throttler
06-20 00:10:22.690 31710 31718 E LoadedApk: performReceive() called targeting raw IIntentReceiver for Intent { act=android.intent.action.BATTERY_CHANGED flg=0x60000010 (has extras) }
06-20 00:10:22.704 31710 31859 D TransactionThrottler: Reset transaction throttler
06-20 00:10:22.712 31710 31782 W GooglePlayServicesUtil: com.nekki.shadowfight3 requires Google Play services, but they are missing.
06-20 00:10:22.712 31710 31859 W GooglePlayServicesUtil: com.nekki.shadowfight3 requires Google Play services, but they are missing.
06-20 00:10:22.714 31710 31782 W GoogleApiManager: The service for com.google.android.gms.internal.appset.zzd is not available: ConnectionResult{statusCode=SERVICE_MISSING, resolution=null, message=null, clientMethodKey=null}
06-20 00:10:22.940 31710 31861 E emoji2.text.DefaultEmojiConfig: com.google.android.gms
06-20 00:10:22.940 31710 31861 E emoji2.text.DefaultEmojiConfig: android.content.pm.PackageManager$NameNotFoundException: com.google.android.gms
06-20 00:10:22.940 31710 31861 E emoji2.text.DefaultEmojiConfig: 	at android.app.ApplicationPackageManager.getPackageInfoAsUser(ApplicationPackageManager.java:327)
06-20 00:10:22.940 31710 31861 E emoji2.text.DefaultEmojiConfig: 	at android.app.ApplicationPackageManager.getPackageInfo(ApplicationPackageManager.java:287)
06-20 00:10:22.940 31710 31861 E emoji2.text.DefaultEmojiConfig: 	at android.app.ApplicationPackageManager.getPackageInfo(ApplicationPackageManager.java:281)
06-20 00:10:22.940 31710 31861 E emoji2.text.DefaultEmojiConfig: 	at androidx.emoji2.text.DefaultEmojiCompatConfig$DefaultEmojiCompatConfigHelper_API28.getSigningSignatures(DefaultEmojiCompatConfig.java:338)
06-20 00:10:22.940 31710 31861 E emoji2.text.DefaultEmojiConfig: 	at androidx.emoji2.text.DefaultEmojiCompatConfig$DefaultEmojiCompatConfigFactory.generateFontRequestFrom(DefaultEmojiCompatConfig.java:222)
06-20 00:10:22.940 31710 31861 E emoji2.text.DefaultEmojiConfig: 	at androidx.emoji2.text.DefaultEmojiCompatConfig$DefaultEmojiCompatConfigFactory.queryForDefaultFontRequest(DefaultEmojiCompatConfig.java:167)
06-20 00:10:22.940 31710 31861 E emoji2.text.DefaultEmojiConfig: 	at androidx.emoji2.text.DefaultEmojiCompatConfig$DefaultEmojiCompatConfigFactory.create(DefaultEmojiCompatConfig.java:130)
06-20 00:10:22.940 31710 31861 E emoji2.text.DefaultEmojiConfig: 	at androidx.emoji2.text.DefaultEmojiCompatConfig.create(DefaultEmojiCompatConfig.java:98)
06-20 00:10:22.940 31710 31861 E emoji2.text.DefaultEmojiConfig: 	at androidx.emoji2.text.EmojiCompatInitializer$BackgroundDefaultLoader.doLoad(EmojiCompatInitializer.java:174)
06-20 00:10:22.940 31710 31861 E emoji2.text.DefaultEmojiConfig: 	at androidx.emoji2.text.EmojiCompatInitializer$BackgroundDefaultLoader.lambda$load$0$androidx-emoji2-text-EmojiCompatInitializer$BackgroundDefaultLoader(EmojiCompatInitializer.java:167)
06-20 00:10:22.940 31710 31861 E emoji2.text.DefaultEmojiConfig: 	at androidx.emoji2.text.EmojiCompatInitializer$BackgroundDefaultLoader$$ExternalSyntheticLambda0.run(D8$$SyntheticClass:0)
06-20 00:10:22.940 31710 31861 E emoji2.text.DefaultEmojiConfig: 	at java.util.concurrent.ThreadPoolExecutor.runWorker(ThreadPoolExecutor.java:1100)
06-20 00:10:22.940 31710 31861 E emoji2.text.DefaultEmojiConfig: 	at java.util.concurrent.ThreadPoolExecutor$Worker.run(ThreadPoolExecutor.java:624)
06-20 00:10:22.940 31710 31861 E emoji2.text.DefaultEmojiConfig: 	at java.lang.Thread.run(Thread.java:1572)
06-20 00:10:22.959 31710 31710 I InsetsController: cancelAnimation: types=statusBars navigationBars, animType=1, host=com.nekki.shadowfight3/com.nekki.unityplugins.NekkiNativeActivity, from=android.view.InsetsController.notifyFinished:2006 android.view.InsetsAnimationThreadControlRunner$1.lambda$notifyFinished$0:82 android.view.InsetsAnimationThreadControlRunner$1.$r8$lambda$cDFF0h4Ncq-8EXdGszv69jrUu7c:0 
06-20 00:10:22.960 31710 31829 W InteractionJankMonitor: Initializing without READ_DEVICE_CONFIG permission. enabled=false, interval=1, missedFrameThreshold=3, frameTimeThreshold=64, package=com.nekki.shadowfight3
06-20 00:10:22.974 31710 31722 I MethodTracer: Native hooks installed on attempt 1
06-20 00:10:23.078 31710 31710 D BBA2    : setIsFg isFg = false; delayValue 3999ms
06-20 00:10:23.231 31710 31731 W GooglePlayServicesUtil: com.nekki.shadowfight3 requires Google Play services, but they are missing.
06-20 00:10:23.231 31710 31731 W GooglePlayServicesUtil: com.nekki.shadowfight3 requires Google Play services, but they are missing.
06-20 00:10:23.231 31710 31733 D TransactionThrottler: Reset transaction throttler
06-20 00:10:23.232 31710 31733 D TransactionThrottler: Reset transaction throttler
06-20 00:10:23.235 31710 31736 W GooglePlayServicesUtil: com.nekki.shadowfight3 requires Google Play services, but they are missing.
06-20 00:10:23.235 31710 31736 W GooglePlayServicesUtil: com.nekki.shadowfight3 requires Google Play services, but they are missing.
06-20 00:10:23.238 31710 31731 D TransactionThrottler: Reset transaction throttler
06-20 00:10:23.695 31710 31755 D FirebaseSessions: Fetching settings from server.
06-20 00:10:23.723 31710 31768 I YandexAds: [Integration] Yandex Mobile Ads 7.18.5 initialized successfully
06-20 00:10:23.726 31710 31859 I AppMetrica: AppMetrica-Attribution [4467-IAA-STE-10] Update distribution data: ClidsInfo(chosen=Candidate(clids=null, source=UNDEFINED), candidates=[]) -> ClidsInfo(chosen=Candidate(clids=null, source=APP), candidates=[Candidate(clids=null, source=APP)])
06-20 00:10:23.727 31710 31859 D TransactionThrottler: Reset transaction throttler
06-20 00:10:23.728 31710 31859 I AppMetrica: AppMetrica-Attribution [4467-IAA-STE-10] Satellite content provider with clids was not found.
06-20 00:10:23.792 31710 31757 D FirebaseSessions: Fetched settings: {"settings_version":3,"cache_duration":175789,"features":{"collect_logged_exceptions":true,"collect_reports":true,"collect_analytics":false,"prompt_enabled":false,"push_enabled":false,"firebase_crashlytics_enabled":false,"collect_anrs":true,"collect_metric_kit":false,"collect_build_ids":true},"app":{"status":"activated","update_required":false,"report_upload_variant":2,"native_report_upload_variant":2},"fabric":{"org_id":"5c659000858cbd3689000e68","bundle_id":"com.nekki.shadowfight3"},"on_demand_upload_rate_per_minute":10,"on_demand_backoff_base":1.2,"on_demand_backoff_step_duration_seconds":60,"app_quality":{"sessions_enabled":true,"sampling_rate":1,"session_timeout_seconds":1800},"on_demand_thread_recording_suspension_enabled":true}
06-20 00:10:23.797 31710 31750 D FirebaseSessions: Remote settings cache not expired. Using cached values.
06-20 00:10:23.804 31710 31755 D FirebaseSessions: Session Event Type: SESSION_START
06-20 00:10:23.804 31710 31755 D FirebaseSessions: Successfully logged Session Start event.
06-20 00:10:23.813 31710 31751 W JobServiceStub: Schedule: args[0] is null, returning RESULT_FAILURE
06-20 00:10:27.584 31710 31710 V FA      : onUnbind called for intent. action: com.google.android.gms.measurement.START
06-20 00:10:28.252 31710 31902 D ProfileInstaller: Installing profile for com.nekki.shadowfight3
06-20 00:10:30.844 31710 31710 D VRI[NekkiNativeActivity]@4280dc: mThreadedRenderer.initializeIfNeeded()#2 mSurface={isValid=true 0x775e2317b0}
06-20 00:10:30.845 31710 31710 D InputMethodManagerUtils: startInputInner - Id : 0
06-20 00:10:30.845 31710 31710 I InputMethodManager: startInputInner - IInputMethodManagerGlobalInvoker.startInputOrWindowGainedFocus
06-20 00:10:30.854 31710 31710 I InputMethodManager: handleMessage: setImeVisibility visible=false
06-20 00:10:30.854 31710 31710 D InsetsController: hide(ime(), fromIme=false)
06-20 00:10:30.854 31710 31710 I ImeTracker: top.niunaijun.blackbox:7b0dde07: onCancelled at PHASE_CLIENT_ALREADY_HIDDEN
06-20 00:10:30.854 31710 31718 D InputTransport: Input channel constructed: 'ClientS', fd=173
06-20 00:10:30.855 31710 31803 I Unity   : MemoryManager: Using 'Dynamic Heap' Allocator.
06-20 00:10:30.879 31710 31803 D VirtualSpoof: [spoof] ro.product.cpu.abi = arm64-v8a
06-20 00:10:30.879 31710 31803 D VirtualSpoof: [spoof] ro.product.cpu.abi = arm64-v8a
06-20 00:10:30.879 31710 31803 D VirtualSpoof: [spoof] ro.product.cpu.abi = arm64-v8a
06-20 00:10:30.879 31710 31803 I Unity   : SystemInfo CPU = ARM64, Cores = 8, Memory = 3642mb
06-20 00:10:30.880 31710 31803 I Unity   : SystemInfo ARM big.LITTLE configuration: 2 big (mask: 0xc0), 6 little (mask: 0x3f)
06-20 00:10:30.880 31710 31803 I Unity   : ApplicationInfo 'com.nekki.shadowfight3', Version '1.45.2', Min API Level '26', Target API Level '35'
06-20 00:10:30.880 31710 31803 I Unity   : Built from '6000.3/staging' branch, Version '6000.3.11f1 (3000ef702840)', Build type 'Release', Scripting Backend 'il2cpp', CPU 'arm64-v8a', Stripping 'Disabled'
06-20 00:10:30.880 31710 31803 I Unity   : Device Model 'samsung SM-X115', OS 'Android OS 16 (API 36)'
06-20 00:10:30.885 31710 31710 I BLASTBufferQueue_Java: update, w= 1340 h= 800 mName = VRI[NekkiNativeActivity]@4280dc mNativeObject= 0x778e25a070 sc.mNativeObject= 0x772e214e10 format= -3 caller= android.view.ViewRootImpl.updateBlastSurfaceIfNeeded:3574 android.view.ViewRootImpl.relayoutWindow:11685 android.view.ViewRootImpl.performTraversals:4804 android.view.ViewRootImpl.doTraversal:3924 android.view.ViewRootImpl$TraversalRunnable.run:12903 android.view.Choreographer$CallbackRecord.run:1901 
06-20 00:10:30.885 31710 31710 I VRI[NekkiNativeActivity]@4280dc: Relayout returned: old=(0,0,1340,800) new=(0,0,1340,800) relayoutAsync=true req=(1340,800)0 dur=0 res=0x0 s={true 0x775e2317b0} ch=false seqId=0
06-20 00:10:30.886 31710 31710 I VRI[NekkiNativeActivity]@4280dc: updateBoundsLayer: t=android.view.SurfaceControl$Transaction@de38a67 sc=Surface(name=Bounds for - com.nekki.shadowfight3/com.nekki.unityplugins.NekkiNativeActivity@0)/@0xb78014 frame=2
06-20 00:10:30.886 31710 31710 I VRI[NekkiNativeActivity]@4280dc: registerCallbackForPendingTransactions
06-20 00:10:30.887 31710 31811 I VRI[NekkiNativeActivity]@4280dc: mWNT: t=0x779e213f50 mBlastBufferQueue=0x778e25a070 fn= 2 HdrRenderState mRenderHdrSdrRatio=1.0 caller= android.view.ViewRootImpl$10.onFrameDraw:6536 android.view.ViewRootImpl$4.onFrameDraw:2489 android.view.ThreadedRenderer$1.onFrameDraw:718 
06-20 00:10:31.236 31710 31710 D AttributionSourceUtils: Fixed AttributionSource UID in method arguments
06-20 00:10:31.245 31710 31803 I Unity   : Company Name: Nekki
06-20 00:10:31.245 31710 31803 I Unity   : Product Name: Shadow Fight 3
06-20 00:10:31.246 31710 31803 D libMEOW : meow new tls: 0x762e432240
06-20 00:10:31.246 31710 31803 D libMEOW : applied 0 plugin for [com.nekki.shadowfight3].
06-20 00:10:31.265 31710 31931 D libMEOW : meow new tls: 0x762e642450
06-20 00:10:31.265 31710 31931 D libMEOW : applied 0 plugin for [com.nekki.shadowfight3].
06-20 00:10:31.273 31710 31803 D AudioSystem: onNewService: media.audio_policy service obtained 0x773e395e80
06-20 00:10:31.273 31710 31803 D AudioSystem: getService: checking for service media.audio_policy: 0x773e395e80
06-20 00:10:31.282 31710 31803 D AudioSystem: onNewServiceWithAdapter: media.audio_flinger service obtained 0x774e259890
06-20 00:10:31.283 31710 31803 D AudioSystem: getService: checking for service media.audio_flinger: 0x773e396330
06-20 00:10:31.288 31710 31803 I AAudio  : AAudioStreamBuilder_openStream() called ----------------------------------------
06-20 00:10:31.288 31710 31803 I AudioStreamBuilder: rate   =  24000, channels  = 2, channelMask = 0x80000003, format   = 5, sharing = SH, dir = OUTPUT
06-20 00:10:31.289 31710 31803 I AudioStreamBuilder: devices = AUDIO_PORT_HANDLE_NONE, sessionId = 0, perfMode = 12, callback: ON with frames = 512
06-20 00:10:31.289 31710 31803 I AudioStreamBuilder: usage  =      0, contentType = 0, inputPreset = 0, allowedCapturePolicy = 0
06-20 00:10:31.289 31710 31803 I AudioStreamBuilder: privacy sensitive = false, opPackageName = (null), attributionTag = (null)
06-20 00:10:31.289 31710 31803 D AudioStreamBuilder: build, global mmap policy is 0
06-20 00:10:31.289 31710 31803 D AudioStreamBuilder: build, system mmap policy is 1
06-20 00:10:31.289 31710 31803 D AudioStreamBuilder: build, final mmap policy is 1
06-20 00:10:31.290 31710 31803 D AudioStreamBuilder: build, system mmap exclusive policy is 1
06-20 00:10:31.290 31710 31803 D AudioStreamBuilder: build, final mmap exclusive policy is 1
06-20 00:10:31.290 31710 31803 D AudioStreamBuilder: build() MMAP not used because sessionId specified.
06-20 00:10:31.290 31710 31803 D jun.blackbox:p0: PlayerBase::PlayerBase()
06-20 00:10:31.290 31710 31803 D AudioStreamTrack: open(), request notificationFrames = 0, frameCount = 8192
06-20 00:10:31.299 31710 31803 D AudioTrack: setVolume(1.000000, 1.000000) pid : 31710
06-20 00:10:31.301 31710 31803 D AudioStreamTrack: open() flags changed from 0x00000004 to 0x00000000
06-20 00:10:31.301 31710 31803 D AudioStreamTrack: open() perfMode changed from 12 to 10
06-20 00:10:31.301 31710 31803 D AAudioStream: setState(s#1) from 0 to 2
06-20 00:10:31.303 31710 31803 I AAudio  : AAudioStreamBuilder_openStream() returns 0 = AAUDIO_OK for s#1 ----------------
06-20 00:10:31.304 31710 31803 D AAudio  : AAudioStream_requestStart(s#1) called --------------
06-20 00:10:31.304 31710 31803 D AAudioStream: setState(s#1) from 2 to 3
06-20 00:10:31.342 31710 31803 D AAudio  : AAudioStream_requestStart(s#1) returned 0 ---------
06-20 00:10:31.342 31710 31820 D AudioStreamLegacy: onAudioDeviceUpdate() devices 3 => 3
06-20 00:10:31.396 31710 31933 D AAudioStream: setState(s#1) from 3 to 4
06-20 00:10:31.629 31710 31803 I IL2CPP  : Locale en-IN
06-20 00:10:31.692 31710 31803 D TransactionThrottler: Reset transaction throttler
06-20 00:10:31.693 31710 31803 D TransactionThrottler: Reset transaction throttler
06-20 00:10:31.695 31710 31803 D TransactionThrottler: Reset transaction throttler
06-20 00:10:31.697 31710 31803 D TransactionThrottler: Reset transaction throttler
06-20 00:10:31.701 31710 31803 D TransactionThrottler: Reset transaction throttler
06-20 00:10:31.705 31710 31803 V MediaRouter: Selecting route: RouteInfo{ name=Tablet, description=null, status=null, category=RouteCategory{ name=System types=ROUTE_TYPE_LIVE_AUDIO ROUTE_TYPE_LIVE_VIDEO  groupable=false }, supportedTypes=ROUTE_TYPE_LIVE_AUDIO ROUTE_TYPE_LIVE_VIDEO , presentationDisplay=null }
06-20 00:10:31.706 31710 31803 I MediaRouter: Skip setBluetoothA2dpOn(): types=8388615, isPlaybackActive()=true, BT route=null
06-20 00:10:31.937 31710 31803 W Unity   : 'Runtime File Browser' not found! We recommend to install it from the Unity AssetStore: https://assetstore.unity.com/packages/slug/113006?aid=1011lNGT
06-20 00:10:31.937 31710 31803 W Unity   : UnityEngine.DebugLogHandler:Internal_Log(LogType, LogOption, String, Object)
06-20 00:10:31.937 31710 31803 W Unity   : Crosstales.Common.Util.FileHelper:initialize()
06-20 00:10:31.937 31710 31803 W Unity   : 
06-20 00:10:31.945 31710 31803 I Unity   : Load options
06-20 00:10:31.945 31710 31803 I Unity   : UnityEngine.DebugLogHandler:Internal_Log(LogType, LogOption, String, Object)
06-20 00:10:31.945 31710 31803 I Unity   : JFLNBBBNBHI:OLPNPGDAMAA()
06-20 00:10:31.945 31710 31803 I Unity   : JFLNBBBNBHI:CMGNOEOKLPA(String)
06-20 00:10:31.945 31710 31803 I Unity   : FGBBPEOBLGK:JHPJAHDHGAL(TextAsset, String)
06-20 00:10:31.945 31710 31803 I Unity   : InternalSettings:.cctor()
06-20 00:10:31.945 31710 31803 I Unity   : IKEJNELFPKO:KGPDADLCAKI()
06-20 00:10:31.945 31710 31803 I Unity   : HLGPJBKEKEB:BCAFOENHFHG()
06-20 00:10:31.945 31710 31803 I Unity   : JAOGPKPGFAE:EGDGEBLJNIM()
06-20 00:10:31.945 31710 31803 I Unity   : JAOGPKPGFAE:IJOJKLPNEGJ()
06-20 00:10:31.945 31710 31803 I Unity   : MELAJBJBOAN:.ctor(IEnumerable`1)
06-20 00:10:31.945 31710 31803 I Unity   : MAIBFEJCOCG:.ctor()
06-20 00:10:31.945 31710 31803 I Unity   : MAIBFEJCOCG:HJOGIHDHPOD()
06-20 00:10:31.945 31710 31803 I Unity   : GameLaunchAnalytics:InitializeAfterSceneLoad()
06-20 00:10:31.945 31710 31803 I Unity   : 
06-20 00:10:31.951 31710 31803 I Unity   : json: {"FilePatterns":["*.xml","*.json","*.txt"],"ExcludePaths":["classes_jar.txt"],"ProtectedPath":"Assets/gamedata/Resources/","ProtectedFiles":["NekkiFontColors","config","bones","bundlesSpecialsConfig","configSources","internalSettings","localServerSettings","localizationFallbacks","qualitySettings","achievements_mapping","ads","animationEffects","censorship","chat_stickers","chest_effects_settings","client_settings","color_palette","control_settings_default","credits","errorFilter","fight_settings","general_game_settings","haptic_feedback_settings","js_settings","localization_settings","news_cn","news_config","offers_view_2d_data_result","offers_view_3d_data_result","offers_view_3d_locations_data_result","offers_view_advertisement","offers_view_data_result","offers_view_templates","offers_view_triple","push_notifications","shop_default","stq","tactics_settings","ui_settings","youtube_playlist","Beta","audioSettings","battle_pass_rules_popup_config_overrides_1","battle_pass_rules_popup_config_templates",
06-20 00:10:32.216 31710 31803 D VirtualSpoof: [spoof] ro.product.cpu.abi = arm64-v8a
06-20 00:10:32.219 31710 31803 I Unity   : Application Resume
06-20 00:10:32.224 31710 31803 D AudioPermissionProxy: AudioPermission: getStreamVolume called, allowing
06-20 00:10:32.228 31710 31803 D AudioPermissionProxy: AudioPermission: getStreamVolume called, allowing
06-20 00:10:32.240 31710 31710 I BLASTBufferQueue_Java: update, w= 1340 h= 800 mName = VRI[NekkiNativeActivity]@4280dc mNativeObject= 0x778e25a070 sc.mNativeObject= 0x772e214e10 format= -3 caller= android.view.ViewRootImpl.updateBlastSurfaceIfNeeded:3574 android.view.ViewRootImpl.relayoutWindow:11685 android.view.ViewRootImpl.performTraversals:4804 android.view.ViewRootImpl.doTraversal:3924 android.view.ViewRootImpl$TraversalRunnable.run:12903 android.view.Choreographer$CallbackRecord.run:1901 
06-20 00:10:32.241 31710 31710 I VRI[NekkiNativeActivity]@4280dc: Relayout returned: old=(0,0,1340,800) new=(0,0,1340,800) relayoutAsync=true req=(1340,800)0 dur=1 res=0x0 s={true 0x775e2317b0} ch=false seqId=0
06-20 00:10:32.242 31710 31710 I VRI[NekkiNativeActivity]@4280dc: updateBoundsLayer: t=android.view.SurfaceControl$Transaction@de38a67 sc=Surface(name=Bounds for - com.nekki.shadowfight3/com.nekki.unityplugins.NekkiNativeActivity@0)/@0xb78014 frame=4
06-20 00:10:32.243 31710 31710 I VRI[NekkiNativeActivity]@4280dc: registerCallbackForPendingTransactions
06-20 00:10:32.246 31710 31812 I VRI[NekkiNativeActivity]@4280dc: mWNT: t=0x779e236850 mBlastBufferQueue=0x778e25a070 fn= 4 HdrRenderState mRenderHdrSdrRatio=1.0 caller= android.view.ViewRootImpl$10.onFrameDraw:6536 android.view.ViewRootImpl$4.onFrameDraw:2489 android.view.ThreadedRenderer$1.onFrameDraw:718 
06-20 00:10:32.246 31710 31710 I VRI[NekkiNativeActivity]@4280dc: ViewPostIme pointer 0
06-20 00:10:32.247 31710 31710 I VRI[NekkiNativeActivity]@4280dc: call setFrameRateCategory for touch hint category=high hint, reason=touch, vri=VRI[NekkiNativeActivity]@4280dc
06-20 00:10:32.256 31710 31803 I Unity   : EnterPoint.Init FL:True
06-20 00:10:32.256 31710 31803 I Unity   : [JIJGMDCOHPF] Init
06-20 00:10:32.257 31710 31803 I Unity   : [EFIGJPOMEMP] Init
06-20 00:10:32.261 31710 31803 I Unity   : Init NativeLoggeriOS
06-20 00:10:32.302 31710 31803 I Banzai  : Path: /storage/emulated/0/Android/data/top.niunaijun.blackbox/files/blackbox/storage/emulated/0/Android/data/com.nekki.shadowfight3/files/tou.file
06-20 00:10:32.302 31710 31803 W Banzai  : SendLog Terms of use not confirm!
06-20 00:10:32.310 31710 31803 I Unity   : [KFNOKLGFLCC] Init
06-20 00:10:32.346 31710 31803 I Unity   : New GUID: f87f2dd4-1e29-4525-ae27-643f8c4741f3
06-20 00:10:32.347 31710 31803 I Unity   : [IHBEPIEEIJG] Init
06-20 00:10:32.347 31710 31803 I Unity   : [IHBEPIEEIJG] Current state: None
06-20 00:10:32.362 31710 31710 I VRI[NekkiNativeActivity]@4280dc: ViewPostIme pointer 1
06-20 00:10:32.458 31710 31803 I Unity   : Overwrite external configs with internal
06-20 00:10:32.661 31710 31803 I Unity   : Migration to the new dto
06-20 00:10:32.663 31710 31803 W Unity   : BlockInput was called, but we cannot block input yet
06-20 00:10:32.668 31710 31931 D BLASTBufferQueue: [681f594 SurfaceView[com.nekki.shadowfight3/com.nekki.unityplugins.NekkiNativeActivity]@0#1](f:0,a:1) acquireNextBufferLocked size=1340x800 mFrameNumber=1 applyTransaction=true mTimestamp=287606678099218(auto) mPendingTransactions.size=0 graphicBufferId=136193412956162 transform=7
06-20 00:10:32.703 31710 31803 I Unity   : [BOGDEHCNHOF]; Logs folder: [/storage/emulated/0/Android/data/top.niunaijun.blackbox/files/blackbox/storage/emulated/0/Android/data/com.nekki.shadowfight3/files/gamedata/Logs]; Available drive space: 5542MB; Limit space: 50MB
