06-20 17:53:39.665 12466 12560 D TransactionThrottler: Reset transaction throttler
06-20 17:53:39.665 12466 12560 D BlackManager: Creating service for: top.niunaijun.blackbox.core.system.notification.IBNotificationManagerService$Stub
06-20 17:53:39.665 12466 12560 D BlackManager: Successfully created service: notification_manager
06-20 17:53:39.671 12466 12560 D TransactionThrottler: Reset transaction throttler
06-20 17:53:39.678 12466 12560 D TransactionThrottler: Reset transaction throttler
06-20 17:53:39.681 12466 12560 D TransactionThrottler: Reset transaction throttler
06-20 17:53:39.685 12466 12560 D TransactionThrottler: Reset transaction throttler
06-20 17:53:39.694 12466 12989 D TransactionThrottler: Reset transaction throttler
06-20 17:53:39.698 12466 12989 D UnityNotifications: Checking for invalid notification IDs still hanging around
06-20 17:53:39.700 12466 12989 D TransactionThrottler: Reset transaction throttler
06-20 17:53:39.701 12466 12989 D TransactionThrottler: Reset transaction throttler
06-20 17:53:39.712 12466 12989 D TransactionThrottler: Reset transaction throttler
06-20 17:53:39.715 12466 12989 D TransactionThrottler: Reset transaction throttler
06-20 17:53:39.718 12466 12989 D TransactionThrottler: Reset transaction throttler
06-20 17:53:39.720 12466 12989 D TransactionThrottler: Reset transaction throttler
06-20 17:53:39.721 12466 12560 I Unity   : OnLogin - Guid:  
06-20 17:53:39.722 12466 12560 I Unity   : [Server Event] cmd:<b>ban_event</b> type:sfDTO.BanEventData extensible:
06-20 17:53:39.722 12466 12560 I Unity   : sfDTO.BanEventData{
06-20 17:53:39.722 12466 12560 I Unity   :   "Type": 1,
06-20 17:53:39.722 12466 12560 I Unity   :   "Reason": "Violation of the rules of the game",
06-20 17:53:39.722 12466 12560 I Unity   :   "MillisLeft": 20357367,
06-20 17:53:39.722 12466 12560 I Unity   :   "PlayerId": 69994873
06-20 17:53:39.722 12466 12560 I Unity   : }
06-20 17:53:39.723 12466 12560 I Unity   : [DarkPocket] entering to 'NetworkConnection'
06-20 17:53:39.723 12466 12560 W Unity   : BlockInput was called, but we cannot block input yet
06-20 17:53:39.723 12466 12560 W Unity   : Restarting Connection. Reason: ban
06-20 17:53:39.723 12466 12560 I Unity   : StopCurrentState
06-20 17:53:39.724 12466 12560 W Unity   : Dispose nebu tasks
06-20 17:53:39.726 12466 12560 I Unity   : C#: Fyber User ID: 69994873
06-20 17:53:39.726 12466 12989 D TransactionThrottler: Reset transaction throttler
06-20 17:53:39.732 12466 12989 D TransactionThrottler: Reset transaction throttler
06-20 17:53:39.734 12466 12989 D TransactionThrottler: Reset transaction throttler
06-20 17:53:39.740 12466 12989 D TransactionThrottler: Reset transaction throttler
06-20 17:53:39.744 12466 12560 W PrivacySettings: Stored IAB US Privacy string = null
06-20 17:53:39.744 12466 12560 D AdvertisingIdClient: AdvertisingIdClient already created.
06-20 17:53:39.744 12466 12560 D AdvertisingIdClient: AdvertisingIdClient is not bounded. Starting to bind it...
06-20 17:53:39.744 12466 12560 W GooglePlayServicesUtil: com.nekki.shadowfight3 requires Google Play services, but they are missing.
06-20 17:53:39.744 12466 12989 D TransactionThrottler: Reset transaction throttler
06-20 17:53:39.746 12466 12560 I AdvertisingIdClient: shouldSendLog -1
06-20 17:53:39.747 12466 12539 W GooglePlayServicesUtil: com.nekki.shadowfight3 requires Google Play services, but they are missing.
06-20 17:53:39.748 12466 12539 W GoogleApiManager: The service for com.google.android.gms.common.internal.service.zau is not available: ConnectionResult{statusCode=SERVICE_MISSING, resolution=null, message=null, clientMethodKey=null}
06-20 17:53:39.749 12466 12466 I AdvertisingIdClient: getting error as 17: API: ClientTelemetry.API is not available on this device. Connection failed with: ConnectionResult{statusCode=SERVICE_MISSING, resolution=null, message=null, clientMethodKey=null}
06-20 17:53:39.749 12466 12488 D Banzai  : Request code: 200
06-20 17:53:39.749 12466 12560 W Unity   : Client time was used instead of server time.
06-20 17:53:39.749 12466 12560 W Unity   : Client time was used instead of server time.
06-20 17:53:39.749 12466 12466 D Banzai  : Request result: 
06-20 17:53:39.752 12466 12560 W Unity   : [NEBU WARN] Reader task was aborted by System.IO.EndOfStreamException : Attempted to read past the end of the stream.; StackTrace:   at LCDDJOIFKME.FIAPGJLMAPC (System.IO.Stream OIIELOMCEBN, System.Byte[] NCJFLFIKFHD) [0x00000] in <00000000000000000000000000000000>:0 
06-20 17:53:39.752 12466 12560 W Unity   :   at KKEGDLFDJJI.OKLIGPHLBNB (System.Net.Sockets.NetworkStream LNCPNLNPMAG) [0x00000] in <00000000000000000000000000000000>:0 
06-20 17:53:39.752 12466 12560 W Unity   :   at DDOPPLDBKIB.GAACDLDPBDC () [0x00000] in <00000000000000000000000000000000>:0 
06-20 17:53:39.752 12466 12560 W Unity   :   at System.Threading.Tasks.Task.Execute () [0x00000] in <00000000000000000000000000000000>:0 
06-20 17:53:39.752 12466 12560 W Unity   :   at System.Threading.ExecutionContext.RunInternal (System.Threading.ExecutionContext executionContext, System.Threading.ContextCallback callback, System.Object state, System.Boolean preserveSyncCtx) [0x00000] in <00000000000000000000000000000000>:0 
06-20 17:53:39.752 12466 12560 W Unity   :   at System.Threading.Tasks.Task.ExecuteWithThreadLocal (System.Threading.Tasks.Task& currentTaskSlot) [0x00000] in <00000000000000000000000000000000>:0 
06-20 17:53:39.752 12466 12560 W Unity   :   at System.Threading.Tasks.Task.ExecuteEntr
06-20 17:53:39.753 12466 12560 I Unity   : [NEBU DEBUG] Reader task terminated
06-20 17:53:39.758 12466 12560 I Unity   : [NEBU DEBUG] Writer task was cancelled
06-20 17:53:39.758 12466 12560 I Unity   : [NEBU DEBUG] Writer task terminated
06-20 17:53:39.762 12466 12560 I Banzai  : Path: /storage/emulated/0/Android/data/top.niunaijun.blackbox/files/blackbox/storage/emulated/0/Android/data/com.nekki.shadowfight3/files/tou.file
06-20 17:53:39.763 12466 12560 D Banzai  : Send request on url https://sf3lb.nekki.com/clog?guid=96b1a4edeac872bc&e=APP_OPEN_CONTROL&ext=eyJSQU0iOiIzNjQyIiwiQVJDSCI6ImFybTY0LXY4YSIsIk9TIjoiMTYiLCJMQU5HIjoiRW5nbGlzaCIsIk5FVCI6IldJRkkiLCJPR0wiOiJPUEVOR0xFU18zXzAiLCJCTiI6IjE5MjA5IiwiUEwiOiJBbmRyb2lkIn0%3D
06-20 17:53:39.803 12466 12560 I Unity   : [LNPGDLHLKNM] Init
06-20 17:53:39.825 12466 12560 I Unity   : [ICCEKPDBECH] Init
06-20 17:53:39.828 12466 12560 I Unity   : [LevelPlayHandler] Initializing...
06-20 17:53:39.829 12466 12560 I Unity   : [LevelPlayHandler] RecreateThreadDispatcher
06-20 17:53:39.920 12466 12488 D Banzai  : Request code: 200
06-20 17:53:39.923 12466 12466 D Banzai  : Request result: 
06-20 17:53:39.971 12466 12560 I Unity   : [ISAdQualityHandler] Init start with 66bcc545
06-20 17:53:40.038 12466 12998 D AdvertisingIdClient: AdvertisingIdClient already created.
06-20 17:53:40.038 12466 12998 D AdvertisingIdClient: AdvertisingIdClient is not bounded. Starting to bind it...
06-20 17:53:40.039 12466 12998 W GooglePlayServicesUtil: com.nekki.shadowfight3 requires Google Play services, but they are missing.
06-20 17:53:40.041 12466 12998 I AdvertisingIdClient: shouldSendLog -1
06-20 17:53:40.041 12466 12539 W GooglePlayServicesUtil: com.nekki.shadowfight3 requires Google Play services, but they are missing.
06-20 17:53:40.043 12466 12539 W GoogleApiManager: The service for com.google.android.gms.common.internal.service.zau is not available: ConnectionResult{statusCode=SERVICE_MISSING, resolution=null, message=null, clientMethodKey=null}
06-20 17:53:40.043 12466 12466 I AdvertisingIdClient: getting error as 17: API: ClientTelemetry.API is not available on this device. Connection failed with: ConnectionResult{statusCode=SERVICE_MISSING, resolution=null, message=null, clientMethodKey=null}
06-20 17:53:40.059 12466 13003 I IronSource AdQuality: AdQualitySDK: Initializing with app key 66bcc545
06-20 17:53:40.065 12466 12560 I LevelPlaySDK: API: LevelPlay setConsent - consent: true
06-20 17:53:40.065 12466 13003 D TransactionThrottler: Reset transaction throttler
06-20 17:53:40.066 12466 13003 D TransactionThrottler: Reset transaction throttler
06-20 17:53:40.069 12466 12476 E LoadedApk: performReceive() called targeting raw IIntentReceiver for Intent { act=android.net.conn.CONNECTIVITY_CHANGE flg=0x4200010 xflg=0x4 (has extras) }
06-20 17:53:40.079 12466 13006 V LevelPlaySDK: EVENT: UIThread: false Activity: 196463325 l3 b.run - {"eventId":40
06-20 17:53:40.079 12466 13006 V LevelPlaySDK: EVENT: "timestamp":1781958220070
06-20 17:53:40.079 12466 13006 V LevelPlaySDK: EVENT: "provider":"Mediation"
06-20 17:53:40.079 12466 13006 V LevelPlaySDK: EVENT: "euid":"a0528311-e1d8-4599-ab6c-73cc68fed637"
06-20 17:53:40.079 12466 13006 V LevelPlaySDK: EVENT: "esat":1
06-20 17:53:40.079 12466 13006 V LevelPlaySDK: EVENT: "eventSessionId":"0363b022-c88c-4a50-923c-e4e0da4e3763"
06-20 17:53:40.079 12466 13006 V LevelPlaySDK: EVENT: "essn":-1
06-20 17:53:40.079 12466 13006 V LevelPlaySDK: EVENT: "rawConnectionType":"NETWORK_TYPE_UNKNOWN"}}
06-20 17:53:40.083 12466 12598 I LevelPlaySDK: API: tb c - LevelPlay.init() appkey: 66bcc545, userId: 0_IN, legacyAdFormats: [], context: NekkiNativeActivity
06-20 17:53:40.089 12466 13007 V LevelPlaySDK: API: UIThread: false Activity: 196463325 p j - userId = 0_IN
06-20 17:53:40.091 12466 13007 V LevelPlaySDK: INTERNAL: UIThread: false Activity: 196463325 p a - GitHash: e56df04
06-20 17:53:40.091 12466 13006 V LevelPlaySDK: EVENT: UIThread: false Activity: 196463325 l3 b.run - {"eventId":52
06-20 17:53:40.091 12466 13006 V LevelPlaySDK: EVENT: "timestamp":1781958220089
06-20 17:53:40.091 12466 13006 V LevelPlaySDK: EVENT: "provider":"Mediation"
06-20 17:53:40.091 12466 13006 V LevelPlaySDK: EVENT: "euid":"25152053-6390-434f-83e9-527d31e1c845"
06-20 17:53:40.091 12466 13006 V LevelPlaySDK: EVENT: "esat":1
06-20 17:53:40.091 12466 13006 V LevelPlaySDK: EVENT: "eventSessionId":"0363b022-c88c-4a50-923c-e4e0da4e3763"
06-20 17:53:40.091 12466 13006 V LevelPlaySDK: EVENT: "essn":-1
06-20 17:53:40.091 12466 13006 V LevelPlaySDK: EVENT: "rawConnectionType":"NETWORK_TYPE_UNKNOWN"}}
06-20 17:53:40.094 12466 12560 I Unity   : [CNBPMHDFKIK] Init
06-20 17:53:40.096 12466 13007 V LevelPlaySDK: INTERNAL: UIThread: false Activity: 196463325 Ie a - set first session timestamp = 1781958220096
06-20 17:53:40.097 12466 13007 V LevelPlaySDK: INTERNAL: UIThread: false Activity: 196463325 p a - activity is updated to: 196463325
06-20 17:53:40.099 12466 13007 I LevelPlaySDK: API: p a - init(appKey:66bcc545)
06-20 17:53:40.100 12466 13007 V LevelPlaySDK: INTERNAL: UIThread: false Activity: 196463325 p a - init cache does not exist
06-20 17:53:40.102 12466 12560 I Unity   : [InterstitialAd] enabled: False, enabledInConfig: False
06-20 17:53:40.103 12466 12560 I Unity   : [GAPLKBELEIG]; Get internet accessibility response: [Available]
06-20 17:53:40.105 12466 13007 I LevelPlaySDK: API: LevelPlay getSdkVersion
06-20 17:53:40.116 12466 12560 I Unity   : [BPBOEPMOBHL] Init
06-20 17:53:40.118 12466 12560 I Unity   : ServerVersion - NetworkSettings.ConfigVersion [full version: 1.45.0.21.16675-prod] ---  CurrentVersion - NetworkSettings.ConfigVersion [full version: 1.45.0.0.16655-prod]
06-20 17:53:40.118 12466 12560 I Unity   : [MKPDMLJNNLC] Start
06-20 17:53:40.119 12466 12560 I Unity   : [MKPDMLJNNLC] Done in 0.034 ms
06-20 17:53:40.143 12466 12560 I Unity   : Frame:[557], Type:[ListChange], Body:[Add  - NEW_PLAYERS_IN_NEW_LOBBY], List:[0:]
06-20 17:53:40.143 12466 12560 I Unity   : Frame:[557], Type:[ListChange], Body:[Add  - SESSION_START_MUSIC_START], List:[1:NEW_PLAYERS_IN_NEW_LOBBY,]
06-20 17:53:40.144 12466 13011 D AdvertisingIdClient: AdvertisingIdClient already created.
06-20 17:53:40.145 12466 13011 D AdvertisingIdClient: AdvertisingIdClient is not bounded. Starting to bind it...
06-20 17:53:40.145 12466 12560 I Unity   : Frame:[557], Type:[ListChange], Body:[Add  - SET_DOJO_1_1], List:[2:SESSION_START_MUSIC_START,NEW_PLAYERS_IN_NEW_LOBBY,]
06-20 17:53:40.145 12466 13011 W GooglePlayServicesUtil: com.nekki.shadowfight3 requires Google Play services, but they are missing.
06-20 17:53:40.147 12466 13011 I AdvertisingIdClient: shouldSendLog -1
06-20 17:53:40.147 12466 12539 W GooglePlayServicesUtil: com.nekki.shadowfight3 requires Google Play services, but they are missing.
06-20 17:53:40.149 12466 13011 V LevelPlaySDK: INTERNAL: UIThread: false Activity: 196463325 n4 a - isInitialized=false
06-20 17:53:40.149 12466 13011 D AdvertisingIdClient: AdvertisingIdClient already created.
06-20 17:53:40.149 12466 13011 D AdvertisingIdClient: AdvertisingIdClient is not bounded. Starting to bind it...
06-20 17:53:40.149 12466 13011 W GooglePlayServicesUtil: com.nekki.shadowfight3 requires Google Play services, but they are missing.
06-20 17:53:40.151 12466 13011 I AdvertisingIdClient: shouldSendLog -1
06-20 17:53:40.152 12466 13011 V LevelPlaySDK: INTERNAL: UIThread: false Activity: 196463325 n4 a - isInitialized=false
06-20 17:53:40.155 12466 12560 I Unity   : Frame:[557], Type:[ListChange], Body:[Add  - LOST_FIGHTS_IN_A_ROW_COUNT_DAILY_RESET], List:[3:SESSION_START_MUSIC_START,NEW_PLAYERS_IN_NEW_LOBBY,SET_DOJO_1_1,]
06-20 17:53:40.155 12466 12560 I Unity   : Frame:[557], Type:[ListChange], Body:[Add  - TUTORIAL_SKIP], List:[4:SESSION_START_MUSIC_START,LOST_FIGHTS_IN_A_ROW_COUNT_DAILY_RESET,NEW_PLAYERS_IN_NEW_LOBBY,SET_DOJO_1_1,]
06-20 17:53:40.156 12466 12539 W GoogleApiManager: The service for com.google.android.gms.common.internal.service.zau is not available: ConnectionResult{statusCode=SERVICE_MISSING, resolution=null, message=null, clientMethodKey=null}
06-20 17:53:40.157 12466 12560 I Unity   : Frame:[557], Type:[ThrowEvent], Body:[Event: Type: PlayerDataReceived | Data: 
06-20 17:53:40.157 12466 12560 I Unity   :  HasTrigger: True QueueCount: 5 - ], List:[5:SESSION_START_MUSIC_START,LOST_FIGHTS_IN_A_ROW_COUNT_DAILY_RESET,TUTORIAL_SKIP,NEW_PLAYERS_IN_NEW_LOBBY,SET_DOJO_1_1,]
06-20 17:53:40.157 12466 12560 I Unity   : Frame:[557], Type:[ListChange], Body:[Remove  - SESSION_START_MUSIC_START], List:[5:SESSION_START_MUSIC_START,LOST_FIGHTS_IN_A_ROW_COUNT_DAILY_RESET,TUTORIAL_SKIP,NEW_PLAYERS_IN_NEW_LOBBY,SET_DOJO_1_1,]
06-20 17:53:40.157 12466 12560 I Unity   : Frame:[557], Type:[RunAction], Body:[SESSION_START_MUSIC_START - PlayMusic], List:[4:LOST_FIGHTS_IN_A_ROW_COUNT_DAILY_RESET,TUTORIAL_SKIP,NEW_PLAYERS_IN_NEW_LOBBY,SET_DOJO_1_1,]
06-20 17:53:40.157 12466 13011 I LevelPlaySDK: API: LevelPlay getSdkVersion
06-20 17:53:40.158 12466 12466 I AdvertisingIdClient: getting error as 17: API: ClientTelemetry.API is not available on this device. Connection failed with: ConnectionResult{statusCode=SERVICE_MISSING, resolution=null, message=null, clientMethodKey=null}
06-20 17:53:40.159 12466 12539 W GooglePlayServicesUtil: com.nekki.shadowfight3 requires Google Play services, but they are missing.
06-20 17:53:40.162 12466 12539 W GoogleApiManager: The service for com.google.android.gms.common.internal.service.zau is not available: ConnectionResult{statusCode=SERVICE_MISSING, resolution=null, message=null, clientMethodKey=null}
06-20 17:53:40.163 12466 12466 I AdvertisingIdClient: getting error as 17: API: ClientTelemetry.API is not available on this device. Connection failed with: ConnectionResult{statusCode=SERVICE_MISSING, resolution=null, message=null, clientMethodKey=null}
06-20 17:53:40.163 12466 13011 V LevelPlaySDK: INTERNAL: UIThread: false Activity: 196463325 K6 a - collecting data for events: {appVersion=1.45.2, tz=Asia/Calcutta, icc=in, advertisingId=1a237c3f-7f47-4f18-9675-08a99204fcb4, language=en, battery=49, mcc=0, connectionType=wifi, internalFreeMemory=6837, osVersion=36(16), appKey=66bcc545, firstSession=true, deviceOEM=samsung, auid=95e31636-2cb0-46e4-b2b4-2727f5d1cabb, pluginType=Unity, plugin_fw_v=6000.3.11f1, mnc=0, rawConnectionType=NETWORK_TYPE_WIFI, deviceOS=Android, bundleId=com.nekki.shadowfight3, sessionId=0363b022-c88c-4a50-923c-e4e0da4e3763, externalFreeMemory=6837, pluginVersion=9.4.1, advertisingIdType=UUID, AdvIdOptOutReason=missingDependencies, jb=false, sdkVersion=9.4.1, deviceModel=SM-X115, gmtMinutesOffset=330}
06-20 17:53:40.166 12466 12560 I Unity   : Frame:[557], Type:[CloseAction], Body:[SESSION_START_MUSIC_START - PlayMusic], List:[4:LOST_FIGHTS_IN_A_ROW_COUNT_DAILY_RESET,TUTORIAL_SKIP,NEW_PLAYERS_IN_NEW_LOBBY,SET_DOJO_1_1,]
06-20 17:53:40.166 12466 12560 I Unity   : Frame:[557], Type:[ListChange], Body:[Remove  - LOST_FIGHTS_IN_A_ROW_COUNT_DAILY_RESET], List:[4:LOST_FIGHTS_IN_A_ROW_COUNT_DAILY_RESET,TUTORIAL_SKIP,NEW_PLAYERS_IN_NEW_LOBBY,SET_DOJO_1_1,]
06-20 17:53:40.167 12466 12560 I Unity   : Frame:[557], Type:[RunAction], Body:[LOST_FIGHTS_IN_A_ROW_COUNT_DAILY_RESET - SetUserVariable], List:[3:TUTORIAL_SKIP,NEW_PLAYERS_IN_NEW_LOBBY,SET_DOJO_1_1,]
06-20 17:53:40.167 12466 12560 I Unity   : Frame:[557], Type:[CloseAction], Body:[LOST_FIGHTS_IN_A_ROW_COUNT_DAILY_RESET - SetUserVariable], List:[3:TUTORIAL_SKIP,NEW_PLAYERS_IN_NEW_LOBBY,SET_DOJO_1_1,]
06-20 17:53:40.167 12466 12560 I Unity   : Frame:[557], Type:[RunAction], Body:[LOST_FIGHTS_IN_A_ROW_COUNT_DAILY_RESET - RemoveUserVariable], List:[3:TUTORIAL_SKIP,NEW_PLAYERS_IN_NEW_LOBBY,SET_DOJO_1_1,]
06-20 17:53:40.168 12466 12560 I Unity   : Frame:[557], Type:[CloseAction], Body:[LOST_FIGHTS_IN_A_ROW_COUNT_DAILY_RESET - RemoveUserVariable], List:[3:TUTORIAL_SKIP,NEW_PLAYERS_IN_NEW_LOBBY,SET_DOJO_1_1,]
06-20 17:53:40.168 12466 12560 I Unity   : Frame:[557], Type:[RunAction], Body:[LOST_FIGHTS_IN_A_ROW_COUNT_DAILY_RESET - RemoveUserVariable], List:[3:TUTORIAL_SKIP,NEW_PLAYERS_IN_NEW_LOBBY,SET_DOJO_1_1,]
06-20 17:53:40.175 12466 12560 I Unity   : Frame:[557], Type:[CloseAction], Body:[LOST_FIGHTS_IN_A_ROW_COUNT_DAILY_RESET - RemoveUserVariable], List:[3:TUTORIAL_SKIP,NEW_PLAYERS_IN_NEW_LOBBY,SET_DOJO_1_1,]
06-20 17:53:40.175 12466 12560 I Unity   : Frame:[557], Type:[RunAction], Body:[LOST_FIGHTS_IN_A_ROW_COUNT_DAILY_RESET - RemoveUserVariable], List:[3:TUTORIAL_SKIP,NEW_PLAYERS_IN_NEW_LOBBY,SET_DOJO_1_1,]
06-20 17:53:40.176 12466 12560 I Unity   : Frame:[557], Type:[CloseAction], Body:[LOST_FIGHTS_IN_A_ROW_COUNT_DAILY_RESET - RemoveUserVariable], List:[3:TUTORIAL_SKIP,NEW_PLAYERS_IN_NEW_LOBBY,SET_DOJO_1_1,]
06-20 17:53:40.178 12466 12560 I Unity   : Frame:[557], Type:[RunAction], Body:[LOST_FIGHTS_IN_A_ROW_COUNT_DAILY_RESET - RemoveUserVariable], List:[3:TUTORIAL_SKIP,NEW_PLAYERS_IN_NEW_LOBBY,SET_DOJO_1_1,]
06-20 17:53:40.178 12466 12560 I Unity   : Frame:[557], Type:[CloseAction], Body:[LOST_FIGHTS_IN_A_ROW_COUNT_DAILY_RESET - RemoveUserVariable], List:[3:TUTORIAL_SKIP,NEW_PLAYERS_IN_NEW_LOBBY,SET_DOJO_1_1,]
06-20 17:53:40.180 12466 12560 I Unity   : Frame:[557], Type:[RunAction], Body:[LOST_FIGHTS_IN_A_ROW_COUNT_DAILY_RESET - RemoveUserVariable], List:[3:TUTORIAL_SKIP,NEW_PLAYERS_IN_NEW_LOBBY,SET_DOJO_1_1,]
06-20 17:53:40.181 12466 12560 I Unity   : Frame:[557], Type:[CloseAction], Body:[LOST_FIGHTS_IN_A_ROW_COUNT_DAILY_RESET - RemoveUserVariable], List:[3:TUTORIAL_SKIP,NEW_PLAYERS_IN_NEW_LOBBY,SET_DOJO_1_1,]
06-20 17:53:40.182 12466 12560 I Unity   : Frame:[557], Type:[RunAction], Body:[LOST_FIGHTS_IN_A_ROW_COUNT_DAILY_RESET - RemoveUserVariable], List:[3:TUTORIAL_SKIP,NEW_PLAYERS_IN_NEW_LOBBY,SET_DOJO_1_1,]
06-20 17:53:40.182 12466 12560 I Unity   : Frame:[557], Type:[CloseAction], Body:[LOST_FIGHTS_IN_A_ROW_COUNT_DAILY_RESET - RemoveUserVariable], List:[3:TUTORIAL_SKIP,NEW_PLAYERS_IN_NEW_LOBBY,SET_DOJO_1_1,]
06-20 17:53:40.182 12466 12560 I Unity   : Frame:[557], Type:[RunAction], Body:[LOST_FIGHTS_IN_A_ROW_COUNT_DAILY_RESET - RemoveUserVariable], List:[3:TUTORIAL_SKIP,NEW_PLAYERS_IN_NEW_LOBBY,SET_DOJO_1_1,]
06-20 17:53:40.184 12466 12560 I Unity   : Frame:[557], Type:[CloseAction], Body:[LOST_FIGHTS_IN_A_ROW_COUNT_DAILY_RESET - RemoveUserVariable], List:[3:TUTORIAL_SKIP,NEW_PLAYERS_IN_NEW_LOBBY,SET_DOJO_1_1,]
06-20 17:53:40.184 12466 12560 I Unity   : Frame:[557], Type:[RunAction], Body:[LOST_FIGHTS_IN_A_ROW_COUNT_DAILY_RESET - RemoveUserVariable], List:[3:TUTORIAL_SKIP,NEW_PLAYERS_IN_NEW_LOBBY,SET_DOJO_1_1,]
06-20 17:53:40.184 12466 12560 I Unity   : Frame:[557], Type:[CloseAction], Body:[LOST_FIGHTS_IN_A_ROW_COUNT_DAILY_RESET - RemoveUserVariable], List:[3:TUTORIAL_SKIP,NEW_PLAYERS_IN_NEW_LOBBY,SET_DOJO_1_1,]
06-20 17:53:40.184 12466 12560 I Unity   : Frame:[557], Type:[RunAction], Body:[LOST_FIGHTS_IN_A_ROW_COUNT_DAILY_RESET - RemoveUserVariable], List:[3:TUTORIAL_SKIP,NEW_PLAYERS_IN_NEW_LOBBY,SET_DOJO_1_1,]
06-20 17:53:40.185 12466 12560 I Unity   : Frame:[557], Type:[CloseAction], Body:[LOST_FIGHTS_IN_A_ROW_COUNT_DAILY_RESET - RemoveUserVariable], List:[3:TUTORIAL_SKIP,NEW_PLAYERS_IN_NEW_LOBBY,SET_DOJO_1_1,]
06-20 17:53:40.186 12466 12560 I Unity   : Frame:[557], Type:[RunAction], Body:[LOST_FIGHTS_IN_A_ROW_COUNT_DAILY_RESET - RemoveUserVariable], List:[3:TUTORIAL_SKIP,NEW_PLAYERS_IN_NEW_LOBBY,SET_DOJO_1_1,]
06-20 17:53:40.187 12466 12560 I Unity   : Frame:[557], Type:[CloseAction], Body:[LOST_FIGHTS_IN_A_ROW_COUNT_DAILY_RESET - RemoveUserVariable], List:[3:TUTORIAL_SKIP,NEW_PLAYERS_IN_NEW_LOBBY,SET_DOJO_1_1,]
06-20 17:53:40.187 12466 12560 I Unity   : Frame:[557], Type:[RunAction], Body:[LOST_FIGHTS_IN_A_ROW_COUNT_DAILY_RESET - RemoveUserVariable], List:[3:TUTORIAL_SKIP,NEW_PLAYERS_IN_NEW_LOBBY,SET_DOJO_1_1,]
06-20 17:53:40.187 12466 12560 I Unity   : Frame:[557], Type:[CloseAction], Body:[LOST_FIGHTS_IN_A_ROW_COUNT_DAILY_RESET - RemoveUserVariable], List:[3:TUTORIAL_SKIP,NEW_PLAYERS_IN_NEW_LOBBY,SET_DOJO_1_1,]
06-20 17:53:40.187 12466 12560 I Unity   : Frame:[557], Type:[RunAction], Body:[LOST_FIGHTS_IN_A_ROW_COUNT_DAILY_RESET - RemoveUserVariable], List:[3:TUTORIAL_SKIP,NEW_PLAYERS_IN_NEW_LOBBY,SET_DOJO_1_1,]
06-20 17:53:40.188 12466 12560 I Unity   : Frame:[557], Type:[CloseAction], Body:[LOST_FIGHTS_IN_A_ROW_COUNT_DAILY_RESET - RemoveUserVariable], List:[3:TUTORIAL_SKIP,NEW_PLAYERS_IN_NEW_LOBBY,SET_DOJO_1_1,]
06-20 17:53:40.188 12466 12560 I Unity   : Frame:[557], Type:[RunAction], Body:[LOST_FIGHTS_IN_A_ROW_COUNT_DAILY_RESET - RemoveUserVariable], List:[3:TUTORIAL_SKIP,NEW_PLAYERS_IN_NEW_LOBBY,SET_DOJO_1_1,]
06-20 17:53:40.188 12466 12560 I Unity   : Frame:[557], Type:[CloseAction], Body:[LOST_FIGHTS_IN_A_ROW_COUNT_DAILY_RESET - RemoveUserVariable], List:[3:TUTORIAL_SKIP,NEW_PLAYERS_IN_NEW_LOBBY,SET_DOJO_1_1,]
06-20 17:53:40.188 12466 12560 I Unity   : Frame:[557], Type:[RunAction], Body:[LOST_FIGHTS_IN_A_ROW_COUNT_DAILY_RESET - RemoveUserVariable], List:[3:TUTORIAL_SKIP,NEW_PLAYERS_IN_NEW_LOBBY,SET_DOJO_1_1,]
06-20 17:53:40.188 12466 12560 I Unity   : Frame:[557], Type:[CloseAction], Body:[LOST_FIGHTS_IN_A_ROW_COUNT_DAILY_RESET - RemoveUserVariable], List:[3:TUTORIAL_SKIP,NEW_PLAYERS_IN_NEW_LOBBY,SET_DOJO_1_1,]
06-20 17:53:40.188 12466 12560 I Unity   : Frame:[557], Type:[RunAction], Body:[LOST_FIGHTS_IN_A_ROW_COUNT_DAILY_RESET - RemoveUserVariable], List:[3:TUTORIAL_SKIP,NEW_PLAYERS_IN_NEW_LOBBY,SET_DOJO_1_1,]
06-20 17:53:40.189 12466 12560 I Unity   : Frame:[557], Type:[CloseAction], Body:[LOST_FIGHTS_IN_A_ROW_COUNT_DAILY_RESET - RemoveUserVariable], List:[3:TUTORIAL_SKIP,NEW_PLAYERS_IN_NEW_LOBBY,SET_DOJO_1_1,]
06-20 17:53:40.189 12466 12560 I Unity   : Frame:[557], Type:[RunAction], Body:[LOST_FIGHTS_IN_A_ROW_COUNT_DAILY_RESET - RemoveUserVariable], List:[3:TUTORIAL_SKIP,NEW_PLAYERS_IN_NEW_LOBBY,SET_DOJO_1_1,]
06-20 17:53:40.190 12466 12560 I Unity   : Frame:[557], Type:[CloseAction], Body:[LOST_FIGHTS_IN_A_ROW_COUNT_DAILY_RESET - RemoveUserVariable], List:[3:TUTORIAL_SKIP,NEW_PLAYERS_IN_NEW_LOBBY,SET_DOJO_1_1,]
06-20 17:53:40.190 12466 12560 I Unity   : Frame:[557], Type:[RunAction], Body:[LOST_FIGHTS_IN_A_ROW_COUNT_DAILY_RESET - RemoveUserVariable], List:[3:TUTORIAL_SKIP,NEW_PLAYERS_IN_NEW_LOBBY,SET_DOJO_1_1,]
06-20 17:53:40.190 12466 12560 I Unity   : Frame:[557], Type:[CloseAction], Body:[LOST_FIGHTS_IN_A_ROW_COUNT_DAILY_RESET - RemoveUserVariable], List:[3:TUTORIAL_SKIP,NEW_PLAYERS_IN_NEW_LOBBY,SET_DOJO_1_1,]
06-20 17:53:40.190 12466 12560 I Unity   : Frame:[557], Type:[RunAction], Body:[LOST_FIGHTS_IN_A_ROW_COUNT_DAILY_RESET - RemoveUserVariable], List:[3:TUTORIAL_SKIP,NEW_PLAYERS_IN_NEW_LOBBY,SET_DOJO_1_1,]
06-20 17:53:40.191 12466 12560 I Unity   : Frame:[557], Type:[CloseAction], Body:[LOST_FIGHTS_IN_A_ROW_COUNT_DAILY_RESET - RemoveUserVariable], List:[3:TUTORIAL_SKIP,NEW_PLAYERS_IN_NEW_LOBBY,SET_DOJO_1_1,]
06-20 17:53:40.191 12466 12560 I Unity   : Frame:[557], Type:[RunAction], Body:[LOST_FIGHTS_IN_A_ROW_COUNT_DAILY_RESET - RemoveUserVariable], List:[3:TUTORIAL_SKIP,NEW_PLAYERS_IN_NEW_LOBBY,SET_DOJO_1_1,]
06-20 17:53:40.191 12466 12560 I Unity   : Frame:[557], Type:[CloseAction], Body:[LOST_FIGHTS_IN_A_ROW_COUNT_DAILY_RESET - RemoveUserVariable], List:[3:TUTORIAL_SKIP,NEW_PLAYERS_IN_NEW_LOBBY,SET_DOJO_1_1,]
06-20 17:53:40.191 12466 12560 I Unity   : Frame:[557], Type:[RunAction], Body:[LOST_FIGHTS_IN_A_ROW_COUNT_DAILY_RESET - RemoveUserVariable], List:[3:TUTORIAL_SKIP,NEW_PLAYERS_IN_NEW_LOBBY,SET_DOJO_1_1,]
06-20 17:53:40.192 12466 12560 I Unity   : Frame:[557], Type:[CloseAction], Body:[LOST_FIGHTS_IN_A_ROW_COUNT_DAILY_RESET - RemoveUserVariable], List:[3:TUTORIAL_SKIP,NEW_PLAYERS_IN_NEW_LOBBY,SET_DOJO_1_1,]
06-20 17:53:40.192 12466 12560 I Unity   : Frame:[557], Type:[RunAction], Body:[LOST_FIGHTS_IN_A_ROW_COUNT_DAILY_RESET - RemoveUserVariable], List:[3:TUTORIAL_SKIP,NEW_PLAYERS_IN_NEW_LOBBY,SET_DOJO_1_1,]
06-20 17:53:40.192 12466 12560 I Unity   : Frame:[557], Type:[CloseAction], Body:[LOST_FIGHTS_IN_A_ROW_COUNT_DAILY_RESET - RemoveUserVariable], List:[3:TUTORIAL_SKIP,NEW_PLAYERS_IN_NEW_LOBBY,SET_DOJO_1_1,]
06-20 17:53:40.192 12466 12560 I Unity   : Frame:[557], Type:[RunAction], Body:[LOST_FIGHTS_IN_A_ROW_COUNT_DAILY_RESET - RemoveUserVariable], List:[3:TUTORIAL_SKIP,NEW_PLAYERS_IN_NEW_LOBBY,SET_DOJO_1_1,]
06-20 17:53:40.192 12466 12560 I Unity   : Frame:[557], Type:[CloseAction], Body:[LOST_FIGHTS_IN_A_ROW_COUNT_DAILY_RESET - RemoveUserVariable], List:[3:TUTORIAL_SKIP,NEW_PLAYERS_IN_NEW_LOBBY,SET_DOJO_1_1,]
06-20 17:53:40.192 12466 12560 I Unity   : Frame:[557], Type:[RunAction], Body:[LOST_FIGHTS_IN_A_ROW_COUNT_DAILY_RESET - RemoveUserVariable], List:[3:TUTORIAL_SKIP,NEW_PLAYERS_IN_NEW_LOBBY,SET_DOJO_1_1,]
06-20 17:53:40.192 12466 12560 I Unity   : Frame:[557], Type:[CloseAction], Body:[LOST_FIGHTS_IN_A_ROW_COUNT_DAILY_RESET - RemoveUserVariable], List:[3:TUTORIAL_SKIP,NEW_PLAYERS_IN_NEW_LOBBY,SET_DOJO_1_1,]
06-20 17:53:40.193 12466 12560 I Unity   : Frame:[557], Type:[RunAction], Body:[LOST_FIGHTS_IN_A_ROW_COUNT_DAILY_RESET - RemoveUserVariable], List:[3:TUTORIAL_SKIP,NEW_PLAYERS_IN_NEW_LOBBY,SET_DOJO_1_1,]
06-20 17:53:40.193 12466 12560 I Unity   : Frame:[557], Type:[CloseAction], Body:[LOST_FIGHTS_IN_A_ROW_COUNT_DAILY_RESET - RemoveUserVariable], List:[3:TUTORIAL_SKIP,NEW_PLAYERS_IN_NEW_LOBBY,SET_DOJO_1_1,]
06-20 17:53:40.193 12466 12560 I Unity   : Frame:[557], Type:[RunAction], Body:[LOST_FIGHTS_IN_A_ROW_COUNT_DAILY_RESET - RemoveUserVariable], List:[3:TUTORIAL_SKIP,NEW_PLAYERS_IN_NEW_LOBBY,SET_DOJO_1_1,]
06-20 17:53:40.193 12466 12560 I Unity   : Frame:[557], Type:[CloseAction], Body:[LOST_FIGHTS_IN_A_ROW_COUNT_DAILY_RESET - RemoveUserVariable], List:[3:TUTORIAL_SKIP,NEW_PLAYERS_IN_NEW_LOBBY,SET_DOJO_1_1,]
06-20 17:53:40.193 12466 12560 I Unity   : Frame:[557], Type:[RunAction], Body:[LOST_FIGHTS_IN_A_ROW_COUNT_DAILY_RESET - RemoveUserVariable], List:[3:TUTORIAL_SKIP,NEW_PLAYERS_IN_NEW_LOBBY,SET_DOJO_1_1,]
06-20 17:53:40.193 12466 12560 I Unity   : Frame:[557], Type:[CloseAction], Body:[LOST_FIGHTS_IN_A_ROW_COUNT_DAILY_RESET - RemoveUserVariable], List:[3:TUTORIAL_SKIP,NEW_PLAYERS_IN_NEW_LOBBY,SET_DOJO_1_1,]
06-20 17:53:40.194 12466 12560 I Unity   : Frame:[557], Type:[RunAction], Body:[LOST_FIGHTS_IN_A_ROW_COUNT_DAILY_RESET - RemoveUserVariable], List:[3:TUTORIAL_SKIP,NEW_PLAYERS_IN_NEW_LOBBY,SET_DOJO_1_1,]
06-20 17:53:40.194 12466 12560 I Unity   : Frame:[557], Type:[CloseAction], Body:[LOST_FIGHTS_IN_A_ROW_COUNT_DAILY_RESET - RemoveUserVariable], List:[3:TUTORIAL_SKIP,NEW_PLAYERS_IN_NEW_LOBBY,SET_DOJO_1_1,]
06-20 17:53:40.194 12466 12560 I Unity   : Frame:[557], Type:[RunAction], Body:[LOST_FIGHTS_IN_A_ROW_COUNT_DAILY_RESET - RemoveUserVariable], List:[3:TUTORIAL_SKIP,NEW_PLAYERS_IN_NEW_LOBBY,SET_DOJO_1_1,]
06-20 17:53:40.194 12466 12560 I Unity   : Frame:[557], Type:[CloseAction], Body:[LOST_FIGHTS_IN_A_ROW_COUNT_DAILY_RESET - RemoveUserVariable], List:[3:TUTORIAL_SKIP,NEW_PLAYERS_IN_NEW_LOBBY,SET_DOJO_1_1,]
06-20 17:53:40.194 12466 12560 I Unity   : Frame:[557], Type:[ListChange], Body:[Remove  - TUTORIAL_SKIP], List:[3:TUTORIAL_SKIP,NEW_PLAYERS_IN_NEW_LOBBY,SET_DOJO_1_1,]
06-20 17:53:40.194 12466 12560 I Unity   : Frame:[557], Type:[RunAction], Body:[TUTORIAL_SKIP - GoToModule], List:[2:NEW_PLAYERS_IN_NEW_LOBBY,SET_DOJO_1_1,]
06-20 17:53:40.211 12466 13003 D TransactionThrottler: Reset transaction throttler
06-20 17:53:40.212 12466 13003 D TransactionThrottler: Reset transaction throttler
06-20 17:53:40.218 12466 12475 E LoadedApk: performReceive() called targeting raw IIntentReceiver for Intent { act=android.net.conn.CONNECTIVITY_CHANGE flg=0x4200010 xflg=0x4 (has extras) }
06-20 17:53:40.219 12466 12563 D AdvertisingIdClient: AdvertisingIdClient already created.
06-20 17:53:40.219 12466 12563 D AdvertisingIdClient: AdvertisingIdClient is not bounded. Starting to bind it...
06-20 17:53:40.220 12466 12563 W GooglePlayServicesUtil: com.nekki.shadowfight3 requires Google Play services, but they are missing.
06-20 17:53:40.220 12466 13007 W GooglePlayServicesUtil: com.nekki.shadowfight3 requires Google Play services, but they are missing.
06-20 17:53:40.223 12466 12539 W GooglePlayServicesUtil: com.nekki.shadowfight3 requires Google Play services, but they are missing.
06-20 17:53:40.223 12466 12563 I AdvertisingIdClient: shouldSendLog -1
06-20 17:53:40.224 12466 12563 V LevelPlaySDK: INTERNAL: UIThread: false Activity: 196463325 n4 a - isInitialized=false
06-20 17:53:40.224 12466 12563 D AdvertisingIdClient: AdvertisingIdClient already created.
06-20 17:53:40.224 12466 12563 D AdvertisingIdClient: AdvertisingIdClient is not bounded. Starting to bind it...
06-20 17:53:40.226 12466 12563 W GooglePlayServicesUtil: com.nekki.shadowfight3 requires Google Play services, but they are missing.
06-20 17:53:40.234 12466 12563 I AdvertisingIdClient: shouldSendLog -1
06-20 17:53:40.234 12466 12539 W GoogleApiManager: The service for com.google.android.gms.internal.appset.zzd is not available: ConnectionResult{statusCode=SERVICE_MISSING, resolution=null, message=null, clientMethodKey=null}
06-20 17:53:40.235 12466 12539 W GooglePlayServicesUtil: com.nekki.shadowfight3 requires Google Play services, but they are missing.
06-20 17:53:40.235 12466 12563 V LevelPlaySDK: INTERNAL: UIThread: false Activity: 196463325 n4 a - isInitialized=false
06-20 17:53:40.236 12466 13007 D AudioPermissionProxy: AudioPermission: getStreamVolume called, allowing
06-20 17:53:40.237 12466 13007 D AudioPermissionProxy: AudioPermission: getStreamMaxVolume called, allowing
06-20 17:53:40.240 12466 13003 I IronSource AdQuality: AdQualitySDK: Your ISAdQuality SDK user ID is: 4b937bf9-75f2-448e-b682-206e9aca085c
06-20 17:53:40.245 12466 12539 W GoogleApiManager: The service for com.google.android.gms.common.internal.service.zau is not available: ConnectionResult{statusCode=SERVICE_MISSING, resolution=null, message=null, clientMethodKey=null}
06-20 17:53:40.245 12466 13007 D AttributionSourceUtils: Fixed AttributionSource UID in method arguments
06-20 17:53:40.246 12466 12560 I Unity   : Frame:[557], Type:[ThrowEvent], Body:[Event: Type: PreSceneChange | Data: [key:ModuleFrom, value:None] [key:TabFrom, value:] [key:ModuleTo, value:CharacterCreator] [key:TabTo, value:] 
06-20 17:53:40.246 12466 12560 I Unity   :  HasTrigger: False QueueCount: 2 - ], List:[2:NEW_PLAYERS_IN_NEW_LOBBY,SET_DOJO_1_1,]
06-20 17:53:40.245 12466 12466 I AdvertisingIdClient: getting error as 17: API: ClientTelemetry.API is not available on this device. Connection failed with: ConnectionResult{statusCode=SERVICE_MISSING, resolution=null, message=null, clientMethodKey=null}
06-20 17:53:40.246 12466 12560 I Unity   : Frame:[557], Type:[ListChange], Body:[Add  - SESSION_CHECK_PENDING_QUICK_ACTIONS], List:[2:NEW_PLAYERS_IN_NEW_LOBBY,SET_DOJO_1_1,]
06-20 17:53:40.246 12466 12560 I Unity   : Frame:[557], Type:[ListChange], Body:[Add  - SESSION_CHECK_RICH_NOTIFICATION_TRANSITION], List:[3:SESSION_CHECK_PENDING_QUICK_ACTIONS,SET_DOJO_1_1,NEW_PLAYERS_IN_NEW_LOBBY,]
06-20 17:53:40.247 12466 12560 I Unity   : Frame:[557], Type:[ListChange], Body:[Add  - SESSION_START_SPHINX], List:[4:SESSION_CHECK_PENDING_QUICK_ACTIONS,SESSION_CHECK_RICH_NOTIFICATION_TRANSITION,SET_DOJO_1_1,NEW_PLAYERS_IN_NEW_LOBBY,]
06-20 17:53:40.247 12466 12539 W GooglePlayServicesUtil: com.nekki.shadowfight3 requires Google Play services, but they are missing.
06-20 17:53:40.248 12466 12477 W jun.blackbox:p0: Couldn't lock the profile file /data/misc/profiles/cur/0/com.nekki.shadowfight3/primary.prof: Failed to open file '/data/misc/profiles/cur/0/com.nekki.shadowfight3/primary.prof': Permission denied
06-20 17:53:40.248 12466 12477 W jun.blackbox:p0: Could not forcefully load profile /data/misc/profiles/cur/0/com.nekki.shadowfight3/primary.prof
06-20 17:53:40.251 12466 12560 I Unity   : Frame:[557], Type:[ThrowEvent], Body:[Event: Type: SessionStart | Data: 
06-20 17:53:40.251 12466 12560 I Unity   :  HasTrigger: True QueueCount: 5 - ], List:[5:SESSION_START_SPHINX,SESSION_CHECK_PENDING_QUICK_ACTIONS,SESSION_CHECK_RICH_NOTIFICATION_TRANSITION,SET_DOJO_1_1,NEW_PLAYERS_IN_NEW_LOBBY,]
06-20 17:53:40.252 12466 13007 D AttributionSourceUtils: Fixed AttributionSource UID in method arguments
06-20 17:53:40.256 12466 12560 I Unity   : Module opened: [CharacterCreatorIntentModule]|[Time:12.95621; MonoHeapSize:216.4219; MonoUsedSize:131.0977; TempAllocator:4; TotalAllocatedMemory:179.2233; TotalReservedMemory:249.9844; TotalUnusedReservedMemory:70.76106; usedHeapSize:179.2233;]
06-20 17:53:40.256 12466 12560 I Unity   : Unloading unused triggers. Splits unloaded - 0 ],  left - 
06-20 17:53:40.256 12466 12560 I Unity   : 0 ]
06-20 17:53:40.257 12466 12539 W GoogleApiManager: The service for com.google.android.gms.common.internal.service.zau is not available: ConnectionResult{statusCode=SERVICE_MISSING, resolution=null, message=null, clientMethodKey=null}
06-20 17:53:40.261 12466 12466 I AdvertisingIdClient: getting error as 17: API: ClientTelemetry.API is not available on this device. Connection failed with: ConnectionResult{statusCode=SERVICE_MISSING, resolution=null, message=null, clientMethodKey=null}
06-20 17:53:40.267 12466 13007 D AdvertisingIdClient: AdvertisingIdClient already created.
06-20 17:53:40.267 12466 13007 D AdvertisingIdClient: AdvertisingIdClient is not bounded. Starting to bind it...
06-20 17:53:40.267 12466 13007 W GooglePlayServicesUtil: com.nekki.shadowfight3 requires Google Play services, but they are missing.
06-20 17:53:40.269 12466 13007 I AdvertisingIdClient: shouldSendLog -1
06-20 17:53:40.270 12466 12539 W GooglePlayServicesUtil: com.nekki.shadowfight3 requires Google Play services, but they are missing.
06-20 17:53:40.271 12466 13007 V LevelPlaySDK: INTERNAL: UIThread: false Activity: 196463325 n4 a - isInitialized=false
06-20 17:53:40.271 12466 13007 I LevelPlaySDK: INTERNAL: using custom identifier
06-20 17:53:40.273 12466 13007 I LevelPlaySDK: API: LevelPlay getSdkVersion
06-20 17:53:40.276 12466 13003 D TransactionThrottler: Reset transaction throttler
06-20 17:53:40.277 12466 12539 W GoogleApiManager: The service for com.google.android.gms.common.internal.service.zau is not available: ConnectionResult{statusCode=SERVICE_MISSING, resolution=null, message=null, clientMethodKey=null}
06-20 17:53:40.277 12466 13003 D TransactionThrottler: Reset transaction throttler
06-20 17:53:40.277 12466 12466 I AdvertisingIdClient: getting error as 17: API: ClientTelemetry.API is not available on this device. Connection failed with: ConnectionResult{statusCode=SERVICE_MISSING, resolution=null, message=null, clientMethodKey=null}
06-20 17:53:40.285 12466 12475 E LoadedApk: performReceive() called targeting raw IIntentReceiver for Intent { act=android.intent.action.BATTERY_CHANGED flg=0x60000010 (has extras) }
06-20 17:53:40.287 12466 13006 V LevelPlaySDK: EVENT: UIThread: false Activity: 196463325 l3 b.run - {"eventId":14
06-20 17:53:40.287 12466 13006 V LevelPlaySDK: EVENT: "timestamp":1781958220261
06-20 17:53:40.287 12466 13006 V LevelPlaySDK: EVENT: "provider":"Mediation"
06-20 17:53:40.287 12466 13006 V LevelPlaySDK: EVENT: "ext1":"
06-20 17:53:40.287 12466 13006 V LevelPlaySDK: EVENT: cachedUserAgent=false"
06-20 17:53:40.287 12466 13006 V LevelPlaySDK: EVENT: "sessionDepth":1
06-20 17:53:40.287 12466 13006 V LevelPlaySDK: EVENT: "isMultipleAdUnits":1
06-20 17:53:40.287 12466 13006 V LevelPlaySDK: EVENT: "euid":"2e16f92c-e795-4117-879c-d2d5fa31a6cd"
06-20 17:53:40.287 12466 13006 V LevelPlaySDK: EVENT: "esat":1
06-20 17:53:40.287 12466 13006 V LevelPlaySDK: EVENT: "eventSessionId":"0363b022-c88c-4a50-923c-e4e0da4e3763"
06-20 17:53:40.287 12466 13006 V LevelPlaySDK: EVENT: "essn":1
06-20 17:53:40.287 12466 13006 V LevelPlaySDK: EVENT: "connectionType":"wifi"
06-20 17:53:40.287 12466 13006 V LevelPlaySDK: EVENT: "rawConnectionType":"NETWORK_TYPE_WIFI"
06-20 17:53:40.287 12466 13006 V LevelPlaySDK: EVENT: "firstSessionTimestamp":1781958220096}}
06-20 17:53:40.292 12466 13007 I LevelPlaySDK: API: LevelPlay getSdkVersion
06-20 17:53:40.294 12466 13006 V LevelPlaySDK: EVENT: UIThread: false Activity: 196463325 l3 b.run - {"eventId":65
06-20 17:53:40.294 12466 13006 V LevelPlaySDK: EVENT: "timestamp":1781958220271
06-20 17:53:40.294 12466 13006 V LevelPlaySDK: EVENT: "provider":"Mediation"
06-20 17:53:40.294 12466 13006 V LevelPlaySDK: EVENT: "euid":"afa57bcd-94a4-4d6f-87da-8dc687ff44d9"
06-20 17:53:40.294 12466 13006 V LevelPlaySDK: EVENT: "esat":1
06-20 17:53:40.294 12466 13006 V LevelPlaySDK: EVENT: "eventSessionId":"0363b022-c88c-4a50-923c-e4e0da4e3763"
06-20 17:53:40.294 12466 13006 V LevelPlaySDK: EVENT: "essn":1
06-20 17:53:40.294 12466 13006 V LevelPlaySDK: EVENT: "connectionType":"wifi"
06-20 17:53:40.294 12466 13006 V LevelPlaySDK: EVENT: "rawConnectionType":"NETWORK_TYPE_WIFI"
06-20 17:53:40.294 12466 13006 V LevelPlaySDK: EVENT: "firstSessionTimestamp":1781958220096}}
06-20 17:53:40.294 12466 13007 W GooglePlayServicesUtil: com.nekki.shadowfight3 requires Google Play services, but they are missing.
06-20 17:53:40.294 12466 12563 D AdvertisingIdClient: AdvertisingIdClient already created.
06-20 17:53:40.295 12466 12563 D AdvertisingIdClient: AdvertisingIdClient is not bounded. Starting to bind it...
06-20 17:53:40.296 12466 12563 W GooglePlayServicesUtil: com.nekki.shadowfight3 requires Google Play services, but they are missing.
06-20 17:53:40.303 12466 12466 E IronSource AdQuality: RemoteConfig: Error getting config from server: -1
06-20 17:53:40.303 12466 12539 W GooglePlayServicesUtil: com.nekki.shadowfight3 requires Google Play services, but they are missing.
06-20 17:53:40.304 12466 12563 I AdvertisingIdClient: shouldSendLog -1
06-20 17:53:40.305 12466 12563 V LevelPlaySDK: INTERNAL: UIThread: false Activity: 196463325 n4 a - isInitialized=false
06-20 17:53:40.305 12466 12563 D AdvertisingIdClient: AdvertisingIdClient already created.
06-20 17:53:40.305 12466 12563 D AdvertisingIdClient: AdvertisingIdClient is not bounded. Starting to bind it...
06-20 17:53:40.306 12466 12563 W GooglePlayServicesUtil: com.nekki.shadowfight3 requires Google Play services, but they are missing.
06-20 17:53:40.307 12466 12539 W GoogleApiManager: The service for com.google.android.gms.internal.appset.zzd is not available: ConnectionResult{statusCode=SERVICE_MISSING, resolution=null, message=null, clientMethodKey=null}
06-20 17:53:40.308 12466 12539 W GooglePlayServicesUtil: com.nekki.shadowfight3 requires Google Play services, but they are missing.
06-20 17:53:40.308 12466 12563 I AdvertisingIdClient: shouldSendLog -1
06-20 17:53:40.308 12466 12560 I Unity   : [BOGDEHCNHOF]; Logs folder: [/storage/emulated/0/Android/data/top.niunaijun.blackbox/files/blackbox/storage/emulated/0/Android/data/com.nekki.shadowfight3/files/gamedata/Logs]; Available drive space: 6837MB; Limit space: 50MB
06-20 17:53:40.309 12466 12563 V LevelPlaySDK: INTERNAL: UIThread: false Activity: 196463325 n4 a - isInitialized=false
06-20 17:53:40.309 12466 13007 D AudioPermissionProxy: AudioPermission: getStreamVolume called, allowing
06-20 17:53:40.310 12466 13007 D AudioPermissionProxy: AudioPermission: getStreamMaxVolume called, allowing
06-20 17:53:40.311 12466 12539 W GoogleApiManager: The service for com.google.android.gms.common.internal.service.zau is not available: ConnectionResult{statusCode=SERVICE_MISSING, resolution=null, message=null, clientMethodKey=null}
06-20 17:53:40.311 12466 12466 I AdvertisingIdClient: getting error as 17: API: ClientTelemetry.API is not available on this device. Connection failed with: ConnectionResult{statusCode=SERVICE_MISSING, resolution=null, message=null, clientMethodKey=null}
06-20 17:53:40.312 12466 12539 W GooglePlayServicesUtil: com.nekki.shadowfight3 requires Google Play services, but they are missing.
06-20 17:53:40.314 12466 12539 W GoogleApiManager: The service for com.google.android.gms.common.internal.service.zau is not available: ConnectionResult{statusCode=SERVICE_MISSING, resolution=null, message=null, clientMethodKey=null}
06-20 17:53:40.318 12466 12466 I AdvertisingIdClient: getting error as 17: API: ClientTelemetry.API is not available on this device. Connection failed with: ConnectionResult{statusCode=SERVICE_MISSING, resolution=null, message=null, clientMethodKey=null}
06-20 17:53:40.326 12466 13007 V LevelPlaySDK: INTERNAL: UIThread: false Activity: 196463325 n4 a - isInitialized=false
06-20 17:53:40.327 12466 13007 E LevelPlaySDK: INTERNAL: e7 a - exception while sending request Failed to connect to i-sdk.mediation.unity3d.com/0.0.0.0:443
06-20 17:53:40.328 12466 13007 W LevelPlaySDK: INTERNAL: Qe a - HTTP init request failed: Exception - Failed to connect to i-sdk.mediation.unity3d.com/0.0.0.0:443
06-20 17:53:40.328 12466 13007 V LevelPlaySDK: INTERNAL: UIThread: false Activity: 196463325 Null or invalid response. Trying to get cached response
06-20 17:53:40.329 12466 13007 I LevelPlaySDK: API: Mediation availability false reason: SdkError(errorCode=2070, errorMessage=Exception - Failed to connect to i-sdk.mediation.unity3d.com/0.0.0.0:443)
06-20 17:53:40.336 12466 12466 I LevelPlaySDK: CALLBACK: tb a - LevelPlayInitListener.LevelPlayInitError() error: SdkError(errorCode=2070, errorMessage=Exception - Failed to connect to i-sdk.mediation.unity3d.com/0.0.0.0:443)
06-20 17:53:40.338 12466 13006 V LevelPlaySDK: EVENT: UIThread: false Activity: 196463325 l3 b.run - {"eventId":515
06-20 17:53:40.338 12466 13006 V LevelPlaySDK: EVENT: "timestamp":1781958220334
06-20 17:53:40.338 12466 13006 V LevelPlaySDK: EVENT: "provider":"Mediation"
06-20 17:53:40.338 12466 13006 V LevelPlaySDK: EVENT: "errorCode":2070
06-20 17:53:40.338 12466 13006 V LevelPlaySDK: EVENT: "reason":"Exception - Failed to connect to i-sdk.mediation.unity3d.com\/0.0.0.0:443"
06-20 17:53:40.338 12466 13006 V LevelPlaySDK: EVENT: "isMultipleAdUnits":1
06-20 17:53:40.338 12466 13006 V LevelPlaySDK: EVENT: "duration":247
06-20 17:53:40.338 12466 13006 V LevelPlaySDK: EVENT: "euid":"25004a6f-4ebf-4ee3-b552-a966eca55189"
06-20 17:53:40.338 12466 13006 V LevelPlaySDK: EVENT: "esat":1
06-20 17:53:40.338 12466 13006 V LevelPlaySDK: EVENT: "eventSessionId":"0363b022-c88c-4a50-923c-e4e0da4e3763"
06-20 17:53:40.338 12466 13006 V LevelPlaySDK: EVENT: "essn":1
06-20 17:53:40.338 12466 13006 V LevelPlaySDK: EVENT: "connectionType":"wifi"
06-20 17:53:40.338 12466 13006 V LevelPlaySDK: EVENT: "rawConnectionType":"NETWORK_TYPE_WIFI"
06-20 17:53:40.338 12466 13006 V LevelPlaySDK: EVENT: "firstSessionTimestamp":1781958220096}}
06-20 17:53:40.339 12466 12560 I Unity   : [EmulatorDetector] isEmulator: false
06-20 17:53:40.339 12466 12560 I Unity   : Initialization completed
06-20 17:53:40.420 12466 12560 I Unity   : Clearing cache. Entries: 32
06-20 17:53:40.423 12466 13031 D AudioPermissionProxy: AudioPermission: getStreamVolume called, allowing
06-20 17:53:40.424 12466 13031 D AudioPermissionProxy: AudioPermission: getStreamMaxVolume called, allowing
06-20 17:53:40.455 12466 12560 I Unity   : [LevelPlayHandler] SDK initialization failed. Message: noServerResponse. ErrorCode: 2070
06-20 17:53:40.464 12466 12560 I Unity   : C#: Handle Connect Success
06-20 17:53:40.465 12466 13032 D AudioPermissionProxy: AudioPermission: getStreamVolume called, allowing
06-20 17:53:40.465 12466 13032 D AudioPermissionProxy: AudioPermission: getStreamMaxVolume called, allowing
06-20 17:53:40.469 12466 13032 D AudioPermissionProxy: AudioPermission: getStreamVolume called, allowing
06-20 17:53:40.470 12466 13032 D AudioPermissionProxy: AudioPermission: getStreamMaxVolume called, allowing
06-20 17:53:40.785 12466 12560 W Unity   : [IBDPJFMKJMM] ExecuteRequest HTTP/1.1 404 Not Found
06-20 17:53:40.785 12466 12560 W Unity   : Bundle not found, bundleName: 1691038791, bundlePath: /storage/emulated/0/Android/data/top.niunaijun.blackbox/files/blackbox/storage/emulated/0/Android/data/com.nekki.shadowfight3/files/gamedata/Resources/Bundles/49c106143b9311ea2228c7e72cb79abb
06-20 17:53:40.864 12466 12560 I Unity   : [GPGv2Support] !!!-> False || False
06-20 17:53:40.875 12466 12560 I Unity   : NativeScreenTexture: Clear; from=[reloadTexture]; delayed=[False]; callers=[1]
06-20 17:53:40.876 12466 12560 W Unity   : NativeScreenTexture: Can't find caller's name [reloadTexture] to remove from list 
06-20 17:53:41.024 12466 12560 I Unity   : Current camera aspect [_16X9]
06-20 17:53:41.028 12466 12560 I Unity   : [NCJAHEJBHAN]; Load location [dojo_inventory/dojo_inventory] at position [(34.70, 26.00, -43.82)]
06-20 17:53:41.253 12466 12560 I Unity   : Load moves for [PLAYER]
06-20 17:53:41.255 12466 12560 I Unity   : Load battle triggers by locks
06-20 17:53:41.262 12466 12560 I Unity   : Load triggers by locks. Loaded splits=[1]
06-20 17:53:41.337 12466 12466 I BLASTBufferQueue_Java: update, w= 1340 h= 800 mName = VRI[NekkiNativeActivity]@66ed1c5 mNativeObject= 0x778e254620 sc.mNativeObject= 0x772e214f90 format= -3 caller= android.view.ViewRootImpl.updateBlastSurfaceIfNeeded:3574 android.view.ViewRootImpl.relayoutWindow:11685 android.view.ViewRootImpl.performTraversals:4804 android.view.ViewRootImpl.doTraversal:3924 android.view.ViewRootImpl$TraversalRunnable.run:12903 android.view.Choreographer$CallbackRecord.run:1901 
06-20 17:53:41.338 12466 12466 I VRI[NekkiNativeActivity]@66ed1c5: Relayout returned: old=(0,0,1340,800) new=(0,0,1340,800) relayoutAsync=true req=(1340,800)0 dur=0 res=0x0 s={true 0x775e25b530} ch=false seqId=0
06-20 17:53:41.338 12466 12466 I VRI[NekkiNativeActivity]@66ed1c5: updateBoundsLayer: t=android.view.SurfaceControl$Transaction@7c51644 sc=Surface(name=Bounds for - com.nekki.shadowfight3/com.nekki.unityplugins.NekkiNativeActivity@0)/@0x84b632d frame=7
06-20 17:53:41.339 12466 12466 I VRI[NekkiNativeActivity]@66ed1c5: registerCallbackForPendingTransactions
06-20 17:53:41.340 12466 12566 I VRI[NekkiNativeActivity]@66ed1c5: mWNT: t=0x779e356810 mBlastBufferQueue=0x778e254620 fn= 7 HdrRenderState mRenderHdrSdrRatio=1.0 caller= android.view.ViewRootImpl$10.onFrameDraw:6536 android.view.ViewRootImpl$4.onFrameDraw:2489 android.view.ThreadedRenderer$1.onFrameDraw:718 
06-20 17:53:41.348 12466 12560 I Unity   : FakeCursorInput. initialized: True
06-20 17:53:41.351 12466 12560 I Unity   : InputModuleManager initialized
06-20 17:53:41.369 12466 12560 I Unity   : BundlesNetworkState Download succeeded
06-20 17:53:41.369 12466 12560 I Unity   : Start Connecting IP:ec2-13-126-233-176.ap-south-1.compute.amazonaws.com Port:443
06-20 17:53:41.371 12466 12560 I Unity   : Frame:[567], Type:[CloseAction], Body:[TUTORIAL_SKIP - GoToModule], List:[5:SESSION_START_SPHINX,SESSION_CHECK_PENDING_QUICK_ACTIONS,SESSION_CHECK_RICH_NOTIFICATION_TRANSITION,SET_DOJO_1_1,NEW_PLAYERS_IN_NEW_LOBBY,]
06-20 17:53:41.371 12466 12560 I Unity   : Frame:[567], Type:[RunAction], Body:[TUTORIAL_SKIP - SetUserVariable], List:[5:SESSION_START_SPHINX,SESSION_CHECK_PENDING_QUICK_ACTIONS,SESSION_CHECK_RICH_NOTIFICATION_TRANSITION,SET_DOJO_1_1,NEW_PLAYERS_IN_NEW_LOBBY,]
06-20 17:53:41.372 12466 12560 I Unity   : Frame:[567], Type:[CloseAction], Body:[TUTORIAL_SKIP - SetUserVariable], List:[5:SESSION_START_SPHINX,SESSION_CHECK_PENDING_QUICK_ACTIONS,SESSION_CHECK_RICH_NOTIFICATION_TRANSITION,SET_DOJO_1_1,NEW_PLAYERS_IN_NEW_LOBBY,]
06-20 17:53:41.372 12466 12560 I Unity   : Frame:[567], Type:[RunAction], Body:[TUTORIAL_SKIP - Call], List:[5:SESSION_START_SPHINX,SESSION_CHECK_PENDING_QUICK_ACTIONS,SESSION_CHECK_RICH_NOTIFICATION_TRANSITION,SET_DOJO_1_1,NEW_PLAYERS_IN_NEW_LOBBY,]
