06-20 20:20:59.163 13883 13961 W GooglePlayServicesUtil: com.nekki.shadowfight3 requires Google Play services, but they are missing.
06-20 20:20:59.164 13883 13981 I Unity   : Frame:[496], Type:[ListChange], Body:[Add  - TUTORIAL_SKIP], List:[4:SESSION_START_MUSIC_START,LOST_FIGHTS_IN_A_ROW_COUNT_DAILY_RESET,NEW_PLAYERS_IN_NEW_LOBBY,SET_DOJO_1_1,]
06-20 20:20:59.165 13883 13961 W GoogleApiManager: The service for com.google.android.gms.common.internal.service.zau is not available: ConnectionResult{statusCode=SERVICE_MISSING, resolution=null, message=null, clientMethodKey=null}
06-20 20:20:59.166 13883 13883 I AdvertisingIdClient: getting error as 17: API: ClientTelemetry.API is not available on this device. Connection failed with: ConnectionResult{statusCode=SERVICE_MISSING, resolution=null, message=null, clientMethodKey=null}
06-20 20:20:59.167 13883 14459 I LevelPlaySDK: API: LevelPlay getSdkVersion
06-20 20:20:59.168 13883 13981 I Unity   : Frame:[496], Type:[ThrowEvent], Body:[Event: Type: PlayerDataReceived | Data: 
06-20 20:20:59.168 13883 13981 I Unity   :  HasTrigger: True QueueCount: 5 - ], List:[5:SESSION_START_MUSIC_START,LOST_FIGHTS_IN_A_ROW_COUNT_DAILY_RESET,TUTORIAL_SKIP,NEW_PLAYERS_IN_NEW_LOBBY,SET_DOJO_1_1,]
06-20 20:20:59.168 13883 13981 I Unity   : Frame:[496], Type:[ListChange], Body:[Remove  - SESSION_START_MUSIC_START], List:[5:SESSION_START_MUSIC_START,LOST_FIGHTS_IN_A_ROW_COUNT_DAILY_RESET,TUTORIAL_SKIP,NEW_PLAYERS_IN_NEW_LOBBY,SET_DOJO_1_1,]
06-20 20:20:59.168 13883 13981 I Unity   : Frame:[496], Type:[RunAction], Body:[SESSION_START_MUSIC_START - PlayMusic], List:[4:LOST_FIGHTS_IN_A_ROW_COUNT_DAILY_RESET,TUTORIAL_SKIP,NEW_PLAYERS_IN_NEW_LOBBY,SET_DOJO_1_1,]
06-20 20:20:59.169 13883 13981 I Unity   : Frame:[496], Type:[CloseAction], Body:[SESSION_START_MUSIC_START - PlayMusic], List:[4:LOST_FIGHTS_IN_A_ROW_COUNT_DAILY_RESET,TUTORIAL_SKIP,NEW_PLAYERS_IN_NEW_LOBBY,SET_DOJO_1_1,]
06-20 20:20:59.169 13883 13981 I Unity   : Frame:[496], Type:[ListChange], Body:[Remove  - LOST_FIGHTS_IN_A_ROW_COUNT_DAILY_RESET], List:[4:LOST_FIGHTS_IN_A_ROW_COUNT_DAILY_RESET,TUTORIAL_SKIP,NEW_PLAYERS_IN_NEW_LOBBY,SET_DOJO_1_1,]
06-20 20:20:59.169 13883 13981 I Unity   : Frame:[496], Type:[RunAction], Body:[LOST_FIGHTS_IN_A_ROW_COUNT_DAILY_RESET - SetUserVariable], List:[3:TUTORIAL_SKIP,NEW_PLAYERS_IN_NEW_LOBBY,SET_DOJO_1_1,]
06-20 20:20:59.170 13883 13981 I Unity   : Frame:[496], Type:[CloseAction], Body:[LOST_FIGHTS_IN_A_ROW_COUNT_DAILY_RESET - SetUserVariable], List:[3:TUTORIAL_SKIP,NEW_PLAYERS_IN_NEW_LOBBY,SET_DOJO_1_1,]
06-20 20:20:59.170 13883 13981 I Unity   : Frame:[496], Type:[RunAction], Body:[LOST_FIGHTS_IN_A_ROW_COUNT_DAILY_RESET - RemoveUserVariable], List:[3:TUTORIAL_SKIP,NEW_PLAYERS_IN_NEW_LOBBY,SET_DOJO_1_1,]
06-20 20:20:59.170 13883 13981 I Unity   : Frame:[496], Type:[CloseAction], Body:[LOST_FIGHTS_IN_A_ROW_COUNT_DAILY_RESET - RemoveUserVariable], List:[3:TUTORIAL_SKIP,NEW_PLAYERS_IN_NEW_LOBBY,SET_DOJO_1_1,]
06-20 20:20:59.170 13883 13981 I Unity   : Frame:[496], Type:[RunAction], Body:[LOST_FIGHTS_IN_A_ROW_COUNT_DAILY_RESET - RemoveUserVariable], List:[3:TUTORIAL_SKIP,NEW_PLAYERS_IN_NEW_LOBBY,SET_DOJO_1_1,]
06-20 20:20:59.170 13883 13981 I Unity   : Frame:[496], Type:[CloseAction], Body:[LOST_FIGHTS_IN_A_ROW_COUNT_DAILY_RESET - RemoveUserVariable], List:[3:TUTORIAL_SKIP,NEW_PLAYERS_IN_NEW_LOBBY,SET_DOJO_1_1,]
06-20 20:20:59.170 13883 13981 I Unity   : Frame:[496], Type:[RunAction], Body:[LOST_FIGHTS_IN_A_ROW_COUNT_DAILY_RESET - RemoveUserVariable], List:[3:TUTORIAL_SKIP,NEW_PLAYERS_IN_NEW_LOBBY,SET_DOJO_1_1,]
06-20 20:20:59.170 13883 13981 I Unity   : Frame:[496], Type:[CloseAction], Body:[LOST_FIGHTS_IN_A_ROW_COUNT_DAILY_RESET - RemoveUserVariable], List:[3:TUTORIAL_SKIP,NEW_PLAYERS_IN_NEW_LOBBY,SET_DOJO_1_1,]
06-20 20:20:59.171 13883 13981 I Unity   : Frame:[496], Type:[RunAction], Body:[LOST_FIGHTS_IN_A_ROW_COUNT_DAILY_RESET - RemoveUserVariable], List:[3:TUTORIAL_SKIP,NEW_PLAYERS_IN_NEW_LOBBY,SET_DOJO_1_1,]
06-20 20:20:59.171 13883 13981 I Unity   : Frame:[496], Type:[CloseAction], Body:[LOST_FIGHTS_IN_A_ROW_COUNT_DAILY_RESET - RemoveUserVariable], List:[3:TUTORIAL_SKIP,NEW_PLAYERS_IN_NEW_LOBBY,SET_DOJO_1_1,]
06-20 20:20:59.171 13883 13981 I Unity   : Frame:[496], Type:[RunAction], Body:[LOST_FIGHTS_IN_A_ROW_COUNT_DAILY_RESET - RemoveUserVariable], List:[3:TUTORIAL_SKIP,NEW_PLAYERS_IN_NEW_LOBBY,SET_DOJO_1_1,]
06-20 20:20:59.171 13883 13981 I Unity   : Frame:[496], Type:[CloseAction], Body:[LOST_FIGHTS_IN_A_ROW_COUNT_DAILY_RESET - RemoveUserVariable], List:[3:TUTORIAL_SKIP,NEW_PLAYERS_IN_NEW_LOBBY,SET_DOJO_1_1,]
06-20 20:20:59.171 13883 13981 I Unity   : Frame:[496], Type:[RunAction], Body:[LOST_FIGHTS_IN_A_ROW_COUNT_DAILY_RESET - RemoveUserVariable], List:[3:TUTORIAL_SKIP,NEW_PLAYERS_IN_NEW_LOBBY,SET_DOJO_1_1,]
06-20 20:20:59.171 13883 13981 I Unity   : Frame:[496], Type:[CloseAction], Body:[LOST_FIGHTS_IN_A_ROW_COUNT_DAILY_RESET - RemoveUserVariable], List:[3:TUTORIAL_SKIP,NEW_PLAYERS_IN_NEW_LOBBY,SET_DOJO_1_1,]
06-20 20:20:59.171 13883 13981 I Unity   : Frame:[496], Type:[RunAction], Body:[LOST_FIGHTS_IN_A_ROW_COUNT_DAILY_RESET - RemoveUserVariable], List:[3:TUTORIAL_SKIP,NEW_PLAYERS_IN_NEW_LOBBY,SET_DOJO_1_1,]
06-20 20:20:59.171 13883 13981 I Unity   : Frame:[496], Type:[CloseAction], Body:[LOST_FIGHTS_IN_A_ROW_COUNT_DAILY_RESET - RemoveUserVariable], List:[3:TUTORIAL_SKIP,NEW_PLAYERS_IN_NEW_LOBBY,SET_DOJO_1_1,]
06-20 20:20:59.172 13883 13981 I Unity   : Frame:[496], Type:[RunAction], Body:[LOST_FIGHTS_IN_A_ROW_COUNT_DAILY_RESET - RemoveUserVariable], List:[3:TUTORIAL_SKIP,NEW_PLAYERS_IN_NEW_LOBBY,SET_DOJO_1_1,]
06-20 20:20:59.172 13883 13981 I Unity   : Frame:[496], Type:[CloseAction], Body:[LOST_FIGHTS_IN_A_ROW_COUNT_DAILY_RESET - RemoveUserVariable], List:[3:TUTORIAL_SKIP,NEW_PLAYERS_IN_NEW_LOBBY,SET_DOJO_1_1,]
06-20 20:20:59.172 13883 13981 I Unity   : Frame:[496], Type:[RunAction], Body:[LOST_FIGHTS_IN_A_ROW_COUNT_DAILY_RESET - RemoveUserVariable], List:[3:TUTORIAL_SKIP,NEW_PLAYERS_IN_NEW_LOBBY,SET_DOJO_1_1,]
06-20 20:20:59.172 13883 13981 I Unity   : Frame:[496], Type:[CloseAction], Body:[LOST_FIGHTS_IN_A_ROW_COUNT_DAILY_RESET - RemoveUserVariable], List:[3:TUTORIAL_SKIP,NEW_PLAYERS_IN_NEW_LOBBY,SET_DOJO_1_1,]
06-20 20:20:59.172 13883 13981 I Unity   : Frame:[496], Type:[RunAction], Body:[LOST_FIGHTS_IN_A_ROW_COUNT_DAILY_RESET - RemoveUserVariable], List:[3:TUTORIAL_SKIP,NEW_PLAYERS_IN_NEW_LOBBY,SET_DOJO_1_1,]
06-20 20:20:59.172 13883 13981 I Unity   : Frame:[496], Type:[CloseAction], Body:[LOST_FIGHTS_IN_A_ROW_COUNT_DAILY_RESET - RemoveUserVariable], List:[3:TUTORIAL_SKIP,NEW_PLAYERS_IN_NEW_LOBBY,SET_DOJO_1_1,]
06-20 20:20:59.172 13883 13981 I Unity   : Frame:[496], Type:[RunAction], Body:[LOST_FIGHTS_IN_A_ROW_COUNT_DAILY_RESET - RemoveUserVariable], List:[3:TUTORIAL_SKIP,NEW_PLAYERS_IN_NEW_LOBBY,SET_DOJO_1_1,]
06-20 20:20:59.172 13883 14459 V LevelPlaySDK: INTERNAL: UIThread: false Activity: 12097239 K6 a - collecting data for events: {appVersion=1.45.2, tz=Asia/Calcutta, icc=in, advertisingId=63b7560c-18db-406a-8107-177400662a35, language=en, battery=87, mcc=0, connectionType=wifi, internalFreeMemory=6723, osVersion=36(16), appKey=66bcc545, firstSession=true, deviceOEM=samsung, auid=71a6fb42-434b-4c92-82df-75eb49e00c50, pluginType=Unity, plugin_fw_v=6000.3.11f1, mnc=0, rawConnectionType=NETWORK_TYPE_WIFI, deviceOS=Android, bundleId=com.nekki.shadowfight3, sessionId=fa6a8025-a288-46f3-9342-46564dc70fef, externalFreeMemory=6723, pluginVersion=9.4.1, advertisingIdType=UUID, AdvIdOptOutReason=missingDependencies, jb=false, sdkVersion=9.4.1, deviceModel=SM-X115, gmtMinutesOffset=330}
06-20 20:20:59.173 13883 13981 I Unity   : Frame:[496], Type:[CloseAction], Body:[LOST_FIGHTS_IN_A_ROW_COUNT_DAILY_RESET - RemoveUserVariable], List:[3:TUTORIAL_SKIP,NEW_PLAYERS_IN_NEW_LOBBY,SET_DOJO_1_1,]
06-20 20:20:59.173 13883 13981 I Unity   : Frame:[496], Type:[RunAction], Body:[LOST_FIGHTS_IN_A_ROW_COUNT_DAILY_RESET - RemoveUserVariable], List:[3:TUTORIAL_SKIP,NEW_PLAYERS_IN_NEW_LOBBY,SET_DOJO_1_1,]
06-20 20:20:59.173 13883 13981 I Unity   : Frame:[496], Type:[CloseAction], Body:[LOST_FIGHTS_IN_A_ROW_COUNT_DAILY_RESET - RemoveUserVariable], List:[3:TUTORIAL_SKIP,NEW_PLAYERS_IN_NEW_LOBBY,SET_DOJO_1_1,]
06-20 20:20:59.174 13883 13981 I Unity   : Frame:[496], Type:[RunAction], Body:[LOST_FIGHTS_IN_A_ROW_COUNT_DAILY_RESET - RemoveUserVariable], List:[3:TUTORIAL_SKIP,NEW_PLAYERS_IN_NEW_LOBBY,SET_DOJO_1_1,]
06-20 20:20:59.177 13883 13981 I Unity   : Frame:[496], Type:[CloseAction], Body:[LOST_FIGHTS_IN_A_ROW_COUNT_DAILY_RESET - RemoveUserVariable], List:[3:TUTORIAL_SKIP,NEW_PLAYERS_IN_NEW_LOBBY,SET_DOJO_1_1,]
06-20 20:20:59.178 13883 13981 I Unity   : Frame:[496], Type:[RunAction], Body:[LOST_FIGHTS_IN_A_ROW_COUNT_DAILY_RESET - RemoveUserVariable], List:[3:TUTORIAL_SKIP,NEW_PLAYERS_IN_NEW_LOBBY,SET_DOJO_1_1,]
06-20 20:20:59.178 13883 13981 I Unity   : Frame:[496], Type:[CloseAction], Body:[LOST_FIGHTS_IN_A_ROW_COUNT_DAILY_RESET - RemoveUserVariable], List:[3:TUTORIAL_SKIP,NEW_PLAYERS_IN_NEW_LOBBY,SET_DOJO_1_1,]
06-20 20:20:59.178 13883 13981 I Unity   : Frame:[496], Type:[RunAction], Body:[LOST_FIGHTS_IN_A_ROW_COUNT_DAILY_RESET - RemoveUserVariable], List:[3:TUTORIAL_SKIP,NEW_PLAYERS_IN_NEW_LOBBY,SET_DOJO_1_1,]
06-20 20:20:59.178 13883 13981 I Unity   : Frame:[496], Type:[CloseAction], Body:[LOST_FIGHTS_IN_A_ROW_COUNT_DAILY_RESET - RemoveUserVariable], List:[3:TUTORIAL_SKIP,NEW_PLAYERS_IN_NEW_LOBBY,SET_DOJO_1_1,]
06-20 20:20:59.179 13883 13981 I Unity   : Frame:[496], Type:[RunAction], Body:[LOST_FIGHTS_IN_A_ROW_COUNT_DAILY_RESET - RemoveUserVariable], List:[3:TUTORIAL_SKIP,NEW_PLAYERS_IN_NEW_LOBBY,SET_DOJO_1_1,]
06-20 20:20:59.179 13883 13981 I Unity   : Frame:[496], Type:[CloseAction], Body:[LOST_FIGHTS_IN_A_ROW_COUNT_DAILY_RESET - RemoveUserVariable], List:[3:TUTORIAL_SKIP,NEW_PLAYERS_IN_NEW_LOBBY,SET_DOJO_1_1,]
06-20 20:20:59.179 13883 13981 I Unity   : Frame:[496], Type:[RunAction], Body:[LOST_FIGHTS_IN_A_ROW_COUNT_DAILY_RESET - RemoveUserVariable], List:[3:TUTORIAL_SKIP,NEW_PLAYERS_IN_NEW_LOBBY,SET_DOJO_1_1,]
06-20 20:20:59.179 13883 13981 I Unity   : Frame:[496], Type:[CloseAction], Body:[LOST_FIGHTS_IN_A_ROW_COUNT_DAILY_RESET - RemoveUserVariable], List:[3:TUTORIAL_SKIP,NEW_PLAYERS_IN_NEW_LOBBY,SET_DOJO_1_1,]
06-20 20:20:59.179 13883 13981 I Unity   : Frame:[496], Type:[RunAction], Body:[LOST_FIGHTS_IN_A_ROW_COUNT_DAILY_RESET - RemoveUserVariable], List:[3:TUTORIAL_SKIP,NEW_PLAYERS_IN_NEW_LOBBY,SET_DOJO_1_1,]
06-20 20:20:59.180 13883 14466 D AudioPermissionProxy: AudioPermission: getStreamVolume called, allowing
06-20 20:20:59.180 13883 14466 D AudioPermissionProxy: AudioPermission: getStreamMaxVolume called, allowing
06-20 20:20:59.181 13883 13981 I Unity   : Frame:[496], Type:[CloseAction], Body:[LOST_FIGHTS_IN_A_ROW_COUNT_DAILY_RESET - RemoveUserVariable], List:[3:TUTORIAL_SKIP,NEW_PLAYERS_IN_NEW_LOBBY,SET_DOJO_1_1,]
06-20 20:20:59.181 13883 13981 I Unity   : Frame:[496], Type:[RunAction], Body:[LOST_FIGHTS_IN_A_ROW_COUNT_DAILY_RESET - RemoveUserVariable], List:[3:TUTORIAL_SKIP,NEW_PLAYERS_IN_NEW_LOBBY,SET_DOJO_1_1,]
06-20 20:20:59.181 13883 13981 I Unity   : Frame:[496], Type:[CloseAction], Body:[LOST_FIGHTS_IN_A_ROW_COUNT_DAILY_RESET - RemoveUserVariable], List:[3:TUTORIAL_SKIP,NEW_PLAYERS_IN_NEW_LOBBY,SET_DOJO_1_1,]
06-20 20:20:59.182 13883 13981 I Unity   : Frame:[496], Type:[RunAction], Body:[LOST_FIGHTS_IN_A_ROW_COUNT_DAILY_RESET - RemoveUserVariable], List:[3:TUTORIAL_SKIP,NEW_PLAYERS_IN_NEW_LOBBY,SET_DOJO_1_1,]
06-20 20:20:59.182 13883 13981 I Unity   : Frame:[496], Type:[CloseAction], Body:[LOST_FIGHTS_IN_A_ROW_COUNT_DAILY_RESET - RemoveUserVariable], List:[3:TUTORIAL_SKIP,NEW_PLAYERS_IN_NEW_LOBBY,SET_DOJO_1_1,]
06-20 20:20:59.182 13883 13981 I Unity   : Frame:[496], Type:[RunAction], Body:[LOST_FIGHTS_IN_A_ROW_COUNT_DAILY_RESET - RemoveUserVariable], List:[3:TUTORIAL_SKIP,NEW_PLAYERS_IN_NEW_LOBBY,SET_DOJO_1_1,]
06-20 20:20:59.183 13883 13981 I Unity   : Frame:[496], Type:[CloseAction], Body:[LOST_FIGHTS_IN_A_ROW_COUNT_DAILY_RESET - RemoveUserVariable], List:[3:TUTORIAL_SKIP,NEW_PLAYERS_IN_NEW_LOBBY,SET_DOJO_1_1,]
06-20 20:20:59.183 13883 13981 I Unity   : Frame:[496], Type:[RunAction], Body:[LOST_FIGHTS_IN_A_ROW_COUNT_DAILY_RESET - RemoveUserVariable], List:[3:TUTORIAL_SKIP,NEW_PLAYERS_IN_NEW_LOBBY,SET_DOJO_1_1,]
06-20 20:20:59.183 13883 13981 I Unity   : Frame:[496], Type:[CloseAction], Body:[LOST_FIGHTS_IN_A_ROW_COUNT_DAILY_RESET - RemoveUserVariable], List:[3:TUTORIAL_SKIP,NEW_PLAYERS_IN_NEW_LOBBY,SET_DOJO_1_1,]
06-20 20:20:59.183 13883 13981 I Unity   : Frame:[496], Type:[RunAction], Body:[LOST_FIGHTS_IN_A_ROW_COUNT_DAILY_RESET - RemoveUserVariable], List:[3:TUTORIAL_SKIP,NEW_PLAYERS_IN_NEW_LOBBY,SET_DOJO_1_1,]
06-20 20:20:59.184 13883 13981 I Unity   : Frame:[496], Type:[CloseAction], Body:[LOST_FIGHTS_IN_A_ROW_COUNT_DAILY_RESET - RemoveUserVariable], List:[3:TUTORIAL_SKIP,NEW_PLAYERS_IN_NEW_LOBBY,SET_DOJO_1_1,]
06-20 20:20:59.184 13883 13981 I Unity   : Frame:[496], Type:[RunAction], Body:[LOST_FIGHTS_IN_A_ROW_COUNT_DAILY_RESET - RemoveUserVariable], List:[3:TUTORIAL_SKIP,NEW_PLAYERS_IN_NEW_LOBBY,SET_DOJO_1_1,]
06-20 20:20:59.184 13883 13981 I Unity   : Frame:[496], Type:[CloseAction], Body:[LOST_FIGHTS_IN_A_ROW_COUNT_DAILY_RESET - RemoveUserVariable], List:[3:TUTORIAL_SKIP,NEW_PLAYERS_IN_NEW_LOBBY,SET_DOJO_1_1,]
06-20 20:20:59.184 13883 13981 I Unity   : Frame:[496], Type:[RunAction], Body:[LOST_FIGHTS_IN_A_ROW_COUNT_DAILY_RESET - RemoveUserVariable], List:[3:TUTORIAL_SKIP,NEW_PLAYERS_IN_NEW_LOBBY,SET_DOJO_1_1,]
06-20 20:20:59.184 13883 13981 I Unity   : Frame:[496], Type:[CloseAction], Body:[LOST_FIGHTS_IN_A_ROW_COUNT_DAILY_RESET - RemoveUserVariable], List:[3:TUTORIAL_SKIP,NEW_PLAYERS_IN_NEW_LOBBY,SET_DOJO_1_1,]
06-20 20:20:59.184 13883 13981 I Unity   : Frame:[496], Type:[RunAction], Body:[LOST_FIGHTS_IN_A_ROW_COUNT_DAILY_RESET - RemoveUserVariable], List:[3:TUTORIAL_SKIP,NEW_PLAYERS_IN_NEW_LOBBY,SET_DOJO_1_1,]
06-20 20:20:59.185 13883 13981 I Unity   : Frame:[496], Type:[CloseAction], Body:[LOST_FIGHTS_IN_A_ROW_COUNT_DAILY_RESET - RemoveUserVariable], List:[3:TUTORIAL_SKIP,NEW_PLAYERS_IN_NEW_LOBBY,SET_DOJO_1_1,]
06-20 20:20:59.185 13883 13981 I Unity   : Frame:[496], Type:[RunAction], Body:[LOST_FIGHTS_IN_A_ROW_COUNT_DAILY_RESET - RemoveUserVariable], List:[3:TUTORIAL_SKIP,NEW_PLAYERS_IN_NEW_LOBBY,SET_DOJO_1_1,]
06-20 20:20:59.185 13883 13981 I Unity   : Frame:[496], Type:[CloseAction], Body:[LOST_FIGHTS_IN_A_ROW_COUNT_DAILY_RESET - RemoveUserVariable], List:[3:TUTORIAL_SKIP,NEW_PLAYERS_IN_NEW_LOBBY,SET_DOJO_1_1,]
06-20 20:20:59.185 13883 13981 I Unity   : Frame:[496], Type:[RunAction], Body:[LOST_FIGHTS_IN_A_ROW_COUNT_DAILY_RESET - RemoveUserVariable], List:[3:TUTORIAL_SKIP,NEW_PLAYERS_IN_NEW_LOBBY,SET_DOJO_1_1,]
06-20 20:20:59.185 13883 13990 D AdvertisingIdClient: AdvertisingIdClient already created.
06-20 20:20:59.185 13883 13981 I Unity   : Frame:[496], Type:[CloseAction], Body:[LOST_FIGHTS_IN_A_ROW_COUNT_DAILY_RESET - RemoveUserVariable], List:[3:TUTORIAL_SKIP,NEW_PLAYERS_IN_NEW_LOBBY,SET_DOJO_1_1,]
06-20 20:20:59.185 13883 13990 D AdvertisingIdClient: AdvertisingIdClient is not bounded. Starting to bind it...
06-20 20:20:59.185 13883 14456 W GooglePlayServicesUtil: com.nekki.shadowfight3 requires Google Play services, but they are missing.
06-20 20:20:59.185 13883 13981 I Unity   : Frame:[496], Type:[ListChange], Body:[Remove  - TUTORIAL_SKIP], List:[3:TUTORIAL_SKIP,NEW_PLAYERS_IN_NEW_LOBBY,SET_DOJO_1_1,]
06-20 20:20:59.185 13883 13990 W GooglePlayServicesUtil: com.nekki.shadowfight3 requires Google Play services, but they are missing.
06-20 20:20:59.185 13883 13981 I Unity   : Frame:[496], Type:[RunAction], Body:[TUTORIAL_SKIP - GoToModule], List:[2:NEW_PLAYERS_IN_NEW_LOBBY,SET_DOJO_1_1,]
06-20 20:20:59.186 13883 13961 W GooglePlayServicesUtil: com.nekki.shadowfight3 requires Google Play services, but they are missing.
06-20 20:20:59.187 13883 13990 I AdvertisingIdClient: shouldSendLog -1
06-20 20:20:59.188 13883 13990 V LevelPlaySDK: INTERNAL: UIThread: false Activity: 12097239 n4 a - isInitialized=false
06-20 20:20:59.188 13883 13990 D AdvertisingIdClient: AdvertisingIdClient already created.
06-20 20:20:59.188 13883 13961 W GoogleApiManager: The service for com.google.android.gms.internal.appset.zzd is not available: ConnectionResult{statusCode=SERVICE_MISSING, resolution=null, message=null, clientMethodKey=null}
06-20 20:20:59.188 13883 13990 D AdvertisingIdClient: AdvertisingIdClient is not bounded. Starting to bind it...
06-20 20:20:59.189 13883 13990 W GooglePlayServicesUtil: com.nekki.shadowfight3 requires Google Play services, but they are missing.
06-20 20:20:59.190 13883 13961 W GooglePlayServicesUtil: com.nekki.shadowfight3 requires Google Play services, but they are missing.
06-20 20:20:59.190 13883 13990 I AdvertisingIdClient: shouldSendLog -1
06-20 20:20:59.191 13883 13990 V LevelPlaySDK: INTERNAL: UIThread: false Activity: 12097239 n4 a - isInitialized=false
06-20 20:20:59.191 13883 14453 D AttributionSourceUtils: Fixed AttributionSource UID in method arguments
06-20 20:20:59.191 13883 14453 D ContentProviderStub: android_id intercepted (call) for top.niunaijun.blackbox -> f10ec6ad6e9ee2da
06-20 20:20:59.192 13883 13961 W GoogleApiManager: The service for com.google.android.gms.common.internal.service.zau is not available: ConnectionResult{statusCode=SERVICE_MISSING, resolution=null, message=null, clientMethodKey=null}
06-20 20:20:59.192 13883 13883 I AdvertisingIdClient: getting error as 17: API: ClientTelemetry.API is not available on this device. Connection failed with: ConnectionResult{statusCode=SERVICE_MISSING, resolution=null, message=null, clientMethodKey=null}
06-20 20:20:59.192 13883 13961 W GooglePlayServicesUtil: com.nekki.shadowfight3 requires Google Play services, but they are missing.
06-20 20:20:59.193 13883 13961 W GoogleApiManager: The service for com.google.android.gms.common.internal.service.zau is not available: ConnectionResult{statusCode=SERVICE_MISSING, resolution=null, message=null, clientMethodKey=null}
06-20 20:20:59.194 13883 13883 I AdvertisingIdClient: getting error as 17: API: ClientTelemetry.API is not available on this device. Connection failed with: ConnectionResult{statusCode=SERVICE_MISSING, resolution=null, message=null, clientMethodKey=null}
06-20 20:20:59.195 13883 14456 D AudioPermissionProxy: AudioPermission: getStreamVolume called, allowing
06-20 20:20:59.196 13883 14456 D AudioPermissionProxy: AudioPermission: getStreamMaxVolume called, allowing
06-20 20:20:59.198 13883 14456 D AttributionSourceUtils: Fixed AttributionSource UID in method arguments
06-20 20:20:59.198 13883 14453 D TransactionThrottler: Reset transaction throttler
06-20 20:20:59.199 13883 14453 D TransactionThrottler: Reset transaction throttler
06-20 20:20:59.200 13883 14456 D AttributionSourceUtils: Fixed AttributionSource UID in method arguments
06-20 20:20:59.202 13883 13894 E LoadedApk: performReceive() called targeting raw IIntentReceiver for Intent { act=android.net.conn.CONNECTIVITY_CHANGE flg=0x4200010 xflg=0x4 (has extras) }
06-20 20:20:59.204 13883 14453 D AttributionSourceUtils: Fixed AttributionSource UID in method arguments
06-20 20:20:59.204 13883 14453 D ContentProviderStub: android_id intercepted (call) for top.niunaijun.blackbox -> f10ec6ad6e9ee2da
06-20 20:20:59.208 13883 14456 D AdvertisingIdClient: AdvertisingIdClient already created.
06-20 20:20:59.209 13883 14456 D AdvertisingIdClient: AdvertisingIdClient is not bounded. Starting to bind it...
06-20 20:20:59.209 13883 14456 W GooglePlayServicesUtil: com.nekki.shadowfight3 requires Google Play services, but they are missing.
06-20 20:20:59.210 13883 14455 V LevelPlaySDK: EVENT: UIThread: false Activity: 12097239 l3 b.run - {"eventId":14
06-20 20:20:59.210 13883 14455 V LevelPlaySDK: EVENT: "timestamp":1781967059207
06-20 20:20:59.210 13883 14455 V LevelPlaySDK: EVENT: "provider":"Mediation"
06-20 20:20:59.210 13883 14455 V LevelPlaySDK: EVENT: "ext1":"
06-20 20:20:59.210 13883 14455 V LevelPlaySDK: EVENT: cachedUserAgent=false"
06-20 20:20:59.210 13883 14455 V LevelPlaySDK: EVENT: "sessionDepth":1
06-20 20:20:59.210 13883 14455 V LevelPlaySDK: EVENT: "isMultipleAdUnits":1
06-20 20:20:59.210 13883 14455 V LevelPlaySDK: EVENT: "euid":"a2f7700d-167e-4fb8-a2da-d14b545a644c"
06-20 20:20:59.210 13883 14455 V LevelPlaySDK: EVENT: "esat":1
06-20 20:20:59.210 13883 14455 V LevelPlaySDK: EVENT: "eventSessionId":"fa6a8025-a288-46f3-9342-46564dc70fef"
06-20 20:20:59.210 13883 14455 V LevelPlaySDK: EVENT: "essn":1
06-20 20:20:59.210 13883 14455 V LevelPlaySDK: EVENT: "connectionType":"wifi"
06-20 20:20:59.210 13883 14455 V LevelPlaySDK: EVENT: "rawConnectionType":"NETWORK_TYPE_WIFI"
06-20 20:20:59.210 13883 14455 V LevelPlaySDK: EVENT: "firstSessionTimestamp":1781967059127}}
06-20 20:20:59.210 13883 14456 I AdvertisingIdClient: shouldSendLog -1
06-20 20:20:59.211 13883 13961 W GooglePlayServicesUtil: com.nekki.shadowfight3 requires Google Play services, but they are missing.
06-20 20:20:59.211 13883 14456 V LevelPlaySDK: INTERNAL: UIThread: false Activity: 12097239 n4 a - isInitialized=false
06-20 20:20:59.211 13883 14456 I LevelPlaySDK: INTERNAL: using custom identifier
06-20 20:20:59.212 13883 13961 W GoogleApiManager: The service for com.google.android.gms.common.internal.service.zau is not available: ConnectionResult{statusCode=SERVICE_MISSING, resolution=null, message=null, clientMethodKey=null}
06-20 20:20:59.213 13883 13883 I AdvertisingIdClient: getting error as 17: API: ClientTelemetry.API is not available on this device. Connection failed with: ConnectionResult{statusCode=SERVICE_MISSING, resolution=null, message=null, clientMethodKey=null}
06-20 20:20:59.213 13883 14456 I LevelPlaySDK: API: LevelPlay getSdkVersion
06-20 20:20:59.218 13883 14455 V LevelPlaySDK: EVENT: UIThread: false Activity: 12097239 l3 b.run - {"eventId":65
06-20 20:20:59.218 13883 14455 V LevelPlaySDK: EVENT: "timestamp":1781967059211
06-20 20:20:59.218 13883 14455 V LevelPlaySDK: EVENT: "provider":"Mediation"
06-20 20:20:59.218 13883 14455 V LevelPlaySDK: EVENT: "euid":"88b13221-a7dd-4ea8-9793-1c31cb12d487"
06-20 20:20:59.218 13883 14455 V LevelPlaySDK: EVENT: "esat":1
06-20 20:20:59.218 13883 14455 V LevelPlaySDK: EVENT: "eventSessionId":"fa6a8025-a288-46f3-9342-46564dc70fef"
06-20 20:20:59.218 13883 14455 V LevelPlaySDK: EVENT: "essn":1
06-20 20:20:59.218 13883 14455 V LevelPlaySDK: EVENT: "connectionType":"wifi"
06-20 20:20:59.218 13883 14455 V LevelPlaySDK: EVENT: "rawConnectionType":"NETWORK_TYPE_WIFI"
06-20 20:20:59.218 13883 14455 V LevelPlaySDK: EVENT: "firstSessionTimestamp":1781967059127}}
06-20 20:20:59.219 13883 14456 I LevelPlaySDK: API: LevelPlay getSdkVersion
06-20 20:20:59.221 13883 13990 D AdvertisingIdClient: AdvertisingIdClient already created.
06-20 20:20:59.221 13883 13990 D AdvertisingIdClient: AdvertisingIdClient is not bounded. Starting to bind it...
06-20 20:20:59.221 13883 13990 W GooglePlayServicesUtil: com.nekki.shadowfight3 requires Google Play services, but they are missing.
06-20 20:20:59.221 13883 13961 W GooglePlayServicesUtil: com.nekki.shadowfight3 requires Google Play services, but they are missing.
06-20 20:20:59.221 13883 14456 W GooglePlayServicesUtil: com.nekki.shadowfight3 requires Google Play services, but they are missing.
06-20 20:20:59.222 13883 13981 I Unity   : Frame:[496], Type:[ThrowEvent], Body:[Event: Type: PreSceneChange | Data: [key:ModuleFrom, value:None] [key:TabFrom, value:] [key:ModuleTo, value:CharacterCreator] [key:TabTo, value:] 
06-20 20:20:59.222 13883 13981 I Unity   :  HasTrigger: False QueueCount: 2 - ], List:[2:NEW_PLAYERS_IN_NEW_LOBBY,SET_DOJO_1_1,]
06-20 20:20:59.222 13883 13981 I Unity   : Frame:[496], Type:[ListChange], Body:[Add  - SESSION_CHECK_PENDING_QUICK_ACTIONS], List:[2:NEW_PLAYERS_IN_NEW_LOBBY,SET_DOJO_1_1,]
06-20 20:20:59.223 13883 13981 I Unity   : Frame:[496], Type:[ListChange], Body:[Add  - SESSION_CHECK_RICH_NOTIFICATION_TRANSITION], List:[3:SESSION_CHECK_PENDING_QUICK_ACTIONS,SET_DOJO_1_1,NEW_PLAYERS_IN_NEW_LOBBY,]
06-20 20:20:59.223 13883 13981 I Unity   : Frame:[496], Type:[ListChange], Body:[Add  - SESSION_START_SPHINX], List:[4:SESSION_CHECK_PENDING_QUICK_ACTIONS,SESSION_CHECK_RICH_NOTIFICATION_TRANSITION,SET_DOJO_1_1,NEW_PLAYERS_IN_NEW_LOBBY,]
06-20 20:20:59.223 13883 13990 I AdvertisingIdClient: shouldSendLog -1
06-20 20:20:59.224 13883 13961 W GoogleApiManager: The service for com.google.android.gms.internal.appset.zzd is not available: ConnectionResult{statusCode=SERVICE_MISSING, resolution=null, message=null, clientMethodKey=null}
06-20 20:20:59.224 13883 13990 V LevelPlaySDK: INTERNAL: UIThread: false Activity: 12097239 n4 a - isInitialized=false
06-20 20:20:59.224 13883 13990 D AdvertisingIdClient: AdvertisingIdClient already created.
06-20 20:20:59.224 13883 13990 D AdvertisingIdClient: AdvertisingIdClient is not bounded. Starting to bind it...
06-20 20:20:59.224 13883 13961 W GooglePlayServicesUtil: com.nekki.shadowfight3 requires Google Play services, but they are missing.
06-20 20:20:59.224 13883 13990 W GooglePlayServicesUtil: com.nekki.shadowfight3 requires Google Play services, but they are missing.
06-20 20:20:59.226 13883 13990 I AdvertisingIdClient: shouldSendLog -1
06-20 20:20:59.226 13883 13961 W GoogleApiManager: The service for com.google.android.gms.common.internal.service.zau is not available: ConnectionResult{statusCode=SERVICE_MISSING, resolution=null, message=null, clientMethodKey=null}
06-20 20:20:59.226 13883 13883 I AdvertisingIdClient: getting error as 17: API: ClientTelemetry.API is not available on this device. Connection failed with: ConnectionResult{statusCode=SERVICE_MISSING, resolution=null, message=null, clientMethodKey=null}
06-20 20:20:59.226 13883 14453 I IronSource AdQuality: AdQualitySDK: Your ISAdQuality SDK user ID is: 6ac27511-f3c5-4630-b238-1ad4778c4fd8
06-20 20:20:59.226 13883 13961 W GooglePlayServicesUtil: com.nekki.shadowfight3 requires Google Play services, but they are missing.
06-20 20:20:59.226 13883 13990 V LevelPlaySDK: INTERNAL: UIThread: false Activity: 12097239 n4 a - isInitialized=false
06-20 20:20:59.227 13883 14456 D AudioPermissionProxy: AudioPermission: getStreamVolume called, allowing
06-20 20:20:59.227 13883 13981 I Unity   : Frame:[496], Type:[ThrowEvent], Body:[Event: Type: SessionStart | Data: 
06-20 20:20:59.227 13883 13981 I Unity   :  HasTrigger: True QueueCount: 5 - ], List:[5:SESSION_START_SPHINX,SESSION_CHECK_PENDING_QUICK_ACTIONS,SESSION_CHECK_RICH_NOTIFICATION_TRANSITION,SET_DOJO_1_1,NEW_PLAYERS_IN_NEW_LOBBY,]
06-20 20:20:59.227 13883 14456 D AudioPermissionProxy: AudioPermission: getStreamMaxVolume called, allowing
06-20 20:20:59.227 13883 13961 W GoogleApiManager: The service for com.google.android.gms.common.internal.service.zau is not available: ConnectionResult{statusCode=SERVICE_MISSING, resolution=null, message=null, clientMethodKey=null}
06-20 20:20:59.228 13883 13883 I AdvertisingIdClient: getting error as 17: API: ClientTelemetry.API is not available on this device. Connection failed with: ConnectionResult{statusCode=SERVICE_MISSING, resolution=null, message=null, clientMethodKey=null}
06-20 20:20:59.232 13883 13981 I Unity   : Module opened: [CharacterCreatorIntentModule]|[Time:11.66892; MonoHeapSize:199.2734; MonoUsedSize:129.4844; TempAllocator:4; TotalAllocatedMemory:178.5065; TotalReservedMemory:249.9844; TotalUnusedReservedMemory:71.47787; usedHeapSize:178.5065;]
06-20 20:20:59.234 13883 13981 I Unity   : Unloading unused triggers. Splits unloaded - 0 ],  left - 
06-20 20:20:59.234 13883 13981 I Unity   : 0 ]
06-20 20:20:59.241 13883 14453 D TransactionThrottler: Reset transaction throttler
06-20 20:20:59.241 13883 14453 D TransactionThrottler: Reset transaction throttler
06-20 20:20:59.243 13883 13894 E LoadedApk: performReceive() called targeting raw IIntentReceiver for Intent { act=android.intent.action.BATTERY_CHANGED flg=0x60000010 (has extras) }
06-20 20:20:59.271 13883 13981 I Unity   : [BOGDEHCNHOF]; Logs folder: [/storage/emulated/0/Android/data/top.niunaijun.blackbox/files/blackbox/storage/emulated/0/Android/data/com.nekki.shadowfight3/files/gamedata/Logs]; Available drive space: 6723MB; Limit space: 50MB
06-20 20:20:59.291 13883 13981 I Unity   : [EmulatorDetector] isEmulator: false
06-20 20:20:59.291 13883 13981 I Unity   : Initialization completed
06-20 20:20:59.293 13883 13981 I Unity   : C#: Handle Connect Success
06-20 20:20:59.293 13883 14480 D AudioPermissionProxy: AudioPermission: getStreamVolume called, allowing
06-20 20:20:59.294 13883 14480 D AudioPermissionProxy: AudioPermission: getStreamMaxVolume called, allowing
06-20 20:20:59.298 13883 14480 D AudioPermissionProxy: AudioPermission: getStreamVolume called, allowing
06-20 20:20:59.304 13883 14480 D AudioPermissionProxy: AudioPermission: getStreamMaxVolume called, allowing
06-20 20:20:59.350 13883 13981 W Unity   : AndroidJNIHelper.GetSignature: using Byte parameters is obsolete, use SByte parameters instead
06-20 20:20:59.351 13883 13981 W Unity   : AndroidJNIHelper: converting from Byte array is obsolete, use SByte array instead
06-20 20:20:59.358 13883 13981 I Unity   : Clearing cache. Entries: 32
06-20 20:20:59.376 13883 13883 E IronSource AdQuality: RemoteConfig: Error getting config from server: -1
06-20 20:20:59.443 13883 14456 V LevelPlaySDK: INTERNAL: UIThread: false Activity: 12097239 n4 a - isInitialized=false
06-20 20:20:59.443 13883 14456 E LevelPlaySDK: INTERNAL: e7 a - exception while sending request Failed to connect to i-sdk.mediation.unity3d.com/0.0.0.0:443
06-20 20:20:59.443 13883 14456 W LevelPlaySDK: INTERNAL: Qe a - HTTP init request failed: Exception - Failed to connect to i-sdk.mediation.unity3d.com/0.0.0.0:443
06-20 20:20:59.443 13883 14456 V LevelPlaySDK: INTERNAL: UIThread: false Activity: 12097239 Null or invalid response. Trying to get cached response
06-20 20:20:59.444 13883 14456 I LevelPlaySDK: API: Mediation availability false reason: SdkError(errorCode=2070, errorMessage=Exception - Failed to connect to i-sdk.mediation.unity3d.com/0.0.0.0:443)
06-20 20:20:59.446 13883 13883 I LevelPlaySDK: CALLBACK: tb a - LevelPlayInitListener.LevelPlayInitError() error: SdkError(errorCode=2070, errorMessage=Exception - Failed to connect to i-sdk.mediation.unity3d.com/0.0.0.0:443)
06-20 20:20:59.447 13883 14455 V LevelPlaySDK: EVENT: UIThread: false Activity: 12097239 l3 b.run - {"eventId":515
06-20 20:20:59.447 13883 14455 V LevelPlaySDK: EVENT: "timestamp":1781967059445
06-20 20:20:59.447 13883 14455 V LevelPlaySDK: EVENT: "provider":"Mediation"
06-20 20:20:59.447 13883 14455 V LevelPlaySDK: EVENT: "errorCode":2070
06-20 20:20:59.447 13883 14455 V LevelPlaySDK: EVENT: "reason":"Exception - Failed to connect to i-sdk.mediation.unity3d.com\/0.0.0.0:443"
06-20 20:20:59.447 13883 14455 V LevelPlaySDK: EVENT: "isMultipleAdUnits":1
06-20 20:20:59.447 13883 14455 V LevelPlaySDK: EVENT: "duration":325
06-20 20:20:59.447 13883 14455 V LevelPlaySDK: EVENT: "euid":"39c7ed71-6180-4569-a156-fa5a3ddb4a3c"
06-20 20:20:59.447 13883 14455 V LevelPlaySDK: EVENT: "esat":1
06-20 20:20:59.447 13883 14455 V LevelPlaySDK: EVENT: "eventSessionId":"fa6a8025-a288-46f3-9342-46564dc70fef"
06-20 20:20:59.447 13883 14455 V LevelPlaySDK: EVENT: "essn":1
06-20 20:20:59.447 13883 14455 V LevelPlaySDK: EVENT: "connectionType":"wifi"
06-20 20:20:59.447 13883 14455 V LevelPlaySDK: EVENT: "rawConnectionType":"NETWORK_TYPE_WIFI"
06-20 20:20:59.447 13883 14455 V LevelPlaySDK: EVENT: "firstSessionTimestamp":1781967059127}}
06-20 20:20:59.554 13883 13981 I Unity   : [LevelPlayHandler] SDK initialization failed. Message: noServerResponse. ErrorCode: 2070
06-20 20:20:59.627 13883 13981 W Unity   : [IBDPJFMKJMM] ExecuteRequest HTTP/1.1 404 Not Found
06-20 20:20:59.627 13883 13981 W Unity   : Bundle not found, bundleName: 1691038791, bundlePath: /storage/emulated/0/Android/data/top.niunaijun.blackbox/files/blackbox/storage/emulated/0/Android/data/com.nekki.shadowfight3/files/gamedata/Resources/Bundles/49c106143b9311ea2228c7e72cb79abb
06-20 20:20:59.682 13883 13981 I Unity   : [GPGv2Support] !!!-> False || False
06-20 20:20:59.691 13883 13981 I Unity   : NativeScreenTexture: Clear; from=[reloadTexture]; delayed=[False]; callers=[0]
06-20 20:20:59.703 13883 13981 I Unity   : C#: HandleSetUserIDSuccess
06-20 20:20:59.810 13883 13981 I Unity   : Current camera aspect [_16X9]
06-20 20:20:59.813 13883 13981 I Unity   : [NCJAHEJBHAN]; Load location [dojo_inventory/dojo_inventory] at position [(34.70, 26.00, -43.82)]
06-20 20:20:59.949 13883 13981 I Unity   : Load moves for [PLAYER]
06-20 20:20:59.951 13883 13981 I Unity   : Load battle triggers by locks
06-20 20:20:59.958 13883 13981 I Unity   : Load triggers by locks. Loaded splits=[1]
06-20 20:21:00.020 13883 13981 I Unity   : FakeCursorInput. initialized: True
06-20 20:21:00.022 13883 13981 I Unity   : InputModuleManager initialized
06-20 20:21:00.028 13883 13883 I BLASTBufferQueue_Java: update, w= 1340 h= 800 mName = VRI[NekkiNativeActivity]@1d2240a mNativeObject= 0x778e245b50 sc.mNativeObject= 0x772e216310 format= -3 caller= android.view.ViewRootImpl.updateBlastSurfaceIfNeeded:3574 android.view.ViewRootImpl.relayoutWindow:11685 android.view.ViewRootImpl.performTraversals:4804 android.view.ViewRootImpl.doTraversal:3924 android.view.ViewRootImpl$TraversalRunnable.run:12903 android.view.Choreographer$CallbackRecord.run:1901 
06-20 20:21:00.028 13883 13883 I VRI[NekkiNativeActivity]@1d2240a: Relayout returned: old=(0,0,1340,800) new=(0,0,1340,800) relayoutAsync=true req=(1340,800)0 dur=0 res=0x0 s={true 0x775e256e60} ch=false seqId=0
06-20 20:21:00.028 13883 13883 I VRI[NekkiNativeActivity]@1d2240a: updateBoundsLayer: t=android.view.SurfaceControl$Transaction@2455a0a sc=Surface(name=Bounds for - com.nekki.shadowfight3/com.nekki.unityplugins.NekkiNativeActivity@0)/@0x6b2927b frame=7
06-20 20:21:00.029 13883 13883 I VRI[NekkiNativeActivity]@1d2240a: registerCallbackForPendingTransactions
06-20 20:21:00.029 13883 13993 I VRI[NekkiNativeActivity]@1d2240a: mWNT: t=0x779e34b050 mBlastBufferQueue=0x778e245b50 fn= 7 HdrRenderState mRenderHdrSdrRatio=1.0 caller= android.view.ViewRootImpl$10.onFrameDraw:6536 android.view.ViewRootImpl$4.onFrameDraw:2489 android.view.ThreadedRenderer$1.onFrameDraw:718 
06-20 20:21:00.036 13883 13981 I Unity   : Frame:[504], Type:[CloseAction], Body:[TUTORIAL_SKIP - GoToModule], List:[5:SESSION_START_SPHINX,SESSION_CHECK_PENDING_QUICK_ACTIONS,SESSION_CHECK_RICH_NOTIFICATION_TRANSITION,SET_DOJO_1_1,NEW_PLAYERS_IN_NEW_LOBBY,]
06-20 20:21:00.036 13883 13981 I Unity   : Frame:[504], Type:[RunAction], Body:[TUTORIAL_SKIP - SetUserVariable], List:[5:SESSION_START_SPHINX,SESSION_CHECK_PENDING_QUICK_ACTIONS,SESSION_CHECK_RICH_NOTIFICATION_TRANSITION,SET_DOJO_1_1,NEW_PLAYERS_IN_NEW_LOBBY,]
06-20 20:21:00.036 13883 13981 I Unity   : Frame:[504], Type:[CloseAction], Body:[TUTORIAL_SKIP - SetUserVariable], List:[5:SESSION_START_SPHINX,SESSION_CHECK_PENDING_QUICK_ACTIONS,SESSION_CHECK_RICH_NOTIFICATION_TRANSITION,SET_DOJO_1_1,NEW_PLAYERS_IN_NEW_LOBBY,]
06-20 20:21:00.037 13883 13981 I Unity   : Frame:[504], Type:[RunAction], Body:[TUTORIAL_SKIP - Call], List:[5:SESSION_START_SPHINX,SESSION_CHECK_PENDING_QUICK_ACTIONS,SESSION_CHECK_RICH_NOTIFICATION_TRANSITION,SET_DOJO_1_1,NEW_PLAYERS_IN_NEW_LOBBY,]
06-20 20:21:00.041 13883 13981 I Unity   : Frame:[504], Type:[ListChange], Body:[Add  - BUNDLE_PUSH_GENERAL], List:[5:SESSION_START_SPHINX,SESSION_CHECK_PENDING_QUICK_ACTIONS,SESSION_CHECK_RICH_NOTIFICATION_TRANSITION,SET_DOJO_1_1,NEW_PLAYERS_IN_NEW_LOBBY,]
06-20 20:21:00.043 13883 13981 I Unity   : Frame:[504], Type:[ThrowEvent], Body:[Event: Type: Call | Data: [key:CallData, value:BUNDLE_PUSH] 
06-20 20:21:00.043 13883 13981 I Unity   :  HasTrigger: True QueueCount: 6 - ], List:[6:SESSION_START_SPHINX,BUNDLE_PUSH_GENERAL,SESSION_CHECK_PENDING_QUICK_ACTIONS,SESSION_CHECK_RICH_NOTIFICATION_TRANSITION,SET_DOJO_1_1,NEW_PLAYERS_IN_NEW_LOBBY,]
06-20 20:21:00.043 13883 13981 I Unity   : Frame:[504], Type:[CloseAction], Body:[TUTORIAL_SKIP - Call], List:[6:SESSION_START_SPHINX,BUNDLE_PUSH_GENERAL,SESSION_CHECK_PENDING_QUICK_ACTIONS,SESSION_CHECK_RICH_NOTIFICATION_TRANSITION,SET_DOJO_1_1,NEW_PLAYERS_IN_NEW_LOBBY,]
06-20 20:21:00.043 13883 13981 I Unity   : Frame:[504], Type:[ListChange], Body:[Remove  - SESSION_START_SPHINX], List:[6:SESSION_START_SPHINX,BUNDLE_PUSH_GENERAL,SESSION_CHECK_PENDING_QUICK_ACTIONS,SESSION_CHECK_RICH_NOTIFICATION_TRANSITION,SET_DOJO_1_1,NEW_PLAYERS_IN_NEW_LOBBY,]
06-20 20:21:00.044 13883 13981 I Unity   : Frame:[504], Type:[RunAction], Body:[SESSION_START_SPHINX - Sphinx], List:[5:BUNDLE_PUSH_GENERAL,SESSION_CHECK_PENDING_QUICK_ACTIONS,SESSION_CHECK_RICH_NOTIFICATION_TRANSITION,SET_DOJO_1_1,NEW_PLAYERS_IN_NEW_LOBBY,]
06-20 20:21:00.044 13883 13981 I Unity   : Frame:[504], Type:[CloseAction], Body:[SESSION_START_SPHINX - Sphinx], List:[5:BUNDLE_PUSH_GENERAL,SESSION_CHECK_PENDING_QUICK_ACTIONS,SESSION_CHECK_RICH_NOTIFICATION_TRANSITION,SET_DOJO_1_1,NEW_PLAYERS_IN_NEW_LOBBY,]
06-20 20:21:00.044 13883 13981 I Unity   : Frame:[504], Type:[ListChange], Body:[Remove  - BUNDLE_PUSH_GENERAL], List:[5:BUNDLE_PUSH_GENERAL,SESSION_CHECK_PENDING_QUICK_ACTIONS,SESSION_CHECK_RICH_NOTIFICATION_TRANSITION,SET_DOJO_1_1,NEW_PLAYERS_IN_NEW_LOBBY,]
06-20 20:21:00.045 13883 13981 I Unity   : Frame:[504], Type:[RunAction], Body:[BUNDLE_PUSH_GENERAL - SendPush], List:[4:SESSION_CHECK_PENDING_QUICK_ACTIONS,SESSION_CHECK_RICH_NOTIFICATION_TRANSITION,SET_DOJO_1_1,NEW_PLAYERS_IN_NEW_LOBBY,]
06-20 20:21:00.048 13883 14444 D TransactionThrottler: Reset transaction throttler
06-20 20:21:00.049 13883 13981 I Unity   : Frame:[504], Type:[CloseAction], Body:[BUNDLE_PUSH_GENERAL - SendPush], List:[4:SESSION_CHECK_PENDING_QUICK_ACTIONS,SESSION_CHECK_RICH_NOTIFICATION_TRANSITION,SET_DOJO_1_1,NEW_PLAYERS_IN_NEW_LOBBY,]
06-20 20:21:00.049 13883 13981 I Unity   : Frame:[504], Type:[RunAction], Body:[BUNDLE_PUSH_GENERAL - SetUserVariable], List:[4:SESSION_CHECK_PENDING_QUICK_ACTIONS,SESSION_CHECK_RICH_NOTIFICATION_TRANSITION,SET_DOJO_1_1,NEW_PLAYERS_IN_NEW_LOBBY,]
06-20 20:21:00.050 13883 13981 I Unity   : Frame:[504], Type:[CloseAction], Body:[BUNDLE_PUSH_GENERAL - SetUserVariable], List:[4:SESSION_CHECK_PENDING_QUICK_ACTIONS,SESSION_CHECK_RICH_NOTIFICATION_TRANSITION,SET_DOJO_1_1,NEW_PLAYERS_IN_NEW_LOBBY,]
06-20 20:21:00.050 13883 13981 I Unity   : Frame:[504], Type:[ListChange], Body:[Remove  - SESSION_CHECK_PENDING_QUICK_ACTIONS], List:[4:SESSION_CHECK_PENDING_QUICK_ACTIONS,SESSION_CHECK_RICH_NOTIFICATION_TRANSITION,SET_DOJO_1_1,NEW_PLAYERS_IN_NEW_LOBBY,]
06-20 20:21:00.050 13883 13981 I Unity   : Frame:[504], Type:[RunAction], Body:[SESSION_CHECK_PENDING_QUICK_ACTIONS - InitQuickActionsHandler], List:[3:SESSION_CHECK_RICH_NOTIFICATION_TRANSITION,SET_DOJO_1_1,NEW_PLAYERS_IN_NEW_LOBBY,]
06-20 20:21:00.050 13883 13981 I Unity   : Frame:[504], Type:[CloseAction], Body:[SESSION_CHECK_PENDING_QUICK_ACTIONS - InitQuickActionsHandler], List:[3:SESSION_CHECK_RICH_NOTIFICATION_TRANSITION,SET_DOJO_1_1,NEW_PLAYERS_IN_NEW_LOBBY,]
06-20 20:21:00.051 13883 13981 I Unity   : Frame:[504], Type:[ListChange], Body:[Remove  - SESSION_CHECK_RICH_NOTIFICATION_TRANSITION], List:[3:SESSION_CHECK_RICH_NOTIFICATION_TRANSITION,SET_DOJO_1_1,NEW_PLAYERS_IN_NEW_LOBBY,]
06-20 20:21:00.051 13883 13981 I Unity   : Frame:[504], Type:[RunAction], Body:[SESSION_CHECK_RICH_NOTIFICATION_TRANSITION - InitRichNotificationsHandler], List:[2:SET_DOJO_1_1,NEW_PLAYERS_IN_NEW_LOBBY,]
06-20 20:21:00.052 13883 13981 I Unity   : Frame:[504], Type:[CloseAction], Body:[SESSION_CHECK_RICH_NOTIFICATION_TRANSITION - InitRichNotificationsHandler], List:[2:SET_DOJO_1_1,NEW_PLAYERS_IN_NEW_LOBBY,]
06-20 20:21:00.053 13883 13981 I Unity   : Frame:[504], Type:[ListChange], Body:[Remove  - SET_DOJO_1_1], List:[2:SET_DOJO_1_1,NEW_PLAYERS_IN_NEW_LOBBY,]
06-20 20:21:00.053 13883 13981 I Unity   : Frame:[504], Type:[RunAction], Body:[SET_DOJO_1_1 - SetDojo], List:[1:NEW_PLAYERS_IN_NEW_LOBBY,]
06-20 20:21:00.053 13883 13981 I Unity   : Frame:[504], Type:[CloseAction], Body:[SET_DOJO_1_1 - SetDojo], List:[1:NEW_PLAYERS_IN_NEW_LOBBY,]
06-20 20:21:00.053 13883 13981 I Unity   : Frame:[504], Type:[ListChange], Body:[Remove  - NEW_PLAYERS_IN_NEW_LOBBY], List:[1:NEW_PLAYERS_IN_NEW_LOBBY,]
06-20 20:21:00.054 13883 13981 I Unity   : Frame:[504], Type:[RunAction], Body:[NEW_PLAYERS_IN_NEW_LOBBY - SetUserVariable], List:[0:]
06-20 20:21:00.054 13883 13981 I Unity   : Frame:[504], Type:[CloseAction], Body:[NEW_PLAYERS_IN_NEW_LOBBY - SetUserVariable], List:[0:]
06-20 20:21:00.054 13883 14444 D TransactionThrottler: Reset transaction throttler
06-20 20:21:00.057 13883 14444 D TransactionThrottler: Reset transaction throttler
06-20 20:21:00.064 13883 14444 D TransactionThrottler: Reset transaction throttler
06-20 20:21:00.067 13883 14444 D TransactionThrottler: Reset transaction throttler
06-20 20:21:00.646 13883 13981 I Unity   : Frame:[535], Type:[ThrowEvent], Body:[Event: Type: PostSceneChange | Data: [key:ModuleFrom, value:None] [key:TabFrom, value:] [key:ModuleTo, value:CharacterCreator] [key:TabTo, value:] 
06-20 20:21:00.646 13883 13981 I Unity   :  HasTrigger: False QueueCount: 0 - ], List:[0:]
06-20 20:21:02.248 13883 13883 I Unity   : [ISAdQualityHandler] Init failed: CONFIG_LOAD_TIMEOUT, message: ISAdQuality SDK config load timeout
06-20 20:21:02.341 13883 13895 W jun.blackbox:p0: Couldn't lock the profile file /data/misc/profiles/cur/0/com.nekki.shadowfight3/primary.prof: Failed to open file '/data/misc/profiles/cur/0/com.nekki.shadowfight3/primary.prof': Permission denied
06-20 20:21:02.341 13883 13895 W jun.blackbox:p0: Could not forcefully load profile /data/misc/profiles/cur/0/com.nekki.shadowfight3/primary.prof
06-20 20:21:04.391 13883 13883 E IronSource AdQuality: RemoteConfig: Error getting config from server: -1
06-20 20:21:09.411 13883 13883 E IronSource AdQuality: RemoteConfig: Error getting config from server: -1
06-20 20:21:14.435 13883 13883 E IronSource AdQuality: RemoteConfig: Error getting config from server: -1
06-20 20:21:14.652 13883 13883 I VRI[NekkiNativeActivity]@1d2240a: ViewPostIme pointer 0
06-20 20:21:14.652 13883 13883 I VRI[NekkiNativeActivity]@1d2240a: call setFrameRateCategory for touch hint category=high hint, reason=touch, vri=VRI[NekkiNativeActivity]@1d2240a
06-20 20:21:14.684 13883 13883 I VRI[NekkiNativeActivity]@1d2240a: ViewPostIme pointer 1
06-20 20:21:14.710 13883 13981 I Unity   : NativeScreenTexture: SetTexture; caller=[EnterNameDialog]; layer=[991] camera=[Both]; filter=[Blur]; current callers=[empty]
06-20 20:21:14.711 13883 13981 I Unity   : NativeScreenTexture: TakeScreenshot; autoSet=[True]; camera=[Both]; filter=[Blur]
06-20 20:21:14.718 13883 13981 W Settings: Setting animator_duration_scale has moved from android.provider.Settings.System to android.provider.Settings.Global, returning read-only value.
06-20 20:21:14.718 13883 13981 D AttributionSourceUtils: Fixed AttributionSource UID in method arguments
06-20 20:21:14.740 13883 13883 D CompatChangeReporter: Compat change id reported: 37756858; UID 10002; state: ENABLED
06-20 20:21:14.743 13883 13883 D AttributionSourceUtils: Fixed AttributionSource UID in method arguments
06-20 20:21:14.751 13883 13883 I Dialog  : mIsDeviceDefault = false, mIsSamsungBasicInteraction = false, isMetaDataInActivity = false
06-20 20:21:14.765 13883 13883 I DecorView: setWindowBackground: isPopOver=false color=0 d=android.graphics.drawable.ColorDrawable@729a69b
06-20 20:21:14.768 13883 13883 I WindowManager: WindowManagerGlobal#addView, ty=2, view=com.android.internal.policy.DecorView{a6c4e13 V.E...... R.....I. 0,0-0,0}[NekkiNativeActivity], caller=android.view.WindowManagerImpl.addView:158 android.app.Dialog.show:540 com.unity3d.player.D.a:362 
06-20 20:21:14.769 13883 13883 I ViewRootImpl: dVRR is disabled
06-20 20:21:14.769 13883 13965 D NativeCustomFrequencyManager: [NativeCFMS] BpCustomFrequencyManager::BpCustomFrequencyManager()
06-20 20:21:14.782 13883 13883 D InputTransport: Input channel constructed: 'b17ac9f', fd=391
06-20 20:21:14.784 13883 13883 I InsetsController: onStateChanged: host=com.nekki.shadowfight3/com.nekki.unityplugins.NekkiNativeActivity, from=android.view.ViewRootImpl.onInsetsStateChanged:3026, state=InsetsState: {mDisplayFrame=Rect(0, 0 - 1340, 800), mDisplayCutout=DisplayCutout{insets=Rect(0, 0 - 0, 0) waterfall=Insets{left=0, top=0, right=0, bottom=0} boundingRect={Bounds=[Rect(0, 0 - 0, 0), Rect(0, 0 - 0, 0), Rect(0, 0 - 0, 0), Rect(0, 0 - 0, 0)]} cutoutPathParserInfo={CutoutPathParserInfo{displayWidth=0 displayHeight=0 physicalDisplayWidth=0 physicalDisplayHeight=0 density={0.0} cutoutSpec={} rotation={0} scale={0.0} physicalPixelDisplaySizeRatio={0.0}}} sideOverrides=null}, mRoundedCorners=RoundedCorners{[RoundedCorner{position=TopLeft, radius=9, center=Point(9, 9)}, RoundedCorner{position=TopRight, radius=9, center=Point(1331, 9)}, RoundedCorner{position=BottomRight, radius=9, center=Point(1331, 791)}, RoundedCorner{position=BottomLeft, radius=9, center=Point(9, 791)}]}  mRoundedCornerFrame=Rect(0, 0 - 1340, 800), mPrivacyIndicatorBounds=PrivacyIndicatorBounds {static bounds=Rect(1282, 0 - 1340, 39) rotation=1}, mDisplayShape=DisplayShape{ spec=-311912193 displayWidth=800 displayHeight=1340 physicalPixelDisplaySizeRatio=1.0 rotation=1 offsetX=0 offsetY=0 scale=1.0}, mSources= { InsetsSource: {887e0000 mType=statusBars mFrame=[0,0][1340,39] mVisible=false mFlags= mSideHint=TOP mBoundingRects=null}, InsetsSource: {887e0005 mType=mandatorySystemGestures mFrame=[0,0][1340,39] mVisible=true mFlags= mSideHint=TOP mBoundingRects=null}, InsetsSource: {887e0006 mType=tappableElement mFrame=[0,0][1340,39] mVisible=true mFlags= mSideHint=TOP mBoundingRects=null}, InsetsSource: {3 mType=ime mFrame=[0,0][0,0] mVisible=false mFlags= mSideHint=NONE mBoundingRects=null}, InsetsSource: {292c0001 mType=navigationBars mFrame=[0,737][1340,800] mVisible=false mFlags= mSideHint=BOTTOM mBoundingRects=null}, InsetsSource: {292c0004 mType=systemGestures mFrame=[0,0][0,0] mVisible=true mFlags= mSideHint=NONE mBoundingRects=null}, InsetsSource: {292c0005 mType=mandatorySystemGestures mFrame=[0,737][1340,800] mVisible=true mFlags= mSideHint=BOTTOM mBoundingRects=null}, InsetsSource: {292c0006 mType=tappableElement mFrame=[0,737][1340,800] mVisible=true mFlags= mSideHint=BOTTOM mBoundingRects=null}, InsetsSource: {292c0024 mType=systemGestures mFrame=[0,0][0,0] mVisible=true mFlags= mSideHint=NONE mBoundingRects=null} }
06-20 20:21:14.785 13883 13883 I VRI[NekkiNativeActivity]@5993850: synced displayState. AttachInfo displayState=2
06-20 20:21:14.785 13883 13883 D InputTransport: setImprovementEvent.. GameApp 1 1  179.759  179.759 2003436.750 2002.020 1415.428
06-20 20:21:14.787 13883 13883 I VRI[NekkiNativeActivity]@5993850: setView = com.android.internal.policy.DecorView@a6c4e13 IsHRR=false mFlingFrameRateChange=0 TM=true
06-20 20:21:14.792 13883 13965 D HWUI    : HWUI - treat SMPTE_170M as sRGB
06-20 20:21:14.811 13883 13883 D BufferQueueConsumer: [](id:363b00000002,api:0,p:-1,c:13883) connect: controlledByApp=false
06-20 20:21:14.812 13883 13883 D BLASTBufferQueue: [VRI[NekkiNativeActivity]@5993850#2](f:0,a:0) constructor()
06-20 20:21:14.812 13883 13883 I BLASTBufferQueue_Java: new BLASTBufferQueue, mName= VRI[NekkiNativeActivity]@5993850 mNativeObject= 0x778e610910 caller= android.view.ViewRootImpl.updateBlastSurfaceIfNeeded:3585 android.view.ViewRootImpl.relayoutWindow:11685 android.view.ViewRootImpl.performTraversals:4804 android.view.ViewRootImpl.doTraversal:3924 android.view.ViewRootImpl$TraversalRunnable.run:12903 android.view.Choreographer$CallbackRecord.run:1901 android.view.Choreographer$CallbackRecord.run:1910 android.view.Choreographer.doCallbacks:1367 android.view.Choreographer.doFrame:1292 android.view.Choreographer$FrameDisplayEventReceiver.run:1870 
06-20 20:21:14.812 13883 13883 I BLASTBufferQueue_Java: update, w= 1340 h= 95 mName = VRI[NekkiNativeActivity]@5993850 mNativeObject= 0x778e610910 sc.mNativeObject= 0x772e246d90 format= -2 caller= android.view.ViewRootImpl.updateBlastSurfaceIfNeeded:3590 android.view.ViewRootImpl.relayoutWindow:11685 android.view.ViewRootImpl.performTraversals:4804 android.view.ViewRootImpl.doTraversal:3924 android.view.ViewRootImpl$TraversalRunnable.run:12903 android.view.Choreographer$CallbackRecord.run:1901 
06-20 20:21:14.812 13883 13883 D BLASTBufferQueue: [VRI[NekkiNativeActivity]@5993850#2](f:0,a:0) update width=1340 height=95 format=-2 mTransformHint=4
06-20 20:21:14.813 13883 13883 I VRI[NekkiNativeActivity]@5993850: Relayout returned: old=(0,0,1340,800) new=(0,705,1340,800) relayoutAsync=false req=(1340,95)0 dur=9 res=0x3 s={true 0x775e548e40} ch=true seqId=0
06-20 20:21:14.815 13883 13883 D VRI[NekkiNativeActivity]@5993850: mThreadedRenderer.initialize() mSurface={isValid=true 0x775e548e40} hwInitialized=true
06-20 20:21:14.839 13883 13883 D VRI[NekkiNativeActivity]@5993850: reportNextDraw android.view.ViewRootImpl.performTraversals:5443 android.view.ViewRootImpl.doTraversal:3924 android.view.ViewRootImpl$TraversalRunnable.run:12903 android.view.Choreographer$CallbackRecord.run:1901 android.view.Choreographer$CallbackRecord.run:1910 
06-20 20:21:14.840 13883 13883 D VRI[NekkiNativeActivity]@5993850: Setup new sync=wmsSync-VRI[NekkiNativeActivity]@5993850#3
06-20 20:21:14.840 13883 13883 I VRI[NekkiNativeActivity]@5993850: Creating new active sync group VRI[NekkiNativeActivity]@5993850#4
06-20 20:21:14.841 13883 13883 D VRI[NekkiNativeActivity]@5993850: registerCallbacksForSync syncBuffer=false
06-20 20:21:14.853 13883 13992 D VRI[NekkiNativeActivity]@5993850: Received frameDrawingCallback syncResult=0 frameNum=1.
