06-20 20:21:40.163 13883 14444 D TransactionThrottler: Reset transaction throttler
06-20 20:21:40.167 13883 14444 D TransactionThrottler: Reset transaction throttler
06-20 20:21:40.170 13883 14444 D TransactionThrottler: Reset transaction throttler
06-20 20:21:40.172 13883 14444 D TransactionThrottler: Reset transaction throttler
06-20 20:21:40.173 13883 14444 D TransactionThrottler: Reset transaction throttler
06-20 20:21:40.175 13883 14444 D TransactionThrottler: Reset transaction throttler
06-20 20:21:40.178 13883 14444 D TransactionThrottler: Reset transaction throttler
06-20 20:21:40.195 13883 13981 I Unity   : [Server Response] cmd:<b>log</b> type:Google.Protobuf.WellKnownTypes.Empty session_request_id:18 extensible:
06-20 20:21:40.195 13883 13981 I Unity   : Google.Protobuf.WellKnownTypes.Empty{}
06-20 20:21:40.202 13883 13981 I Unity   : [LNPGDLHLKNM] ReInit
06-20 20:21:40.279 13883 13981 D AttributionSourceUtils: Fixed AttributionSource UID in method arguments
06-20 20:21:40.279 13883 13981 D ContentProviderStub: android_id intercepted (call) for top.niunaijun.blackbox -> f10ec6ad6e9ee2da
06-20 20:21:40.317 13883 14622 D Banzai  : Request code: 200
06-20 20:21:40.318 13883 13883 D Banzai  : Request result: 
06-20 20:21:40.336 13883 13981 D TransactionThrottler: Reset transaction throttler
06-20 20:21:40.349 13883 13981 I Unity   : [ICCEKPDBECH] ReInit
06-20 20:21:40.358 13883 13981 I Unity   : [CNBPMHDFKIK] Init
06-20 20:21:40.360 13883 13981 I Unity   : [InterstitialAd] enabled: False, enabledInConfig: False
06-20 20:21:40.364 13883 13981 I Unity   : [BPBOEPMOBHL] Init
06-20 20:21:40.393 13883 13981 I Unity   : Frame:[2296], Type:[ListChange], Body:[Add  - NEW_PLAYERS_IN_NEW_LOBBY], List:[0:]
06-20 20:21:40.393 13883 13981 I Unity   : Frame:[2296], Type:[ListChange], Body:[Add  - SESSION_START_MUSIC_START], List:[1:NEW_PLAYERS_IN_NEW_LOBBY,]
06-20 20:21:40.394 13883 13981 I Unity   : Frame:[2296], Type:[ListChange], Body:[Add  - SET_DOJO_1_1], List:[2:SESSION_START_MUSIC_START,NEW_PLAYERS_IN_NEW_LOBBY,]
06-20 20:21:40.396 13883 13981 I Unity   : Frame:[2296], Type:[ListChange], Body:[Add  - LOST_FIGHTS_IN_A_ROW_COUNT_DAILY_RESET], List:[3:SESSION_START_MUSIC_START,NEW_PLAYERS_IN_NEW_LOBBY,SET_DOJO_1_1,]
06-20 20:21:40.397 13883 13981 I Unity   : Frame:[2296], Type:[ListChange], Body:[Add  - TUTORIAL_CREATE_CHARACTER], List:[4:SESSION_START_MUSIC_START,LOST_FIGHTS_IN_A_ROW_COUNT_DAILY_RESET,NEW_PLAYERS_IN_NEW_LOBBY,SET_DOJO_1_1,]
06-20 20:21:40.398 13883 13981 I Unity   : Frame:[2296], Type:[ThrowEvent], Body:[Event: Type: PlayerDataReceived | Data: 
06-20 20:21:40.398 13883 13981 I Unity   :  HasTrigger: True QueueCount: 5 - ], List:[5:SESSION_START_MUSIC_START,TUTORIAL_CREATE_CHARACTER,LOST_FIGHTS_IN_A_ROW_COUNT_DAILY_RESET,NEW_PLAYERS_IN_NEW_LOBBY,SET_DOJO_1_1,]
06-20 20:21:40.398 13883 13981 I Unity   : Frame:[2296], Type:[ListChange], Body:[Remove  - SESSION_START_MUSIC_START], List:[5:SESSION_START_MUSIC_START,TUTORIAL_CREATE_CHARACTER,LOST_FIGHTS_IN_A_ROW_COUNT_DAILY_RESET,NEW_PLAYERS_IN_NEW_LOBBY,SET_DOJO_1_1,]
06-20 20:21:40.398 13883 13981 I Unity   : Frame:[2296], Type:[RunAction], Body:[SESSION_START_MUSIC_START - PlayMusic], List:[4:TUTORIAL_CREATE_CHARACTER,LOST_FIGHTS_IN_A_ROW_COUNT_DAILY_RESET,NEW_PLAYERS_IN_NEW_LOBBY,SET_DOJO_1_1,]
06-20 20:21:40.399 13883 13981 I Unity   : Frame:[2296], Type:[CloseAction], Body:[SESSION_START_MUSIC_START - PlayMusic], List:[4:TUTORIAL_CREATE_CHARACTER,LOST_FIGHTS_IN_A_ROW_COUNT_DAILY_RESET,NEW_PLAYERS_IN_NEW_LOBBY,SET_DOJO_1_1,]
06-20 20:21:40.399 13883 13981 I Unity   : Frame:[2296], Type:[ListChange], Body:[Remove  - TUTORIAL_CREATE_CHARACTER], List:[4:TUTORIAL_CREATE_CHARACTER,LOST_FIGHTS_IN_A_ROW_COUNT_DAILY_RESET,NEW_PLAYERS_IN_NEW_LOBBY,SET_DOJO_1_1,]
06-20 20:21:40.399 13883 13981 I Unity   : Frame:[2296], Type:[RunAction], Body:[TUTORIAL_CREATE_CHARACTER - SetUserVariable], List:[3:LOST_FIGHTS_IN_A_ROW_COUNT_DAILY_RESET,NEW_PLAYERS_IN_NEW_LOBBY,SET_DOJO_1_1,]
06-20 20:21:40.399 13883 13981 I Unity   : Frame:[2296], Type:[CloseAction], Body:[TUTORIAL_CREATE_CHARACTER - SetUserVariable], List:[3:LOST_FIGHTS_IN_A_ROW_COUNT_DAILY_RESET,NEW_PLAYERS_IN_NEW_LOBBY,SET_DOJO_1_1,]
06-20 20:21:40.400 13883 13981 I Unity   : Frame:[2296], Type:[RunAction], Body:[TUTORIAL_CREATE_CHARACTER - RemoveUserVariable], List:[3:LOST_FIGHTS_IN_A_ROW_COUNT_DAILY_RESET,NEW_PLAYERS_IN_NEW_LOBBY,SET_DOJO_1_1,]
06-20 20:21:40.400 13883 13981 I Unity   : Frame:[2296], Type:[CloseAction], Body:[TUTORIAL_CREATE_CHARACTER - RemoveUserVariable], List:[3:LOST_FIGHTS_IN_A_ROW_COUNT_DAILY_RESET,NEW_PLAYERS_IN_NEW_LOBBY,SET_DOJO_1_1,]
06-20 20:21:40.400 13883 13981 I Unity   : Frame:[2296], Type:[RunAction], Body:[TUTORIAL_CREATE_CHARACTER - SetUserVariable], List:[3:LOST_FIGHTS_IN_A_ROW_COUNT_DAILY_RESET,NEW_PLAYERS_IN_NEW_LOBBY,SET_DOJO_1_1,]
06-20 20:21:40.400 13883 13981 I Unity   : Frame:[2296], Type:[CloseAction], Body:[TUTORIAL_CREATE_CHARACTER - SetUserVariable], List:[3:LOST_FIGHTS_IN_A_ROW_COUNT_DAILY_RESET,NEW_PLAYERS_IN_NEW_LOBBY,SET_DOJO_1_1,]
06-20 20:21:40.400 13883 13981 I Unity   : Frame:[2296], Type:[RunAction], Body:[TUTORIAL_CREATE_CHARACTER - Call], List:[3:LOST_FIGHTS_IN_A_ROW_COUNT_DAILY_RESET,NEW_PLAYERS_IN_NEW_LOBBY,SET_DOJO_1_1,]
06-20 20:21:40.404 13883 13981 I Unity   : Frame:[2296], Type:[ListChange], Body:[Add  - TUTORIAL_CHARACTER_CREATED_ONLINE_GENERAL], List:[3:LOST_FIGHTS_IN_A_ROW_COUNT_DAILY_RESET,NEW_PLAYERS_IN_NEW_LOBBY,SET_DOJO_1_1,]
06-20 20:21:40.406 13883 13981 I Unity   : Frame:[2296], Type:[ThrowEvent], Body:[Event: Type: Call | Data: [key:CallData, value:TUTORIAL_CHARACTER_CREATED] 
06-20 20:21:40.406 13883 13981 I Unity   :  HasTrigger: True QueueCount: 4 - ], List:[4:LOST_FIGHTS_IN_A_ROW_COUNT_DAILY_RESET,TUTORIAL_CHARACTER_CREATED_ONLINE_GENERAL,NEW_PLAYERS_IN_NEW_LOBBY,SET_DOJO_1_1,]
06-20 20:21:40.406 13883 13981 I Unity   : Frame:[2296], Type:[CloseAction], Body:[TUTORIAL_CREATE_CHARACTER - Call], List:[4:LOST_FIGHTS_IN_A_ROW_COUNT_DAILY_RESET,TUTORIAL_CHARACTER_CREATED_ONLINE_GENERAL,NEW_PLAYERS_IN_NEW_LOBBY,SET_DOJO_1_1,]
06-20 20:21:40.406 13883 13981 I Unity   : Frame:[2296], Type:[ListChange], Body:[Remove  - LOST_FIGHTS_IN_A_ROW_COUNT_DAILY_RESET], List:[4:LOST_FIGHTS_IN_A_ROW_COUNT_DAILY_RESET,TUTORIAL_CHARACTER_CREATED_ONLINE_GENERAL,NEW_PLAYERS_IN_NEW_LOBBY,SET_DOJO_1_1,]
06-20 20:21:40.407 13883 13981 I Unity   : Frame:[2296], Type:[RunAction], Body:[LOST_FIGHTS_IN_A_ROW_COUNT_DAILY_RESET - SetUserVariable], List:[3:TUTORIAL_CHARACTER_CREATED_ONLINE_GENERAL,NEW_PLAYERS_IN_NEW_LOBBY,SET_DOJO_1_1,]
06-20 20:21:40.407 13883 13981 I Unity   : Frame:[2296], Type:[CloseAction], Body:[LOST_FIGHTS_IN_A_ROW_COUNT_DAILY_RESET - SetUserVariable], List:[3:TUTORIAL_CHARACTER_CREATED_ONLINE_GENERAL,NEW_PLAYERS_IN_NEW_LOBBY,SET_DOJO_1_1,]
06-20 20:21:40.407 13883 13981 I Unity   : Frame:[2296], Type:[RunAction], Body:[LOST_FIGHTS_IN_A_ROW_COUNT_DAILY_RESET - RemoveUserVariable], List:[3:TUTORIAL_CHARACTER_CREATED_ONLINE_GENERAL,NEW_PLAYERS_IN_NEW_LOBBY,SET_DOJO_1_1,]
06-20 20:21:40.407 13883 13981 I Unity   : Frame:[2296], Type:[CloseAction], Body:[LOST_FIGHTS_IN_A_ROW_COUNT_DAILY_RESET - RemoveUserVariable], List:[3:TUTORIAL_CHARACTER_CREATED_ONLINE_GENERAL,NEW_PLAYERS_IN_NEW_LOBBY,SET_DOJO_1_1,]
06-20 20:21:40.407 13883 13981 I Unity   : Frame:[2296], Type:[RunAction], Body:[LOST_FIGHTS_IN_A_ROW_COUNT_DAILY_RESET - RemoveUserVariable], List:[3:TUTORIAL_CHARACTER_CREATED_ONLINE_GENERAL,NEW_PLAYERS_IN_NEW_LOBBY,SET_DOJO_1_1,]
06-20 20:21:40.407 13883 13981 I Unity   : Frame:[2296], Type:[CloseAction], Body:[LOST_FIGHTS_IN_A_ROW_COUNT_DAILY_RESET - RemoveUserVariable], List:[3:TUTORIAL_CHARACTER_CREATED_ONLINE_GENERAL,NEW_PLAYERS_IN_NEW_LOBBY,SET_DOJO_1_1,]
06-20 20:21:40.407 13883 13981 I Unity   : Frame:[2296], Type:[RunAction], Body:[LOST_FIGHTS_IN_A_ROW_COUNT_DAILY_RESET - RemoveUserVariable], List:[3:TUTORIAL_CHARACTER_CREATED_ONLINE_GENERAL,NEW_PLAYERS_IN_NEW_LOBBY,SET_DOJO_1_1,]
06-20 20:21:40.408 13883 13981 I Unity   : Frame:[2296], Type:[CloseAction], Body:[LOST_FIGHTS_IN_A_ROW_COUNT_DAILY_RESET - RemoveUserVariable], List:[3:TUTORIAL_CHARACTER_CREATED_ONLINE_GENERAL,NEW_PLAYERS_IN_NEW_LOBBY,SET_DOJO_1_1,]
06-20 20:21:40.408 13883 13981 I Unity   : Frame:[2296], Type:[RunAction], Body:[LOST_FIGHTS_IN_A_ROW_COUNT_DAILY_RESET - RemoveUserVariable], List:[3:TUTORIAL_CHARACTER_CREATED_ONLINE_GENERAL,NEW_PLAYERS_IN_NEW_LOBBY,SET_DOJO_1_1,]
06-20 20:21:40.409 13883 13981 I Unity   : Frame:[2296], Type:[CloseAction], Body:[LOST_FIGHTS_IN_A_ROW_COUNT_DAILY_RESET - RemoveUserVariable], List:[3:TUTORIAL_CHARACTER_CREATED_ONLINE_GENERAL,NEW_PLAYERS_IN_NEW_LOBBY,SET_DOJO_1_1,]
06-20 20:21:40.409 13883 13981 I Unity   : Frame:[2296], Type:[RunAction], Body:[LOST_FIGHTS_IN_A_ROW_COUNT_DAILY_RESET - RemoveUserVariable], List:[3:TUTORIAL_CHARACTER_CREATED_ONLINE_GENERAL,NEW_PLAYERS_IN_NEW_LOBBY,SET_DOJO_1_1,]
06-20 20:21:40.409 13883 13981 I Unity   : Frame:[2296], Type:[CloseAction], Body:[LOST_FIGHTS_IN_A_ROW_COUNT_DAILY_RESET - RemoveUserVariable], List:[3:TUTORIAL_CHARACTER_CREATED_ONLINE_GENERAL,NEW_PLAYERS_IN_NEW_LOBBY,SET_DOJO_1_1,]
06-20 20:21:40.409 13883 13981 I Unity   : Frame:[2296], Type:[RunAction], Body:[LOST_FIGHTS_IN_A_ROW_COUNT_DAILY_RESET - RemoveUserVariable], List:[3:TUTORIAL_CHARACTER_CREATED_ONLINE_GENERAL,NEW_PLAYERS_IN_NEW_LOBBY,SET_DOJO_1_1,]
06-20 20:21:40.409 13883 13981 I Unity   : Frame:[2296], Type:[CloseAction], Body:[LOST_FIGHTS_IN_A_ROW_COUNT_DAILY_RESET - RemoveUserVariable], List:[3:TUTORIAL_CHARACTER_CREATED_ONLINE_GENERAL,NEW_PLAYERS_IN_NEW_LOBBY,SET_DOJO_1_1,]
06-20 20:21:40.409 13883 13981 I Unity   : Frame:[2296], Type:[RunAction], Body:[LOST_FIGHTS_IN_A_ROW_COUNT_DAILY_RESET - RemoveUserVariable], List:[3:TUTORIAL_CHARACTER_CREATED_ONLINE_GENERAL,NEW_PLAYERS_IN_NEW_LOBBY,SET_DOJO_1_1,]
06-20 20:21:40.409 13883 13981 I Unity   : Frame:[2296], Type:[CloseAction], Body:[LOST_FIGHTS_IN_A_ROW_COUNT_DAILY_RESET - RemoveUserVariable], List:[3:TUTORIAL_CHARACTER_CREATED_ONLINE_GENERAL,NEW_PLAYERS_IN_NEW_LOBBY,SET_DOJO_1_1,]
06-20 20:21:40.409 13883 13981 I Unity   : Frame:[2296], Type:[RunAction], Body:[LOST_FIGHTS_IN_A_ROW_COUNT_DAILY_RESET - RemoveUserVariable], List:[3:TUTORIAL_CHARACTER_CREATED_ONLINE_GENERAL,NEW_PLAYERS_IN_NEW_LOBBY,SET_DOJO_1_1,]
06-20 20:21:40.410 13883 13981 I Unity   : Frame:[2296], Type:[CloseAction], Body:[LOST_FIGHTS_IN_A_ROW_COUNT_DAILY_RESET - RemoveUserVariable], List:[3:TUTORIAL_CHARACTER_CREATED_ONLINE_GENERAL,NEW_PLAYERS_IN_NEW_LOBBY,SET_DOJO_1_1,]
06-20 20:21:40.410 13883 13981 I Unity   : Frame:[2296], Type:[RunAction], Body:[LOST_FIGHTS_IN_A_ROW_COUNT_DAILY_RESET - RemoveUserVariable], List:[3:TUTORIAL_CHARACTER_CREATED_ONLINE_GENERAL,NEW_PLAYERS_IN_NEW_LOBBY,SET_DOJO_1_1,]
06-20 20:21:40.410 13883 13981 I Unity   : Frame:[2296], Type:[CloseAction], Body:[LOST_FIGHTS_IN_A_ROW_COUNT_DAILY_RESET - RemoveUserVariable], List:[3:TUTORIAL_CHARACTER_CREATED_ONLINE_GENERAL,NEW_PLAYERS_IN_NEW_LOBBY,SET_DOJO_1_1,]
06-20 20:21:40.410 13883 13981 I Unity   : Frame:[2296], Type:[RunAction], Body:[LOST_FIGHTS_IN_A_ROW_COUNT_DAILY_RESET - RemoveUserVariable], List:[3:TUTORIAL_CHARACTER_CREATED_ONLINE_GENERAL,NEW_PLAYERS_IN_NEW_LOBBY,SET_DOJO_1_1,]
06-20 20:21:40.410 13883 13981 I Unity   : Frame:[2296], Type:[CloseAction], Body:[LOST_FIGHTS_IN_A_ROW_COUNT_DAILY_RESET - RemoveUserVariable], List:[3:TUTORIAL_CHARACTER_CREATED_ONLINE_GENERAL,NEW_PLAYERS_IN_NEW_LOBBY,SET_DOJO_1_1,]
06-20 20:21:40.410 13883 13981 I Unity   : Frame:[2296], Type:[RunAction], Body:[LOST_FIGHTS_IN_A_ROW_COUNT_DAILY_RESET - RemoveUserVariable], List:[3:TUTORIAL_CHARACTER_CREATED_ONLINE_GENERAL,NEW_PLAYERS_IN_NEW_LOBBY,SET_DOJO_1_1,]
06-20 20:21:40.410 13883 13981 I Unity   : Frame:[2296], Type:[CloseAction], Body:[LOST_FIGHTS_IN_A_ROW_COUNT_DAILY_RESET - RemoveUserVariable], List:[3:TUTORIAL_CHARACTER_CREATED_ONLINE_GENERAL,NEW_PLAYERS_IN_NEW_LOBBY,SET_DOJO_1_1,]
06-20 20:21:40.410 13883 13981 I Unity   : Frame:[2296], Type:[RunAction], Body:[LOST_FIGHTS_IN_A_ROW_COUNT_DAILY_RESET - RemoveUserVariable], List:[3:TUTORIAL_CHARACTER_CREATED_ONLINE_GENERAL,NEW_PLAYERS_IN_NEW_LOBBY,SET_DOJO_1_1,]
06-20 20:21:40.411 13883 13981 I Unity   : Frame:[2296], Type:[CloseAction], Body:[LOST_FIGHTS_IN_A_ROW_COUNT_DAILY_RESET - RemoveUserVariable], List:[3:TUTORIAL_CHARACTER_CREATED_ONLINE_GENERAL,NEW_PLAYERS_IN_NEW_LOBBY,SET_DOJO_1_1,]
06-20 20:21:40.411 13883 13981 I Unity   : Frame:[2296], Type:[RunAction], Body:[LOST_FIGHTS_IN_A_ROW_COUNT_DAILY_RESET - RemoveUserVariable], List:[3:TUTORIAL_CHARACTER_CREATED_ONLINE_GENERAL,NEW_PLAYERS_IN_NEW_LOBBY,SET_DOJO_1_1,]
06-20 20:21:40.411 13883 13981 I Unity   : Frame:[2296], Type:[CloseAction], Body:[LOST_FIGHTS_IN_A_ROW_COUNT_DAILY_RESET - RemoveUserVariable], List:[3:TUTORIAL_CHARACTER_CREATED_ONLINE_GENERAL,NEW_PLAYERS_IN_NEW_LOBBY,SET_DOJO_1_1,]
06-20 20:21:40.411 13883 13981 I Unity   : Frame:[2296], Type:[RunAction], Body:[LOST_FIGHTS_IN_A_ROW_COUNT_DAILY_RESET - RemoveUserVariable], List:[3:TUTORIAL_CHARACTER_CREATED_ONLINE_GENERAL,NEW_PLAYERS_IN_NEW_LOBBY,SET_DOJO_1_1,]
06-20 20:21:40.411 13883 13981 I Unity   : Frame:[2296], Type:[CloseAction], Body:[LOST_FIGHTS_IN_A_ROW_COUNT_DAILY_RESET - RemoveUserVariable], List:[3:TUTORIAL_CHARACTER_CREATED_ONLINE_GENERAL,NEW_PLAYERS_IN_NEW_LOBBY,SET_DOJO_1_1,]
06-20 20:21:40.411 13883 13981 I Unity   : Frame:[2296], Type:[RunAction], Body:[LOST_FIGHTS_IN_A_ROW_COUNT_DAILY_RESET - RemoveUserVariable], List:[3:TUTORIAL_CHARACTER_CREATED_ONLINE_GENERAL,NEW_PLAYERS_IN_NEW_LOBBY,SET_DOJO_1_1,]
06-20 20:21:40.411 13883 13981 I Unity   : Frame:[2296], Type:[CloseAction], Body:[LOST_FIGHTS_IN_A_ROW_COUNT_DAILY_RESET - RemoveUserVariable], List:[3:TUTORIAL_CHARACTER_CREATED_ONLINE_GENERAL,NEW_PLAYERS_IN_NEW_LOBBY,SET_DOJO_1_1,]
06-20 20:21:40.411 13883 13981 I Unity   : Frame:[2296], Type:[RunAction], Body:[LOST_FIGHTS_IN_A_ROW_COUNT_DAILY_RESET - RemoveUserVariable], List:[3:TUTORIAL_CHARACTER_CREATED_ONLINE_GENERAL,NEW_PLAYERS_IN_NEW_LOBBY,SET_DOJO_1_1,]
06-20 20:21:40.412 13883 13981 I Unity   : Frame:[2296], Type:[CloseAction], Body:[LOST_FIGHTS_IN_A_ROW_COUNT_DAILY_RESET - RemoveUserVariable], List:[3:TUTORIAL_CHARACTER_CREATED_ONLINE_GENERAL,NEW_PLAYERS_IN_NEW_LOBBY,SET_DOJO_1_1,]
06-20 20:21:40.412 13883 13981 I Unity   : Frame:[2296], Type:[RunAction], Body:[LOST_FIGHTS_IN_A_ROW_COUNT_DAILY_RESET - RemoveUserVariable], List:[3:TUTORIAL_CHARACTER_CREATED_ONLINE_GENERAL,NEW_PLAYERS_IN_NEW_LOBBY,SET_DOJO_1_1,]
06-20 20:21:40.412 13883 13981 I Unity   : Frame:[2296], Type:[CloseAction], Body:[LOST_FIGHTS_IN_A_ROW_COUNT_DAILY_RESET - RemoveUserVariable], List:[3:TUTORIAL_CHARACTER_CREATED_ONLINE_GENERAL,NEW_PLAYERS_IN_NEW_LOBBY,SET_DOJO_1_1,]
06-20 20:21:40.412 13883 13981 I Unity   : Frame:[2296], Type:[RunAction], Body:[LOST_FIGHTS_IN_A_ROW_COUNT_DAILY_RESET - RemoveUserVariable], List:[3:TUTORIAL_CHARACTER_CREATED_ONLINE_GENERAL,NEW_PLAYERS_IN_NEW_LOBBY,SET_DOJO_1_1,]
06-20 20:21:40.412 13883 13981 I Unity   : Frame:[2296], Type:[CloseAction], Body:[LOST_FIGHTS_IN_A_ROW_COUNT_DAILY_RESET - RemoveUserVariable], List:[3:TUTORIAL_CHARACTER_CREATED_ONLINE_GENERAL,NEW_PLAYERS_IN_NEW_LOBBY,SET_DOJO_1_1,]
06-20 20:21:40.412 13883 13981 I Unity   : Frame:[2296], Type:[RunAction], Body:[LOST_FIGHTS_IN_A_ROW_COUNT_DAILY_RESET - RemoveUserVariable], List:[3:TUTORIAL_CHARACTER_CREATED_ONLINE_GENERAL,NEW_PLAYERS_IN_NEW_LOBBY,SET_DOJO_1_1,]
06-20 20:21:40.412 13883 13981 I Unity   : Frame:[2296], Type:[CloseAction], Body:[LOST_FIGHTS_IN_A_ROW_COUNT_DAILY_RESET - RemoveUserVariable], List:[3:TUTORIAL_CHARACTER_CREATED_ONLINE_GENERAL,NEW_PLAYERS_IN_NEW_LOBBY,SET_DOJO_1_1,]
06-20 20:21:40.412 13883 13981 I Unity   : Frame:[2296], Type:[RunAction], Body:[LOST_FIGHTS_IN_A_ROW_COUNT_DAILY_RESET - RemoveUserVariable], List:[3:TUTORIAL_CHARACTER_CREATED_ONLINE_GENERAL,NEW_PLAYERS_IN_NEW_LOBBY,SET_DOJO_1_1,]
06-20 20:21:40.413 13883 13981 I Unity   : Frame:[2296], Type:[CloseAction], Body:[LOST_FIGHTS_IN_A_ROW_COUNT_DAILY_RESET - RemoveUserVariable], List:[3:TUTORIAL_CHARACTER_CREATED_ONLINE_GENERAL,NEW_PLAYERS_IN_NEW_LOBBY,SET_DOJO_1_1,]
06-20 20:21:40.413 13883 13981 I Unity   : Frame:[2296], Type:[RunAction], Body:[LOST_FIGHTS_IN_A_ROW_COUNT_DAILY_RESET - RemoveUserVariable], List:[3:TUTORIAL_CHARACTER_CREATED_ONLINE_GENERAL,NEW_PLAYERS_IN_NEW_LOBBY,SET_DOJO_1_1,]
06-20 20:21:40.413 13883 13981 I Unity   : Frame:[2296], Type:[CloseAction], Body:[LOST_FIGHTS_IN_A_ROW_COUNT_DAILY_RESET - RemoveUserVariable], List:[3:TUTORIAL_CHARACTER_CREATED_ONLINE_GENERAL,NEW_PLAYERS_IN_NEW_LOBBY,SET_DOJO_1_1,]
06-20 20:21:40.413 13883 13981 I Unity   : Frame:[2296], Type:[RunAction], Body:[LOST_FIGHTS_IN_A_ROW_COUNT_DAILY_RESET - RemoveUserVariable], List:[3:TUTORIAL_CHARACTER_CREATED_ONLINE_GENERAL,NEW_PLAYERS_IN_NEW_LOBBY,SET_DOJO_1_1,]
06-20 20:21:40.413 13883 13981 I Unity   : Frame:[2296], Type:[CloseAction], Body:[LOST_FIGHTS_IN_A_ROW_COUNT_DAILY_RESET - RemoveUserVariable], List:[3:TUTORIAL_CHARACTER_CREATED_ONLINE_GENERAL,NEW_PLAYERS_IN_NEW_LOBBY,SET_DOJO_1_1,]
06-20 20:21:40.413 13883 13981 I Unity   : Frame:[2296], Type:[RunAction], Body:[LOST_FIGHTS_IN_A_ROW_COUNT_DAILY_RESET - RemoveUserVariable], List:[3:TUTORIAL_CHARACTER_CREATED_ONLINE_GENERAL,NEW_PLAYERS_IN_NEW_LOBBY,SET_DOJO_1_1,]
06-20 20:21:40.413 13883 13981 I Unity   : Frame:[2296], Type:[CloseAction], Body:[LOST_FIGHTS_IN_A_ROW_COUNT_DAILY_RESET - RemoveUserVariable], List:[3:TUTORIAL_CHARACTER_CREATED_ONLINE_GENERAL,NEW_PLAYERS_IN_NEW_LOBBY,SET_DOJO_1_1,]
06-20 20:21:40.414 13883 13981 I Unity   : Frame:[2296], Type:[RunAction], Body:[LOST_FIGHTS_IN_A_ROW_COUNT_DAILY_RESET - RemoveUserVariable], List:[3:TUTORIAL_CHARACTER_CREATED_ONLINE_GENERAL,NEW_PLAYERS_IN_NEW_LOBBY,SET_DOJO_1_1,]
06-20 20:21:40.414 13883 13981 I Unity   : Frame:[2296], Type:[CloseAction], Body:[LOST_FIGHTS_IN_A_ROW_COUNT_DAILY_RESET - RemoveUserVariable], List:[3:TUTORIAL_CHARACTER_CREATED_ONLINE_GENERAL,NEW_PLAYERS_IN_NEW_LOBBY,SET_DOJO_1_1,]
06-20 20:21:40.414 13883 13981 I Unity   : Frame:[2296], Type:[RunAction], Body:[LOST_FIGHTS_IN_A_ROW_COUNT_DAILY_RESET - RemoveUserVariable], List:[3:TUTORIAL_CHARACTER_CREATED_ONLINE_GENERAL,NEW_PLAYERS_IN_NEW_LOBBY,SET_DOJO_1_1,]
06-20 20:21:40.414 13883 13981 I Unity   : Frame:[2296], Type:[CloseAction], Body:[LOST_FIGHTS_IN_A_ROW_COUNT_DAILY_RESET - RemoveUserVariable], List:[3:TUTORIAL_CHARACTER_CREATED_ONLINE_GENERAL,NEW_PLAYERS_IN_NEW_LOBBY,SET_DOJO_1_1,]
06-20 20:21:40.414 13883 13981 I Unity   : Frame:[2296], Type:[RunAction], Body:[LOST_FIGHTS_IN_A_ROW_COUNT_DAILY_RESET - RemoveUserVariable], List:[3:TUTORIAL_CHARACTER_CREATED_ONLINE_GENERAL,NEW_PLAYERS_IN_NEW_LOBBY,SET_DOJO_1_1,]
06-20 20:21:40.414 13883 13981 I Unity   : Frame:[2296], Type:[CloseAction], Body:[LOST_FIGHTS_IN_A_ROW_COUNT_DAILY_RESET - RemoveUserVariable], List:[3:TUTORIAL_CHARACTER_CREATED_ONLINE_GENERAL,NEW_PLAYERS_IN_NEW_LOBBY,SET_DOJO_1_1,]
06-20 20:21:40.414 13883 13981 I Unity   : Frame:[2296], Type:[RunAction], Body:[LOST_FIGHTS_IN_A_ROW_COUNT_DAILY_RESET - RemoveUserVariable], List:[3:TUTORIAL_CHARACTER_CREATED_ONLINE_GENERAL,NEW_PLAYERS_IN_NEW_LOBBY,SET_DOJO_1_1,]
06-20 20:21:40.415 13883 13981 I Unity   : Frame:[2296], Type:[CloseAction], Body:[LOST_FIGHTS_IN_A_ROW_COUNT_DAILY_RESET - RemoveUserVariable], List:[3:TUTORIAL_CHARACTER_CREATED_ONLINE_GENERAL,NEW_PLAYERS_IN_NEW_LOBBY,SET_DOJO_1_1,]
06-20 20:21:40.415 13883 13981 I Unity   : Frame:[2296], Type:[RunAction], Body:[LOST_FIGHTS_IN_A_ROW_COUNT_DAILY_RESET - RemoveUserVariable], List:[3:TUTORIAL_CHARACTER_CREATED_ONLINE_GENERAL,NEW_PLAYERS_IN_NEW_LOBBY,SET_DOJO_1_1,]
06-20 20:21:40.415 13883 13981 I Unity   : Frame:[2296], Type:[CloseAction], Body:[LOST_FIGHTS_IN_A_ROW_COUNT_DAILY_RESET - RemoveUserVariable], List:[3:TUTORIAL_CHARACTER_CREATED_ONLINE_GENERAL,NEW_PLAYERS_IN_NEW_LOBBY,SET_DOJO_1_1,]
06-20 20:21:40.415 13883 13981 I Unity   : Frame:[2296], Type:[ListChange], Body:[Remove  - TUTORIAL_CHARACTER_CREATED_ONLINE_GENERAL], List:[3:TUTORIAL_CHARACTER_CREATED_ONLINE_GENERAL,NEW_PLAYERS_IN_NEW_LOBBY,SET_DOJO_1_1,]
06-20 20:21:40.415 13883 13981 I Unity   : Frame:[2296], Type:[RunAction], Body:[TUTORIAL_CHARACTER_CREATED_ONLINE_GENERAL - SetUserVariable], List:[2:NEW_PLAYERS_IN_NEW_LOBBY,SET_DOJO_1_1,]
06-20 20:21:40.415 13883 13981 I Unity   : Frame:[2296], Type:[CloseAction], Body:[TUTORIAL_CHARACTER_CREATED_ONLINE_GENERAL - SetUserVariable], List:[2:NEW_PLAYERS_IN_NEW_LOBBY,SET_DOJO_1_1,]
06-20 20:21:40.415 13883 13981 I Unity   : Frame:[2296], Type:[RunAction], Body:[TUTORIAL_CHARACTER_CREATED_ONLINE_GENERAL - SetUserVariable], List:[2:NEW_PLAYERS_IN_NEW_LOBBY,SET_DOJO_1_1,]
06-20 20:21:40.415 13883 13981 I Unity   : Frame:[2296], Type:[CloseAction], Body:[TUTORIAL_CHARACTER_CREATED_ONLINE_GENERAL - SetUserVariable], List:[2:NEW_PLAYERS_IN_NEW_LOBBY,SET_DOJO_1_1,]
06-20 20:21:40.416 13883 13981 I Unity   : Frame:[2296], Type:[RunAction], Body:[TUTORIAL_CHARACTER_CREATED_ONLINE_GENERAL - Call], List:[2:NEW_PLAYERS_IN_NEW_LOBBY,SET_DOJO_1_1,]
06-20 20:21:40.419 13883 13981 I Unity   : Frame:[2296], Type:[ListChange], Body:[Add  - TUTORIAL_BUNDLES_DOWNLOAD_GENERAL_VIDEO_ON_WIFI_ON], List:[2:NEW_PLAYERS_IN_NEW_LOBBY,SET_DOJO_1_1,]
06-20 20:21:40.421 13883 13981 I Unity   : Frame:[2296], Type:[ThrowEvent], Body:[Event: Type: Call | Data: [key:CallData, value:TUTORIAL_BUNDLES_DOWNLOAD_GENERAL] 
06-20 20:21:40.421 13883 13981 I Unity   :  HasTrigger: True QueueCount: 3 - ], List:[3:TUTORIAL_BUNDLES_DOWNLOAD_GENERAL_VIDEO_ON_WIFI_ON,SET_DOJO_1_1,NEW_PLAYERS_IN_NEW_LOBBY,]
06-20 20:21:40.421 13883 13981 I Unity   : Frame:[2296], Type:[CloseAction], Body:[TUTORIAL_CHARACTER_CREATED_ONLINE_GENERAL - Call], List:[3:TUTORIAL_BUNDLES_DOWNLOAD_GENERAL_VIDEO_ON_WIFI_ON,SET_DOJO_1_1,NEW_PLAYERS_IN_NEW_LOBBY,]
06-20 20:21:40.421 13883 13981 I Unity   : Frame:[2296], Type:[ListChange], Body:[Remove  - TUTORIAL_BUNDLES_DOWNLOAD_GENERAL_VIDEO_ON_WIFI_ON], List:[3:TUTORIAL_BUNDLES_DOWNLOAD_GENERAL_VIDEO_ON_WIFI_ON,SET_DOJO_1_1,NEW_PLAYERS_IN_NEW_LOBBY,]
06-20 20:21:40.421 13883 13981 I Unity   : Frame:[2296], Type:[RunAction], Body:[TUTORIAL_BUNDLES_DOWNLOAD_GENERAL_VIDEO_ON_WIFI_ON - Call], List:[2:SET_DOJO_1_1,NEW_PLAYERS_IN_NEW_LOBBY,]
06-20 20:21:40.425 13883 13981 I Unity   : Frame:[2296], Type:[ListChange], Body:[Add  - TUTORIAL_INTRO_VIDEO_BUNDLES_BACKGROUND_DOWNLOAD_IMMEDIATELY], List:[2:SET_DOJO_1_1,NEW_PLAYERS_IN_NEW_LOBBY,]
06-20 20:21:40.427 13883 13981 I Unity   : Frame:[2296], Type:[ThrowEvent], Body:[Event: Type: Call | Data: [key:CallData, value:TUTORIAL_INTRO_VIDEO_BUNDLES_BACKGROUND_DOWNLOAD_IMMEDIATELY] 
06-20 20:21:40.427 13883 13981 I Unity   :  HasTrigger: True QueueCount: 3 - ], List:[3:TUTORIAL_INTRO_VIDEO_BUNDLES_BACKGROUND_DOWNLOAD_IMMEDIATELY,NEW_PLAYERS_IN_NEW_LOBBY,SET_DOJO_1_1,]
06-20 20:21:40.427 13883 13981 I Unity   : Frame:[2296], Type:[CloseAction], Body:[TUTORIAL_BUNDLES_DOWNLOAD_GENERAL_VIDEO_ON_WIFI_ON - Call], List:[3:TUTORIAL_INTRO_VIDEO_BUNDLES_BACKGROUND_DOWNLOAD_IMMEDIATELY,NEW_PLAYERS_IN_NEW_LOBBY,SET_DOJO_1_1,]
06-20 20:21:40.427 13883 13981 I Unity   : Frame:[2296], Type:[ListChange], Body:[Remove  - TUTORIAL_INTRO_VIDEO_BUNDLES_BACKGROUND_DOWNLOAD_IMMEDIATELY], List:[3:TUTORIAL_INTRO_VIDEO_BUNDLES_BACKGROUND_DOWNLOAD_IMMEDIATELY,NEW_PLAYERS_IN_NEW_LOBBY,SET_DOJO_1_1,]
06-20 20:21:40.427 13883 13981 I Unity   : Frame:[2296], Type:[RunAction], Body:[TUTORIAL_INTRO_VIDEO_BUNDLES_BACKGROUND_DOWNLOAD_IMMEDIATELY - RemoveUserVariable], List:[2:NEW_PLAYERS_IN_NEW_LOBBY,SET_DOJO_1_1,]
06-20 20:21:40.427 13883 13981 I Unity   : Frame:[2296], Type:[CloseAction], Body:[TUTORIAL_INTRO_VIDEO_BUNDLES_BACKGROUND_DOWNLOAD_IMMEDIATELY - RemoveUserVariable], List:[2:NEW_PLAYERS_IN_NEW_LOBBY,SET_DOJO_1_1,]
06-20 20:21:40.427 13883 13981 I Unity   : Frame:[2296], Type:[RunAction], Body:[TUTORIAL_INTRO_VIDEO_BUNDLES_BACKGROUND_DOWNLOAD_IMMEDIATELY - SetRestartProhibited], List:[2:NEW_PLAYERS_IN_NEW_LOBBY,SET_DOJO_1_1,]
06-20 20:21:40.427 13883 13981 I Unity   : Add restart blocker. Current blockers count: [2]
06-20 20:21:40.428 13883 13981 I Unity   : Frame:[2296], Type:[CloseAction], Body:[TUTORIAL_INTRO_VIDEO_BUNDLES_BACKGROUND_DOWNLOAD_IMMEDIATELY - SetRestartProhibited], List:[2:NEW_PLAYERS_IN_NEW_LOBBY,SET_DOJO_1_1,]
06-20 20:21:40.428 13883 13981 I Unity   : Frame:[2296], Type:[RunAction], Body:[TUTORIAL_INTRO_VIDEO_BUNDLES_BACKGROUND_DOWNLOAD_IMMEDIATELY - DownloadBundlesInBackground], List:[2:NEW_PLAYERS_IN_NEW_LOBBY,SET_DOJO_1_1,]
06-20 20:21:40.428 13883 13981 I Unity   : Create new bundles loader: [MGHIDCMBIHC]
06-20 20:21:40.563 13883 13981 I Unity   : [Bundles to load check] time: 13 ms
06-20 20:21:40.568 13883 13981 I Banzai  : Path: /storage/emulated/0/Android/data/top.niunaijun.blackbox/files/blackbox/storage/emulated/0/Android/data/com.nekki.shadowfight3/files/tou.file
06-20 20:21:40.569 13883 13981 D Banzai  : Send request on url https://sf3lb.nekki.com/clog?guid=f10ec6ad6e9ee2da&e=BUNDLES_DONWLOAD_BEGIN&ext=eyJSQU0iOiIzNjQyIiwiQVJDSCI6ImFybTY0LXY4YSIsIk9TIjoiMTYiLCJMQU5HIjoiRW5nbGlzaCIsIk5FVCI6IldJRkkiLCJPR0wiOiJPUEVOR0xFU18zXzAiLCJCTiI6IjE5MjA5IiwiUEwiOiJBbmRyb2lkIn0%3D
06-20 20:21:40.703 13883 13981 I Unity   : Frame:[2296], Type:[ThrowEvent], Body:[Event: Type: PreSceneChange | Data: [key:ModuleFrom, value:None] [key:TabFrom, value:] [key:ModuleTo, value:VideoPlayer] [key:TabTo, value:] 
06-20 20:21:40.703 13883 13981 I Unity   :  HasTrigger: False QueueCount: 2 - ], List:[2:NEW_PLAYERS_IN_NEW_LOBBY,SET_DOJO_1_1,]
06-20 20:21:40.705 13883 13981 I Unity   : Frame:[2296], Type:[ListChange], Body:[Add  - SESSION_CHECK_PENDING_QUICK_ACTIONS], List:[2:NEW_PLAYERS_IN_NEW_LOBBY,SET_DOJO_1_1,]
06-20 20:21:40.705 13883 13981 I Unity   : Frame:[2296], Type:[ListChange], Body:[Add  - SESSION_CHECK_RICH_NOTIFICATION_TRANSITION], List:[3:SESSION_CHECK_PENDING_QUICK_ACTIONS,SET_DOJO_1_1,NEW_PLAYERS_IN_NEW_LOBBY,]
06-20 20:21:40.705 13883 13981 I Unity   : Frame:[2296], Type:[ListChange], Body:[Add  - SESSION_START_SPHINX], List:[4:SESSION_CHECK_PENDING_QUICK_ACTIONS,SESSION_CHECK_RICH_NOTIFICATION_TRANSITION,SET_DOJO_1_1,NEW_PLAYERS_IN_NEW_LOBBY,]
06-20 20:21:40.709 13883 13981 I Unity   : Frame:[2296], Type:[ThrowEvent], Body:[Event: Type: SessionStart | Data: 
06-20 20:21:40.709 13883 13981 I Unity   :  HasTrigger: True QueueCount: 5 - ], List:[5:SESSION_START_SPHINX,SESSION_CHECK_PENDING_QUICK_ACTIONS,SESSION_CHECK_RICH_NOTIFICATION_TRANSITION,SET_DOJO_1_1,NEW_PLAYERS_IN_NEW_LOBBY,]
06-20 20:21:40.711 13883 13981 I Unity   : Module opened: [VideoIntentModule]|[Time:45.17143; MonoHeapSize:226.0703; MonoUsedSize:161.5742; TempAllocator:4; TotalAllocatedMemory:163.5015; TotalReservedMemory:258.8086; TotalUnusedReservedMemory:95.30708; usedHeapSize:163.5015;]
06-20 20:21:40.711 13883 13981 I Unity   : NativeScreenTexture: LoadScreenFromBuffer; caller=[SCREEN_VIDEO]; layer=[100]
06-20 20:21:40.711 13883 13981 I Unity   : Unloading unused triggers. Splits unloaded - 0 ],  left - 
06-20 20:21:40.711 13883 13981 I Unity   : 0 ]
06-20 20:21:40.729 13883 14622 D Banzai  : Request code: 200
06-20 20:21:40.729 13883 13883 D Banzai  : Request result: 
06-20 20:21:40.751 13883 13981 I Unity   : [BOGDEHCNHOF]; Logs folder: [/storage/emulated/0/Android/data/top.niunaijun.blackbox/files/blackbox/storage/emulated/0/Android/data/com.nekki.shadowfight3/files/gamedata/Logs]; Available drive space: 6718MB; Limit space: 50MB
06-20 20:21:40.751 13883 13981 I Unity   : Initialization completed
06-20 20:21:40.826 13883 13981 I Unity   : Clearing cache. Entries: 33
06-20 20:21:41.028 13883 13981 I Unity   : [Bundles to load check] time: 14 ms
06-20 20:21:41.036 13883 13981 I Unity   : [MANHDMLPKMH]; Start loading bundles
06-20 20:21:41.403 13883 13981 W Unity   : Bundle not found, bundleName: 1691038791, bundlePath: /storage/emulated/0/Android/data/top.niunaijun.blackbox/files/blackbox/storage/emulated/0/Android/data/com.nekki.shadowfight3/files/gamedata/Resources/Bundles/49c106143b9311ea2228c7e72cb79abb
06-20 20:21:41.407 13883 13981 I Unity   : Module updated: [VideoIntentModule]
06-20 20:21:41.416 13883 13981 I Unity   : NativeScreenTexture: Clear; from=[reloadTexture]; delayed=[False]; callers=[2]
06-20 20:21:41.417 13883 13981 W Unity   : NativeScreenTexture: Can't find caller's name [reloadTexture] to remove from list 
06-20 20:21:41.592 13883 14166 V NuMediaExtractor: NuMediaExtractor constructor
06-20 20:21:41.596 13883 14166 V NuMediaExtractor: setDataSource fd=200 (/data/app/~~b-kNTPL92oJmt3Gcmb6V-w==/com.nekki.shadowfight3-7kK4tjGugrQhSUVD9c6cmg==/base.apk), offset=35754116, length=42922065
06-20 20:21:41.686 13883 14687 W BillingClient: In-app billing API version 3 is not supported on this device.
06-20 20:21:41.713 13883 13929 W JobServiceStub: Schedule: args[0] is null, returning RESULT_FAILURE
06-20 20:21:41.714 13883 14166 V NuMediaExtractor: track of type 'video/avc' does not publish bitrate
06-20 20:21:41.721 13883 14166 V NuMediaExtractor: selectTrack, track[0]: video/avc
06-20 20:21:41.763 13883 14166 D MediaCodecList: codecHandlesFormat: no format, so no extra checks
06-20 20:21:41.767 13883 14166 D MediaCodecList: codecHandlesFormat: no format, so no extra checks
06-20 20:21:41.790 13883 14729 I CCodec  : state->set(ALLOCATING)
06-20 20:21:41.793 13883 14730 D RuntimeProperty: ro.soc.model: MT8781V/CA
06-20 20:21:41.793 13883 14730 D RuntimeProperty: ro.board.platform: mt6789
06-20 20:21:41.793 13883 14730 I CCodec  : allocate(c2.mtk.avc.decoder)
06-20 20:21:41.793 13883 14730 D CCodec  : allocate(c2.mtk.avc.decoder)
06-20 20:21:41.806 13883 14730 I ApexCodecsLazy: Failed to load libcom.android.media.swcodec.apexcodecs.so: dlopen failed: library "libcom.android.media.swcodec.apexcodecs.so" not found
06-20 20:21:41.806 13883 14730 I Codec2Client: Available Codec2 services: "default" "default1" "software"
06-20 20:21:41.825 13883 14730 I CCodec  : setting up 'default' as default (vendor) store
06-20 20:21:41.908 13883 14730 I CCodec  : Created component [c2.mtk.avc.decoder] for [c2.mtk.avc.decoder]
06-20 20:21:41.908 13883 14730 I CCodec  : [c2.mtk.avc.decoder] state->set(ALLOCATED)
06-20 20:21:41.910 13883 14730 D CCodecConfig: read media type: video/avc
06-20 20:21:41.919 13883 14730 D ReflectedParamUpdater: extent() != 1 for single value type: algo.buffers.max-count.values
06-20 20:21:41.919 13883 14730 D ReflectedParamUpdater: extent() != 1 for single value type: output.subscribed-indices.values
06-20 20:21:41.919 13883 14730 D ReflectedParamUpdater: extent() != 1 for single value type: input.buffers.allocator-ids.values
06-20 20:21:41.919 13883 14730 D ReflectedParamUpdater: extent() != 1 for single value type: output.buffers.allocator-ids.values
06-20 20:21:41.920 13883 14730 D ReflectedParamUpdater: extent() != 1 for single value type: algo.buffers.allocator-ids.values
06-20 20:21:41.920 13883 14730 D ReflectedParamUpdater: extent() != 1 for single value type: output.buffers.pool-ids.values
06-20 20:21:41.920 13883 14730 D ReflectedParamUpdater: extent() != 1 for single value type: algo.buffers.pool-ids.values
06-20 20:21:41.922 13883 14730 D ReflectedParamUpdater: ignored struct field coded.color-format.locations
06-20 20:21:41.926 13883 14730 D ReflectedParamUpdater: ignored struct field resources.needed.values
06-20 20:21:41.926 13883 14730 D CCodecConfig: ignoring local param raw.size (0xd2001800) as it is already supported
06-20 20:21:41.926 13883 14730 D CCodecConfig: ignoring local param raw.crop (0xd2001801) as it is already supported
06-20 20:21:41.928 13883 14730 D CCodecConfig: ignoring local param default.color (0x5200180b) as it is already supported
06-20 20:21:41.928 13883 14730 D CCodecConfig: ignoring local param raw.hdr-static-info (0xd200180a) as it is already supported
06-20 20:21:41.933 13883 14730 I CCodec  : [c2.mtk.avc.decoder] config->initialize() : 0
06-20 20:21:41.934 13883 14730 I CCodecConfig: query failed after returning 18 values (BAD_INDEX)
06-20 20:21:41.934 13883 14730 D CCodecConfig: c2 config diff is Dict {
06-20 20:21:41.934 13883 14730 D CCodecConfig:   c2::u32 algo.low-latency.value = 0
06-20 20:21:41.934 13883 14730 D CCodecConfig:   c2::i32 algo.priority.value = 1
06-20 20:21:41.934 13883 14730 D CCodecConfig:   c2::float algo.rate.value = 0
06-20 20:21:41.934 13883 14730 D CCodecConfig:   c2::float coded.frame-rate.value = 0
06-20 20:21:41.934 13883 14730 D CCodecConfig:   c2::u32 coded.pl.level = 20495
06-20 20:21:41.934 13883 14730 D CCodecConfig:   c2::u32 coded.pl.profile = 20481
06-20 20:21:41.934 13883 14730 D CCodecConfig:   c2::u32 coded.vui.color.matrix = 0
06-20 20:21:41.934 13883 14730 D CCodecConfig:   c2::u32 coded.vui.color.primaries = 0
06-20 20:21:41.934 13883 14730 D CCodecConfig:   c2::u32 coded.vui.color.range = 0
06-20 20:21:41.934 13883 14730 D CCodecConfig:   c2::u32 coded.vui.color.transfer = 0
06-20 20:21:41.934 13883 14730 D CCodecConfig:   c2::u32 default.color.matrix = 0
06-20 20:21:41.934 13883 14730 D CCodecConfig:   c2::u32 default.color.primaries = 0
06-20 20:21:41.934 13883 14730 D CCodecConfig:   c2::u32 default.color.range = 0
06-20 20:21:41.934 13883 14730 D CCodecConfig:   c2::u32 default.color.transfer = 0
06-20 20:21:41.934 13883 14730 D CCodecConfig:   c2::u32 input.buffers.max-size.value = 2097152
06-20 20:21:41.934 13883 14730 D CCodecConfig:   c2::u32 input.delay.value = 4
06-20 20:21:41.934 13883 14730 D CCodecConfig:   string input.media-type.value = "video/avc"
06-20 20:21:41.934 13883 14730 D CCodecConfig:   c2::u32 output.delay.value = 12
06-20 20:21:41.934 13883 14730 D CCodecConfig:   string output.media-type.value = "video/raw"
06-20 20:21:41.934 13883 14730 D CCodecConfig:   c2::u32 raw.color.matrix = 0
06-20 20:21:41.934 13883 14730 D CCodecConfig:   c2::u32 raw.color.primaries = 0
06-20 20:21:41.934 13883 14730 D CCodecConfig:   c2::u32 raw.color.range = 0
06-20 20:21:41.934 13883 14730 D CCodecConfig:   c2::u32 raw.color.transfer = 0
06-20 20:21:41.934 13883 14730 D CCodecConfig:   c2::u32 raw.crop.height = 239
06-20 20:21:41.934 13883 14730 D CCodecConfig:   c2::u32 raw.crop.left = 0
06-20 20:21:41.934 13883 14730 D CCodecConfig:   c2::u32 raw.crop.top = 0
06-20 20:21:41.934 13883 14730 D CCodecConfig:   c2::u32 raw.crop.width = 319
06-20 20:21:41.934 13883 14730 D CCodecConfig:   c2::float raw.hdr-static-info.master
06-20 20:21:41.934 13883 14730 W ColorUtils: expected specified color aspects (0:0:0:0)
06-20 20:21:41.935 13883 14730 I CCodec  : [c2.mtk.avc.decoder] config->queryConfiguration()
06-20 20:21:41.935 13883 14730 I CCodec  : [c2.mtk.avc.decoder] mCallback->onComponentAllocated() IN
06-20 20:21:41.935 13883 14730 I CCodec  : [c2.mtk.avc.decoder] mCallback->onComponentAllocated() OUT
06-20 20:21:41.951 13883 14166 E MediaCodec: Media Quality Service not found.
06-20 20:21:41.952 13883 14730 D CCodec  : [c2.mtk.avc.decoder] buffers are bound to CCodec for this session
06-20 20:21:41.953 13883 14730 I CCodec  : Client requested ByteBuffer mode decoder w/o color format set: using default planar color format
06-20 20:21:41.953 13883 14730 I CCodec  : appPid(13883) width(1280) height(720)
06-20 20:21:41.953 13883 14730 D CCodecConfig: no c2 equivalents for durationUs
06-20 20:21:41.953 13883 14730 D CCodecConfig: no c2 equivalents for accurate-durationUs
06-20 20:21:41.953 13883 14730 D CCodecConfig: no c2 equivalents for accurate-framecount
06-20 20:21:41.953 13883 14730 D CCodecConfig: no c2 equivalents for frame-count
06-20 20:21:41.953 13883 14730 D CCodecConfig: no c2 equivalents for track-id
06-20 20:21:41.953 13883 14730 D CCodecConfig: no c2 equivalents for track-fourcc
06-20 20:21:41.953 13883 14730 D CCodecConfig: no c2 equivalents for language
06-20 20:21:41.953 13883 14730 D CCodecConfig: no c2 equivalents for display-width
06-20 20:21:41.953 13883 14730 D CCodecConfig: no c2 equivalents for display-height
06-20 20:21:41.953 13883 14730 D CCodecConfig: no c2 equivalents for has-ctts
06-20 20:21:41.953 13883 14730 D CCodecConfig: no c2 equivalents for csd-1
06-20 20:21:41.953 13883 14730 D CCodecConfig: no c2 equivalents for flags
06-20 20:21:41.955 13883 14730 D CCodecConfig: c2 config diff is   c2::float coded.frame-rate.value = 25
06-20 20:21:41.955 13883 14730 D CCodecConfig:   c2::u32 coded.pl.level = 20489
06-20 20:21:41.955 13883 14730 D CCodecConfig:   c2::u32 coded.pl.profile = 20484
06-20 20:21:41.955 13883 14730 D CCodecConfig:   c2::u32 input.buffers.max-size.value = 3145748
06-20 20:21:41.955 13883 14730 D CCodecConfig:   c2::u32 raw.size.height = 720
06-20 20:21:41.955 13883 14730 D CCodecConfig:   c2::u32 raw.size.width = 1280
06-20 20:21:41.955 13883 14730 W ColorUtils: expected specified color aspects (0:0:0:0)
06-20 20:21:41.955 13883 14730 D CCodec  : encoding statistics level = 0
06-20 20:21:41.955 13883 14730 D CCodec  : setup formats input: AMessage(what = 0x00000000) = {
06-20 20:21:41.955 13883 14730 D CCodec  :   string mime = "video/avc"
06-20 20:21:41.955 13883 14730 D CCodec  :   int32_t width = 1280
06-20 20:21:41.955 13883 14730 D CCodec  :   int32_t profile = 8
06-20 20:21:41.955 13883 14730 D CCodec  :   int32_t priority = -1
06-20 20:21:41.955 13883 14730 D CCodec  :   int32_t frame-rate = 25
06-20 20:21:41.955 13883 14730 D CCodec  :   int32_t height = 720
06-20 20:21:41.955 13883 14730 D CCodec  :   int32_t level = 512
06-20 20:21:41.955 13883 14730 D CCodec  :   int32_t max-input-size = 3145748
06-20 20:21:41.955 13883 14730 D CCodec  :   Rect crop(0, 0, 318, 238)
06-20 20:21:41.955 13883 14730 D CCodec  : }
06-20 20:21:41.956 13883 14730 D CCodec  : setup formats output: AMessage(what = 0x00000000) = {
06-20 20:21:41.956 13883 14730 D CCodec  :   int32_t android._color-format = 2135033992
06-20 20:21:41.956 13883 14730 D CCodec  :   int32_t android._video-scaling = 1
06-20 20:21:41.956 13883 14730 D CCodec  :   int32_t sar-width = 1
06-20 20:21:41.956 13883 14730 D CCodec  :   int32_t color-standard = 0
06-20 20:21:41.956 13883 14730 D CCodec  :   int32_t color-range = 0
06-20 20:21:41.956 13883 14730 D CCodec  :   int32_t color-transfer = 0
06-20 20:21:41.956 13883 14730 D CCodec  :   int32_t android._dataspace = 0
06-20 20:21:41.956 13883 14730 D CCodec  :   int32_t width = 1280
06-20 20:21:41.956 13883 14730 D CCodec  :   int32_t rotation-degrees = 0
06-20 20:21:41.956 13883 14730 D CCodec  :   int32_t sar-height = 1
06-20 20:21:41.956 13883 14730 D CCodec  :   int32_t max-width = 320
06-20 20:21:41.956 13883 14730 D CCodec  :   int32_t max-height = 240
06-20 20:21:41.956 13883 14730 D CCodec  :   int32_t priority = -1
06-20 20:21:41.956 13883 14730 D CCodec  :   string mime = "video/raw"
06-20 20:21:41.956 13883 14730 D CCodec  :   Rect crop(0, 0, 318, 238)
06-20 20:21:41.956 13883 14730 D CCodec  :   Buffer hdr-static-info = {
06-20 20:21:41.956 13883 14730 D CCodec  :     00000000:  00 00 00 00 00 00 00 00  00 00 00 00 00 00 00 00  ................
06-20 20:21:41.956 13883 14730 D CCodec  :     00000010:  00 00 00 00 00 00 00 00  00                       .........
06-20 20:21:41.956 13883 14730 D CCodec  :   }
06-20 20:21:41.956 13883 14730 D CCodec  :   int32_t frame-rate = 25
06-20 20:21:41.956 13883 14730 D CCodec  :   int32_t height = 720
06-20 20:21:41.956 13883 14730 D CCodec  :   int32_t color-format = 19
06-20 20:21:41.956 13883 14730 D CCodec  : }
06-20 20:21:41.956 13883 14730 I CCodecConfig: query failed after returning 18 values (BAD_INDEX)
06-20 20:21:41.956 13883 14730 D CCodecConfig: c2 config diff is   c2::u32 raw.max-size.height = 720
06-20 20:21:41.956 13883 14730 D CCodecConfig:   c2::u32 raw.max-size.width = 1280
06-20 20:21:41.956 13883 14730 W ColorUtils: expected specified color aspects (0:0:0:0)
06-20 20:21:41.966 13883 14729 I CCodec  : [c2.mtk.avc.decoder] state->set(STARTING)
06-20 20:21:41.986 13883 14730 D C2Store : Using DMABUF Heaps
06-20 20:21:41.988 13883 14730 D CCodecBufferChannel: [c2.mtk.avc.decoder#764] Created input block pool with allocatorID 16 => poolID 17 - OK (0)
06-20 20:21:41.989 13883 14730 D CCodecBufferChannel: [c2.mtk.avc.decoder#764] Configured output block pool ids 1 => OK
06-20 20:21:41.989 13883 14730 D CCodecBufferChannel: [c2.mtk.avc.decoder#764] Configured output usage [0x1]
06-20 20:21:41.989 13883 14730 I CCodec  : [c2.mtk.avc.decoder] state->set(RUNNING)
06-20 20:21:41.989 13883 14730 I DMABUFHEAPS: Using DMA-BUF heap named: mtk_mm
06-20 20:21:41.998 13883 14730 I CCodecBufferChannel: [c2.mtk.avc.decoder#764] 8 initial input buffers available
06-20 20:21:42.013 13883 14166 V NuMediaExtractor: selectTrack, track[1]: audio/mp4a-latm
06-20 20:21:42.015 13883 14166 D MediaCodecList: codecHandlesFormat: no format, so no extra checks
06-20 20:21:42.019 13883 14744 I CCodec  : state->set(ALLOCATING)
06-20 20:21:42.019 13883 14744 I CCodec  : allocate(c2.android.aac.decoder)
06-20 20:21:42.019 13883 14744 D CCodec  : allocate(c2.android.aac.decoder)
06-20 20:21:42.021 13883 14729 W jun.blackbox:p0: AIBinder_linkToDeath is being called with a non-null cookie and no onUnlink callback set. This might not be intended. AIBinder_DeathRecipient_setOnUnlinked should be called first.
06-20 20:21:42.021 13883 14744 I CCodec  : setting up 'default' as default (vendor) store
06-20 20:21:42.023 13883 14729 I MediaCodec: setCodecState state(0), called in 6, domain 1, 1
06-20 20:21:42.062 13883 14730 D CCodecConfig: c2 config diff is   c2::u32 output.delay.value = 13
06-20 20:21:42.062 13883 14730 D CCodecConfig:   c2::u32 raw.color.matrix = 1
06-20 20:21:42.062 13883 14730 D CCodecConfig:   c2::u32 raw.color.primaries = 1
06-20 20:21:42.062 13883 14730 D CCodecConfig:   c2::u32 raw.color.range = 2
06-20 20:21:42.062 13883 14730 D CCodecConfig:   c2::u32 raw.color.transfer = 3
06-20 20:21:42.068 13883 14004 D CCodecBufferChannel: [c2.mtk.avc.decoder#764] Ignoring stale input buffer done callback: last flush index = 0, frameIndex = 0
06-20 20:21:42.120 13883 14744 W jun.blackbox:p0: AIBinder_linkToDeath is being called with a non-null cookie and no onUnlink callback set. This might not be intended. AIBinder_DeathRecipient_setOnUnlinked should be called first.
06-20 20:21:42.120 13883 14744 I CCodec  : Created component [c2.android.aac.decoder] for [c2.android.aac.decoder]
06-20 20:21:42.120 13883 14744 I CCodec  : [c2.android.aac.decoder] state->set(ALLOCATED)
06-20 20:21:42.120 13883 14744 D CCodecConfig: read media type: audio/mp4a-latm
06-20 20:21:42.121 13883 14744 D ReflectedParamUpdater: extent() != 1 for single value type: algo.buffers.max-count.values
06-20 20:21:42.122 13883 14744 D ReflectedParamUpdater: extent() != 1 for single value type: output.subscribed-indices.values
06-20 20:21:42.122 13883 14744 D ReflectedParamUpdater: extent() != 1 for single value type: input.buffers.allocator-ids.values
06-20 20:21:42.122 13883 14744 D ReflectedParamUpdater: extent() != 1 for single value type: output.buffers.allocator-ids.values
06-20 20:21:42.123 13883 14744 D ReflectedParamUpdater: extent() != 1 for single value type: algo.buffers.allocator-ids.values
06-20 20:21:42.123 13883 14744 D ReflectedParamUpdater: extent() != 1 for single value type: output.buffers.pool-ids.values
06-20 20:21:42.123 13883 14744 D ReflectedParamUpdater: extent() != 1 for single value type: algo.buffers.pool-ids.values
06-20 20:21:42.126 13883 14744 I CCodec  : [c2.android.aac.decoder] config->initialize() : 0
06-20 20:21:42.127 13883 14744 I CCodecConfig: query failed after returning 21 values (BAD_INDEX)
06-20 20:21:42.127 13883 14744 D CCodecConfig: c2 config diff is Dict {
06-20 20:21:42.127 13883 14744 D CCodecConfig:   c2::u32 coded.aac-packaging.value = 0
06-20 20:21:42.127 13883 14744 D CCodecConfig:   c2::u32 coded.bitrate.value = 64000
06-20 20:21:42.127 13883 14744 D CCodecConfig:   c2::u32 coded.pl.level = 0
06-20 20:21:42.127 13883 14744 D CCodecConfig:   c2::u32 coded.pl.profile = 8192
06-20 20:21:42.127 13883 14744 D CCodecConfig:   c2::i32 coding.drc.album-mode.value = 0
06-20 20:21:42.127 13883 14744 D CCodecConfig:   c2::float coding.drc.attenuation-factor.value = 1
06-20 20:21:42.127 13883 14744 D CCodecConfig:   c2::float coding.drc.boost-factor.value = 1
06-20 20:21:42.127 13883 14744 D CCodecConfig:   c2::i32 coding.drc.compression-mode.value = 3
06-20 20:21:42.127 13883 14744 D CCodecConfig:   c2::i32 coding.drc.effect-type.value = 3
06-20 20:21:42.127 13883 14744 D CCodecConfig:   c2::float coding.drc.encoded-level.value = 0.25
06-20 20:21:42.127 13883 14744 D CCodecConfig:   c2::float coding.drc.reference-level.value = -16
06-20 20:21:42.127 13883 14744 D CCodecConfig:   c2::u32 input.buffers.max-size.value = 8192
06-20 20:21:42.127 13883 14744 D CCodecConfig:   c2::u32 input.delay.value = 0
06-20 20:21:42.127 13883 14744 D CCodecConfig:   string input.media-type.value = "audio/mp4a-latm"
06-20 20:21:42.127 13883 14744 D CCodecConfig:   c2::u32 output.delay.value = 2
06-20 20:21:42.127 13883 14744 D CCodecConfig:   c2::float output.drc.output-loudness.value = 0.25
06-20 20:21:42.127 13883 14744 D CCodecConfig:   c2::u32 output.large-frame.max-size = 0
06-20 20:21:42.127 13883 14744 D CCodecConfig:   c2::u32 output.large-frame.threshold-size = 0
06-20 20:21:42.127 13883 14744 D CCodecConfig:   string output.media-type.value = "audio/raw"
06-20 20:21:42.127 13883 14744 D CCodecConfig:   c2::u32 raw.channel-count.value = 1
06-20 20:21:42.127 13883 14744 D CCodecConfig:   c2::u32 raw.channel-mask.value = 0
06-20 20:21:42.127 13883 14744 D CCodecConfig:   c2::u32 raw.max-channel-count.value = 8
06-20 20:21:42.127 13883 14744 D CCodecConfig:   c2::u32 raw.sample-rate.value = 44100
06-20 20:21:42.127 13883 14744 D CCodecConfig: }
06-20 20:21:42.127 13883 14744 I CCodec  : [c2.android.aac.decoder] config->queryConfiguration()
06-20 20:21:42.127 13883 14744 I CCodec  : [c2.android.aac.decoder] mCallback->onComponentAllocated() IN
06-20 20:21:42.127 13883 14744 I CCodec  : [c2.android.aac.decoder] mCallback->onComponentAllocated() OUT
06-20 20:21:42.131 13883 14166 E MediaCodec: Media Quality Service not found.
06-20 20:21:42.132 13883 14744 D CCodec  : [c2.android.aac.decoder] buffers are bound to CCodec for this session
06-20 20:21:42.132 13883 14744 I CCodec  : appPid(13883) width(0) height(0)
06-20 20:21:42.132 13883 14744 D CCodecConfig: no c2 equivalents for durationUs
06-20 20:21:42.132 13883 14744 D CCodecConfig: no c2 equivalents for frame-count
06-20 20:21:42.132 13883 14744 D CCodecConfig: no c2 equivalents for track-id
06-20 20:21:42.132 13883 14744 D CCodecConfig: no c2 equivalents for track-fourcc
06-20 20:21:42.132 13883 14744 D CCodecConfig: no c2 equivalents for bits-per-sample
06-20 20:21:42.132 13883 14744 D CCodecConfig: no c2 equivalents for language
06-20 20:21:42.132 13883 14744 D CCodecConfig: no c2 equivalents for flags
06-20 20:21:42.133 13883 14744 D CCodecConfig: c2 config diff is   c2::u32 coded.bitrate.value = 125410
06-20 20:21:42.133 13883 14744 D CCodecConfig:   c2::u32 raw.channel-count.value = 2
06-20 20:21:42.133 13883 14744 D CCodecConfig:   c2::u32 raw.sample-rate.value = 48000
06-20 20:21:42.133 13883 14744 D CCodec  : encoding statistics level = 0
06-20 20:21:42.134 13883 14744 D CCodec  : setup formats input: AMessage(what = 0x00000000) = {
06-20 20:21:42.134 13883 14744 D CCodec  :   int32_t aac-drc-album-mode = 0
06-20 20:21:42.134 13883 14744 D CCodec  :   int32_t aac-drc-boost-level = 127
06-20 20:21:42.134 13883 14744 D CCodec  :   int32_t aac-drc-cut-level = 127
06-20 20:21:42.134 13883 14744 D CCodec  :   int32_t aac-drc-effect-type = 3
06-20 20:21:42.134 13883 14744 D CCodec  :   int32_t aac-encoded-target-level = -1
06-20 20:21:42.134 13883 14744 D CCodec  :   int32_t aac-max-output-channel_count = 8
06-20 20:21:42.134 13883 14744 D CCodec  :   int32_t aac-target-ref-level = 64
06-20 20:21:42.134 13883 14744 D CCodec  :   int32_t bitrate = 125410
06-20 20:21:42.134 13883 14744 D CCodec  :   int32_t channel-count = 2
06-20 20:21:42.134 13883 14744 D CCodec  :   int32_t channel-mask = 0
06-20 20:21:42.134 13883 14744 D CCodec  :   int32_t level = 0
06-20 20:21:42.134 13883 14744 D CCodec  :   int32_t max-input-size = 524308
06-20 20:21:42.134 13883 14744 D CCodec  :   int32_t max-output-channel-count = 8
06-20 20:21:42.134 13883 14744 D CCodec  :   string mime = "audio/mp4a-latm"
06-20 20:21:42.134 13883 14744 D CCodec  :   int32_t profile = 2
06-20 20:21:42.134 13883 14744 D CCodec  :   int32_t sample-rate = 48000
06-20 20:21:42.134 13883 14744 D CCodec  : }
06-20 20:21:42.134 13883 14744 D CCodec  : setup formats output: AMessage(what = 0x00000000) = {
06-20 20:21:42.134 13883 14744 D CCodec  :   int32_t aac-drc-album-mode = 0
06-20 20:21:42.134 13883 14744 D CCodec  :   int32_t aac-drc-boost-level = 127
06-20 20:21:42.134 13883 14744 D CCodec  :   int32_t aac-drc-cut-level = 127
06-20 20:21:42.134 13883 14744 D CCodec  :   int32_t aac-drc-effect-type = 3
06-20 20:21:42.134 13883 14744 D CCodec  :   int32_t aac-drc-output-loudness = -1
06-20 20:21:42.134 13883 14744 D CCodec  :   int32_t aac-encoded-target-level = -1
06-20 20:21:42.134 13883 14744 D CCodec  :   int32_t aac-max-output-channel_count = 8
06-20 20:21:42.134 13883 14744 D CCodec  :   int32_t aac-target-ref-level = 64
06-20 20:21:42.134 13883 14744 D CCodec  :   int32_t buffer-batch-max-output-size = 0
06-20 20:21:42.134 13883 14744 D CCodec  :   int32_t buffer-batch-threshold-output-size = 0
06-20 20:21:42.134 13883 14744 D CCodec  :   int32_t channel-count = 2
06-20 20:21:42.134 13883 14744 D CCodec  :   int32_t channel-mask = 0
06-20 20:21:42.134 13883 14744 D CCodec  :   int32_t max-output-channel-count = 8
06-20 20:21:42.134 13883 14744 D CCodec  :   string mime = "audio/raw"
06-20 20:21:42.134 13883 14744 D CCodec  :   int32_t sample-rate = 48000
06-20 20:21:42.134 13883 14744 D CCodec  :   int32_t android._config-pcm-encoding = 2
