06-19 16:23:05.201  4988  5005 W GooglePlayServicesUtil: com.nekki.shadowfight3 requires Google Play services, but they are missing.
06-19 16:23:05.202  4988  5005 W GooglePlayServicesUtil: com.nekki.shadowfight3 requires Google Play services, but they are missing.
06-19 16:23:05.202  4988  5005 D TransactionThrottler: Reset transaction throttler
06-19 16:23:05.203  4988  5005 D TransactionThrottler: Reset transaction throttler
06-19 16:23:05.206  4988  5007 D TransactionThrottler: Reset transaction throttler
06-19 16:23:05.207  4988  5007 D TransactionThrottler: Reset transaction throttler
06-19 16:23:05.211  4988  5056 D AttributionSourceUtils: Fixed AttributionSource UID in method arguments
06-19 16:23:05.212  4988  5056 D AttributionSourceUtils: Fixed AttributionSource UID in method arguments
06-19 16:23:05.220  4988  5005 D BlackManager: Creating service for: top.niunaijun.blackbox.core.system.os.IBStorageManagerService$Stub
06-19 16:23:05.220  4988  5005 D BlackManager: Successfully created service: storage_manager
06-19 16:23:05.222  4988  5056 W GooglePlayServicesUtil: com.nekki.shadowfight3 requires Google Play services, but they are missing.
06-19 16:23:05.222  4988  5060 W GooglePlayServicesUtil: com.nekki.shadowfight3 requires Google Play services, but they are missing.
06-19 16:23:05.223  4988  5060 W GoogleApiManager: The service for com.google.android.gms.internal.appset.zzd is not available: ConnectionResult{statusCode=SERVICE_MISSING, resolution=null, message=null, clientMethodKey=null}
06-19 16:23:05.255  4988  4988 I IL2CPP  : JNI_OnLoad
06-19 16:23:05.255  4988  4988 V Unity   : Context Type: ActivityOrService
06-19 16:23:05.260  4988  4988 V SF3     : UnityPlayerActivity called onCreate
06-19 16:23:05.260  4988  5056 D AdvertisingIdClient: AdvertisingIdClient already created.
06-19 16:23:05.260  4988  5056 D AdvertisingIdClient: AdvertisingIdClient is not bounded. Starting to bind it...
06-19 16:23:05.260  4988  5056 W GooglePlayServicesUtil: com.nekki.shadowfight3 requires Google Play services, but they are missing.
06-19 16:23:05.262  4988  5056 I AdvertisingIdClient: shouldSendLog -1
06-19 16:23:05.263  4988  5060 W GooglePlayServicesUtil: com.nekki.shadowfight3 requires Google Play services, but they are missing.
06-19 16:23:05.263  4988  5056 D AttributionSourceUtils: Fixed AttributionSource UID in method arguments
06-19 16:23:05.263  4988  4988 I Banzai  : Path: /storage/emulated/0/Android/data/top.niunaijun.blackbox/files/blackbox/storage/emulated/0/Android/data/com.nekki.shadowfight3/files/tou.file
06-19 16:23:05.264  4988  5060 W GoogleApiManager: The service for com.google.android.gms.common.internal.service.zau is not available: ConnectionResult{statusCode=SERVICE_MISSING, resolution=null, message=null, clientMethodKey=null}
06-19 16:23:05.268  4988  5056 D AttributionSourceUtils: Fixed AttributionSource UID in method arguments
06-19 16:23:05.270  4988  5056 D AttributionSourceUtils: Fixed AttributionSource UID in method arguments
06-19 16:23:05.273  4988  5056 W ApkUtil : getPackageInfo NameNotFoundException
06-19 16:23:05.273  4988  4988 D Banzai  : Send request on url https://sf3lb.nekki.com/clog?guid=96b1a4edeac872bc&e=&ext=eyJSQU0iOiIzNjQyIiwiQVJDSCI6ImFybTY0LXY4YSIsIk9TIjoiMTYiLCJMQU5HIjoiRW5nbGlzaCIsIk5FVCI6IldJRkkiLCJPR0wiOiJPUEVOR0xFU18zXzAiLCJCTiI6IjE5MjA5IiwiUEwiOiJBbmRyb2lkIn0%3D
06-19 16:23:05.274  4988  5056 W ApkUtil : getPackageInfo NameNotFoundException
06-19 16:23:05.275  4988  5056 W ApkUtil : getPackageInfo NameNotFoundException
06-19 16:23:05.279  4988  4988 D FirebaseSessions: App foregrounded on com.nekki.shadowfight3
06-19 16:23:05.279  4988  4988 D FirebaseSessions: Session 035ef7846cc74c1fa6496ab0952d5955 is expired
06-19 16:23:05.281  4988  4988 D AttributionSourceUtils: Fixed AttributionSource UID in method arguments
06-19 16:23:05.283  4988  5041 D FirebaseSessions: Session 035ef7846cc74c1fa6496ab0952d5955 is expired
06-19 16:23:05.283  4988  4988 D AttributionSourceUtils: Fixed AttributionSource UID in method arguments
06-19 16:23:05.284  4988  5041 D FirebaseSessions: Cold app start detected
06-19 16:23:05.284  4988  5041 D FirebaseSessions: Process com.nekki.shadowfight3 is stale
06-19 16:23:05.285  4988  4988 D AudioPermissionProxy: AudioPermission: getStreamVolume called, allowing
06-19 16:23:05.286  4988  4988 D AttributionSourceUtils: Fixed AttributionSource UID in method arguments
06-19 16:23:05.290  4988  5033 D FirebaseSessions: Notified CRASHLYTICS of new session 7b87571f800246529d54341aaabcf157
06-19 16:23:05.292  4988  4988 I ViewRootImpl: dVRR is disabled
06-19 16:23:05.292  4988  4988 D HardwareRenderer: onDisplayChanged. displayId=0 current wxh=1340x800 mLargest wxh=0x0
06-19 16:23:05.292  4988  4988 W HWUI    : Unknown dataspace 0
06-19 16:23:05.292  4988  4988 D HardwareRenderer: Set largestWidth and largestHeight as logical resolution. (1340x800)
06-19 16:23:05.292  4988  5064 D HWUI    : setMaxSurfaceArea requested wxh=(1340,800) requestedSurfaceArea(1072000) is smaller than defaultSurfaceArea(2073600). Use default.
06-19 16:23:05.293  4988  5041 D FirebaseSessions: Session Event Type: SESSION_START
06-19 16:23:05.293  4988  5041 D FirebaseSessions: Successfully logged Session Start event.
06-19 16:23:05.294  4988  5064 D NativeCustomFrequencyManager: [NativeCFMS] BpCustomFrequencyManager::BpCustomFrequencyManager()
06-19 16:23:05.296  4988  4988 D TransactionThrottler: Reset transaction throttler
06-19 16:23:05.298  4988  4988 D InsetsController: Setting requestedVisibleTypes to -12 (was -9)
06-19 16:23:05.299  4988  4988 I InsetsController: setRequestedVisibleTypes: visible=false, mask=statusBars navigationBars, host=com.nekki.shadowfight3/com.nekki.unityplugins.NekkiNativeActivity, from=android.view.InsetsController.controlAnimationUnchecked:1604 android.view.InsetsController.applyAnimation:2416 android.view.InsetsController.applyAnimation:2343 android.view.InsetsController.hide:1540 android.view.InsetsController.hide:1450 android.view.PendingInsetsController$HideRequest.replay:277 android.view.PendingInsetsController.replayAndAttach:192 android.view.ViewRootImpl.setView:1948 android.view.WindowManagerGlobal.addView:604 android.view.WindowManagerImpl.addView:158 
06-19 16:23:05.299  4988  4988 D InsetsController: Setting requestedVisibleTypes to -16 (was -12)
06-19 16:23:05.299  4988  4988 I InsetsController: setRequestedVisibleTypes: visible=false, mask=captionBar, host=com.nekki.shadowfight3/com.nekki.unityplugins.NekkiNativeActivity, from=android.view.InsetsController.controlAnimationUnchecked:1604 android.view.InsetsController.applyAnimation:2416 android.view.InsetsController.applyAnimation:2343 android.view.InsetsController.hide:1540 android.view.InsetsController.hide:1450 android.view.ViewRootImpl.controlInsetsForCompatibility:4170 android.view.ViewRootImpl.setView:1970 android.view.WindowManagerGlobal.addView:604 android.view.WindowManagerImpl.addView:158 android.app.ActivityThread.handleResumeActivity:6395 
06-19 16:23:05.302  4988  5044 W JobServiceStub: Schedule: args[0] is null, returning RESULT_FAILURE
06-19 16:23:05.303  4988  5019 W GooglePlayServicesUtil: com.nekki.shadowfight3 requires Google Play services, but they are missing.
06-19 16:23:05.303  4988  5019 W GooglePlayServicesUtil: com.nekki.shadowfight3 requires Google Play services, but they are missing.
06-19 16:23:05.305  4988  4988 D InputTransport: Input channel constructed: '6f07ed8', fd=160
06-19 16:23:05.305  4988  4988 I InsetsController: onStateChanged: host=com.nekki.shadowfight3/com.nekki.unityplugins.NekkiNativeActivity, from=android.view.ViewRootImpl.onInsetsStateChanged:3026, state=InsetsState: {mDisplayFrame=Rect(0, 0 - 1340, 800), mDisplayCutout=DisplayCutout{insets=Rect(0, 0 - 0, 0) waterfall=Insets{left=0, top=0, right=0, bottom=0} boundingRect={Bounds=[Rect(0, 0 - 0, 0), Rect(0, 0 - 0, 0), Rect(0, 0 - 0, 0), Rect(0, 0 - 0, 0)]} cutoutPathParserInfo={CutoutPathParserInfo{displayWidth=0 displayHeight=0 physicalDisplayWidth=0 physicalDisplayHeight=0 density={0.0} cutoutSpec={} rotation={0} scale={0.0} physicalPixelDisplaySizeRatio={0.0}}} sideOverrides=null}, mRoundedCorners=RoundedCorners{[RoundedCorner{position=TopLeft, radius=9, center=Point(9, 9)}, RoundedCorner{position=TopRight, radius=9, center=Point(1331, 9)}, RoundedCorner{position=BottomRight, radius=9, center=Point(1331, 791)}, RoundedCorner{position=BottomLeft, radius=9, center=Point(9, 791)}]}  mRoundedCornerFrame=Rect(0, 0 - 1340, 800), mPrivacyIndicatorBounds=PrivacyIndicatorBounds {static bounds=Rect(1282, 0 - 1340, 39) rotation=1}, mDisplayShape=DisplayShape{ spec=-311912193 displayWidth=800 displayHeight=1340 physicalPixelDisplaySizeRatio=1.0 rotation=1 offsetX=0 offsetY=0 scale=1.0}, mSources= { InsetsSource: {887e0000 mType=statusBars mFrame=[0,0][1340,39] mVisible=true mFlags= mSideHint=TOP mBoundingRects=null}, InsetsSource: {887e0005 mType=mandatorySystemGestures mFrame=[0,0][1340,39] mVisible=true mFlags= mSideHint=TOP mBoundingRects=null}, InsetsSource: {887e0006 mType=tappableElement mFrame=[0,0][1340,39] mVisible=true mFlags= mSideHint=TOP mBoundingRects=null}, InsetsSource: {3 mType=ime mFrame=[0,0][0,0] mVisible=false mFlags= mSideHint=NONE mBoundingRects=null}, InsetsSource: {292c0001 mType=navigationBars mFrame=[0,737][1340,800] mVisible=true mFlags= mSideHint=BOTTOM mBoundingRects=null}, InsetsSource: {292c0004 mType=systemGestures mFrame=[0,0][0,0] mVisible=true mFlags= mSideHint=NONE mBoundingRects=null}, InsetsSource: {292c0005 mType=mandatorySystemGestures mFrame=[0,737][1340,800] mVisible=true mFlags= mSideHint=BOTTOM mBoundingRects=null}, InsetsSource: {292c0006 mType=tappableElement mFrame=[0,737][1340,800] mVisible=true mFlags= mSideHint=BOTTOM mBoundingRects=null}, InsetsSource: {292c0024 mType=systemGestures mFrame=[0,0][0,0] mVisible=true mFlags= mSideHint=NONE mBoundingRects=null} }
06-19 16:23:05.306  4988  4988 I VRI[NekkiNativeActivity]@8b3fed2: synced displayState. AttachInfo displayState=2
06-19 16:23:05.306  4988  4988 D InputTransport: setImprovementEvent.. GameApp 1 1  179.759  179.759 2003436.750 2002.020 1415.428
06-19 16:23:05.307  4988  4988 I VRI[NekkiNativeActivity]@8b3fed2: setView = com.android.internal.policy.DecorView@7f21ff5 IsHRR=false mFlingFrameRateChange=0 TM=true
06-19 16:23:05.307  4988  4988 I IDS_TAG : Starting IDS observe window
06-19 16:23:05.308  4988  4988 I IDS_TAG : Getting Shared Preference for androidx.multidex.MultiDexApplication@e6b6d01 uid = 10005
06-19 16:23:05.311  4988  4988 I IDS_TAG : App androidx.multidex.MultiDexApplication@e6b6d01 has not finished training
06-19 16:23:05.312  4988  5040 I FA      : Tag Manager is not found and thus will not be used
06-19 16:23:05.314  4988  4988 I IDS_TAG : Closing IDS observe window
06-19 16:23:05.314  4988  4988 I IDS_TAG : Getting Shared Preference for androidx.multidex.MultiDexApplication@e6b6d01 uid = 10005
06-19 16:23:05.314  4988  4988 I IDS_TAG : IDS count updated to 6 for androidx.multidex.MultiDexApplication@e6b6d01
06-19 16:23:05.315  4988  4988 I SV[236565779 NekkiNativeActivity]: onWindowVisibilityChanged(0) true com.unity3d.player.a.g{e19b513 VFE...... .F....I. 0,0-0,0 #7f0a03a2 app:id/unitySurfaceView} of VRI[NekkiNativeActivity]@8b3fed2
06-19 16:23:05.315  4988  4988 D SurfaceView: 236565779 updateSurface: has no frame
06-19 16:23:05.325  4988  4988 E jun.blackbox:p1: [perfctl] 4988 4988 FPSGO ver:0
06-19 16:23:05.325  4988  4988 E jun.blackbox:p1: [perfctl] 0 0 0 0
06-19 16:23:05.325  4988  4988 D BufferQueueConsumer: [](id:137c00000000,api:0,p:-1,c:4988) connect: controlledByApp=false
06-19 16:23:05.327  4988  4988 D BLASTBufferQueue: [VRI[NekkiNativeActivity]@8b3fed2#0](f:0,a:0) constructor()
06-19 16:23:05.327  4988  4988 I BLASTBufferQueue_Java: new BLASTBufferQueue, mName= VRI[NekkiNativeActivity]@8b3fed2 mNativeObject= 0x778e242520 caller= android.view.ViewRootImpl.updateBlastSurfaceIfNeeded:3585 android.view.ViewRootImpl.relayoutWindow:11685 android.view.ViewRootImpl.performTraversals:4804 android.view.ViewRootImpl.doTraversal:3924 android.view.ViewRootImpl$TraversalRunnable.run:12903 android.view.Choreographer$CallbackRecord.run:1901 android.view.Choreographer$CallbackRecord.run:1910 android.view.Choreographer.doCallbacks:1367 android.view.Choreographer.doFrame:1292 android.view.Choreographer$FrameDisplayEventReceiver.run:1870 
06-19 16:23:05.327  4988  4988 I BLASTBufferQueue_Java: update, w= 1340 h= 800 mName = VRI[NekkiNativeActivity]@8b3fed2 mNativeObject= 0x778e242520 sc.mNativeObject= 0x772e2175d0 format= -3 caller= android.view.ViewRootImpl.updateBlastSurfaceIfNeeded:3590 android.view.ViewRootImpl.relayoutWindow:11685 android.view.ViewRootImpl.performTraversals:4804 android.view.ViewRootImpl.doTraversal:3924 android.view.ViewRootImpl$TraversalRunnable.run:12903 android.view.Choreographer$CallbackRecord.run:1901 
06-19 16:23:05.327  4988  4988 D BLASTBufferQueue: [VRI[NekkiNativeActivity]@8b3fed2#0](f:0,a:0) update width=1340 height=800 format=-3 mTransformHint=4
06-19 16:23:05.328  4988  4988 I VRI[NekkiNativeActivity]@8b3fed2: Relayout returned: old=(0,0,1340,800) new=(0,0,1340,800) relayoutAsync=false req=(1340,800)0 dur=8 res=0x3 s={true 0x775e214830} ch=true seqId=0
06-19 16:23:05.329  4988  4988 D VRI[NekkiNativeActivity]@8b3fed2: mThreadedRenderer.initialize() mSurface={isValid=true 0x775e214830} hwInitialized=true
06-19 16:23:05.329  4988  4988 D SurfaceView: 236565779 updateSurface: has no frame
06-19 16:23:05.336  4988  5040 W GooglePlayServicesUtil: com.nekki.shadowfight3 requires Google Play services, but they are missing.
06-19 16:23:05.336  4988  4988 I Kumiho-Kumiho: getPackageName: top.niunaijun.blackbox
06-19 16:23:05.347  4988  5040 D TransactionThrottler: Reset transaction throttler
06-19 16:23:05.372  4988  4988 I Kumiho-Kumiho: getPackageName: top.niunaijun.blackbox
06-19 16:23:05.384  4988  4988 I SV[236565779 NekkiNativeActivity]: windowStopped(false) true com.unity3d.player.a.g{e19b513 VFE...... .F....ID 0,0-1340,800 #7f0a03a2 app:id/unitySurfaceView} of VRI[NekkiNativeActivity]@8b3fed2
06-19 16:23:05.384  4988  4988 D SurfaceView: 236565779 updateSurface: has no frame
06-19 16:23:05.385  4988  4988 D VRI[NekkiNativeActivity]@8b3fed2: reportNextDraw android.view.ViewRootImpl.performTraversals:5443 android.view.ViewRootImpl.doTraversal:3924 android.view.ViewRootImpl$TraversalRunnable.run:12903 android.view.Choreographer$CallbackRecord.run:1901 android.view.Choreographer$CallbackRecord.run:1910 
06-19 16:23:05.385  4988  4988 I SurfaceView: 236565779 Changes: creating=true format=true size=true visible=true alpha=false hint=true left=true top=true z=false attached=true lifecycleStrategy=false
06-19 16:23:05.389  4988  4988 D BufferQueueConsumer: [](id:137c00000001,api:0,p:-1,c:4988) connect: controlledByApp=false
06-19 16:23:05.390  4988  4988 D BLASTBufferQueue: [e19b513 SurfaceView[com.nekki.shadowfight3/com.nekki.unityplugins.NekkiNativeActivity]@0#1](f:0,a:0) constructor()
06-19 16:23:05.390  4988  4988 I BLASTBufferQueue_Java: new BLASTBufferQueue, mName= e19b513 SurfaceView[com.nekki.shadowfight3/com.nekki.unityplugins.NekkiNativeActivity]@0 mNativeObject= 0x778e2394a0 caller= android.view.SurfaceView.createBlastSurfaceControls:1781 android.view.SurfaceView.updateSurface:1450 android.view.SurfaceView.lambda$new$0:280 android.view.SurfaceView.$r8$lambda$NfZyM_TG8F8lqzaOVZ7noREFjzU:0 android.view.SurfaceView$$ExternalSyntheticLambda1.onPreDraw:0 android.view.ViewTreeObserver.dispatchOnPreDraw:1229 android.view.ViewRootImpl.performTraversals:5448 android.view.ViewRootImpl.doTraversal:3924 android.view.ViewRootImpl$TraversalRunnable.run:12903 android.view.Choreographer$CallbackRecord.run:1901 
06-19 16:23:05.390  4988  4988 I BLASTBufferQueue_Java: update, w= 1340 h= 800 mName = e19b513 SurfaceView[com.nekki.shadowfight3/com.nekki.unityplugins.NekkiNativeActivity]@0 mNativeObject= 0x778e2394a0 sc.mNativeObject= 0x772e218410 format= 4 caller= android.view.SurfaceView.createBlastSurfaceControls:1782 android.view.SurfaceView.updateSurface:1450 android.view.SurfaceView.lambda$new$0:280 android.view.SurfaceView.$r8$lambda$NfZyM_TG8F8lqzaOVZ7noREFjzU:0 android.view.SurfaceView$$ExternalSyntheticLambda1.onPreDraw:0 android.view.ViewTreeObserver.dispatchOnPreDraw:1229 
06-19 16:23:05.390  4988  4988 D BLASTBufferQueue: [e19b513 SurfaceView[com.nekki.shadowfight3/com.nekki.unityplugins.NekkiNativeActivity]@0#1](f:0,a:0) update width=1340 height=800 format=4 mTransformHint=4
06-19 16:23:05.390  4988  4988 I SurfaceView: 236565779 Cur surface: Surface(name=null mNativeObject=0)/@0x16dcd92
06-19 16:23:05.391  4988  4988 I SV[236565779 NekkiNativeActivity]: pST: sr = Rect(0, 0 - 1340, 800) sw = 1340 sh = 800
06-19 16:23:05.391  4988  4988 D SurfaceView: 236565779 performSurfaceTransaction RenderWorker position = [0, 0, 1340, 800] surfaceSize = 1340x800
06-19 16:23:05.391  4988  4988 I SV[236565779 NekkiNativeActivity]: updateSurface: mVisible = true mSurface.isValid() = true
06-19 16:23:05.391  4988  4988 I SV[236565779 NekkiNativeActivity]: updateSurface: mSurfaceCreated = false surfaceChanged = true visibleChanged = true
06-19 16:23:05.391  4988  4988 I SurfaceView: 236565779 visibleChanged -- surfaceCreated
06-19 16:23:05.391  4988  4988 I SV[236565779 NekkiNativeActivity]: surfaceCreated 1 #8 com.unity3d.player.a.g{e19b513 VFE...... .F....ID 0,0-1340,800 #7f0a03a2 app:id/unitySurfaceView}
06-19 16:23:05.391  4988  4988 I SurfaceView: 236565779 surfaceChanged -- format=4 w=1340 h=800
06-19 16:23:05.391  4988  4988 I SV[236565779 NekkiNativeActivity]: surfaceChanged (1340,800) 1 #8 com.unity3d.player.a.g{e19b513 VFE...... .F....ID 0,0-1340,800 #7f0a03a2 app:id/unitySurfaceView}
06-19 16:23:05.391  4988  4988 I SurfaceView: 236565779 surfaceRedrawNeeded
06-19 16:23:05.391  4988  4988 I SurfaceView: 236565779 finishedDrawing
06-19 16:23:05.392  4988  4988 V SurfaceView: Layout: x=0 y=0 w=1340 h=800, frame=Rect(0, 0 - 1340, 800)
06-19 16:23:05.392  4988  4988 D VRI[NekkiNativeActivity]@8b3fed2: Setup new sync=wmsSync-VRI[NekkiNativeActivity]@8b3fed2#1
06-19 16:23:05.392  4988  4988 I VRI[NekkiNativeActivity]@8b3fed2: Creating new active sync group VRI[NekkiNativeActivity]@8b3fed2#2
06-19 16:23:05.393  4988  4988 D VRI[NekkiNativeActivity]@8b3fed2: registerCallbacksForSync syncBuffer=false
06-19 16:23:05.394  4988  5064 D SurfaceView: 236565779 updateSurfacePosition RenderWorker, frameNr = 1, position = [0, 0, 1340, 800] surfaceSize = 1340x800
06-19 16:23:05.394  4988  5064 I SV[236565779 NekkiNativeActivity]: uSP: rtp = Rect(0, 0 - 1340, 800) rtsw = 1340 rtsh = 800
06-19 16:23:05.394  4988  5064 I SV[236565779 NekkiNativeActivity]: onSSPAndSRT: pl = 0 pt = 0 sx = 1.0 sy = 1.0
06-19 16:23:05.395  4988  5064 I SV[236565779 NekkiNativeActivity]: aOrMT: VRI[NekkiNativeActivity]@8b3fed2 t = android.view.SurfaceControl$Transaction@577a2bf fN = 1 android.view.SurfaceView.-$$Nest$mapplyOrMergeTransaction:0 android.view.SurfaceView$SurfaceViewPositionUpdateListener.positionChanged:1932 android.graphics.RenderNode$CompositePositionUpdateListener.positionChanged:401 
06-19 16:23:05.396  4988  5064 I VRI[NekkiNativeActivity]@8b3fed2: mWNT: t=0x779e256ad0 mBlastBufferQueue=0x778e242520 fn= 1 HdrRenderState mRenderHdrSdrRatio=1.0 caller= android.view.SurfaceView.applyOrMergeTransaction:1863 android.view.SurfaceView.-$$Nest$mapplyOrMergeTransaction:0 android.view.SurfaceView$SurfaceViewPositionUpdateListener.positionChanged:1932 
06-19 16:23:05.403  4988  5095 D VRI[NekkiNativeActivity]@8b3fed2: Received frameDrawingCallback syncResult=0 frameNum=1.
06-19 16:23:05.403  4988  5095 I VRI[NekkiNativeActivity]@8b3fed2: mWNT: t=0x779e2604d0 mBlastBufferQueue=0x778e242520 fn= 1 HdrRenderState mRenderHdrSdrRatio=1.0 caller= android.view.ViewRootImpl$12.onFrameDraw:15441 android.view.ThreadedRenderer$1.onFrameDraw:718 <bottom of call stack> 
06-19 16:23:05.403  4988  5095 I VRI[NekkiNativeActivity]@8b3fed2: Setting up sync and frameCommitCallback
06-19 16:23:05.405  4988  5064 D jun.blackbox:p1: Can't load libmbrainSDK
06-19 16:23:05.405  4988  5064 D jun.blackbox:p1: initMbrain failed
06-19 16:23:05.412  4988  5064 I GrallocExtra: gralloc_extra_query:is_SW3D 0
06-19 16:23:05.413  4988  5064 I GrallocExtra: gralloc_extra_query:is_SW3D 0
06-19 16:23:05.413  4988  5064 D BLASTBufferQueue: [VRI[NekkiNativeActivity]@8b3fed2#0](f:0,a:1) acquireNextBufferLocked size=1340x800 mFrameNumber=1 applyTransaction=true mTimestamp=265309018684196(auto) mPendingTransactions.size=0 graphicBufferId=21423296872448 transform=7
06-19 16:23:05.413  4988  5064 D jun.blackbox:p1: Can't load libmbrainSDK
06-19 16:23:05.413  4988  5064 D jun.blackbox:p1: initMbrain failed
06-19 16:23:05.414  4988  5064 I VRI[NekkiNativeActivity]@8b3fed2: Received frameCommittedCallback lastAttemptedDrawFrameNum=1 didProduceBuffer=true
06-19 16:23:05.414  4988  5064 D HWUI    : CFMS:: SetUp Pid : 4988    Tid : 5064
06-19 16:23:05.414  4988  4988 D VRI[NekkiNativeActivity]@8b3fed2: reportDrawFinished seqId=0
06-19 16:23:05.416  4988  4988 I AdvertisingIdClient: getting error as 17: API: ClientTelemetry.API is not available on this device. Connection failed with: ConnectionResult{statusCode=SERVICE_MISSING, resolution=null, message=null, clientMethodKey=null}
06-19 16:23:05.419  4988  4988 D PackageManagerStub: GetPackageInfo: Providing fake Google Play Services info
06-19 16:23:05.419  4988  4988 I AdvertisingIdClient: getting error as 17: API: ClientTelemetry.API is not available on this device. Connection failed with: ConnectionResult{statusCode=SERVICE_MISSING, resolution=null, message=null, clientMethodKey=null}
06-19 16:23:05.419  4988  5064 D HWUI    : HWUI - treat SMPTE_170M as sRGB
06-19 16:23:05.421  4988  4988 I InsetsController: onStateChanged: host=com.nekki.shadowfight3/com.nekki.unityplugins.NekkiNativeActivity, from=android.view.ViewRootImpl.onInsetsStateChanged:3026, state=InsetsState: {mDisplayFrame=Rect(0, 0 - 1340, 800), mDisplayCutout=DisplayCutout{insets=Rect(0, 0 - 0, 0) waterfall=Insets{left=0, top=0, right=0, bottom=0} boundingRect={Bounds=[Rect(0, 0 - 0, 0), Rect(0, 0 - 0, 0), Rect(0, 0 - 0, 0), Rect(0, 0 - 0, 0)]} cutoutPathParserInfo={CutoutPathParserInfo{displayWidth=0 displayHeight=0 physicalDisplayWidth=0 physicalDisplayHeight=0 density={0.0} cutoutSpec={} rotation={0} scale={0.0} physicalPixelDisplaySizeRatio={0.0}}} sideOverrides=null}, mRoundedCorners=RoundedCorners{[RoundedCorner{position=TopLeft, radius=9, center=Point(9, 9)}, RoundedCorner{position=TopRight, radius=9, center=Point(1331, 9)}, RoundedCorner{position=BottomRight, radius=9, center=Point(1331, 791)}, RoundedCorner{position=BottomLeft, radius=9, center=Point(9, 791)}]}  mRoundedCornerFrame=Rect(0, 0 - 1340, 800), mPrivacyIndicatorBounds=PrivacyIndicatorBounds {static bounds=Rect(1282, 0 - 1340, 39) rotation=1}, mDisplayShape=DisplayShape{ spec=-311912193 displayWidth=800 displayHeight=1340 physicalPixelDisplaySizeRatio=1.0 rotation=1 offsetX=0 offsetY=0 scale=1.0}, mSources= { InsetsSource: {887e0000 mType=statusBars mFrame=[0,0][1340,39] mVisible=true mFlags= mSideHint=TOP mBoundingRects=null}, InsetsSource: {887e0005 mType=mandatorySystemGestures mFrame=[0,0][1340,39] mVisible=true mFlags= mSideHint=TOP mBoundingRects=null}, InsetsSource: {887e0006 mType=tappableElement mFrame=[0,0][1340,39] mVisible=true mFlags= mSideHint=TOP mBoundingRects=null}, InsetsSource: {3 mType=ime mFrame=[0,0][0,0] mVisible=false mFlags= mSideHint=NONE mBoundingRects=null}, InsetsSource: {292c0001 mType=navigationBars mFrame=[0,737][1340,800] mVisible=true mFlags= mSideHint=BOTTOM mBoundingRects=null}, InsetsSource: {292c0004 mType=systemGestures mFrame=[0,0][0,0] mVisible=true mFlags= mSideHint=NONE mBoundingRects=null}, InsetsSource: {292c0005 mType=mandatorySystemGestures mFrame=[0,737][1340,800] mVisible=true mFlags= mSideHint=BOTTOM mBoundingRects=null}, InsetsSource: {292c0006 mType=tappableElement mFrame=[0,737][1340,800] mVisible=true mFlags= mSideHint=BOTTOM mBoundingRects=null}, InsetsSource: {292c0024 mType=systemGestures mFrame=[0,0][0,0] mVisible=true mFlags= mSideHint=NONE mBoundingRects=null} }
06-19 16:23:05.422  4988  4988 I InsetsController: controlAnimationUncheckedInner: Added types=statusBars navigationBars, animType=1, host=com.nekki.shadowfight3/com.nekki.unityplugins.NekkiNativeActivity, from=android.view.InsetsController.controlAnimationUnchecked:1608 android.view.InsetsController.applyAnimation:2416 android.view.InsetsController.applyAnimation:2343 
06-19 16:23:05.422  4988  4988 I InsetsController: onStateChanged: host=com.nekki.shadowfight3/com.nekki.unityplugins.NekkiNativeActivity, from=android.view.ViewRootImpl.onInsetsStateChanged:3026, state=InsetsState: {mDisplayFrame=Rect(0, 0 - 1340, 800), mDisplayCutout=DisplayCutout{insets=Rect(0, 0 - 0, 0) waterfall=Insets{left=0, top=0, right=0, bottom=0} boundingRect={Bounds=[Rect(0, 0 - 0, 0), Rect(0, 0 - 0, 0), Rect(0, 0 - 0, 0), Rect(0, 0 - 0, 0)]} cutoutPathParserInfo={CutoutPathParserInfo{displayWidth=0 displayHeight=0 physicalDisplayWidth=0 physicalDisplayHeight=0 density={0.0} cutoutSpec={} rotation={0} scale={0.0} physicalPixelDisplaySizeRatio={0.0}}} sideOverrides=null}, mRoundedCorners=RoundedCorners{[RoundedCorner{position=TopLeft, radius=9, center=Point(9, 9)}, RoundedCorner{position=TopRight, radius=9, center=Point(1331, 9)}, RoundedCorner{position=BottomRight, radius=9, center=Point(1331, 791)}, RoundedCorner{position=BottomLeft, radius=9, center=Point(9, 791)}]}  mRoundedCornerFrame=Rect(0, 0 - 1340, 800), mPrivacyIndicatorBounds=PrivacyIndicatorBounds {static bounds=Rect(1282, 0 - 1340, 39) rotation=1}, mDisplayShape=DisplayShape{ spec=-311912193 displayWidth=800 displayHeight=1340 physicalPixelDisplaySizeRatio=1.0 rotation=1 offsetX=0 offsetY=0 scale=1.0}, mSources= { InsetsSource: {887e0000 mType=statusBars mFrame=[0,0][1340,39] mVisible=false mFlags= mSideHint=TOP mBoundingRects=null}, InsetsSource: {887e0005 mType=mandatorySystemGestures mFrame=[0,0][1340,39] mVisible=true mFlags= mSideHint=TOP mBoundingRects=null}, InsetsSource: {887e0006 mType=tappableElement mFrame=[0,0][1340,39] mVisible=true mFlags= mSideHint=TOP mBoundingRects=null}, InsetsSource: {3 mType=ime mFrame=[0,0][0,0] mVisible=false mFlags= mSideHint=NONE mBoundingRects=null}, InsetsSource: {292c0001 mType=navigationBars mFrame=[0,737][1340,800] mVisible=false mFlags= mSideHint=BOTTOM mBoundingRects=null}, InsetsSource: {292c0004 mType=systemGestures mFrame=[0,0][0,0] mVisible=true mFlags= mSideHint=NONE mBoundingRects=null}, InsetsSource: {292c0005 mType=mandatorySystemGestures mFrame=[0,737][1340,800] mVisible=true mFlags= mSideHint=BOTTOM mBoundingRects=null}, InsetsSource: {292c0006 mType=tappableElement mFrame=[0,737][1340,800] mVisible=true mFlags= mSideHint=BOTTOM mBoundingRects=null}, InsetsSource: {292c0024 mType=systemGestures mFrame=[0,0][0,0] mVisible=true mFlags= mSideHint=NONE mBoundingRects=null} }
06-19 16:23:05.423  4988  4988 I VRI[NekkiNativeActivity]@8b3fed2: handleResized, frames=ClientWindowFrames{frame=[0,0][1340,800] display=[0,0][1340,800] parentFrame=[0,0][0,0]} displayId=0 dragResizing=false compatScale=1.0 frameChanged=false attachedFrameChanged=false configChanged=false displayChanged=false compatScaleChanged=false dragResizingChanged=false
06-19 16:23:05.423  4988  4988 I VRI[NekkiNativeActivity]@8b3fed2: handleResized mSyncSeqId = 0
06-19 16:23:05.423  4988  4988 D VRI[NekkiNativeActivity]@8b3fed2: reportNextDraw android.view.ViewRootImpl.handleResized:2983 android.view.ViewRootImpl.-$$Nest$mhandleResized:0 android.view.ViewRootImpl$W.resized:14082 android.app.servertransaction.WindowStateResizeItem.execute:93 android.app.servertransaction.WindowStateTransactionItem.execute:62 
06-19 16:23:05.425  4988  5060 E GoogleApiManager: Failed to get service from broker. 
06-19 16:23:05.425  4988  5060 E GoogleApiManager: java.lang.SecurityException: Unknown calling package name 'com.nekki.shadowfight3'.
06-19 16:23:05.425  4988  5060 E GoogleApiManager: 	at android.os.Parcel.createExceptionOrNull(Parcel.java:3354)
06-19 16:23:05.425  4988  5060 E GoogleApiManager: 	at android.os.Parcel.createException(Parcel.java:3338)
06-19 16:23:05.425  4988  5060 E GoogleApiManager: 	at android.os.Parcel.readException(Parcel.java:3321)
06-19 16:23:05.425  4988  5060 E GoogleApiManager: 	at android.os.Parcel.readException(Parcel.java:3263)
06-19 16:23:05.425  4988  5060 E GoogleApiManager: 	at com.google.android.gms.common.internal.zzaa.getService(com.google.android.gms:play-services-basement@@18.9.0:9)
06-19 16:23:05.425  4988  5060 E GoogleApiManager: 	at com.google.android.gms.common.internal.BaseGmsClient.getRemoteService(com.google.android.gms:play-services-basement@@18.9.0:17)
06-19 16:23:05.425  4988  5060 E GoogleApiManager: 	at com.google.android.gms.common.api.internal.zabm.run(com.google.android.gms:play-services-base@@18.9.0:6)
06-19 16:23:05.425  4988  5060 E GoogleApiManager: 	at android.os.Handler.handleCallback(Handler.java:995)
06-19 16:23:05.425  4988  5060 E GoogleApiManager: 	at android.os.Handler.dispatchMessage(Handler.java:103)
06-19 16:23:05.425  4988  5060 E GoogleApiManager: 	at android.os.Looper.loopOnce(Looper.java:273)
06-19 16:23:05.425  4988  5060 E GoogleApiManager: 	at android.os.Looper.loop(Looper.java:363)
06-19 16:23:05.425  4988  5060 E GoogleApiManager: 	at android.os.HandlerThread.run(HandlerThread.java:85)
06-19 16:23:05.433  4988  4988 V FA      : AppMeasurementService is starting up.
06-19 16:23:05.439  4988  4988 D VRI[NekkiNativeActivity]@8b3fed2: Setup new sync=wmsSync-VRI[NekkiNativeActivity]@8b3fed2#3
06-19 16:23:05.439  4988  4988 I VRI[NekkiNativeActivity]@8b3fed2: Creating new active sync group VRI[NekkiNativeActivity]@8b3fed2#4
06-19 16:23:05.439  4988  4988 D VRI[NekkiNativeActivity]@8b3fed2: registerCallbacksForSync syncBuffer=false
06-19 16:23:05.441  4988  5094 D VRI[NekkiNativeActivity]@8b3fed2: Received frameDrawingCallback syncResult=0 frameNum=2.
06-19 16:23:05.441  4988  5094 I VRI[NekkiNativeActivity]@8b3fed2: Setting up sync and frameCommitCallback
06-19 16:23:05.442  4988  5064 I VRI[NekkiNativeActivity]@8b3fed2: Received frameCommittedCallback lastAttemptedDrawFrameNum=2 didProduceBuffer=false
06-19 16:23:05.442  4988  5064 I BLASTBufferQueue_Java: gatherPendingTransactions, mName= VRI[NekkiNativeActivity]@8b3fed2 mNativeObject= 0x778e242520 frameNumber= 2 caller= android.view.ViewRootImpl$12.lambda$onFrameDraw$3:15525 android.view.ViewRootImpl$12.$r8$lambda$CTo3ExVBk8akdVTGlqHPAoYLRVI:0 android.view.ViewRootImpl$12$$ExternalSyntheticLambda1.onFrameCommit:0 android.view.ThreadedRenderer$1.lambda$onFrameDraw$0:730 android.view.ThreadedRenderer$1$$ExternalSyntheticLambda0.onFrameCommit:0 <bottom of call stack> 
06-19 16:23:05.443  4988  4988 D VRI[NekkiNativeActivity]@8b3fed2: reportDrawFinished seqId=0
06-19 16:23:05.446  4988  5040 D TransactionThrottler: Reset transaction throttler
06-19 16:23:05.448  4988  5040 W JobServiceStub: Cancel: JobId is null
06-19 16:23:05.464  4988  4988 D VRI[NekkiNativeActivity]@8b3fed2: mThreadedRenderer.initializeIfNeeded()#2 mSurface={isValid=true 0x775e214830}
06-19 16:23:05.464  4988  4988 D InputMethodManagerUtils: startInputInner - Id : 0
06-19 16:23:05.464  4988  4988 I InputMethodManager: startInputInner - IInputMethodManagerGlobalInvoker.startInputOrWindowGainedFocus
06-19 16:23:05.476  4988  4988 I InputMethodManager: handleMessage: setImeVisibility visible=false
06-19 16:23:05.476  4988  4988 D InsetsController: hide(ime(), fromIme=false)
06-19 16:23:05.476  4988  4988 I ImeTracker: top.niunaijun.blackbox:824da35b: onCancelled at PHASE_CLIENT_ALREADY_HIDDEN
06-19 16:23:05.480  4988  5105 I AppMetrica: AppMetrica [4094-IAA-CDE-1] Initializing of AppMetrica, Release type, Version 7.14.2, API Level 116, Dated 03.03.2026.
06-19 16:23:05.483  4988  5108 D InputTransport: Input channel constructed: 'ClientS', fd=184
06-19 16:23:05.496  4988  5050 D AdvertisingIdClient: AdvertisingIdClient already created.
06-19 16:23:05.496  4988  5050 D AdvertisingIdClient: AdvertisingIdClient is not bounded. Starting to bind it...
06-19 16:23:05.496  4988  5050 W GooglePlayServicesUtil: com.nekki.shadowfight3 requires Google Play services, but they are missing.
06-19 16:23:05.498  4988  5110 D TransactionThrottler: Reset transaction throttler
06-19 16:23:05.498  4988  5048 D TransactionThrottler: Reset transaction throttler
06-19 16:23:05.499  4988  5052 W GooglePlayServicesUtil: com.nekki.shadowfight3 requires Google Play services, but they are missing.
06-19 16:23:05.499  4988  5050 I AdvertisingIdClient: shouldSendLog -1
06-19 16:23:05.499  4988  5040 D TransactionThrottler: Reset transaction throttler
06-19 16:23:05.500  4988  5060 W GooglePlayServicesUtil: com.nekki.shadowfight3 requires Google Play services, but they are missing.
06-19 16:23:05.500  4988  5050 D TransactionThrottler: Reset transaction throttler
06-19 16:23:05.501  4988  5060 W GoogleApiManager: The service for com.google.android.gms.internal.appset.zzd is not available: ConnectionResult{statusCode=SERVICE_MISSING, resolution=null, message=null, clientMethodKey=null}
06-19 16:23:05.501  4988  5060 W GooglePlayServicesUtil: com.nekki.shadowfight3 requires Google Play services, but they are missing.
06-19 16:23:05.502  4988  5060 W GoogleApiManager: The service for com.google.android.gms.common.internal.service.zau is not available: ConnectionResult{statusCode=SERVICE_MISSING, resolution=null, message=null, clientMethodKey=null}
06-19 16:23:05.502  4988  4988 I AdvertisingIdClient: getting error as 17: API: ClientTelemetry.API is not available on this device. Connection failed with: ConnectionResult{statusCode=SERVICE_MISSING, resolution=null, message=null, clientMethodKey=null}
06-19 16:23:05.504  4988  5105 I LevelPlaySDK: API: LevelPlay addImpressionDataListener - adding listener: c
06-19 16:23:05.505  4988  5050 D TransactionThrottler: Reset transaction throttler
06-19 16:23:05.509  4988  5040 W JobServiceStub: Cancel: JobId is null
06-19 16:23:05.509  4988  5079 I Unity   : MemoryManager: Using 'Dynamic Heap' Allocator.
06-19 16:23:05.520  4988  5105 I LevelPlaySDK: API: p b - add impression data listener to Za
06-19 16:23:05.521  4988  5105 I AppMetrica: AppMetrica [4094-IAA-CDE-1] Activate AppMetrica in anonymous mode
06-19 16:23:05.524  4988  5105 I AppMetrica: AppMetrica [4094-IAA-CDE-1] Activate reporter with APIKey 20799a27-xxxx-xxxx-xxxx-xxxxxxxx4180
06-19 16:23:05.540  4988  4988 D TransactionThrottler: Reset transaction throttler
06-19 16:23:05.541  4988  4988 D TransactionThrottler: Reset transaction throttler
06-19 16:23:05.547  4988  5108 E LoadedApk: performReceive() called targeting raw IIntentReceiver for Intent { act=android.intent.action.BATTERY_CHANGED flg=0x60000010 (has extras) }
06-19 16:23:05.579  4988  5105 I AppMetrica: AppMetrica [4094-IAA-CDE-1] Activate reporter with APIKey 478cb909-xxxx-xxxx-xxxx-xxxxxxxx9f93
06-19 16:23:05.643  4988  5079 D VirtualSpoof: [spoof] ro.product.cpu.abi = arm64-v8a
06-19 16:23:05.643  4988  5079 D VirtualSpoof: [spoof] ro.product.cpu.abi = arm64-v8a
06-19 16:23:05.643  4988  5079 D VirtualSpoof: [spoof] ro.product.cpu.abi = arm64-v8a
06-19 16:23:05.643  4988  5079 I Unity   : SystemInfo CPU = ARM64, Cores = 8, Memory = 3642mb
06-19 16:23:05.643  4988  5079 I Unity   : SystemInfo ARM big.LITTLE configuration: 2 big (mask: 0xc0), 6 little (mask: 0x3f)
06-19 16:23:05.643  4988  5079 I Unity   : ApplicationInfo 'com.nekki.shadowfight3', Version '1.45.2', Min API Level '26', Target API Level '35'
06-19 16:23:05.643  4988  5079 I Unity   : Built from '6000.3/staging' branch, Version '6000.3.11f1 (3000ef702840)', Build type 'Release', Scripting Backend 'il2cpp', CPU 'arm64-v8a', Stripping 'Disabled'
06-19 16:23:05.643  4988  5079 I Unity   : Device Model 'samsung SM-X115', OS 'Android OS 16 (API 36)'
06-19 16:23:05.650  4988  4988 I BLASTBufferQueue_Java: update, w= 1340 h= 800 mName = VRI[NekkiNativeActivity]@8b3fed2 mNativeObject= 0x778e242520 sc.mNativeObject= 0x772e2175d0 format= -3 caller= android.view.ViewRootImpl.updateBlastSurfaceIfNeeded:3574 android.view.ViewRootImpl.relayoutWindow:11685 android.view.ViewRootImpl.performTraversals:4804 android.view.ViewRootImpl.doTraversal:3924 android.view.ViewRootImpl$TraversalRunnable.run:12903 android.view.Choreographer$CallbackRecord.run:1901 
06-19 16:23:05.650  4988  4988 I VRI[NekkiNativeActivity]@8b3fed2: Relayout returned: old=(0,0,1340,800) new=(0,0,1340,800) relayoutAsync=true req=(1340,800)0 dur=0 res=0x0 s={true 0x775e214830} ch=false seqId=0
06-19 16:23:05.651  4988  4988 I VRI[NekkiNativeActivity]@8b3fed2: updateBoundsLayer: t=android.view.SurfaceControl$Transaction@4d4f728 sc=Surface(name=Bounds for - com.nekki.shadowfight3/com.nekki.unityplugins.NekkiNativeActivity@0)/@0x2eb9c41 frame=2
06-19 16:23:05.651  4988  4988 I VRI[NekkiNativeActivity]@8b3fed2: registerCallbackForPendingTransactions
06-19 16:23:05.652  4988  5095 I VRI[NekkiNativeActivity]@8b3fed2: mWNT: t=0x779e25c250 mBlastBufferQueue=0x778e242520 fn= 2 HdrRenderState mRenderHdrSdrRatio=1.0 caller= android.view.ViewRootImpl$10.onFrameDraw:6536 android.view.ViewRootImpl$4.onFrameDraw:2489 android.view.ThreadedRenderer$1.onFrameDraw:718 
06-19 16:23:05.784  4988  4988 I InsetsController: cancelAnimation: types=statusBars navigationBars, animType=1, host=com.nekki.shadowfight3/com.nekki.unityplugins.NekkiNativeActivity, from=android.view.InsetsController.notifyFinished:2006 android.view.InsetsAnimationThreadControlRunner$1.lambda$notifyFinished$0:82 android.view.InsetsAnimationThreadControlRunner$1.$r8$lambda$cDFF0h4Ncq-8EXdGszv69jrUu7c:0 
06-19 16:23:05.787  4988  5104 W InteractionJankMonitor: Initializing without READ_DEVICE_CONFIG permission. enabled=false, interval=1, missedFrameThreshold=3, frameTimeThreshold=64, package=com.nekki.shadowfight3
06-19 16:23:05.792  4988  5134 E emoji2.text.DefaultEmojiConfig: com.google.android.gms
06-19 16:23:05.792  4988  5134 E emoji2.text.DefaultEmojiConfig: android.content.pm.PackageManager$NameNotFoundException: com.google.android.gms
06-19 16:23:05.792  4988  5134 E emoji2.text.DefaultEmojiConfig: 	at android.app.ApplicationPackageManager.getPackageInfoAsUser(ApplicationPackageManager.java:327)
06-19 16:23:05.792  4988  5134 E emoji2.text.DefaultEmojiConfig: 	at android.app.ApplicationPackageManager.getPackageInfo(ApplicationPackageManager.java:287)
06-19 16:23:05.792  4988  5134 E emoji2.text.DefaultEmojiConfig: 	at android.app.ApplicationPackageManager.getPackageInfo(ApplicationPackageManager.java:281)
06-19 16:23:05.792  4988  5134 E emoji2.text.DefaultEmojiConfig: 	at androidx.emoji2.text.DefaultEmojiCompatConfig$DefaultEmojiCompatConfigHelper_API28.getSigningSignatures(DefaultEmojiCompatConfig.java:338)
06-19 16:23:05.792  4988  5134 E emoji2.text.DefaultEmojiConfig: 	at androidx.emoji2.text.DefaultEmojiCompatConfig$DefaultEmojiCompatConfigFactory.generateFontRequestFrom(DefaultEmojiCompatConfig.java:222)
06-19 16:23:05.792  4988  5134 E emoji2.text.DefaultEmojiConfig: 	at androidx.emoji2.text.DefaultEmojiCompatConfig$DefaultEmojiCompatConfigFactory.queryForDefaultFontRequest(DefaultEmojiCompatConfig.java:167)
06-19 16:23:05.792  4988  5134 E emoji2.text.DefaultEmojiConfig: 	at androidx.emoji2.text.DefaultEmojiCompatConfig$DefaultEmojiCompatConfigFactory.create(DefaultEmojiCompatConfig.java:130)
06-19 16:23:05.792  4988  5134 E emoji2.text.DefaultEmojiConfig: 	at androidx.emoji2.text.DefaultEmojiCompatConfig.create(DefaultEmojiCompatConfig.java:98)
06-19 16:23:05.792  4988  5134 E emoji2.text.DefaultEmojiConfig: 	at androidx.emoji2.text.EmojiCompatInitializer$BackgroundDefaultLoader.doLoad(EmojiCompatInitializer.java:174)
06-19 16:23:05.792  4988  5134 E emoji2.text.DefaultEmojiConfig: 	at androidx.emoji2.text.EmojiCompatInitializer$BackgroundDefaultLoader.lambda$load$0$androidx-emoji2-text-EmojiCompatInitializer$BackgroundDefaultLoader(EmojiCompatInitializer.java:167)
06-19 16:23:05.792  4988  5134 E emoji2.text.DefaultEmojiConfig: 	at androidx.emoji2.text.EmojiCompatInitializer$BackgroundDefaultLoader$$ExternalSyntheticLambda0.run(D8$$SyntheticClass:0)
06-19 16:23:05.792  4988  5134 E emoji2.text.DefaultEmojiConfig: 	at java.util.concurrent.ThreadPoolExecutor.runWorker(ThreadPoolExecutor.java:1100)
06-19 16:23:05.792  4988  5134 E emoji2.text.DefaultEmojiConfig: 	at java.util.concurrent.ThreadPoolExecutor$Worker.run(ThreadPoolExecutor.java:624)
06-19 16:23:05.792  4988  5134 E emoji2.text.DefaultEmojiConfig: 	at java.lang.Thread.run(Thread.java:1572)
06-19 16:23:05.928  4988  5006 W GooglePlayServicesUtil: com.nekki.shadowfight3 requires Google Play services, but they are missing.
06-19 16:23:05.928  4988  5006 W GooglePlayServicesUtil: com.nekki.shadowfight3 requires Google Play services, but they are missing.
06-19 16:23:05.952  4988  4988 D BBA2    : setIsFg isFg = false; delayValue 3999ms
06-19 16:23:05.952  4988  5010 D Banzai  : Request code: 200
06-19 16:23:05.953  4988  4988 D Banzai  : Request result: 
06-19 16:23:05.978  4988  4988 D AttributionSourceUtils: Fixed AttributionSource UID in method arguments
06-19 16:23:05.999  4988  5079 I Unity   : Company Name: Nekki
06-19 16:23:05.999  4988  5079 I Unity   : Product Name: Shadow Fight 3
06-19 16:23:06.001  4988  5079 D libMEOW : meow new tls: 0x762e4d22e0
06-19 16:23:06.002  4988  5079 D libMEOW : applied 0 plugin for [com.nekki.shadowfight3].
06-19 16:23:06.021  4988  5161 D libMEOW : meow new tls: 0x762e622430
06-19 16:23:06.021  4988  5161 D libMEOW : applied 0 plugin for [com.nekki.shadowfight3].
06-19 16:23:06.039  4988  5079 D AudioSystem: onNewService: media.audio_policy service obtained 0x773e39aed0
06-19 16:23:06.042  4988  5079 D AudioSystem: getService: checking for service media.audio_policy: 0x773e39aed0
06-19 16:23:06.060  4988  5079 D AudioSystem: onNewServiceWithAdapter: media.audio_flinger service obtained 0x774e2ca7b0
06-19 16:23:06.097  4988  5079 D AudioSystem: getService: checking for service media.audio_flinger: 0x773e39a7a0
06-19 16:23:06.100  4988  5079 I AAudio  : AAudioStreamBuilder_openStream() called ----------------------------------------
06-19 16:23:06.101  4988  5079 I AudioStreamBuilder: rate   =  24000, channels  = 2, channelMask = 0x80000003, format   = 5, sharing = SH, dir = OUTPUT
06-19 16:23:06.101  4988  5079 I AudioStreamBuilder: devices = AUDIO_PORT_HANDLE_NONE, sessionId = 0, perfMode = 12, callback: ON with frames = 512
06-19 16:23:06.101  4988  5079 I AudioStreamBuilder: usage  =      0, contentType = 0, inputPreset = 0, allowedCapturePolicy = 0
06-19 16:23:06.101  4988  5079 I AudioStreamBuilder: privacy sensitive = false, opPackageName = (null), attributionTag = (null)
06-19 16:23:06.101  4988  5079 D AudioStreamBuilder: build, global mmap policy is 0
06-19 16:23:06.103  4988  5079 D AudioStreamBuilder: build, system mmap policy is 1
06-19 16:23:06.103  4988  5079 D AudioStreamBuilder: build, final mmap policy is 1
06-19 16:23:06.103  4988  5079 D AudioStreamBuilder: build, system mmap exclusive policy is 1
06-19 16:23:06.103  4988  5079 D AudioStreamBuilder: build, final mmap exclusive policy is 1
06-19 16:23:06.104  4988  5079 D AudioStreamBuilder: build() MMAP not used because sessionId specified.
06-19 16:23:06.104  4988  5079 D jun.blackbox:p1: PlayerBase::PlayerBase()
06-19 16:23:06.105  4988  5079 D AudioStreamTrack: open(), request notificationFrames = 0, frameCount = 8192
06-19 16:23:06.135  4988  5079 D AudioTrack: setVolume(1.000000, 1.000000) pid : 4988
06-19 16:23:06.136  4988  5079 D AudioStreamTrack: open() flags changed from 0x00000004 to 0x00000000
06-19 16:23:06.136  4988  5079 D AudioStreamTrack: open() perfMode changed from 12 to 10
06-19 16:23:06.136  4988  5079 D AAudioStream: setState(s#1) from 0 to 2
06-19 16:23:06.140  4988  5079 I AAudio  : AAudioStreamBuilder_openStream() returns 0 = AAUDIO_OK for s#1 ----------------
06-19 16:23:06.141  4988  5079 D AAudio  : AAudioStream_requestStart(s#1) called --------------
06-19 16:23:06.141  4988  5079 D AAudioStream: setState(s#1) from 2 to 3
06-19 16:23:06.277  4988  5079 D AAudio  : AAudioStream_requestStart(s#1) returned 0 ---------
06-19 16:23:06.277  4988  5108 D AudioStreamLegacy: onAudioDeviceUpdate() devices 3 => 3
06-19 16:23:06.359  4988  5163 D AAudioStream: setState(s#1) from 3 to 4
06-19 16:23:06.556  4988  5050 I YandexAds: [Integration] Yandex Mobile Ads 7.18.5 initialized successfully
06-19 16:23:06.565  4988  5123 I AppMetrica: AppMetrica-Attribution [4110-IAA-STE-10] Update distribution data: ClidsInfo(chosen=Candidate(clids=null, source=APP), candidates=[Candidate(clids=null, source=APP)]) -> ClidsInfo(chosen=Candidate(clids={}, source=APP), candidates=[Candidate(clids={}, source=APP)])
06-19 16:23:06.566  4988  5123 W GooglePlayServicesUtil: com.nekki.shadowfight3 requires Google Play services, but they are missing.
06-19 16:23:06.566  4988  5060 W GooglePlayServicesUtil: com.nekki.shadowfight3 requires Google Play services, but they are missing.
06-19 16:23:06.568  4988  5060 W GoogleApiManager: The service for com.google.android.gms.internal.appset.zzd is not available: ConnectionResult{statusCode=SERVICE_MISSING, resolution=null, message=null, clientMethodKey=null}
06-19 16:23:06.573  4988  5123 I AppMetrica: AppMetrica-Attribution [4110-IAA-STE-10] Update distribution data: ClidsInfo(chosen=Candidate(clids={}, source=APP), candidates=[Candidate(clids={}, source=APP)]) -> ClidsInfo(chosen=Candidate(clids=null, source=APP), candidates=[Candidate(clids=null, source=APP)])
06-19 16:23:06.600  4988  5123 D TransactionThrottler: Reset transaction throttler
06-19 16:23:06.685  4988  5079 I IL2CPP  : Locale en-IN
06-19 16:23:06.783  4988  5079 D TransactionThrottler: Reset transaction throttler
06-19 16:23:06.783  4988  5079 D TransactionThrottler: Reset transaction throttler
06-19 16:23:06.785  4988  5079 D TransactionThrottler: Reset transaction throttler
06-19 16:23:06.785  4988  5079 D TransactionThrottler: Reset transaction throttler
06-19 16:23:06.788  4988  5079 D TransactionThrottler: Reset transaction throttler
06-19 16:23:06.795  4988  5079 V MediaRouter: Selecting route: RouteInfo{ name=Tablet, description=null, status=null, category=RouteCategory{ name=System types=ROUTE_TYPE_LIVE_AUDIO ROUTE_TYPE_LIVE_VIDEO  groupable=false }, supportedTypes=ROUTE_TYPE_LIVE_AUDIO ROUTE_TYPE_LIVE_VIDEO , presentationDisplay=null }
06-19 16:23:06.796  4988  5079 I MediaRouter: Skip setBluetoothA2dpOn(): types=8388615, isPlaybackActive()=true, BT route=null
06-19 16:23:07.202  4988  5079 W Unity   : 'Runtime File Browser' not found! We recommend to install it from the Unity AssetStore: https://assetstore.unity.com/packages/slug/113006?aid=1011lNGT
06-19 16:23:07.202  4988  5079 W Unity   : UnityEngine.DebugLogHandler:Internal_Log(LogType, LogOption, String, Object)
06-19 16:23:07.202  4988  5079 W Unity   : Crosstales.Common.Util.FileHelper:initialize()
06-19 16:23:07.202  4988  5079 W Unity   : 
06-19 16:23:07.215  4988  5079 I Unity   : Load options
06-19 16:23:07.215  4988  5079 I Unity   : UnityEngine.DebugLogHandler:Internal_Log(LogType, LogOption, String, Object)
06-19 16:23:07.215  4988  5079 I Unity   : JFLNBBBNBHI:OLPNPGDAMAA()
06-19 16:23:07.215  4988  5079 I Unity   : JFLNBBBNBHI:CMGNOEOKLPA(String)
06-19 16:23:07.215  4988  5079 I Unity   : FGBBPEOBLGK:JHPJAHDHGAL(TextAsset, String)
06-19 16:23:07.215  4988  5079 I Unity   : InternalSettings:.cctor()
06-19 16:23:07.215  4988  5079 I Unity   : IKEJNELFPKO:KGPDADLCAKI()
06-19 16:23:07.215  4988  5079 I Unity   : HLGPJBKEKEB:BCAFOENHFHG()
06-19 16:23:07.215  4988  5079 I Unity   : JAOGPKPGFAE:EGDGEBLJNIM()
06-19 16:23:07.215  4988  5079 I Unity   : JAOGPKPGFAE:IJOJKLPNEGJ()
06-19 16:23:07.215  4988  5079 I Unity   : MELAJBJBOAN:.ctor(IEnumerable`1)
06-19 16:23:07.215  4988  5079 I Unity   : MAIBFEJCOCG:.ctor()
06-19 16:23:07.215  4988  5079 I Unity   : MAIBFEJCOCG:HJOGIHDHPOD()
06-19 16:23:07.215  4988  5079 I Unity   : GameLaunchAnalytics:InitializeAfterSceneLoad()
06-19 16:23:07.215  4988  5079 I Unity   : 
06-19 16:23:07.224  4988  5079 I Unity   : json: {"FilePatterns":["*.xml","*.json","*.txt"],"ExcludePaths":["classes_jar.txt"],"ProtectedPath":"Assets/gamedata/Resources/","ProtectedFiles":["NekkiFontColors","config","bones","bundlesSpecialsConfig","configSources","internalSettings","localServerSettings","localizationFallbacks","qualitySettings","achievements_mapping","ads","animationEffects","censorship","chat_stickers","chest_effects_settings","client_settings","color_palette","control_settings_default","credits","errorFilter","fight_settings","general_game_settings","haptic_feedback_settings","js_settings","localization_settings","news_cn","news_config","offers_view_2d_data_result","offers_view_3d_data_result","offers_view_3d_locations_data_result","offers_view_advertisement","offers_view_data_result","offers_view_templates","offers_view_triple","push_notifications","shop_default","stq","tactics_settings","ui_settings","youtube_playlist","Beta","audioSettings","battle_pass_rules_popup_config_overrides_1","battle_pass_rules_popup_config_templates",
06-19 16:23:07.253  4988  5198 W BillingClient: In-app billing API version 3 is not supported on this device.
06-19 16:23:07.263  4988  5044 W JobServiceStub: Schedule: args[0] is null, returning RESULT_FAILURE
06-19 16:23:07.589  4988  5079 D VirtualSpoof: [spoof] ro.product.cpu.abi = arm64-v8a
06-19 16:23:07.598  4988  5079 I Unity   : Application Resume
06-19 16:23:07.600  4988  5079 D AudioPermissionProxy: AudioPermission: getStreamVolume called, allowing
06-19 16:23:07.603  4988  5079 D AudioPermissionProxy: AudioPermission: getStreamVolume called, allowing
