06-19 16:24:25.579  4988  4988 D VRI[NekkiNativeActivity]@8b3fed2: mThreadedRenderer.initializeIfNeeded()#2 mSurface={isValid=true 0x775e214830}
06-19 16:24:25.580  4988  4988 D InputMethodManagerUtils: startInputInner - Id : 0
06-19 16:24:25.580  4988  4988 I InputMethodManager: startInputInner - IInputMethodManagerGlobalInvoker.startInputOrWindowGainedFocus
06-19 16:24:25.585  4988  4988 I InputMethodManager: handleMessage: setImeVisibility visible=false
06-19 16:24:25.585  4988  4988 D InsetsController: hide(ime(), fromIme=false)
06-19 16:24:25.585  4988  4988 I ImeTracker: top.niunaijun.blackbox:3ed6dfa8: onCancelled at PHASE_CLIENT_ALREADY_HIDDEN
06-19 16:24:25.591  4988  5108 D InputTransport: Input channel constructed: 'ClientS', fd=418
06-19 16:24:26.372  4988  5760 D AidlBufferPool: bufferpool2 0x767e5af4d8 : 4(2097232 size) total buffers - 4(2097232 size) used buffers - 1/6 (recycle/alloc) - 5/2499 (fetch/transfer)
06-19 16:24:26.812  4988  5731 D AidlBufferPool: bufferpool2 0x767e5acd88 : 8(25165984 size) total buffers - 8(25165984 size) used buffers - 2/10 (recycle/alloc) - 8/1344 (fetch/transfer)
06-19 16:24:28.200  4988  5060 W GooglePlayServicesUtil: com.nekki.shadowfight3 requires Google Play services, but they are missing.
06-19 16:24:28.200  4988  5484 W GooglePlayServicesUtil: com.nekki.shadowfight3 requires Google Play services, but they are missing.
06-19 16:24:28.202  4988  5060 W GoogleApiManager: The service for com.google.android.gms.internal.appset.zzd is not available: ConnectionResult{statusCode=SERVICE_MISSING, resolution=null, message=null, clientMethodKey=null}
06-19 16:24:28.206  4988  5484 D AudioPermissionProxy: AudioPermission: getStreamVolume called, allowing
06-19 16:24:28.207  4988  5484 D AudioPermissionProxy: AudioPermission: getStreamMaxVolume called, allowing
06-19 16:24:28.218  4988  5484 W GooglePlayServicesUtil: com.nekki.shadowfight3 requires Google Play services, but they are missing.
06-19 16:24:28.218  4988  5060 W GooglePlayServicesUtil: com.nekki.shadowfight3 requires Google Play services, but they are missing.
06-19 16:24:28.220  4988  5079 I Unity   : [LevelPlayHandler] Received RewardedVideoOnLoadedEvent With AdInfo: adId: c5df5bbe-20db-4a20-83b0-1d3ce4966916, adUnitName: Rewarded, adFormat: rewarded_video, placementName: , country: IN, adNetwork: applovin, revenue: 0.0003
06-19 16:24:28.220  4988  5060 W GoogleApiManager: The service for com.google.android.gms.internal.appset.zzd is not available: ConnectionResult{statusCode=SERVICE_MISSING, resolution=null, message=null, clientMethodKey=null}
06-19 16:24:28.224  4988  5484 D AudioPermissionProxy: AudioPermission: getStreamVolume called, allowing
06-19 16:24:28.225  4988  5484 D AudioPermissionProxy: AudioPermission: getStreamMaxVolume called, allowing
06-19 16:24:28.231  4988  5079 I Unity   : [LevelPlayHandler] Received RewardedVideoOnAdInfoChangedEvent With AdInfo adId: c5df5bbe-20db-4a20-83b0-1d3ce4966916, adUnitName: Rewarded, adFormat: rewarded_video, placementName: , country: IN, adNetwork: applovin, revenue: 0.0005
06-19 16:24:28.239  4988  5484 W GooglePlayServicesUtil: com.nekki.shadowfight3 requires Google Play services, but they are missing.
06-19 16:24:28.239  4988  5060 W GooglePlayServicesUtil: com.nekki.shadowfight3 requires Google Play services, but they are missing.
06-19 16:24:28.241  4988  5060 W GoogleApiManager: The service for com.google.android.gms.internal.appset.zzd is not available: ConnectionResult{statusCode=SERVICE_MISSING, resolution=null, message=null, clientMethodKey=null}
06-19 16:24:28.244  4988  5484 D AudioPermissionProxy: AudioPermission: getStreamVolume called, allowing
06-19 16:24:28.245  4988  5484 D AudioPermissionProxy: AudioPermission: getStreamMaxVolume called, allowing
06-19 16:24:30.103  4988  5089 D AdvertisingIdClient: AdvertisingIdClient already created.
06-19 16:24:30.103  4988  5089 D AdvertisingIdClient: AdvertisingIdClient is not bounded. Starting to bind it...
06-19 16:24:30.105  4988  5089 W GooglePlayServicesUtil: com.nekki.shadowfight3 requires Google Play services, but they are missing.
06-19 16:24:30.107  4988  5089 I AdvertisingIdClient: shouldSendLog -1
06-19 16:24:30.107  4988  5089 D AdvertisingIdClient: AdvertisingIdClient already created.
06-19 16:24:30.107  4988  5089 D AdvertisingIdClient: AdvertisingIdClient is not bounded. Starting to bind it...
06-19 16:24:30.107  4988  5089 W GooglePlayServicesUtil: com.nekki.shadowfight3 requires Google Play services, but they are missing.
06-19 16:24:30.107  4988  5060 W GooglePlayServicesUtil: com.nekki.shadowfight3 requires Google Play services, but they are missing.
06-19 16:24:30.109  4988  5089 I AdvertisingIdClient: shouldSendLog -1
06-19 16:24:30.109  4988  5060 W GoogleApiManager: The service for com.google.android.gms.common.internal.service.zau is not available: ConnectionResult{statusCode=SERVICE_MISSING, resolution=null, message=null, clientMethodKey=null}
06-19 16:24:30.110  4988  4988 I AdvertisingIdClient: getting error as 17: API: ClientTelemetry.API is not available on this device. Connection failed with: ConnectionResult{statusCode=SERVICE_MISSING, resolution=null, message=null, clientMethodKey=null}
06-19 16:24:30.110  4988  5060 W GooglePlayServicesUtil: com.nekki.shadowfight3 requires Google Play services, but they are missing.
06-19 16:24:30.111  4988  5060 W GoogleApiManager: The service for com.google.android.gms.common.internal.service.zau is not available: ConnectionResult{statusCode=SERVICE_MISSING, resolution=null, message=null, clientMethodKey=null}
06-19 16:24:30.112  4988  4988 I AdvertisingIdClient: getting error as 17: API: ClientTelemetry.API is not available on this device. Connection failed with: ConnectionResult{statusCode=SERVICE_MISSING, resolution=null, message=null, clientMethodKey=null}
06-19 16:24:31.808  4988  5760 D AidlBufferPool: bufferpool2 0x767e5af4d8 : 4(2097232 size) total buffers - 4(2097232 size) used buffers - 1/6 (recycle/alloc) - 5/2754 (fetch/transfer)
06-19 16:24:32.214  4988  5731 D AidlBufferPool: bufferpool2 0x767e5acd88 : 8(25165984 size) total buffers - 8(25165984 size) used buffers - 2/10 (recycle/alloc) - 8/1479 (fetch/transfer)
06-19 16:24:34.237  4988  4988 D CrashMonitor: Performing periodic health check...
06-19 16:24:34.238  4988  4988 W CrashMonitor: High thread count detected: 214
06-19 16:24:34.238  4988  4988 D CrashMonitor: Health check completed - Memory: 11.8%, Threads: 214
06-19 16:24:36.114  4988  4988 I ImeFocusController: onPreWindowFocus: skipped hasWindowFocus=false mHasImeFocus=true
06-19 16:24:36.114  4988  4988 I ImeFocusController: onPostWindowFocus: skipped hasWindowFocus=false mHasImeFocus=true
06-19 16:24:36.589  4988  5079 I Unity   : [Client SFS.send] cmd:<b>log</b> type:sf3DTO.LogRequest session_request_id:27 extensible:
06-19 16:24:36.589  4988  5079 I Unity   : sf3DTO.LogRequest{
06-19 16:24:36.589  4988  5079 I Unity   :   "Events": [
06-19 16:24:36.589  4988  5079 I Unity   :     "{\"Errors\":{},\"TotalErrors\":0,\"TotalSuccess\":223,\"Finish\":false,\"TotalSize\":70.04111,\"TotalExtracted\":0,\"TotalExtractedSize\":0.0,\"TotalTime\":60.00748,\"Speed\":1.16720629,\"CDN\":null,\"etype\":\"BUNDLE_DOWNLOAD\",\"cid\":12,\"pl\":1,\"cts\":1781866471475,\"plf\":\"Android\",\"v\":\"1.45.0.20\",\"fv\":\"1.45.0.20.16672-prod\",\"sid\":0,\"onl\":false,\"md\":\"VideoPlayer\",\"creg\":1781858497}"
06-19 16:24:36.589  4988  5079 I Unity   :   ]
06-19 16:24:36.589  4988  5079 I Unity   : }
06-19 16:24:36.788  4988  5079 I Unity   : [Server Response] cmd:<b>log</b> type:Google.Protobuf.WellKnownTypes.Empty session_request_id:27 extensible:
06-19 16:24:36.788  4988  5079 I Unity   : Google.Protobuf.WellKnownTypes.Empty{}
06-19 16:24:36.907  4988  4988 D VRI[NekkiNativeActivity]@8b3fed2: mThreadedRenderer.initializeIfNeeded()#2 mSurface={isValid=true 0x775e214830}
06-19 16:24:36.908  4988  4988 D InputMethodManagerUtils: startInputInner - Id : 0
06-19 16:24:36.908  4988  4988 I InputMethodManager: startInputInner - IInputMethodManagerGlobalInvoker.startInputOrWindowGainedFocus
06-19 16:24:36.912  4988  4988 I InputMethodManager: handleMessage: setImeVisibility visible=false
06-19 16:24:36.912  4988  4988 D InsetsController: hide(ime(), fromIme=false)
06-19 16:24:36.912  4988  4988 I ImeTracker: top.niunaijun.blackbox:6ae93e18: onCancelled at PHASE_CLIENT_ALREADY_HIDDEN
06-19 16:24:36.915  4988  5779 D InputTransport: Input channel constructed: 'ClientS', fd=636
06-19 16:24:37.333  4988  5760 D AidlBufferPool: bufferpool2 0x767e5af4d8 : 4(2097232 size) total buffers - 4(2097232 size) used buffers - 1/6 (recycle/alloc) - 5/3013 (fetch/transfer)
06-19 16:24:37.578  4988  5731 D AidlBufferPool: bufferpool2 0x767e5acd88 : 8(25165984 size) total buffers - 8(25165984 size) used buffers - 2/10 (recycle/alloc) - 8/1613 (fetch/transfer)
06-19 16:24:39.731  4988  4988 I VRI[NekkiNativeActivity]@8b3fed2: ViewPostIme pointer 0
06-19 16:24:39.731  4988  4988 I VRI[NekkiNativeActivity]@8b3fed2: call setFrameRateCategory for touch hint category=high hint, reason=touch, vri=VRI[NekkiNativeActivity]@8b3fed2
06-19 16:24:40.144  4988  4988 I VRI[NekkiNativeActivity]@8b3fed2: ViewPostIme pointer 1
06-19 16:24:42.420  4988  5760 D AidlBufferPool: bufferpool2 0x767e5af4d8 : 4(2097232 size) total buffers - 4(2097232 size) used buffers - 1/6 (recycle/alloc) - 5/3251 (fetch/transfer)
06-19 16:24:42.968  4988  5731 D AidlBufferPool: bufferpool2 0x767e5acd88 : 8(25165984 size) total buffers - 8(25165984 size) used buffers - 2/10 (recycle/alloc) - 8/1748 (fetch/transfer)
06-19 16:24:43.145  4988  4988 I VRI[NekkiNativeActivity]@8b3fed2: call setFrameRateCategory for touch hint category=no preference, reason=boost timeout, vri=VRI[NekkiNativeActivity]@8b3fed2
06-19 16:24:43.415  4988  4997 D CCodecBuffers: [c2.android.aac.decoder#786:1D-Input.Impl[N]] codec released a buffer owned by client (index 2)
06-19 16:24:47.382  4988  4993 D InputTransport: Input channel destroyed: 'ClientS', fd=636
06-19 16:24:47.384  4988  4993 D InputTransport: Input channel destroyed: 'ClientS', fd=418
06-19 16:24:48.017  4988  5760 D AidlBufferPool: bufferpool2 0x767e5af4d8 : 4(2097232 size) total buffers - 4(2097232 size) used buffers - 1/6 (recycle/alloc) - 5/3513 (fetch/transfer)
06-19 16:24:48.338  4988  5731 D AidlBufferPool: bufferpool2 0x767e5acd88 : 8(25165984 size) total buffers - 8(25165984 size) used buffers - 2/10 (recycle/alloc) - 8/1883 (fetch/transfer)
06-19 16:24:50.695  4988  4997 D CCodecBuffers: [c2.android.aac.decoder#786:1D-Input.Impl[N]] codec released a buffer owned by client (index 1)
06-19 16:24:53.175  4988  5760 D AidlBufferPool: bufferpool2 0x767e5af4d8 : 4(2097232 size) total buffers - 4(2097232 size) used buffers - 1/6 (recycle/alloc) - 5/3757 (fetch/transfer)
06-19 16:24:53.700  4988  5731 D AidlBufferPool: bufferpool2 0x767e5acd88 : 8(25165984 size) total buffers - 8(25165984 size) used buffers - 2/10 (recycle/alloc) - 8/2016 (fetch/transfer)
06-19 16:24:58.084  4988  5768 D CCodecBuffers: [c2.android.aac.decoder#786:1D-Input.Impl[N]] codec released a buffer owned by client (index 2)
06-19 16:24:58.490  4988  5760 D AidlBufferPool: bufferpool2 0x767e5af4d8 : 4(2097232 size) total buffers - 4(2097232 size) used buffers - 1/6 (recycle/alloc) - 5/4005 (fetch/transfer)
06-19 16:24:58.995  4988  5768 D CCodecBuffers: [c2.android.aac.decoder#786:1D-Input.Impl[N]] codec released a buffer owned by client (index 3)
06-19 16:24:59.132  4988  5731 D AidlBufferPool: bufferpool2 0x767e5acd88 : 8(25165984 size) total buffers - 8(25165984 size) used buffers - 2/10 (recycle/alloc) - 8/2152 (fetch/transfer)
06-19 16:25:03.906  4988  5760 D AidlBufferPool: bufferpool2 0x767e5af4d8 : 4(2097232 size) total buffers - 4(2097232 size) used buffers - 1/6 (recycle/alloc) - 5/4261 (fetch/transfer)
06-19 16:25:04.241  4988  4988 D CrashMonitor: Performing periodic health check...
06-19 16:25:04.242  4988  4988 W CrashMonitor: High thread count detected: 190
06-19 16:25:04.243  4988  4988 D CrashMonitor: Health check completed - Memory: 9.3%, Threads: 190
06-19 16:25:04.368  4988  5731 D AidlBufferPool: bufferpool2 0x767e5acd88 : 8(25165984 size) total buffers - 8(25165984 size) used buffers - 2/10 (recycle/alloc) - 8/2283 (fetch/transfer)
06-19 16:25:05.929  4988  5140 I FileSource: [Read time] time (11010) us > 10000 us, request_size (2048), read_size (2048) offset(24955446) mOffset(35754116)
06-19 16:25:09.538  4988  5731 D AidlBufferPool: bufferpool2 0x767e5acd88 : 8(25165984 size) total buffers - 8(25165984 size) used buffers - 2/10 (recycle/alloc) - 8/2412 (fetch/transfer)
06-19 16:25:09.540  4988  5760 D AidlBufferPool: bufferpool2 0x767e5af4d8 : 4(2097232 size) total buffers - 4(2097232 size) used buffers - 1/6 (recycle/alloc) - 5/4522 (fetch/transfer)
06-19 16:25:11.146  4988  5687 D CCodecBuffers: [c2.android.aac.decoder#786:1D-Input.Impl[N]] codec released a buffer owned by client (index 2)
06-19 16:25:12.964  4988  4988 I VRI[NekkiNativeActivity]@8b3fed2: ViewPostIme pointer 0
06-19 16:25:12.964  4988  4988 I VRI[NekkiNativeActivity]@8b3fed2: call setFrameRateCategory for touch hint category=high hint, reason=touch, vri=VRI[NekkiNativeActivity]@8b3fed2
06-19 16:25:13.689  4988  4988 I VRI[NekkiNativeActivity]@8b3fed2: ViewPostIme pointer 1
06-19 16:25:14.773  4988  5731 D AidlBufferPool: bufferpool2 0x767e5acd88 : 8(25165984 size) total buffers - 8(25165984 size) used buffers - 2/10 (recycle/alloc) - 8/2543 (fetch/transfer)
06-19 16:25:15.055  4988  5760 D AidlBufferPool: bufferpool2 0x767e5af4d8 : 4(2097232 size) total buffers - 4(2097232 size) used buffers - 1/6 (recycle/alloc) - 5/4781 (fetch/transfer)
06-19 16:25:16.690  4988  4988 I VRI[NekkiNativeActivity]@8b3fed2: call setFrameRateCategory for touch hint category=no preference, reason=boost timeout, vri=VRI[NekkiNativeActivity]@8b3fed2
06-19 16:25:20.174  4988  5731 D AidlBufferPool: bufferpool2 0x767e5acd88 : 8(25165984 size) total buffers - 8(25165984 size) used buffers - 2/10 (recycle/alloc) - 8/2677 (fetch/transfer)
06-19 16:25:20.229  4988  5760 D AidlBufferPool: bufferpool2 0x767e5af4d8 : 4(2097232 size) total buffers - 4(2097232 size) used buffers - 1/6 (recycle/alloc) - 5/5023 (fetch/transfer)
06-19 16:25:25.529  4988  5731 D AidlBufferPool: bufferpool2 0x767e5acd88 : 8(25165984 size) total buffers - 8(25165984 size) used buffers - 2/10 (recycle/alloc) - 8/2812 (fetch/transfer)
06-19 16:25:25.578  4988  5760 D AidlBufferPool: bufferpool2 0x767e5af4d8 : 4(2097232 size) total buffers - 4(2097232 size) used buffers - 1/6 (recycle/alloc) - 5/5274 (fetch/transfer)
06-19 16:25:26.161  4988  4997 D CCodecBuffers: [c2.android.aac.decoder#786:1D-Input.Impl[N]] codec released a buffer owned by client (index 3)
06-19 16:25:30.731  4988  5731 D AidlBufferPool: bufferpool2 0x767e5acd88 : 8(25165984 size) total buffers - 8(25165984 size) used buffers - 2/10 (recycle/alloc) - 8/2942 (fetch/transfer)
06-19 16:25:30.931  4988  5760 D AidlBufferPool: bufferpool2 0x767e5af4d8 : 4(2097232 size) total buffers - 4(2097232 size) used buffers - 1/6 (recycle/alloc) - 5/5525 (fetch/transfer)
06-19 16:25:32.613  4988  5079 I Unity   : [Client SFS.send] cmd:<b>log</b> type:sf3DTO.LogRequest session_request_id:43 extensible:
06-19 16:25:32.613  4988  5079 I Unity   : sf3DTO.LogRequest{
06-19 16:25:32.613  4988  5079 I Unity   :   "Events": [
06-19 16:25:32.613  4988  5079 I Unity   :     "{\"Errors\":{},\"TotalErrors\":0,\"TotalSuccess\":518,\"Finish\":false,\"TotalSize\":243.554733,\"TotalExtracted\":0,\"TotalExtractedSize\":0.0,\"TotalTime\":120.020691,\"Speed\":2.02927279,\"CDN\":null,\"etype\":\"BUNDLE_DOWNLOAD\",\"cid\":13,\"pl\":1,\"cts\":1781866531455,\"plf\":\"Android\",\"v\":\"1.45.0.20\",\"fv\":\"1.45.0.20.16672-prod\",\"sid\":0,\"onl\":false,\"md\":\"VideoPlayer\",\"creg\":1781858497}"
06-19 16:25:32.613  4988  5079 I Unity   :   ]
06-19 16:25:32.613  4988  5079 I Unity   : }
06-19 16:25:32.695  4988  5079 I Unity   : [Server Response] cmd:<b>log</b> type:Google.Protobuf.WellKnownTypes.Empty session_request_id:43 extensible:
06-19 16:25:32.695  4988  5079 I Unity   : Google.Protobuf.WellKnownTypes.Empty{}
06-19 16:25:33.178  4988  5108 D CCodecBuffers: [c2.android.aac.decoder#786:1D-Input.Impl[N]] codec released a buffer owned by client (index 2)
06-19 16:25:34.244  4988  4988 D CrashMonitor: Performing periodic health check...
06-19 16:25:34.244  4988  4988 W CrashMonitor: High thread count detected: 189
06-19 16:25:34.244  4988  4988 D CrashMonitor: Health check completed - Memory: 10.7%, Threads: 189
06-19 16:25:34.432  4988  4999 W jun.blackbox:p1: Couldn't lock the profile file /data/misc/profiles/cur/0/com.nekki.shadowfight3/primary.prof: Failed to open file '/data/misc/profiles/cur/0/com.nekki.shadowfight3/primary.prof': Permission denied
06-19 16:25:34.432  4988  4999 W jun.blackbox:p1: Could not forcefully load profile /data/misc/profiles/cur/0/com.nekki.shadowfight3/primary.prof
06-19 16:25:35.985  4988  5760 D AidlBufferPool: bufferpool2 0x767e5af4d8 : 4(2097232 size) total buffers - 4(2097232 size) used buffers - 1/6 (recycle/alloc) - 5/5762 (fetch/transfer)
06-19 16:25:35.988  4988  5687 D CCodecBuffers: [c2.android.aac.decoder#786:1D-Input.Impl[N]] codec released a buffer owned by client (index 3)
06-19 16:25:36.064  4988  5731 D AidlBufferPool: bufferpool2 0x767e5acd88 : 8(25165984 size) total buffers - 8(25165984 size) used buffers - 2/10 (recycle/alloc) - 8/3075 (fetch/transfer)
06-19 16:25:41.018  4988  5760 D AidlBufferPool: bufferpool2 0x767e5af4d8 : 4(2097232 size) total buffers - 4(2097232 size) used buffers - 1/6 (recycle/alloc) - 5/5998 (fetch/transfer)
06-19 16:25:41.496  4988  5731 D AidlBufferPool: bufferpool2 0x767e5acd88 : 8(25165984 size) total buffers - 8(25165984 size) used buffers - 2/10 (recycle/alloc) - 8/3211 (fetch/transfer)
06-19 16:25:43.417  4988  4988 I VRI[NekkiNativeActivity]@8b3fed2: ViewPostIme pointer 0
06-19 16:25:43.419  4988  4988 I VRI[NekkiNativeActivity]@8b3fed2: call setFrameRateCategory for touch hint category=high hint, reason=touch, vri=VRI[NekkiNativeActivity]@8b3fed2
06-19 16:25:43.665  4988  4988 I VRI[NekkiNativeActivity]@8b3fed2: ViewPostIme pointer 1
06-19 16:25:46.225  4988  5760 D AidlBufferPool: bufferpool2 0x767e5af4d8 : 4(2097232 size) total buffers - 4(2097232 size) used buffers - 1/6 (recycle/alloc) - 5/6242 (fetch/transfer)
06-19 16:25:46.666  4988  4988 I VRI[NekkiNativeActivity]@8b3fed2: call setFrameRateCategory for touch hint category=no preference, reason=boost timeout, vri=VRI[NekkiNativeActivity]@8b3fed2
06-19 16:25:46.814  4988  5731 D AidlBufferPool: bufferpool2 0x767e5acd88 : 8(25165984 size) total buffers - 8(25165984 size) used buffers - 2/10 (recycle/alloc) - 8/3344 (fetch/transfer)
06-19 16:25:50.459  4988  4988 I VRI[NekkiNativeActivity]@8b3fed2: ViewPostIme pointer 0
06-19 16:25:50.459  4988  4988 I VRI[NekkiNativeActivity]@8b3fed2: call setFrameRateCategory for touch hint category=high hint, reason=touch, vri=VRI[NekkiNativeActivity]@8b3fed2
06-19 16:25:50.705  4988  5079 I Unity   : [MANHDMLPKMH]; End loading bundles
06-19 16:25:51.258  4988  5760 D AidlBufferPool: bufferpool2 0x767e5af4d8 : 4(2097232 size) total buffers - 4(2097232 size) used buffers - 1/6 (recycle/alloc) - 5/6480 (fetch/transfer)
06-19 16:25:51.263  4988  5687 D CCodecBuffers: [c2.android.aac.decoder#786:1D-Input.Impl[N]] codec released a buffer owned by client (index 2)
06-19 16:25:51.346  4988  4988 I VRI[NekkiNativeActivity]@8b3fed2: ViewPostIme pointer 1
06-19 16:25:51.477  4988  4988 I VRI[NekkiNativeActivity]@8b3fed2: ViewPostIme pointer 0
06-19 16:25:52.037  4988  5731 D AidlBufferPool: bufferpool2 0x767e5acd88 : 8(25165984 size) total buffers - 8(25165984 size) used buffers - 2/10 (recycle/alloc) - 8/3475 (fetch/transfer)
06-19 16:25:52.805  4988  5079 I Unity   : Frame:[9054], Type:[ListChange], Body:[Add  - TUTORIAL_INTRO_VIDEO_END], List:[5:SESSION_START_SPHINX,SESSION_CHECK_PENDING_QUICK_ACTIONS,SESSION_CHECK_RICH_NOTIFICATION_TRANSITION,SET_DOJO_1_1,NEW_PLAYERS_IN_NEW_LOBBY,]
06-19 16:25:52.809  4988  4988 I BLASTBufferQueue_Java: update, w= 1340 h= 800 mName = VRI[NekkiNativeActivity]@8b3fed2 mNativeObject= 0x778e242520 sc.mNativeObject= 0x772e2175d0 format= -3 caller= android.view.ViewRootImpl.updateBlastSurfaceIfNeeded:3574 android.view.ViewRootImpl.relayoutWindow:11685 android.view.ViewRootImpl.performTraversals:4804 android.view.ViewRootImpl.doTraversal:3924 android.view.ViewRootImpl$TraversalRunnable.run:12903 android.view.Choreographer$CallbackRecord.run:1901 
06-19 16:25:52.809  4988  4988 I VRI[NekkiNativeActivity]@8b3fed2: Relayout returned: old=(0,0,1340,800) new=(0,0,1340,800) relayoutAsync=true req=(1340,800)0 dur=1 res=0x0 s={true 0x775e214830} ch=false seqId=0
06-19 16:25:52.809  4988  5079 I Unity   : Frame:[9054], Type:[ThrowEvent], Body:[Event: Type: VideoEnd | Data: [key:ClipName, value:video/intro/intro] 
06-19 16:25:52.809  4988  5079 I Unity   :  HasTrigger: True QueueCount: 6 - ], List:[6:SESSION_START_SPHINX,TUTORIAL_INTRO_VIDEO_END,SESSION_CHECK_PENDING_QUICK_ACTIONS,SESSION_CHECK_RICH_NOTIFICATION_TRANSITION,SET_DOJO_1_1,NEW_PLAYERS_IN_NEW_LOBBY,]
06-19 16:25:52.812  4988  4988 I VRI[NekkiNativeActivity]@8b3fed2: updateBoundsLayer: t=android.view.SurfaceControl$Transaction@4d4f728 sc=Surface(name=Bounds for - com.nekki.shadowfight3/com.nekki.unityplugins.NekkiNativeActivity@0)/@0x2eb9c41 frame=7
06-19 16:25:52.823  4988  5079 I Unity   : [MANHDMLPKMH]; Start Recompressing bundles
06-19 16:25:52.828  4988  4988 I VRI[NekkiNativeActivity]@8b3fed2: registerCallbackForPendingTransactions
06-19 16:25:52.831  4988  5094 I VRI[NekkiNativeActivity]@8b3fed2: mWNT: t=0x779e26ed90 mBlastBufferQueue=0x778e242520 fn= 7 HdrRenderState mRenderHdrSdrRatio=1.0 caller= android.view.ViewRootImpl$10.onFrameDraw:6536 android.view.ViewRootImpl$4.onFrameDraw:2489 android.view.ThreadedRenderer$1.onFrameDraw:718 
06-19 16:25:52.861  4988  5731 I CCodec  : [c2.mtk.avc.decoder] state->set(FLUSHING)
06-19 16:25:52.871  4988  5732 D PipelineWatcher: onWorkDone: frameIndex not found (18446744073709551615); ignored
06-19 16:25:52.871  4988  5732 D PipelineWatcher: onWorkDone: frameIndex not found (18446744073709551615); ignored
06-19 16:25:52.871  4988  5732 I CCodec  : [c2.mtk.avc.decoder] state->set(FLUSHED)
06-19 16:25:52.871  4988  5731 I CCodec  : [c2.mtk.avc.decoder] state->set(RESUMING)
06-19 16:25:52.873  4988  5731 I CCodecConfig: query failed after returning 18 values (BAD_INDEX)
06-19 16:25:52.873  4988  5731 D CCodecConfig: c2 config diff is   c2::u32 coded.vui.color.matrix = 1
06-19 16:25:52.873  4988  5731 D CCodecConfig:   c2::u32 coded.vui.color.primaries = 1
06-19 16:25:52.873  4988  5731 D CCodecConfig:   c2::u32 coded.vui.color.range = 2
06-19 16:25:52.873  4988  5731 D CCodecConfig:   c2::u32 coded.vui.color.transfer = 3
06-19 16:25:52.873  4988  5731 I CCodecBufferChannel: [c2.mtk.avc.decoder#184] 8 initial input buffers available
06-19 16:25:52.874  4988  5732 D CCodecBufferChannel: [c2.mtk.avc.decoder#184] flushed work; ignored.
06-19 16:25:52.874  4988  5732 D CCodecBufferChannel: [c2.mtk.avc.decoder#184] Discard frames from previous generation.
06-19 16:25:52.874  4988  5732 D PipelineWatcher: onWorkDone: frameIndex not found (18446744073709551615); ignored
06-19 16:25:52.874  4988  5732 D CCodecBufferChannel: [c2.mtk.avc.decoder#184] flushed work; ignored.
06-19 16:25:52.874  4988  5732 D CCodecBufferChannel: [c2.mtk.avc.decoder#184] Discard frames from previous generation.
06-19 16:25:52.874  4988  5732 D PipelineWatcher: onWorkDone: frameIndex not found (18446744073709551615); ignored
06-19 16:25:52.874  4988  5732 D CCodecBufferChannel: [c2.mtk.avc.decoder#184] flushed work; ignored.
06-19 16:25:52.874  4988  5732 D CCodecBufferChannel: [c2.mtk.avc.decoder#184] Discard frames from previous generation.
06-19 16:25:52.874  4988  5732 D PipelineWatcher: onWorkDone: frameIndex not found (18446744073709551615); ignored
06-19 16:25:52.874  4988  5732 D CCodecBufferChannel: [c2.mtk.avc.decoder#184] flushed work; ignored.
06-19 16:25:52.874  4988  5732 D CCodecBufferChannel: [c2.mtk.avc.decoder#184] Discard frames from previous generation.
06-19 16:25:52.874  4988  5732 D PipelineWatcher: onWorkDone: frameIndex not found (18446744073709551615); ignored
06-19 16:25:52.875  4988  5731 I CCodec  : [c2.mtk.avc.decoder] state->set(RUNNING)
06-19 16:25:52.875  4988  5760 I CCodec  : [c2.android.aac.decoder] state->set(FLUSHING)
06-19 16:25:52.875  4988  5760 I CCodec  : [c2.android.aac.decoder] state->set(FLUSHED)
06-19 16:25:52.875  4988  5760 I CCodec  : [c2.android.aac.decoder] state->set(RESUMING)
06-19 16:25:52.876  4988  5760 I CCodecConfig: query failed after returning 21 values (BAD_INDEX)
06-19 16:25:52.876  4988  5760 I CCodecBufferChannel: [c2.android.aac.decoder#786] 4 initial input buffers available
06-19 16:25:52.877  4988  5760 I CCodec  : [c2.android.aac.decoder] state->set(RUNNING)
06-19 16:25:52.878  4988  5732 D CCodecBufferChannel: [c2.mtk.avc.decoder#184] flushed work; ignored.
06-19 16:25:52.878  4988  5732 D CCodecBufferChannel: [c2.mtk.avc.decoder#184] Discard frames from previous generation.
06-19 16:25:52.879  4988  5732 D PipelineWatcher: onWorkDone: frameIndex not found (18446744073709551615); ignored
06-19 16:25:52.879  4988  5732 D CCodecBufferChannel: [c2.mtk.avc.decoder#184] flushed work; ignored.
06-19 16:25:52.879  4988  5732 D CCodecBufferChannel: [c2.mtk.avc.decoder#184] Discard frames from previous generation.
06-19 16:25:52.879  4988  5732 D PipelineWatcher: onWorkDone: frameIndex not found (18446744073709551615); ignored
06-19 16:25:52.880  4988  5760 I CCodec  : [c2.android.aac.decoder] state->set(STOPPING)
06-19 16:25:52.880  4988  5760 D CCodecBufferChannel: [c2.android.aac.decoder#786] MediaCodec discarded an unknown buffer
06-19 16:25:52.880  4988  5760 D CCodecBufferChannel: [c2.android.aac.decoder#786] MediaCodec discarded an unknown buffer
06-19 16:25:52.880  4988  5760 D CCodecBufferChannel: [c2.android.aac.decoder#786] MediaCodec discarded an unknown buffer
06-19 16:25:52.880  4988  5760 D CCodecBufferChannel: [c2.android.aac.decoder#786] MediaCodec discarded an unknown buffer
06-19 16:25:52.880  4988  5760 I CCodec  : [stop][3271] component -> surface
06-19 16:25:52.881  4988  5760 I CCodec  : [c2.android.aac.decoder] state->set(ALLOCATED)
06-19 16:25:52.893  4988  5760 I CCodec  : [c2.android.aac.decoder] state->set(RELEASING)
06-19 16:25:52.893  4988  6467 I CCodec  : [release][3405] component -> surface
06-19 16:25:52.894  4988  6467 I CCodec  : [c2.android.aac.decoder] state->set(RELEASED)
06-19 16:25:52.894  4988  5760 I Codec2Client: Component destructing
06-19 16:25:52.895  4988  5760 I MediaCodec: Codec shutdown complete
06-19 16:25:52.906  4988  5139 I CCodecBufferChannel: CCodecBufferChannel destructing c2.android.aac.decoder#786
06-19 16:25:52.914  4988  5139 D MediaCodecList: codecHandlesFormat: no format, so no extra checks
06-19 16:25:52.916  4988  6468 I CCodec  : state->set(ALLOCATING)
06-19 16:25:52.916  4988  6468 I CCodec  : allocate(c2.android.aac.decoder)
06-19 16:25:52.916  4988  6468 D CCodec  : allocate(c2.android.aac.decoder)
06-19 16:25:52.918  4988  6468 I CCodec  : setting up 'default' as default (vendor) store
06-19 16:25:52.926  4988  5768 D AidlBufferPool: bufferpool2 0x767e5ac8e8 : 0(0 size) total buffers - 0(0 size) used buffers - 1/6 (recycle/alloc) - 5/9 (fetch/transfer)
06-19 16:25:52.926  4988  5768 D AidlBufferPool: Destruction - bufferpool2 0x767e5ac8e8 cached: 0/0M, 0/0% in use; allocs: 6, 17% recycled; transfers: 9, 44% unfetched
06-19 16:25:52.928  4988  6468 W jun.blackbox:p1: AIBinder_linkToDeath is being called with a non-null cookie and no onUnlink callback set. This might not be intended. AIBinder_DeathRecipient_setOnUnlinked should be called first.
06-19 16:25:52.928  4988  6468 I CCodec  : Created component [c2.android.aac.decoder] for [c2.android.aac.decoder]
06-19 16:25:52.928  4988  6468 I CCodec  : [c2.android.aac.decoder] state->set(ALLOCATED)
06-19 16:25:52.928  4988  6468 D CCodecConfig: read media type: audio/mp4a-latm
06-19 16:25:52.930  4988  6468 D ReflectedParamUpdater: extent() != 1 for single value type: algo.buffers.max-count.values
06-19 16:25:52.931  4988  6468 D ReflectedParamUpdater: extent() != 1 for single value type: output.subscribed-indices.values
06-19 16:25:52.931  4988  6468 D ReflectedParamUpdater: extent() != 1 for single value type: input.buffers.allocator-ids.values
06-19 16:25:52.931  4988  6468 D ReflectedParamUpdater: extent() != 1 for single value type: output.buffers.allocator-ids.values
06-19 16:25:52.931  4988  6468 D ReflectedParamUpdater: extent() != 1 for single value type: algo.buffers.allocator-ids.values
06-19 16:25:52.931  4988  6468 D ReflectedParamUpdater: extent() != 1 for single value type: output.buffers.pool-ids.values
06-19 16:25:52.931  4988  6468 D ReflectedParamUpdater: extent() != 1 for single value type: algo.buffers.pool-ids.values
06-19 16:25:52.934  4988  6468 I CCodec  : [c2.android.aac.decoder] config->initialize() : 0
06-19 16:25:52.935  4988  6468 I CCodecConfig: query failed after returning 21 values (BAD_INDEX)
06-19 16:25:52.935  4988  6468 D CCodecConfig: c2 config diff is Dict {
06-19 16:25:52.935  4988  6468 D CCodecConfig:   c2::u32 coded.aac-packaging.value = 0
06-19 16:25:52.935  4988  6468 D CCodecConfig:   c2::u32 coded.bitrate.value = 64000
06-19 16:25:52.935  4988  6468 D CCodecConfig:   c2::u32 coded.pl.level = 0
06-19 16:25:52.935  4988  6468 D CCodecConfig:   c2::u32 coded.pl.profile = 8192
06-19 16:25:52.935  4988  6468 D CCodecConfig:   c2::i32 coding.drc.album-mode.value = 0
06-19 16:25:52.935  4988  6468 D CCodecConfig:   c2::float coding.drc.attenuation-factor.value = 1
06-19 16:25:52.935  4988  6468 D CCodecConfig:   c2::float coding.drc.boost-factor.value = 1
06-19 16:25:52.935  4988  6468 D CCodecConfig:   c2::i32 coding.drc.compression-mode.value = 3
06-19 16:25:52.935  4988  6468 D CCodecConfig:   c2::i32 coding.drc.effect-type.value = 3
06-19 16:25:52.935  4988  6468 D CCodecConfig:   c2::float coding.drc.encoded-level.value = 0.25
06-19 16:25:52.935  4988  6468 D CCodecConfig:   c2::float coding.drc.reference-level.value = -16
06-19 16:25:52.935  4988  6468 D CCodecConfig:   c2::u32 input.buffers.max-size.value = 8192
06-19 16:25:52.935  4988  6468 D CCodecConfig:   c2::u32 input.delay.value = 0
06-19 16:25:52.935  4988  6468 D CCodecConfig:   string input.media-type.value = "audio/mp4a-latm"
06-19 16:25:52.935  4988  6468 D CCodecConfig:   c2::u32 output.delay.value = 2
06-19 16:25:52.935  4988  6468 D CCodecConfig:   c2::float output.drc.output-loudness.value = 0.25
06-19 16:25:52.935  4988  6468 D CCodecConfig:   c2::u32 output.large-frame.max-size = 0
06-19 16:25:52.935  4988  6468 D CCodecConfig:   c2::u32 output.large-frame.threshold-size = 0
06-19 16:25:52.935  4988  6468 D CCodecConfig:   string output.media-type.value = "audio/raw"
06-19 16:25:52.935  4988  6468 D CCodecConfig:   c2::u32 raw.channel-count.value = 1
06-19 16:25:52.935  4988  6468 D CCodecConfig:   c2::u32 raw.channel-mask.value = 0
06-19 16:25:52.935  4988  6468 D CCodecConfig:   c2::u32 raw.max-channel-count.value = 8
06-19 16:25:52.935  4988  6468 D CCodecConfig:   c2::u32 raw.sample-rate.value = 44100
06-19 16:25:52.935  4988  6468 D CCodecConfig: }
06-19 16:25:52.935  4988  6468 I CCodec  : [c2.android.aac.decoder] config->queryConfiguration()
06-19 16:25:52.935  4988  6468 I CCodec  : [c2.android.aac.decoder] mCallback->onComponentAllocated() IN
06-19 16:25:52.935  4988  6468 I CCodec  : [c2.android.aac.decoder] mCallback->onComponentAllocated() OUT
06-19 16:25:52.937  4988  5139 E MediaCodec: Media Quality Service not found.
06-19 16:25:52.937  4988  6468 D CCodec  : [c2.android.aac.decoder] buffers are bound to CCodec for this session
06-19 16:25:52.937  4988  6468 I CCodec  : appPid(4988) width(0) height(0)
06-19 16:25:52.937  4988  6468 D CCodecConfig: no c2 equivalents for durationUs
06-19 16:25:52.937  4988  6468 D CCodecConfig: no c2 equivalents for frame-count
06-19 16:25:52.937  4988  6468 D CCodecConfig: no c2 equivalents for track-id
06-19 16:25:52.937  4988  6468 D CCodecConfig: no c2 equivalents for track-fourcc
06-19 16:25:52.937  4988  6468 D CCodecConfig: no c2 equivalents for bits-per-sample
06-19 16:25:52.937  4988  6468 D CCodecConfig: no c2 equivalents for language
06-19 16:25:52.937  4988  6468 D CCodecConfig: no c2 equivalents for flags
06-19 16:25:52.939  4988  6468 D CCodecConfig: c2 config diff is   c2::u32 coded.bitrate.value = 125410
06-19 16:25:52.939  4988  6468 D CCodecConfig:   c2::u32 raw.channel-count.value = 2
06-19 16:25:52.939  4988  6468 D CCodecConfig:   c2::u32 raw.sample-rate.value = 48000
06-19 16:25:52.939  4988  6468 D CCodec  : encoding statistics level = 0
06-19 16:25:52.939  4988  6468 D CCodec  : setup formats input: AMessage(what = 0x00000000) = {
06-19 16:25:52.939  4988  6468 D CCodec  :   int32_t aac-drc-album-mode = 0
06-19 16:25:52.939  4988  6468 D CCodec  :   int32_t aac-drc-boost-level = 127
06-19 16:25:52.939  4988  6468 D CCodec  :   int32_t aac-drc-cut-level = 127
06-19 16:25:52.939  4988  6468 D CCodec  :   int32_t aac-drc-effect-type = 3
06-19 16:25:52.939  4988  6468 D CCodec  :   int32_t aac-encoded-target-level = -1
06-19 16:25:52.939  4988  6468 D CCodec  :   int32_t aac-max-output-channel_count = 8
06-19 16:25:52.939  4988  6468 D CCodec  :   int32_t aac-target-ref-level = 64
06-19 16:25:52.939  4988  6468 D CCodec  :   int32_t bitrate = 125410
06-19 16:25:52.939  4988  6468 D CCodec  :   int32_t channel-count = 2
06-19 16:25:52.939  4988  6468 D CCodec  :   int32_t channel-mask = 0
06-19 16:25:52.939  4988  6468 D CCodec  :   int32_t level = 0
06-19 16:25:52.939  4988  6468 D CCodec  :   int32_t max-input-size = 524308
06-19 16:25:52.939  4988  6468 D CCodec  :   int32_t max-output-channel-count = 8
06-19 16:25:52.939  4988  6468 D CCodec  :   string mime = "audio/mp4a-latm"
06-19 16:25:52.939  4988  6468 D CCodec  :   int32_t profile = 2
06-19 16:25:52.939  4988  6468 D CCodec  :   int32_t sample-rate = 48000
06-19 16:25:52.939  4988  6468 D CCodec  : }
06-19 16:25:52.939  4988  6468 D CCodec  : setup formats output: AMessage(what = 0x00000000) = {
06-19 16:25:52.939  4988  6468 D CCodec  :   int32_t aac-drc-album-mode = 0
06-19 16:25:52.939  4988  6468 D CCodec  :   int32_t aac-drc-boost-level = 127
06-19 16:25:52.939  4988  6468 D CCodec  :   int32_t aac-drc-cut-level = 127
06-19 16:25:52.939  4988  6468 D CCodec  :   int32_t aac-drc-effect-type = 3
06-19 16:25:52.939  4988  6468 D CCodec  :   int32_t aac-drc-output-loudness = -1
06-19 16:25:52.939  4988  6468 D CCodec  :   int32_t aac-encoded-target-level = -1
06-19 16:25:52.939  4988  6468 D CCodec  :   int32_t aac-max-output-channel_count = 8
06-19 16:25:52.939  4988  6468 D CCodec  :   int32_t aac-target-ref-level = 64
06-19 16:25:52.939  4988  6468 D CCodec  :   int32_t buffer-batch-max-output-size = 0
06-19 16:25:52.939  4988  6468 D CCodec  :   int32_t buffer-batch-threshold-output-size = 0
06-19 16:25:52.939  4988  6468 D CCodec  :   int32_t channel-count = 2
06-19 16:25:52.939  4988  6468 D CCodec  :   int32_t channel-mask = 0
06-19 16:25:52.939  4988  6468 D CCodec  :   int32_t max-output-channel-count = 8
06-19 16:25:52.939  4988  6468 D CCodec  :   string mime = "audio/raw"
06-19 16:25:52.939  4988  6468 D CCodec  :   int32_t sample-rate = 48000
06-19 16:25:52.939  4988  6468 D CCodec  :   int32_t android._config-pcm-encoding = 2
06-19 16:25:52.939  4988  6468 D CCodec  : }
06-19 16:25:52.940  4988  6468 I CCodecConfig: query failed after returning 21 values (BAD_INDEX)
06-19 16:25:52.940  4988  6468 E jun.blackbox:p1: Failed to query component interface for required system resources: 6
06-19 16:25:52.943  4988  6468 I CCodec  : [c2.android.aac.decoder] state->set(STARTING)
06-19 16:25:52.945  4988  6468 D CCodecBufferChannel: [c2.android.aac.decoder#786] Created input block pool with allocatorID 16 => poolID 21 - OK (0)
06-19 16:25:52.947  4988  6468 I CCodecBufferChannel: [c2.android.aac.decoder#786] Created output block pool with allocatorID 16 => poolID 523 - OK
06-19 16:25:52.947  4988  6468 D CCodecBufferChannel: [c2.android.aac.decoder#786] Configured output block pool ids 523 => OK
06-19 16:25:52.947  4988  6468 I CCodec  : [c2.android.aac.decoder] state->set(RUNNING)
06-19 16:25:52.948  4988  6468 I CCodecBufferChannel: [c2.android.aac.decoder#786] 4 initial input buffers available
06-19 16:25:52.952  4988  6468 W jun.blackbox:p1: AIBinder_linkToDeath is being called with a non-null cookie and no onUnlink callback set. This might not be intended. AIBinder_DeathRecipient_setOnUnlinked should be called first.
06-19 16:25:52.956  4988  5732 D CCodecBufferChannel: [c2.mtk.avc.decoder#184] Discard frames from previous generation.
06-19 16:25:52.956  4988  5732 I CCodecBufferChannel: [c2.mtk.avc.decoder#184] updating max output delay 20
06-19 16:25:52.957  4988  5732 D GraphicsTracker: maxDequeueCount is already 20
06-19 16:25:52.961  4988  6468 D CCodecConfig: c2 config diff is   c2::u32 raw.channel-mask.value = 12
06-19 16:25:52.962  4988  6468 D CCodecBuffers: [c2.android.aac.decoder#786:Output[N]] popFromStashAndRegister: at 0us, output format changed to AMessage(what = 0x00000000) = {
06-19 16:25:52.962  4988  6468 D CCodecBuffers:   int32_t aac-drc-album-mode = 0
06-19 16:25:52.962  4988  6468 D CCodecBuffers:   int32_t aac-drc-boost-level = 127
06-19 16:25:52.962  4988  6468 D CCodecBuffers:   int32_t aac-drc-cut-level = 127
06-19 16:25:52.962  4988  6468 D CCodecBuffers:   int32_t aac-drc-effect-type = 3
06-19 16:25:52.962  4988  6468 D CCodecBuffers:   int32_t aac-drc-output-loudness = -1
06-19 16:25:52.962  4988  6468 D CCodecBuffers:   int32_t aac-encoded-target-level = -1
06-19 16:25:52.962  4988  6468 D CCodecBuffers:   int32_t aac-max-output-channel_count = 8
06-19 16:25:52.962  4988  6468 D CCodecBuffers:   int32_t aac-target-ref-level = 64
06-19 16:25:52.962  4988  6468 D CCodecBuffers:   int32_t buffer-batch-max-output-size = 0
06-19 16:25:52.962  4988  6468 D CCodecBuffers:   int32_t buffer-batch-threshold-output-size = 0
06-19 16:25:52.962  4988  6468 D CCodecBuffers:   int32_t channel-count = 2
06-19 16:25:52.962  4988  6468 D CCodecBuffers:   int32_t channel-mask = 12
06-19 16:25:52.962  4988  6468 D CCodecBuffers:   int32_t max-output-channel-count = 8
06-19 16:25:52.962  4988  6468 D CCodecBuffers:   string mime = "audio/raw"
06-19 16:25:52.962  4988  6468 D CCodecBuffers:   int32_t sample-rate = 48000
06-19 16:25:52.962  4988  6468 D CCodecBuffers:   int32_t android._config-pcm-encoding = 2
06-19 16:25:52.962  4988  6468 D CCodecBuffers: }
06-19 16:25:52.965  4988  5108 D CCodecBufferChannel: [c2.mtk.avc.decoder#184] Ignoring stale input buffer done callback: last flush index = 3494, frameIndex = 3494
06-19 16:25:53.227  4988  4988 I VRI[NekkiNativeActivity]@8b3fed2: ViewPostIme pointer 1
06-19 16:25:53.619  4988  5079 I Unity   : [Client SFS.send] cmd:<b>log</b> type:sf3DTO.LogRequest session_request_id:50 extensible:
06-19 16:25:53.619  4988  5079 I Unity   : sf3DTO.LogRequest{
06-19 16:25:53.619  4988  5079 I Unity   :   "Events": [
06-19 16:25:53.619  4988  5079 I Unity   :     "{\"type\":\"BUNDLES_LOADED\",\"etype\":\"BUNDLE_EVENT\",\"cid\":14,\"pl\":1,\"cts\":1781866550812,\"plf\":\"Android\",\"v\":\"1.45.0.20\",\"fv\":\"1.45.0.20.16672-prod\",\"sid\":0,\"onl\":false,\"md\":\"VideoPlayer\",\"creg\":1781858497}",
06-19 16:25:53.619  4988  5079 I Unity   :     "{\"type\":\"START_EXTRACT_BUNDLES\",\"etype\":\"BUNDLE_EVENT\",\"cid\":15,\"pl\":1,\"cts\":1781866552933,\"plf\":\"Android\",\"v\":\"1.45.0.20\",\"fv\":\"1.45.0.20.16672-prod\",\"sid\":0,\"onl\":false,\"md\":\"VideoPlayer\",\"creg\":1781858497}"
06-19 16:25:53.619  4988  5079 I Unity   :   ]
06-19 16:25:53.619  4988  5079 I Unity   : }
06-19 16:25:53.669  4988  5079 I Unity   : [Server Response] cmd:<b>log</b> type:Google.Protobuf.WellKnownTypes.Empty session_request_id:50 extensible:
06-19 16:25:53.669  4988  5079 I Unity   : Google.Protobuf.WellKnownTypes.Empty{}
06-19 16:25:54.916  4988  5731 I MediaCodec: setCodecState state(0), called in 6, domain 1, 1
06-19 16:25:56.227  4988  4988 I VRI[NekkiNativeActivity]@8b3fed2: call setFrameRateCategory for touch hint category=no preference, reason=boost timeout, vri=VRI[NekkiNativeActivity]@8b3fed2
06-19 16:25:57.897  4988  5693 D AidlBufferPool: bufferpool2 0x767e5af4d8 : 0(0 size) total buffers - 0(0 size) used buffers - 1/6 (recycle/alloc) - 5/6554 (fetch/transfer)
06-19 16:25:57.897  4988  5693 D AidlBufferPoolAcc: evictor expired: 1, evicted: 1
06-19 16:25:58.898  4988  5693 D AidlBufferPool: bufferpool2 0x767e5ac8e8 : 5(2621540 size) total buffers - 4(2097232 size) used buffers - 1/6 (recycle/alloc) - 5/60 (fetch/transfer)
06-19 16:25:58.898  4988  5693 D AidlBufferPoolAcc: evictor expired: 2, evicted: 1
06-19 16:26:02.025  4988  4992 I jun.blackbox:p1: Background concurrent mark compact GC freed 15MB AllocSpace bytes, 38(808KB) LOS objects, 50% free, 16MB/32MB, paused 3.328ms,3.853ms total 209.528ms
06-19 16:26:02.692  4988  5523 D sdk5Events: logEvent failed eventsTracker doesn't exist
06-19 16:26:02.705  4988  5523 D sdk5Events: logEvent failed eventsTracker doesn't exist
06-19 16:26:04.244  4988  4988 D CrashMonitor: Performing periodic health check...
06-19 16:26:04.244  4988  4988 W CrashMonitor: High thread count detected: 189
06-19 16:26:04.245  4988  4988 D CrashMonitor: Health check completed - Memory: 9.5%, Threads: 189
06-19 16:26:15.473  4988  5079 I Unity   : [MANHDMLPKMH]; End extracting bundles
06-19 16:26:15.721  4988  5079 I Unity   : Warmed up shaders from variant collection of a bundle (shader_bundle). Shaders: 0| Variants: 0
06-19 16:26:15.728  4988  5079 I Unity   : Frame:[10416], Type:[CloseAction], Body:[TUTORIAL_INTRO_VIDEO_BUNDLES_BACKGROUND_DOWNLOAD_IMMEDIATELY - DownloadBundlesInBackground], List:[6:SESSION_START_SPHINX,TUTORIAL_INTRO_VIDEO_END,SESSION_CHECK_PENDING_QUICK_ACTIONS,SESSION_CHECK_RICH_NOTIFICATION_TRANSITION,SET_DOJO_1_1,NEW_PLAYERS_IN_NEW_LOBBY,]
06-19 16:26:15.729  4988  5079 I Unity   : Frame:[10416], Type:[ListChange], Body:[Remove  - SESSION_START_SPHINX], List:[6:SESSION_START_SPHINX,TUTORIAL_INTRO_VIDEO_END,SESSION_CHECK_PENDING_QUICK_ACTIONS,SESSION_CHECK_RICH_NOTIFICATION_TRANSITION,SET_DOJO_1_1,NEW_PLAYERS_IN_NEW_LOBBY,]
06-19 16:26:15.729  4988  5079 I Unity   : Frame:[10416], Type:[RunAction], Body:[SESSION_START_SPHINX - Sphinx], List:[5:TUTORIAL_INTRO_VIDEO_END,SESSION_CHECK_PENDING_QUICK_ACTIONS,SESSION_CHECK_RICH_NOTIFICATION_TRANSITION,SET_DOJO_1_1,NEW_PLAYERS_IN_NEW_LOBBY,]
06-19 16:26:15.731  4988  5079 I Unity   : Frame:[10416], Type:[CloseAction], Body:[SESSION_START_SPHINX - Sphinx], List:[5:TUTORIAL_INTRO_VIDEO_END,SESSION_CHECK_PENDING_QUICK_ACTIONS,SESSION_CHECK_RICH_NOTIFICATION_TRANSITION,SET_DOJO_1_1,NEW_PLAYERS_IN_NEW_LOBBY,]
06-19 16:26:15.731  4988  5079 I Unity   : Frame:[10416], Type:[ListChange], Body:[Remove  - TUTORIAL_INTRO_VIDEO_END], List:[5:TUTORIAL_INTRO_VIDEO_END,SESSION_CHECK_PENDING_QUICK_ACTIONS,SESSION_CHECK_RICH_NOTIFICATION_TRANSITION,SET_DOJO_1_1,NEW_PLAYERS_IN_NEW_LOBBY,]
06-19 16:26:15.731  4988  5079 I Unity   : Frame:[10416], Type:[RunAction], Body:[TUTORIAL_INTRO_VIDEO_END - SetUserVariable], List:[4:SESSION_CHECK_PENDING_QUICK_ACTIONS,SESSION_CHECK_RICH_NOTIFICATION_TRANSITION,SET_DOJO_1_1,NEW_PLAYERS_IN_NEW_LOBBY,]
06-19 16:26:15.732  4988  5079 I Unity   : Frame:[10416], Type:[CloseAction], Body:[TUTORIAL_INTRO_VIDEO_END - SetUserVariable], List:[4:SESSION_CHECK_PENDING_QUICK_ACTIONS,SESSION_CHECK_RICH_NOTIFICATION_TRANSITION,SET_DOJO_1_1,NEW_PLAYERS_IN_NEW_LOBBY,]
06-19 16:26:15.732  4988  5079 I Unity   : Frame:[10416], Type:[RunAction], Body:[TUTORIAL_INTRO_VIDEO_END - SetUserVariable], List:[4:SESSION_CHECK_PENDING_QUICK_ACTIONS,SESSION_CHECK_RICH_NOTIFICATION_TRANSITION,SET_DOJO_1_1,NEW_PLAYERS_IN_NEW_LOBBY,]
06-19 16:26:15.732  4988  5079 I Unity   : Frame:[10416], Type:[CloseAction], Body:[TUTORIAL_INTRO_VIDEO_END - SetUserVariable], List:[4:SESSION_CHECK_PENDING_QUICK_ACTIONS,SESSION_CHECK_RICH_NOTIFICATION_TRANSITION,SET_DOJO_1_1,NEW_PLAYERS_IN_NEW_LOBBY,]
06-19 16:26:15.732  4988  5079 I Unity   : Frame:[10416], Type:[RunAction], Body:[TUTORIAL_INTRO_VIDEO_END - SetRestartProhibited], List:[4:SESSION_CHECK_PENDING_QUICK_ACTIONS,SESSION_CHECK_RICH_NOTIFICATION_TRANSITION,SET_DOJO_1_1,NEW_PLAYERS_IN_NEW_LOBBY,]
06-19 16:26:15.732  4988  5079 I Unity   : Remove restart blocker. Current blockers count: [1]
06-19 16:26:15.733  4988  5079 I Unity   : Frame:[10416], Type:[CloseAction], Body:[TUTORIAL_INTRO_VIDEO_END - SetRestartProhibited], List:[4:SESSION_CHECK_PENDING_QUICK_ACTIONS,SESSION_CHECK_RICH_NOTIFICATION_TRANSITION,SET_DOJO_1_1,NEW_PLAYERS_IN_NEW_LOBBY,]
06-19 16:26:15.733  4988  5079 I Unity   : Frame:[10416], Type:[ListChange], Body:[Remove  - SESSION_CHECK_PENDING_QUICK_ACTIONS], List:[4:SESSION_CHECK_PENDING_QUICK_ACTIONS,SESSION_CHECK_RICH_NOTIFICATION_TRANSITION,SET_DOJO_1_1,NEW_PLAYERS_IN_NEW_LOBBY,]
06-19 16:26:15.733  4988  5079 I Unity   : Frame:[10416], Type:[RunAction], Body:[SESSION_CHECK_PENDING_QUICK_ACTIONS - InitQuickActionsHandler], List:[3:SESSION_CHECK_RICH_NOTIFICATION_TRANSITION,SET_DOJO_1_1,NEW_PLAYERS_IN_NEW_LOBBY,]
06-19 16:26:15.735  4988  5079 I Unity   : Frame:[10416], Type:[CloseAction], Body:[SESSION_CHECK_PENDING_QUICK_ACTIONS - InitQuickActionsHandler], List:[3:SESSION_CHECK_RICH_NOTIFICATION_TRANSITION,SET_DOJO_1_1,NEW_PLAYERS_IN_NEW_LOBBY,]
06-19 16:26:15.735  4988  5079 I Unity   : Frame:[10416], Type:[ListChange], Body:[Remove  - SESSION_CHECK_RICH_NOTIFICATION_TRANSITION], List:[3:SESSION_CHECK_RICH_NOTIFICATION_TRANSITION,SET_DOJO_1_1,NEW_PLAYERS_IN_NEW_LOBBY,]
06-19 16:26:15.735  4988  5079 I Unity   : Frame:[10416], Type:[RunAction], Body:[SESSION_CHECK_RICH_NOTIFICATION_TRANSITION - InitRichNotificationsHandler], List:[2:SET_DOJO_1_1,NEW_PLAYERS_IN_NEW_LOBBY,]
06-19 16:26:15.749  4988  5079 I Unity   : Frame:[10416], Type:[CloseAction], Body:[SESSION_CHECK_RICH_NOTIFICATION_TRANSITION - InitRichNotificationsHandler], List:[2:SET_DOJO_1_1,NEW_PLAYERS_IN_NEW_LOBBY,]
06-19 16:26:15.750  4988  5079 I Unity   : Frame:[10416], Type:[ListChange], Body:[Remove  - SET_DOJO_1_1], List:[2:SET_DOJO_1_1,NEW_PLAYERS_IN_NEW_LOBBY,]
06-19 16:26:15.750  4988  5079 I Unity   : Frame:[10416], Type:[RunAction], Body:[SET_DOJO_1_1 - SetDojo], List:[1:NEW_PLAYERS_IN_NEW_LOBBY,]
06-19 16:26:15.750  4988  5079 I Unity   : Frame:[10416], Type:[CloseAction], Body:[SET_DOJO_1_1 - SetDojo], List:[1:NEW_PLAYERS_IN_NEW_LOBBY,]
06-19 16:26:15.750  4988  5079 I Unity   : Frame:[10416], Type:[ListChange], Body:[Remove  - NEW_PLAYERS_IN_NEW_LOBBY], List:[1:NEW_PLAYERS_IN_NEW_LOBBY,]
06-19 16:26:15.750  4988  5079 I Unity   : Frame:[10416], Type:[RunAction], Body:[NEW_PLAYERS_IN_NEW_LOBBY - SetUserVariable], List:[0:]
06-19 16:26:15.750  4988  5079 I Unity   : Frame:[10416], Type:[CloseAction], Body:[NEW_PLAYERS_IN_NEW_LOBBY - SetUserVariable], List:[0:]
06-19 16:26:15.779  4988  5079 I Unity   : [LoadingBlocker]; Start blocking layer: blocker priority: Preloader, blocker delay: 0.5
06-19 16:26:15.779  4988  5079 I Unity   : [BDINJAALCJK]; Input is blocked manual: 2
06-19 16:26:15.810  4988  5079 I Unity   : [Client SFS.send] cmd:<b>create_player</b> type:sf3DTO.CreatePlayerRequest session_request_id:57 extensible:
06-19 16:26:15.810  4988  5079 I Unity   : sf3DTO.CreatePlayerRequest{
06-19 16:26:15.810  4988  5079 I Unity   :   "DisplayName": "67777",
06-19 16:26:15.810  4988  5079 I Unity   :   "Appearance": {
06-19 16:26:15.810  4988  5079 I Unity   :     "Gender": 2,
06-19 16:26:15.810  4988  5079 I Unity   :     "HeadId": 2,
06-19 16:26:15.810  4988  5079 I Unity   :     "HairColor": {
06-19 16:26:15.810  4988  5079 I Unity   :       "ColorId": 31,
06-19 16:26:15.810  4988  5079 I Unity   :       "Value": 0.05
06-19 16:26:15.810  4988  5079 I Unity   :     },
06-19 16:26:15.810  4988  5079 I Unity   :     "SkinColor": {
06-19 16:26:15.810  4988  5079 I Unity   :       "ColorId": 1,
06-19 16:26:15.810  4988  5079 I Unity   :       "Value": 0.15
06-19 16:26:15.810  4988  5079 I Unity   :     },
06-19 16:26:15.810  4988  5079 I Unity   :     "HairId": 6
06-19 16:26:15.810  4988  5079 I Unity   :   },
06-19 16:26:15.810  4988  5079 I Unity   :   "Version": "1.45.0.20.16672-prod",
06-19 16:26:15.810  4988  5079 I Unity   :   "Vars": [
06-19 16:26:15.810  4988  5079 I Unity   :     {
06-19 16:26:15.810  4988  5079 I Unity   :       "Key": "dojo",
06-19 16:26:15.810  4988  5079 I Unity   :       "Val": "1.1"
06-19 16:26:15.810  4988  5079 I Unity   :     },
06-19 16:26:15.810  4988  5079 I Unity   :     {
06-19 16:26:15.810  4988  5079 I Unity   :       "Key": "CREG",
06-19 16:26:15.810  4988  5079 I Unity   :       "Val": "1781858497"
06-19 16:26:15.810  4988  5079 I Unity   :     }
06-19 16:26:15.810  4988  5079 I Unity   :   ],
06-19 16:26:15.810  4988  5079 I Unity   :   "Hashes": {
06-19 16:26:15.810  4988  5079 I Unity   :     "sum": "BDB9CAADBD1CC03AD3325118290D8AA1E3B7257A"
06-19 16:26:15.810  4988  5079 I Unity   :   },
06-19 16:26:15.810  4988  5079 I Unity   :   "AppVersion": "1.45.2"
06-19 16:26:15.810  4988  5079 I Unity   : }
06-19 16:26:16.347  4988  5079 I Unity   : [Server Response] cmd:<b>create_player</b> type:sf3DTO.ExtendedPlayer session_request_id:57 extensible:
06-19 16:26:16.347  4988  5079 I Unity   : sf3DTO.ExtendedPlayer{
06-19 16:26:16.347  4988  5079 I Unity   :   "PrimaryPlayer": {
06-19 16:26:16.347  4988  5079 I Unity   :     "ShortPlayer": {
06-19 16:26:16.347  4988  5079 I Unity   :       "PlayerId": 69994873,
