06-20 00:10:55.101 31710 31803 D TransactionThrottler: Reset transaction throttler
06-20 00:10:55.102 31710 31803 D BlackManager: Creating service for: top.niunaijun.blackbox.core.system.notification.IBNotificationManagerService$Stub
06-20 00:10:55.102 31710 31803 D BlackManager: Successfully created service: notification_manager
06-20 00:10:55.106 31710 31803 D TransactionThrottler: Reset transaction throttler
06-20 00:10:55.110 31710 31803 D TransactionThrottler: Reset transaction throttler
06-20 00:10:55.110 31710 31731 D Banzai  : Request code: 200
06-20 00:10:55.111 31710 31710 D Banzai  : Request result: 
06-20 00:10:55.112 31710 31803 D TransactionThrottler: Reset transaction throttler
06-20 00:10:55.115 31710 31803 D TransactionThrottler: Reset transaction throttler
06-20 00:10:55.122 31710 32142 D TransactionThrottler: Reset transaction throttler
06-20 00:10:55.124 31710 32142 D UnityNotifications: Checking for invalid notification IDs still hanging around
06-20 00:10:55.125 31710 32142 D TransactionThrottler: Reset transaction throttler
06-20 00:10:55.126 31710 32142 D TransactionThrottler: Reset transaction throttler
06-20 00:10:55.130 31710 32142 D TransactionThrottler: Reset transaction throttler
06-20 00:10:55.133 31710 32142 D TransactionThrottler: Reset transaction throttler
06-20 00:10:55.135 31710 32142 D TransactionThrottler: Reset transaction throttler
06-20 00:10:55.138 31710 32142 D TransactionThrottler: Reset transaction throttler
06-20 00:10:55.143 31710 32142 D TransactionThrottler: Reset transaction throttler
06-20 00:10:55.146 31710 32142 D TransactionThrottler: Reset transaction throttler
06-20 00:10:55.148 31710 31803 I Banzai  : Path: /storage/emulated/0/Android/data/top.niunaijun.blackbox/files/blackbox/storage/emulated/0/Android/data/com.nekki.shadowfight3/files/tou.file
06-20 00:10:55.148 31710 31803 D Banzai  : Send request on url https://sf3lb.nekki.com/clog?guid=96b1a4edeac872bc&e=APP_OPEN_CONTROL&ext=eyJSQU0iOiIzNjQyIiwiQVJDSCI6ImFybTY0LXY4YSIsIk9TIjoiMTYiLCJMQU5HIjoiRW5nbGlzaCIsIk5FVCI6IldJRkkiLCJPR0wiOiJPUEVOR0xFU18zXzAiLCJCTiI6IjE5MjA5IiwiUEwiOiJBbmRyb2lkIn0%3D
06-20 00:10:55.148 31710 32142 D TransactionThrottler: Reset transaction throttler
06-20 00:10:55.150 31710 32142 D TransactionThrottler: Reset transaction throttler
06-20 00:10:55.153 31710 32142 D TransactionThrottler: Reset transaction throttler
06-20 00:10:55.199 31710 31803 I Unity   : [LNPGDLHLKNM] Init
06-20 00:10:55.211 31710 31803 I Unity   : [GAPLKBELEIG]; Get internet accessibility response: [Available]
06-20 00:10:55.217 31710 31803 I Unity   : [ICCEKPDBECH] Init
06-20 00:10:55.219 31710 31803 I Unity   : [LevelPlayHandler] Initializing...
06-20 00:10:55.219 31710 31803 I Unity   : [LevelPlayHandler] RecreateThreadDispatcher
06-20 00:10:55.285 31710 31710 I ImeFocusController: onPreWindowFocus: skipped hasWindowFocus=false mHasImeFocus=true
06-20 00:10:55.285 31710 31710 I ImeFocusController: onPostWindowFocus: skipped hasWindowFocus=false mHasImeFocus=true
06-20 00:10:55.294 31710 31710 D InputTransport: Input channel destroyed: 'ClientS', fd=346
06-20 00:10:55.306 31710 31731 D Banzai  : Request code: 200
06-20 00:10:55.306 31710 31710 D Banzai  : Request result: 
06-20 00:10:55.342 31710 31803 I Unity   : [ISAdQualityHandler] Init start with 66bcc545
06-20 00:10:55.370 31710 32151 D AdvertisingIdClient: AdvertisingIdClient already created.
06-20 00:10:55.370 31710 32151 D AdvertisingIdClient: AdvertisingIdClient is not bounded. Starting to bind it...
06-20 00:10:55.371 31710 32151 W GooglePlayServicesUtil: com.nekki.shadowfight3 requires Google Play services, but they are missing.
06-20 00:10:55.373 31710 32151 I AdvertisingIdClient: shouldSendLog -1
06-20 00:10:55.374 31710 31782 W GooglePlayServicesUtil: com.nekki.shadowfight3 requires Google Play services, but they are missing.
06-20 00:10:55.376 31710 31782 W GoogleApiManager: The service for com.google.android.gms.common.internal.service.zau is not available: ConnectionResult{statusCode=SERVICE_MISSING, resolution=null, message=null, clientMethodKey=null}
06-20 00:10:55.377 31710 31710 I AdvertisingIdClient: getting error as 17: API: ClientTelemetry.API is not available on this device. Connection failed with: ConnectionResult{statusCode=SERVICE_MISSING, resolution=null, message=null, clientMethodKey=null}
06-20 00:10:55.380 31710 32157 I IronSource AdQuality: AdQualitySDK: Initializing with app key 66bcc545
06-20 00:10:55.382 31710 31803 I LevelPlaySDK: API: LevelPlay setConsent - consent: true
06-20 00:10:55.384 31710 32157 D TransactionThrottler: Reset transaction throttler
06-20 00:10:55.384 31710 32157 D TransactionThrottler: Reset transaction throttler
06-20 00:10:55.387 31710 31719 E LoadedApk: performReceive() called targeting raw IIntentReceiver for Intent { act=android.net.conn.CONNECTIVITY_CHANGE flg=0x4200010 xflg=0x4 (has extras) }
06-20 00:10:55.389 31710 32159 V LevelPlaySDK: EVENT: UIThread: false Activity: 227068546 l3 b.run - {"eventId":40
06-20 00:10:55.389 31710 32159 V LevelPlaySDK: EVENT: "timestamp":1781894455384
06-20 00:10:55.389 31710 32159 V LevelPlaySDK: EVENT: "provider":"Mediation"
06-20 00:10:55.389 31710 32159 V LevelPlaySDK: EVENT: "euid":"09f925db-494a-4e4b-a9f4-c3426f397114"
06-20 00:10:55.389 31710 32159 V LevelPlaySDK: EVENT: "esat":1
06-20 00:10:55.389 31710 32159 V LevelPlaySDK: EVENT: "eventSessionId":"2c31ff35-fe96-495c-962f-6bba74655601"
06-20 00:10:55.389 31710 32159 V LevelPlaySDK: EVENT: "essn":-1
06-20 00:10:55.389 31710 32159 V LevelPlaySDK: EVENT: "rawConnectionType":"NETWORK_TYPE_UNKNOWN"}}
06-20 00:10:55.392 31710 31833 I LevelPlaySDK: API: tb c - LevelPlay.init() appkey: 66bcc545, userId: 0_IN, legacyAdFormats: [], context: NekkiNativeActivity
06-20 00:10:55.395 31710 32160 V LevelPlaySDK: API: UIThread: false Activity: 227068546 p j - userId = 0_IN
06-20 00:10:55.397 31710 32160 V LevelPlaySDK: INTERNAL: UIThread: false Activity: 227068546 p a - GitHash: e56df04
06-20 00:10:55.399 31710 32160 V LevelPlaySDK: INTERNAL: UIThread: false Activity: 227068546 Ie a - set first session timestamp = 1781894455398
06-20 00:10:55.399 31710 32159 V LevelPlaySDK: EVENT: UIThread: false Activity: 227068546 l3 b.run - {"eventId":52
06-20 00:10:55.399 31710 32159 V LevelPlaySDK: EVENT: "timestamp":1781894455395
06-20 00:10:55.399 31710 32159 V LevelPlaySDK: EVENT: "provider":"Mediation"
06-20 00:10:55.399 31710 32159 V LevelPlaySDK: EVENT: "euid":"0ab993ac-34ed-4296-bd09-354a7d33ebac"
06-20 00:10:55.399 31710 32159 V LevelPlaySDK: EVENT: "esat":1
06-20 00:10:55.399 31710 32159 V LevelPlaySDK: EVENT: "eventSessionId":"2c31ff35-fe96-495c-962f-6bba74655601"
06-20 00:10:55.399 31710 32159 V LevelPlaySDK: EVENT: "essn":-1
06-20 00:10:55.399 31710 32159 V LevelPlaySDK: EVENT: "rawConnectionType":"NETWORK_TYPE_UNKNOWN"}}
06-20 00:10:55.399 31710 32160 V LevelPlaySDK: INTERNAL: UIThread: false Activity: 227068546 p a - activity is updated to: 227068546
06-20 00:10:55.400 31710 32160 I LevelPlaySDK: API: p a - init(appKey:66bcc545)
06-20 00:10:55.401 31710 32160 V LevelPlaySDK: INTERNAL: UIThread: false Activity: 227068546 p a - init cache does not exist
06-20 00:10:55.402 31710 31803 I Unity   : [CNBPMHDFKIK] Init
06-20 00:10:55.403 31710 32160 I LevelPlaySDK: API: LevelPlay getSdkVersion
06-20 00:10:55.404 31710 31803 I Unity   : [InterstitialAd] enabled: False, enabledInConfig: False
06-20 00:10:55.405 31710 31803 I Unity   : ServerVersion - NetworkSettings.ConfigVersion [full version: 1.45.0.21.16675-prod] ---  CurrentVersion - NetworkSettings.ConfigVersion [full version: 1.45.0.0.16655-prod]
06-20 00:10:55.406 31710 31803 I Unity   : [MKPDMLJNNLC] Start
06-20 00:10:55.407 31710 31803 I Unity   : [MKPDMLJNNLC] Done in 0.032 ms
06-20 00:10:55.414 31710 32163 D AdvertisingIdClient: AdvertisingIdClient already created.
06-20 00:10:55.414 31710 31803 I Unity   : [BPBOEPMOBHL] Init
06-20 00:10:55.414 31710 32163 D AdvertisingIdClient: AdvertisingIdClient is not bounded. Starting to bind it...
06-20 00:10:55.414 31710 32163 W GooglePlayServicesUtil: com.nekki.shadowfight3 requires Google Play services, but they are missing.
06-20 00:10:55.416 31710 32163 I AdvertisingIdClient: shouldSendLog -1
06-20 00:10:55.416 31710 31782 W GooglePlayServicesUtil: com.nekki.shadowfight3 requires Google Play services, but they are missing.
06-20 00:10:55.417 31710 32163 V LevelPlaySDK: INTERNAL: UIThread: false Activity: 227068546 n4 a - isInitialized=false
06-20 00:10:55.417 31710 32163 D AdvertisingIdClient: AdvertisingIdClient already created.
06-20 00:10:55.417 31710 32163 D AdvertisingIdClient: AdvertisingIdClient is not bounded. Starting to bind it...
06-20 00:10:55.417 31710 32163 W GooglePlayServicesUtil: com.nekki.shadowfight3 requires Google Play services, but they are missing.
06-20 00:10:55.418 31710 31782 W GoogleApiManager: The service for com.google.android.gms.common.internal.service.zau is not available: ConnectionResult{statusCode=SERVICE_MISSING, resolution=null, message=null, clientMethodKey=null}
06-20 00:10:55.418 31710 31710 I AdvertisingIdClient: getting error as 17: API: ClientTelemetry.API is not available on this device. Connection failed with: ConnectionResult{statusCode=SERVICE_MISSING, resolution=null, message=null, clientMethodKey=null}
06-20 00:10:55.419 31710 32163 I AdvertisingIdClient: shouldSendLog -1
06-20 00:10:55.419 31710 31782 W GooglePlayServicesUtil: com.nekki.shadowfight3 requires Google Play services, but they are missing.
06-20 00:10:55.420 31710 32163 V LevelPlaySDK: INTERNAL: UIThread: false Activity: 227068546 n4 a - isInitialized=false
06-20 00:10:55.421 31710 31782 W GoogleApiManager: The service for com.google.android.gms.common.internal.service.zau is not available: ConnectionResult{statusCode=SERVICE_MISSING, resolution=null, message=null, clientMethodKey=null}
06-20 00:10:55.421 31710 31710 I AdvertisingIdClient: getting error as 17: API: ClientTelemetry.API is not available on this device. Connection failed with: ConnectionResult{statusCode=SERVICE_MISSING, resolution=null, message=null, clientMethodKey=null}
06-20 00:10:55.424 31710 32163 I LevelPlaySDK: API: LevelPlay getSdkVersion
06-20 00:10:55.427 31710 32163 V LevelPlaySDK: INTERNAL: UIThread: false Activity: 227068546 K6 a - collecting data for events: {appVersion=1.45.2, tz=Asia/Calcutta, icc=in, advertisingId=24e767e4-0918-452f-9844-668201de78bf, language=en, battery=56, mcc=0, connectionType=wifi, internalFreeMemory=5527, osVersion=36(16), appKey=66bcc545, firstSession=true, deviceOEM=samsung, auid=c0b687e5-555e-4f13-bf5d-7171e9455ae5, pluginType=Unity, plugin_fw_v=6000.3.11f1, mnc=0, rawConnectionType=NETWORK_TYPE_WIFI, deviceOS=Android, bundleId=com.nekki.shadowfight3, sessionId=2c31ff35-fe96-495c-962f-6bba74655601, externalFreeMemory=5527, pluginVersion=9.4.1, advertisingIdType=UUID, AdvIdOptOutReason=missingDependencies, jb=false, sdkVersion=9.4.1, deviceModel=SM-X115, gmtMinutesOffset=330}
06-20 00:10:55.434 31710 31809 D AdvertisingIdClient: AdvertisingIdClient already created.
06-20 00:10:55.434 31710 31809 D AdvertisingIdClient: AdvertisingIdClient is not bounded. Starting to bind it...
06-20 00:10:55.435 31710 32160 W GooglePlayServicesUtil: com.nekki.shadowfight3 requires Google Play services, but they are missing.
06-20 00:10:55.435 31710 31782 W GooglePlayServicesUtil: com.nekki.shadowfight3 requires Google Play services, but they are missing.
06-20 00:10:55.435 31710 31809 W GooglePlayServicesUtil: com.nekki.shadowfight3 requires Google Play services, but they are missing.
06-20 00:10:55.436 31710 31782 W GoogleApiManager: The service for com.google.android.gms.internal.appset.zzd is not available: ConnectionResult{statusCode=SERVICE_MISSING, resolution=null, message=null, clientMethodKey=null}
06-20 00:10:55.436 31710 31809 I AdvertisingIdClient: shouldSendLog -1
06-20 00:10:55.436 31710 31782 W GooglePlayServicesUtil: com.nekki.shadowfight3 requires Google Play services, but they are missing.
06-20 00:10:55.436 31710 31809 V LevelPlaySDK: INTERNAL: UIThread: false Activity: 227068546 n4 a - isInitialized=false
06-20 00:10:55.436 31710 31809 D AdvertisingIdClient: AdvertisingIdClient already created.
06-20 00:10:55.437 31710 31809 D AdvertisingIdClient: AdvertisingIdClient is not bounded. Starting to bind it...
06-20 00:10:55.437 31710 31809 W GooglePlayServicesUtil: com.nekki.shadowfight3 requires Google Play services, but they are missing.
06-20 00:10:55.437 31710 31782 W GoogleApiManager: The service for com.google.android.gms.common.internal.service.zau is not available: ConnectionResult{statusCode=SERVICE_MISSING, resolution=null, message=null, clientMethodKey=null}
06-20 00:10:55.438 31710 31809 I AdvertisingIdClient: shouldSendLog -1
06-20 00:10:55.437 31710 31710 I AdvertisingIdClient: getting error as 17: API: ClientTelemetry.API is not available on this device. Connection failed with: ConnectionResult{statusCode=SERVICE_MISSING, resolution=null, message=null, clientMethodKey=null}
06-20 00:10:55.439 31710 31809 V LevelPlaySDK: INTERNAL: UIThread: false Activity: 227068546 n4 a - isInitialized=false
06-20 00:10:55.439 31710 31782 W GooglePlayServicesUtil: com.nekki.shadowfight3 requires Google Play services, but they are missing.
06-20 00:10:55.439 31710 32160 D AudioPermissionProxy: AudioPermission: getStreamVolume called, allowing
06-20 00:10:55.440 31710 32160 D AudioPermissionProxy: AudioPermission: getStreamMaxVolume called, allowing
06-20 00:10:55.440 31710 31782 W GoogleApiManager: The service for com.google.android.gms.common.internal.service.zau is not available: ConnectionResult{statusCode=SERVICE_MISSING, resolution=null, message=null, clientMethodKey=null}
06-20 00:10:55.440 31710 31710 I AdvertisingIdClient: getting error as 17: API: ClientTelemetry.API is not available on this device. Connection failed with: ConnectionResult{statusCode=SERVICE_MISSING, resolution=null, message=null, clientMethodKey=null}
06-20 00:10:55.442 31710 32160 D AttributionSourceUtils: Fixed AttributionSource UID in method arguments
06-20 00:10:55.444 31710 31803 I Unity   : Frame:[726], Type:[ListChange], Body:[Add  - NEW_PLAYERS_IN_NEW_LOBBY], List:[0:]
06-20 00:10:55.444 31710 32160 D AttributionSourceUtils: Fixed AttributionSource UID in method arguments
06-20 00:10:55.444 31710 31803 I Unity   : Frame:[726], Type:[ListChange], Body:[Add  - SESSION_START_MUSIC_START], List:[1:NEW_PLAYERS_IN_NEW_LOBBY,]
06-20 00:10:55.446 31710 31803 I Unity   : Frame:[726], Type:[ListChange], Body:[Add  - SET_DOJO_1_1], List:[2:SESSION_START_MUSIC_START,NEW_PLAYERS_IN_NEW_LOBBY,]
06-20 00:10:55.448 31710 31803 I Unity   : Frame:[726], Type:[ListChange], Body:[Add  - LOST_FIGHTS_IN_A_ROW_COUNT_DAILY_RESET], List:[3:SESSION_START_MUSIC_START,NEW_PLAYERS_IN_NEW_LOBBY,SET_DOJO_1_1,]
06-20 00:10:55.449 31710 31803 I Unity   : Frame:[726], Type:[ListChange], Body:[Add  - TUTORIAL_SKIP], List:[4:SESSION_START_MUSIC_START,LOST_FIGHTS_IN_A_ROW_COUNT_DAILY_RESET,NEW_PLAYERS_IN_NEW_LOBBY,SET_DOJO_1_1,]
06-20 00:10:55.449 31710 32160 D AdvertisingIdClient: AdvertisingIdClient already created.
06-20 00:10:55.449 31710 32160 D AdvertisingIdClient: AdvertisingIdClient is not bounded. Starting to bind it...
06-20 00:10:55.449 31710 32160 W GooglePlayServicesUtil: com.nekki.shadowfight3 requires Google Play services, but they are missing.
06-20 00:10:55.451 31710 32160 I AdvertisingIdClient: shouldSendLog -1
06-20 00:10:55.451 31710 32159 V LevelPlaySDK: EVENT: UIThread: false Activity: 227068546 l3 b.run - {"eventId":14
06-20 00:10:55.451 31710 32159 V LevelPlaySDK: EVENT: "timestamp":1781894455448
06-20 00:10:55.451 31710 32159 V LevelPlaySDK: EVENT: "provider":"Mediation"
06-20 00:10:55.451 31710 32159 V LevelPlaySDK: EVENT: "ext1":"
06-20 00:10:55.451 31710 32159 V LevelPlaySDK: EVENT: cachedUserAgent=false"
06-20 00:10:55.451 31710 32159 V LevelPlaySDK: EVENT: "sessionDepth":1
06-20 00:10:55.451 31710 32159 V LevelPlaySDK: EVENT: "isMultipleAdUnits":1
06-20 00:10:55.451 31710 32159 V LevelPlaySDK: EVENT: "euid":"f08d4dc6-16ab-4128-82a9-0941395f6fa2"
06-20 00:10:55.451 31710 32159 V LevelPlaySDK: EVENT: "esat":1
06-20 00:10:55.451 31710 32159 V LevelPlaySDK: EVENT: "eventSessionId":"2c31ff35-fe96-495c-962f-6bba74655601"
06-20 00:10:55.451 31710 32159 V LevelPlaySDK: EVENT: "essn":1
06-20 00:10:55.451 31710 32159 V LevelPlaySDK: EVENT: "connectionType":"wifi"
06-20 00:10:55.451 31710 32159 V LevelPlaySDK: EVENT: "rawConnectionType":"NETWORK_TYPE_WIFI"
06-20 00:10:55.451 31710 32159 V LevelPlaySDK: EVENT: "firstSessionTimestamp":1781894455398}}
06-20 00:10:55.451 31710 32160 V LevelPlaySDK: INTERNAL: UIThread: false Activity: 227068546 n4 a - isInitialized=false
06-20 00:10:55.451 31710 31782 W GooglePlayServicesUtil: com.nekki.shadowfight3 requires Google Play services, but they are missing.
06-20 00:10:55.451 31710 32160 I LevelPlaySDK: INTERNAL: using custom identifier
06-20 00:10:55.451 31710 32160 I LevelPlaySDK: API: LevelPlay getSdkVersion
06-20 00:10:55.451 31710 31803 I Unity   : Frame:[726], Type:[ThrowEvent], Body:[Event: Type: PlayerDataReceived | Data: 
06-20 00:10:55.451 31710 31803 I Unity   :  HasTrigger: True QueueCount: 5 - ], List:[5:SESSION_START_MUSIC_START,LOST_FIGHTS_IN_A_ROW_COUNT_DAILY_RESET,TUTORIAL_SKIP,NEW_PLAYERS_IN_NEW_LOBBY,SET_DOJO_1_1,]
06-20 00:10:55.452 31710 31782 W GoogleApiManager: The service for com.google.android.gms.common.internal.service.zau is not available: ConnectionResult{statusCode=SERVICE_MISSING, resolution=null, message=null, clientMethodKey=null}
06-20 00:10:55.453 31710 31710 I AdvertisingIdClient: getting error as 17: API: ClientTelemetry.API is not available on this device. Connection failed with: ConnectionResult{statusCode=SERVICE_MISSING, resolution=null, message=null, clientMethodKey=null}
06-20 00:10:55.453 31710 31803 I Unity   : Frame:[726], Type:[ListChange], Body:[Remove  - SESSION_START_MUSIC_START], List:[5:SESSION_START_MUSIC_START,LOST_FIGHTS_IN_A_ROW_COUNT_DAILY_RESET,TUTORIAL_SKIP,NEW_PLAYERS_IN_NEW_LOBBY,SET_DOJO_1_1,]
06-20 00:10:55.453 31710 31803 I Unity   : Frame:[726], Type:[RunAction], Body:[SESSION_START_MUSIC_START - PlayMusic], List:[4:LOST_FIGHTS_IN_A_ROW_COUNT_DAILY_RESET,TUTORIAL_SKIP,NEW_PLAYERS_IN_NEW_LOBBY,SET_DOJO_1_1,]
06-20 00:10:55.454 31710 31803 I Unity   : Frame:[726], Type:[CloseAction], Body:[SESSION_START_MUSIC_START - PlayMusic], List:[4:LOST_FIGHTS_IN_A_ROW_COUNT_DAILY_RESET,TUTORIAL_SKIP,NEW_PLAYERS_IN_NEW_LOBBY,SET_DOJO_1_1,]
06-20 00:10:55.454 31710 31803 I Unity   : Frame:[726], Type:[ListChange], Body:[Remove  - LOST_FIGHTS_IN_A_ROW_COUNT_DAILY_RESET], List:[4:LOST_FIGHTS_IN_A_ROW_COUNT_DAILY_RESET,TUTORIAL_SKIP,NEW_PLAYERS_IN_NEW_LOBBY,SET_DOJO_1_1,]
06-20 00:10:55.454 31710 31803 I Unity   : Frame:[726], Type:[RunAction], Body:[LOST_FIGHTS_IN_A_ROW_COUNT_DAILY_RESET - SetUserVariable], List:[3:TUTORIAL_SKIP,NEW_PLAYERS_IN_NEW_LOBBY,SET_DOJO_1_1,]
06-20 00:10:55.455 31710 31803 I Unity   : Frame:[726], Type:[CloseAction], Body:[LOST_FIGHTS_IN_A_ROW_COUNT_DAILY_RESET - SetUserVariable], List:[3:TUTORIAL_SKIP,NEW_PLAYERS_IN_NEW_LOBBY,SET_DOJO_1_1,]
06-20 00:10:55.455 31710 31803 I Unity   : Frame:[726], Type:[RunAction], Body:[LOST_FIGHTS_IN_A_ROW_COUNT_DAILY_RESET - RemoveUserVariable], List:[3:TUTORIAL_SKIP,NEW_PLAYERS_IN_NEW_LOBBY,SET_DOJO_1_1,]
06-20 00:10:55.455 31710 31803 I Unity   : Frame:[726], Type:[CloseAction], Body:[LOST_FIGHTS_IN_A_ROW_COUNT_DAILY_RESET - RemoveUserVariable], List:[3:TUTORIAL_SKIP,NEW_PLAYERS_IN_NEW_LOBBY,SET_DOJO_1_1,]
06-20 00:10:55.455 31710 31803 I Unity   : Frame:[726], Type:[RunAction], Body:[LOST_FIGHTS_IN_A_ROW_COUNT_DAILY_RESET - RemoveUserVariable], List:[3:TUTORIAL_SKIP,NEW_PLAYERS_IN_NEW_LOBBY,SET_DOJO_1_1,]
06-20 00:10:55.455 31710 31803 I Unity   : Frame:[726], Type:[CloseAction], Body:[LOST_FIGHTS_IN_A_ROW_COUNT_DAILY_RESET - RemoveUserVariable], List:[3:TUTORIAL_SKIP,NEW_PLAYERS_IN_NEW_LOBBY,SET_DOJO_1_1,]
06-20 00:10:55.455 31710 31803 I Unity   : Frame:[726], Type:[RunAction], Body:[LOST_FIGHTS_IN_A_ROW_COUNT_DAILY_RESET - RemoveUserVariable], List:[3:TUTORIAL_SKIP,NEW_PLAYERS_IN_NEW_LOBBY,SET_DOJO_1_1,]
06-20 00:10:55.455 31710 31803 I Unity   : Frame:[726], Type:[CloseAction], Body:[LOST_FIGHTS_IN_A_ROW_COUNT_DAILY_RESET - RemoveUserVariable], List:[3:TUTORIAL_SKIP,NEW_PLAYERS_IN_NEW_LOBBY,SET_DOJO_1_1,]
06-20 00:10:55.456 31710 31803 I Unity   : Frame:[726], Type:[RunAction], Body:[LOST_FIGHTS_IN_A_ROW_COUNT_DAILY_RESET - RemoveUserVariable], List:[3:TUTORIAL_SKIP,NEW_PLAYERS_IN_NEW_LOBBY,SET_DOJO_1_1,]
06-20 00:10:55.456 31710 31803 I Unity   : Frame:[726], Type:[CloseAction], Body:[LOST_FIGHTS_IN_A_ROW_COUNT_DAILY_RESET - RemoveUserVariable], List:[3:TUTORIAL_SKIP,NEW_PLAYERS_IN_NEW_LOBBY,SET_DOJO_1_1,]
06-20 00:10:55.456 31710 31803 I Unity   : Frame:[726], Type:[RunAction], Body:[LOST_FIGHTS_IN_A_ROW_COUNT_DAILY_RESET - RemoveUserVariable], List:[3:TUTORIAL_SKIP,NEW_PLAYERS_IN_NEW_LOBBY,SET_DOJO_1_1,]
06-20 00:10:55.456 31710 31803 I Unity   : Frame:[726], Type:[CloseAction], Body:[LOST_FIGHTS_IN_A_ROW_COUNT_DAILY_RESET - RemoveUserVariable], List:[3:TUTORIAL_SKIP,NEW_PLAYERS_IN_NEW_LOBBY,SET_DOJO_1_1,]
06-20 00:10:55.456 31710 31803 I Unity   : Frame:[726], Type:[RunAction], Body:[LOST_FIGHTS_IN_A_ROW_COUNT_DAILY_RESET - RemoveUserVariable], List:[3:TUTORIAL_SKIP,NEW_PLAYERS_IN_NEW_LOBBY,SET_DOJO_1_1,]
06-20 00:10:55.456 31710 31803 I Unity   : Frame:[726], Type:[CloseAction], Body:[LOST_FIGHTS_IN_A_ROW_COUNT_DAILY_RESET - RemoveUserVariable], List:[3:TUTORIAL_SKIP,NEW_PLAYERS_IN_NEW_LOBBY,SET_DOJO_1_1,]
06-20 00:10:55.456 31710 31803 I Unity   : Frame:[726], Type:[RunAction], Body:[LOST_FIGHTS_IN_A_ROW_COUNT_DAILY_RESET - RemoveUserVariable], List:[3:TUTORIAL_SKIP,NEW_PLAYERS_IN_NEW_LOBBY,SET_DOJO_1_1,]
06-20 00:10:55.456 31710 32160 I LevelPlaySDK: API: LevelPlay getSdkVersion
06-20 00:10:55.458 31710 31803 I Unity   : Frame:[726], Type:[CloseAction], Body:[LOST_FIGHTS_IN_A_ROW_COUNT_DAILY_RESET - RemoveUserVariable], List:[3:TUTORIAL_SKIP,NEW_PLAYERS_IN_NEW_LOBBY,SET_DOJO_1_1,]
06-20 00:10:55.458 31710 31809 D AdvertisingIdClient: AdvertisingIdClient already created.
06-20 00:10:55.458 31710 31809 D AdvertisingIdClient: AdvertisingIdClient is not bounded. Starting to bind it...
06-20 00:10:55.458 31710 32160 W GooglePlayServicesUtil: com.nekki.shadowfight3 requires Google Play services, but they are missing.
06-20 00:10:55.458 31710 31809 W GooglePlayServicesUtil: com.nekki.shadowfight3 requires Google Play services, but they are missing.
06-20 00:10:55.458 31710 31782 W GooglePlayServicesUtil: com.nekki.shadowfight3 requires Google Play services, but they are missing.
06-20 00:10:55.460 31710 32159 V LevelPlaySDK: EVENT: UIThread: false Activity: 227068546 l3 b.run - {"eventId":65
06-20 00:10:55.460 31710 32159 V LevelPlaySDK: EVENT: "timestamp":1781894455451
06-20 00:10:55.460 31710 32159 V LevelPlaySDK: EVENT: "provider":"Mediation"
06-20 00:10:55.460 31710 32159 V LevelPlaySDK: EVENT: "euid":"37b044df-f403-496e-ab76-0bbf481fc05b"
06-20 00:10:55.460 31710 32159 V LevelPlaySDK: EVENT: "esat":1
06-20 00:10:55.460 31710 32159 V LevelPlaySDK: EVENT: "eventSessionId":"2c31ff35-fe96-495c-962f-6bba74655601"
06-20 00:10:55.460 31710 32159 V LevelPlaySDK: EVENT: "essn":1
06-20 00:10:55.460 31710 32159 V LevelPlaySDK: EVENT: "connectionType":"wifi"
06-20 00:10:55.460 31710 32159 V LevelPlaySDK: EVENT: "rawConnectionType":"NETWORK_TYPE_WIFI"
06-20 00:10:55.460 31710 32159 V LevelPlaySDK: EVENT: "firstSessionTimestamp":1781894455398}}
06-20 00:10:55.460 31710 31782 W GoogleApiManager: The service for com.google.android.gms.internal.appset.zzd is not available: ConnectionResult{statusCode=SERVICE_MISSING, resolution=null, message=null, clientMethodKey=null}
06-20 00:10:55.460 31710 31809 I AdvertisingIdClient: shouldSendLog -1
06-20 00:10:55.460 31710 31803 I Unity   : Frame:[726], Type:[RunAction], Body:[LOST_FIGHTS_IN_A_ROW_COUNT_DAILY_RESET - RemoveUserVariable], List:[3:TUTORIAL_SKIP,NEW_PLAYERS_IN_NEW_LOBBY,SET_DOJO_1_1,]
06-20 00:10:55.460 31710 31803 I Unity   : Frame:[726], Type:[CloseAction], Body:[LOST_FIGHTS_IN_A_ROW_COUNT_DAILY_RESET - RemoveUserVariable], List:[3:TUTORIAL_SKIP,NEW_PLAYERS_IN_NEW_LOBBY,SET_DOJO_1_1,]
06-20 00:10:55.460 31710 31809 V LevelPlaySDK: INTERNAL: UIThread: false Activity: 227068546 n4 a - isInitialized=false
06-20 00:10:55.461 31710 31803 I Unity   : Frame:[726], Type:[RunAction], Body:[LOST_FIGHTS_IN_A_ROW_COUNT_DAILY_RESET - RemoveUserVariable], List:[3:TUTORIAL_SKIP,NEW_PLAYERS_IN_NEW_LOBBY,SET_DOJO_1_1,]
06-20 00:10:55.461 31710 31809 D AdvertisingIdClient: AdvertisingIdClient already created.
06-20 00:10:55.461 31710 31809 D AdvertisingIdClient: AdvertisingIdClient is not bounded. Starting to bind it...
06-20 00:10:55.461 31710 31803 I Unity   : Frame:[726], Type:[CloseAction], Body:[LOST_FIGHTS_IN_A_ROW_COUNT_DAILY_RESET - RemoveUserVariable], List:[3:TUTORIAL_SKIP,NEW_PLAYERS_IN_NEW_LOBBY,SET_DOJO_1_1,]
06-20 00:10:55.461 31710 31809 W GooglePlayServicesUtil: com.nekki.shadowfight3 requires Google Play services, but they are missing.
06-20 00:10:55.461 31710 31803 I Unity   : Frame:[726], Type:[RunAction], Body:[LOST_FIGHTS_IN_A_ROW_COUNT_DAILY_RESET - RemoveUserVariable], List:[3:TUTORIAL_SKIP,NEW_PLAYERS_IN_NEW_LOBBY,SET_DOJO_1_1,]
06-20 00:10:55.461 31710 31782 W GooglePlayServicesUtil: com.nekki.shadowfight3 requires Google Play services, but they are missing.
06-20 00:10:55.461 31710 31803 I Unity   : Frame:[726], Type:[CloseAction], Body:[LOST_FIGHTS_IN_A_ROW_COUNT_DAILY_RESET - RemoveUserVariable], List:[3:TUTORIAL_SKIP,NEW_PLAYERS_IN_NEW_LOBBY,SET_DOJO_1_1,]
06-20 00:10:55.461 31710 31803 I Unity   : Frame:[726], Type:[RunAction], Body:[LOST_FIGHTS_IN_A_ROW_COUNT_DAILY_RESET - RemoveUserVariable], List:[3:TUTORIAL_SKIP,NEW_PLAYERS_IN_NEW_LOBBY,SET_DOJO_1_1,]
06-20 00:10:55.461 31710 31803 I Unity   : Frame:[726], Type:[CloseAction], Body:[LOST_FIGHTS_IN_A_ROW_COUNT_DAILY_RESET - RemoveUserVariable], List:[3:TUTORIAL_SKIP,NEW_PLAYERS_IN_NEW_LOBBY,SET_DOJO_1_1,]
06-20 00:10:55.462 31710 31803 I Unity   : Frame:[726], Type:[RunAction], Body:[LOST_FIGHTS_IN_A_ROW_COUNT_DAILY_RESET - RemoveUserVariable], List:[3:TUTORIAL_SKIP,NEW_PLAYERS_IN_NEW_LOBBY,SET_DOJO_1_1,]
06-20 00:10:55.462 31710 31803 I Unity   : Frame:[726], Type:[CloseAction], Body:[LOST_FIGHTS_IN_A_ROW_COUNT_DAILY_RESET - RemoveUserVariable], List:[3:TUTORIAL_SKIP,NEW_PLAYERS_IN_NEW_LOBBY,SET_DOJO_1_1,]
06-20 00:10:55.462 31710 31803 I Unity   : Frame:[726], Type:[RunAction], Body:[LOST_FIGHTS_IN_A_ROW_COUNT_DAILY_RESET - RemoveUserVariable], List:[3:TUTORIAL_SKIP,NEW_PLAYERS_IN_NEW_LOBBY,SET_DOJO_1_1,]
06-20 00:10:55.462 31710 31803 I Unity   : Frame:[726], Type:[CloseAction], Body:[LOST_FIGHTS_IN_A_ROW_COUNT_DAILY_RESET - RemoveUserVariable], List:[3:TUTORIAL_SKIP,NEW_PLAYERS_IN_NEW_LOBBY,SET_DOJO_1_1,]
06-20 00:10:55.462 31710 31803 I Unity   : Frame:[726], Type:[RunAction], Body:[LOST_FIGHTS_IN_A_ROW_COUNT_DAILY_RESET - RemoveUserVariable], List:[3:TUTORIAL_SKIP,NEW_PLAYERS_IN_NEW_LOBBY,SET_DOJO_1_1,]
06-20 00:10:55.462 31710 31782 W GoogleApiManager: The service for com.google.android.gms.common.internal.service.zau is not available: ConnectionResult{statusCode=SERVICE_MISSING, resolution=null, message=null, clientMethodKey=null}
06-20 00:10:55.462 31710 31803 I Unity   : Frame:[726], Type:[CloseAction], Body:[LOST_FIGHTS_IN_A_ROW_COUNT_DAILY_RESET - RemoveUserVariable], List:[3:TUTORIAL_SKIP,NEW_PLAYERS_IN_NEW_LOBBY,SET_DOJO_1_1,]
06-20 00:10:55.463 31710 31803 I Unity   : Frame:[726], Type:[RunAction], Body:[LOST_FIGHTS_IN_A_ROW_COUNT_DAILY_RESET - RemoveUserVariable], List:[3:TUTORIAL_SKIP,NEW_PLAYERS_IN_NEW_LOBBY,SET_DOJO_1_1,]
06-20 00:10:55.463 31710 31803 I Unity   : Frame:[726], Type:[CloseAction], Body:[LOST_FIGHTS_IN_A_ROW_COUNT_DAILY_RESET - RemoveUserVariable], List:[3:TUTORIAL_SKIP,NEW_PLAYERS_IN_NEW_LOBBY,SET_DOJO_1_1,]
06-20 00:10:55.463 31710 31803 I Unity   : Frame:[726], Type:[RunAction], Body:[LOST_FIGHTS_IN_A_ROW_COUNT_DAILY_RESET - RemoveUserVariable], List:[3:TUTORIAL_SKIP,NEW_PLAYERS_IN_NEW_LOBBY,SET_DOJO_1_1,]
06-20 00:10:55.463 31710 31803 I Unity   : Frame:[726], Type:[CloseAction], Body:[LOST_FIGHTS_IN_A_ROW_COUNT_DAILY_RESET - RemoveUserVariable], List:[3:TUTORIAL_SKIP,NEW_PLAYERS_IN_NEW_LOBBY,SET_DOJO_1_1,]
06-20 00:10:55.463 31710 31803 I Unity   : Frame:[726], Type:[RunAction], Body:[LOST_FIGHTS_IN_A_ROW_COUNT_DAILY_RESET - RemoveUserVariable], List:[3:TUTORIAL_SKIP,NEW_PLAYERS_IN_NEW_LOBBY,SET_DOJO_1_1,]
06-20 00:10:55.463 31710 31803 I Unity   : Frame:[726], Type:[CloseAction], Body:[LOST_FIGHTS_IN_A_ROW_COUNT_DAILY_RESET - RemoveUserVariable], List:[3:TUTORIAL_SKIP,NEW_PLAYERS_IN_NEW_LOBBY,SET_DOJO_1_1,]
06-20 00:10:55.463 31710 31710 I AdvertisingIdClient: getting error as 17: API: ClientTelemetry.API is not available on this device. Connection failed with: ConnectionResult{statusCode=SERVICE_MISSING, resolution=null, message=null, clientMethodKey=null}
06-20 00:10:55.463 31710 31803 I Unity   : Frame:[726], Type:[RunAction], Body:[LOST_FIGHTS_IN_A_ROW_COUNT_DAILY_RESET - RemoveUserVariable], List:[3:TUTORIAL_SKIP,NEW_PLAYERS_IN_NEW_LOBBY,SET_DOJO_1_1,]
06-20 00:10:55.464 31710 31803 I Unity   : Frame:[726], Type:[CloseAction], Body:[LOST_FIGHTS_IN_A_ROW_COUNT_DAILY_RESET - RemoveUserVariable], List:[3:TUTORIAL_SKIP,NEW_PLAYERS_IN_NEW_LOBBY,SET_DOJO_1_1,]
06-20 00:10:55.464 31710 31803 I Unity   : Frame:[726], Type:[RunAction], Body:[LOST_FIGHTS_IN_A_ROW_COUNT_DAILY_RESET - RemoveUserVariable], List:[3:TUTORIAL_SKIP,NEW_PLAYERS_IN_NEW_LOBBY,SET_DOJO_1_1,]
06-20 00:10:55.464 31710 31809 I AdvertisingIdClient: shouldSendLog -1
06-20 00:10:55.464 31710 31803 I Unity   : Frame:[726], Type:[CloseAction], Body:[LOST_FIGHTS_IN_A_ROW_COUNT_DAILY_RESET - RemoveUserVariable], List:[3:TUTORIAL_SKIP,NEW_PLAYERS_IN_NEW_LOBBY,SET_DOJO_1_1,]
06-20 00:10:55.464 31710 31803 I Unity   : Frame:[726], Type:[RunAction], Body:[LOST_FIGHTS_IN_A_ROW_COUNT_DAILY_RESET - RemoveUserVariable], List:[3:TUTORIAL_SKIP,NEW_PLAYERS_IN_NEW_LOBBY,SET_DOJO_1_1,]
06-20 00:10:55.464 31710 31803 I Unity   : Frame:[726], Type:[CloseAction], Body:[LOST_FIGHTS_IN_A_ROW_COUNT_DAILY_RESET - RemoveUserVariable], List:[3:TUTORIAL_SKIP,NEW_PLAYERS_IN_NEW_LOBBY,SET_DOJO_1_1,]
06-20 00:10:55.464 31710 31803 I Unity   : Frame:[726], Type:[RunAction], Body:[LOST_FIGHTS_IN_A_ROW_COUNT_DAILY_RESET - RemoveUserVariable], List:[3:TUTORIAL_SKIP,NEW_PLAYERS_IN_NEW_LOBBY,SET_DOJO_1_1,]
06-20 00:10:55.464 31710 31782 W GooglePlayServicesUtil: com.nekki.shadowfight3 requires Google Play services, but they are missing.
06-20 00:10:55.464 31710 31803 I Unity   : Frame:[726], Type:[CloseAction], Body:[LOST_FIGHTS_IN_A_ROW_COUNT_DAILY_RESET - RemoveUserVariable], List:[3:TUTORIAL_SKIP,NEW_PLAYERS_IN_NEW_LOBBY,SET_DOJO_1_1,]
06-20 00:10:55.465 31710 31809 V LevelPlaySDK: INTERNAL: UIThread: false Activity: 227068546 n4 a - isInitialized=false
06-20 00:10:55.465 31710 31803 I Unity   : Frame:[726], Type:[RunAction], Body:[LOST_FIGHTS_IN_A_ROW_COUNT_DAILY_RESET - RemoveUserVariable], List:[3:TUTORIAL_SKIP,NEW_PLAYERS_IN_NEW_LOBBY,SET_DOJO_1_1,]
06-20 00:10:55.465 31710 31803 I Unity   : Frame:[726], Type:[CloseAction], Body:[LOST_FIGHTS_IN_A_ROW_COUNT_DAILY_RESET - RemoveUserVariable], List:[3:TUTORIAL_SKIP,NEW_PLAYERS_IN_NEW_LOBBY,SET_DOJO_1_1,]
06-20 00:10:55.465 31710 31803 I Unity   : Frame:[726], Type:[RunAction], Body:[LOST_FIGHTS_IN_A_ROW_COUNT_DAILY_RESET - RemoveUserVariable], List:[3:TUTORIAL_SKIP,NEW_PLAYERS_IN_NEW_LOBBY,SET_DOJO_1_1,]
06-20 00:10:55.465 31710 31803 I Unity   : Frame:[726], Type:[CloseAction], Body:[LOST_FIGHTS_IN_A_ROW_COUNT_DAILY_RESET - RemoveUserVariable], List:[3:TUTORIAL_SKIP,NEW_PLAYERS_IN_NEW_LOBBY,SET_DOJO_1_1,]
06-20 00:10:55.465 31710 31803 I Unity   : Frame:[726], Type:[RunAction], Body:[LOST_FIGHTS_IN_A_ROW_COUNT_DAILY_RESET - RemoveUserVariable], List:[3:TUTORIAL_SKIP,NEW_PLAYERS_IN_NEW_LOBBY,SET_DOJO_1_1,]
06-20 00:10:55.465 31710 31803 I Unity   : Frame:[726], Type:[CloseAction], Body:[LOST_FIGHTS_IN_A_ROW_COUNT_DAILY_RESET - RemoveUserVariable], List:[3:TUTORIAL_SKIP,NEW_PLAYERS_IN_NEW_LOBBY,SET_DOJO_1_1,]
06-20 00:10:55.465 31710 31803 I Unity   : Frame:[726], Type:[RunAction], Body:[LOST_FIGHTS_IN_A_ROW_COUNT_DAILY_RESET - RemoveUserVariable], List:[3:TUTORIAL_SKIP,NEW_PLAYERS_IN_NEW_LOBBY,SET_DOJO_1_1,]
06-20 00:10:55.465 31710 31782 W GoogleApiManager: The service for com.google.android.gms.common.internal.service.zau is not available: ConnectionResult{statusCode=SERVICE_MISSING, resolution=null, message=null, clientMethodKey=null}
06-20 00:10:55.465 31710 31803 I Unity   : Frame:[726], Type:[CloseAction], Body:[LOST_FIGHTS_IN_A_ROW_COUNT_DAILY_RESET - RemoveUserVariable], List:[3:TUTORIAL_SKIP,NEW_PLAYERS_IN_NEW_LOBBY,SET_DOJO_1_1,]
06-20 00:10:55.466 31710 31803 I Unity   : Frame:[726], Type:[RunAction], Body:[LOST_FIGHTS_IN_A_ROW_COUNT_DAILY_RESET - RemoveUserVariable], List:[3:TUTORIAL_SKIP,NEW_PLAYERS_IN_NEW_LOBBY,SET_DOJO_1_1,]
06-20 00:10:55.466 31710 31710 I AdvertisingIdClient: getting error as 17: API: ClientTelemetry.API is not available on this device. Connection failed with: ConnectionResult{statusCode=SERVICE_MISSING, resolution=null, message=null, clientMethodKey=null}
06-20 00:10:55.466 31710 31803 I Unity   : Frame:[726], Type:[CloseAction], Body:[LOST_FIGHTS_IN_A_ROW_COUNT_DAILY_RESET - RemoveUserVariable], List:[3:TUTORIAL_SKIP,NEW_PLAYERS_IN_NEW_LOBBY,SET_DOJO_1_1,]
06-20 00:10:55.466 31710 31803 I Unity   : Frame:[726], Type:[RunAction], Body:[LOST_FIGHTS_IN_A_ROW_COUNT_DAILY_RESET - RemoveUserVariable], List:[3:TUTORIAL_SKIP,NEW_PLAYERS_IN_NEW_LOBBY,SET_DOJO_1_1,]
06-20 00:10:55.467 31710 31803 I Unity   : Frame:[726], Type:[CloseAction], Body:[LOST_FIGHTS_IN_A_ROW_COUNT_DAILY_RESET - RemoveUserVariable], List:[3:TUTORIAL_SKIP,NEW_PLAYERS_IN_NEW_LOBBY,SET_DOJO_1_1,]
06-20 00:10:55.467 31710 32160 D AudioPermissionProxy: AudioPermission: getStreamVolume called, allowing
06-20 00:10:55.468 31710 31803 I Unity   : Frame:[726], Type:[RunAction], Body:[LOST_FIGHTS_IN_A_ROW_COUNT_DAILY_RESET - RemoveUserVariable], List:[3:TUTORIAL_SKIP,NEW_PLAYERS_IN_NEW_LOBBY,SET_DOJO_1_1,]
06-20 00:10:55.468 31710 31803 I Unity   : Frame:[726], Type:[CloseAction], Body:[LOST_FIGHTS_IN_A_ROW_COUNT_DAILY_RESET - RemoveUserVariable], List:[3:TUTORIAL_SKIP,NEW_PLAYERS_IN_NEW_LOBBY,SET_DOJO_1_1,]
06-20 00:10:55.468 31710 32160 D AudioPermissionProxy: AudioPermission: getStreamMaxVolume called, allowing
06-20 00:10:55.468 31710 31803 I Unity   : Frame:[726], Type:[ListChange], Body:[Remove  - TUTORIAL_SKIP], List:[3:TUTORIAL_SKIP,NEW_PLAYERS_IN_NEW_LOBBY,SET_DOJO_1_1,]
06-20 00:10:55.468 31710 31803 I Unity   : Frame:[726], Type:[RunAction], Body:[TUTORIAL_SKIP - GoToModule], List:[2:NEW_PLAYERS_IN_NEW_LOBBY,SET_DOJO_1_1,]
06-20 00:10:55.471 31710 32157 D TransactionThrottler: Reset transaction throttler
06-20 00:10:55.471 31710 32157 D TransactionThrottler: Reset transaction throttler
06-20 00:10:55.474 31710 31719 E LoadedApk: performReceive() called targeting raw IIntentReceiver for Intent { act=android.net.conn.CONNECTIVITY_CHANGE flg=0x4200010 xflg=0x4 (has extras) }
06-20 00:10:55.487 31710 32157 I IronSource AdQuality: AdQualitySDK: Your ISAdQuality SDK user ID is: b41c60b5-954d-458a-8160-5ed2695ec8da
06-20 00:10:55.496 31710 32174 D AudioPermissionProxy: AudioPermission: getStreamVolume called, allowing
06-20 00:10:55.497 31710 32174 D AudioPermissionProxy: AudioPermission: getStreamMaxVolume called, allowing
06-20 00:10:55.499 31710 32157 D TransactionThrottler: Reset transaction throttler
06-20 00:10:55.500 31710 32157 D TransactionThrottler: Reset transaction throttler
06-20 00:10:55.501 31710 31719 E LoadedApk: performReceive() called targeting raw IIntentReceiver for Intent { act=android.intent.action.BATTERY_CHANGED flg=0x60000010 (has extras) }
06-20 00:10:55.504 31710 31803 I Unity   : Frame:[726], Type:[ThrowEvent], Body:[Event: Type: PreSceneChange | Data: [key:ModuleFrom, value:None] [key:TabFrom, value:] [key:ModuleTo, value:CharacterCreator] [key:TabTo, value:] 
06-20 00:10:55.504 31710 31803 I Unity   :  HasTrigger: False QueueCount: 2 - ], List:[2:NEW_PLAYERS_IN_NEW_LOBBY,SET_DOJO_1_1,]
06-20 00:10:55.505 31710 31803 I Unity   : Frame:[726], Type:[ListChange], Body:[Add  - SESSION_CHECK_PENDING_QUICK_ACTIONS], List:[2:NEW_PLAYERS_IN_NEW_LOBBY,SET_DOJO_1_1,]
06-20 00:10:55.505 31710 31803 I Unity   : Frame:[726], Type:[ListChange], Body:[Add  - SESSION_CHECK_RICH_NOTIFICATION_TRANSITION], List:[3:SESSION_CHECK_PENDING_QUICK_ACTIONS,SET_DOJO_1_1,NEW_PLAYERS_IN_NEW_LOBBY,]
06-20 00:10:55.505 31710 31803 I Unity   : Frame:[726], Type:[ListChange], Body:[Add  - SESSION_START_SPHINX], List:[4:SESSION_CHECK_PENDING_QUICK_ACTIONS,SESSION_CHECK_RICH_NOTIFICATION_TRANSITION,SET_DOJO_1_1,NEW_PLAYERS_IN_NEW_LOBBY,]
06-20 00:10:55.508 31710 31803 I Unity   : Frame:[726], Type:[ThrowEvent], Body:[Event: Type: SessionStart | Data: 
06-20 00:10:55.508 31710 31803 I Unity   :  HasTrigger: True QueueCount: 5 - ], List:[5:SESSION_START_SPHINX,SESSION_CHECK_PENDING_QUICK_ACTIONS,SESSION_CHECK_RICH_NOTIFICATION_TRANSITION,SET_DOJO_1_1,NEW_PLAYERS_IN_NEW_LOBBY,]
06-20 00:10:55.511 31710 31710 E IronSource AdQuality: RemoteConfig: Error getting config from server: -1
06-20 00:10:55.512 31710 31803 I Unity   : Module opened: [CharacterCreatorIntentModule]|[Time:15.25223; MonoHeapSize:232.9766; MonoUsedSize:129.3594; TempAllocator:4; TotalAllocatedMemory:178.9766; TotalReservedMemory:249.9844; TotalUnusedReservedMemory:71.00774; usedHeapSize:178.9766;]
06-20 00:10:55.513 31710 31803 I Unity   : Unloading unused triggers. Splits unloaded - 0 ],  left - 
06-20 00:10:55.513 31710 31803 I Unity   : 0 ]
06-20 00:10:55.548 31710 32160 V LevelPlaySDK: INTERNAL: UIThread: false Activity: 227068546 n4 a - isInitialized=false
06-20 00:10:55.548 31710 31803 I Unity   : [BOGDEHCNHOF]; Logs folder: [/storage/emulated/0/Android/data/top.niunaijun.blackbox/files/blackbox/storage/emulated/0/Android/data/com.nekki.shadowfight3/files/gamedata/Logs]; Available drive space: 5527MB; Limit space: 50MB
06-20 00:10:55.548 31710 32160 E LevelPlaySDK: INTERNAL: e7 a - exception while sending request Failed to connect to i-sdk.mediation.unity3d.com/0.0.0.0:443
06-20 00:10:55.548 31710 32160 W LevelPlaySDK: INTERNAL: Qe a - HTTP init request failed: Exception - Failed to connect to i-sdk.mediation.unity3d.com/0.0.0.0:443
06-20 00:10:55.548 31710 32160 V LevelPlaySDK: INTERNAL: UIThread: false Activity: 227068546 Null or invalid response. Trying to get cached response
06-20 00:10:55.549 31710 32160 I LevelPlaySDK: API: Mediation availability false reason: SdkError(errorCode=2070, errorMessage=Exception - Failed to connect to i-sdk.mediation.unity3d.com/0.0.0.0:443)
06-20 00:10:55.555 31710 31710 I LevelPlaySDK: CALLBACK: tb a - LevelPlayInitListener.LevelPlayInitError() error: SdkError(errorCode=2070, errorMessage=Exception - Failed to connect to i-sdk.mediation.unity3d.com/0.0.0.0:443)
06-20 00:10:55.556 31710 32159 V LevelPlaySDK: EVENT: UIThread: false Activity: 227068546 l3 b.run - {"eventId":515
06-20 00:10:55.556 31710 32159 V LevelPlaySDK: EVENT: "timestamp":1781894455553
06-20 00:10:55.556 31710 32159 V LevelPlaySDK: EVENT: "provider":"Mediation"
06-20 00:10:55.556 31710 32159 V LevelPlaySDK: EVENT: "errorCode":2070
06-20 00:10:55.556 31710 32159 V LevelPlaySDK: EVENT: "reason":"Exception - Failed to connect to i-sdk.mediation.unity3d.com\/0.0.0.0:443"
06-20 00:10:55.556 31710 32159 V LevelPlaySDK: EVENT: "isMultipleAdUnits":1
06-20 00:10:55.556 31710 32159 V LevelPlaySDK: EVENT: "duration":158
06-20 00:10:55.556 31710 32159 V LevelPlaySDK: EVENT: "euid":"d2634983-48e0-4910-8ebd-1c6811dfc81c"
06-20 00:10:55.556 31710 32159 V LevelPlaySDK: EVENT: "esat":1
06-20 00:10:55.556 31710 32159 V LevelPlaySDK: EVENT: "eventSessionId":"2c31ff35-fe96-495c-962f-6bba74655601"
06-20 00:10:55.556 31710 32159 V LevelPlaySDK: EVENT: "essn":1
06-20 00:10:55.556 31710 32159 V LevelPlaySDK: EVENT: "connectionType":"wifi"
06-20 00:10:55.556 31710 32159 V LevelPlaySDK: EVENT: "rawConnectionType":"NETWORK_TYPE_WIFI"
06-20 00:10:55.556 31710 32159 V LevelPlaySDK: EVENT: "firstSessionTimestamp":1781894455398}}
06-20 00:10:55.575 31710 31803 I Unity   : [EmulatorDetector] isEmulator: false
06-20 00:10:55.575 31710 31803 I Unity   : Initialization completed
06-20 00:10:55.578 31710 31803 W Unity   : Client time was used instead of server time.
06-20 00:10:55.578 31710 31803 I Unity   : C#: Handle Connect Success
06-20 00:10:55.578 31710 32185 D AudioPermissionProxy: AudioPermission: getStreamVolume called, allowing
06-20 00:10:55.581 31710 32185 D AudioPermissionProxy: AudioPermission: getStreamMaxVolume called, allowing
06-20 00:10:55.591 31710 32185 D AudioPermissionProxy: AudioPermission: getStreamVolume called, allowing
06-20 00:10:55.593 31710 32185 D AudioPermissionProxy: AudioPermission: getStreamMaxVolume called, allowing
06-20 00:10:55.646 31710 31803 I Unity   : Clearing cache. Entries: 32
06-20 00:10:55.674 31710 31803 I Unity   : [LevelPlayHandler] SDK initialization failed. Message: noServerResponse. ErrorCode: 2070
06-20 00:10:55.911 31710 31803 W Unity   : [IBDPJFMKJMM] ExecuteRequest HTTP/1.1 404 Not Found
06-20 00:10:55.911 31710 31803 W Unity   : Bundle not found, bundleName: 1691038791, bundlePath: /storage/emulated/0/Android/data/top.niunaijun.blackbox/files/blackbox/storage/emulated/0/Android/data/com.nekki.shadowfight3/files/gamedata/Resources/Bundles/49c106143b9311ea2228c7e72cb79abb
06-20 00:10:55.969 31710 31803 I Unity   : [GPGv2Support] !!!-> False || False
06-20 00:10:55.979 31710 31803 I Unity   : NativeScreenTexture: Clear; from=[reloadTexture]; delayed=[False]; callers=[1]
06-20 00:10:55.979 31710 31803 W Unity   : NativeScreenTexture: Can't find caller's name [reloadTexture] to remove from list 
06-20 00:10:56.094 31710 31803 I Unity   : Current camera aspect [_16X9]
06-20 00:10:56.096 31710 31803 I Unity   : [NCJAHEJBHAN]; Load location [dojo_inventory/dojo_inventory] at position [(34.70, 26.00, -43.82)]
06-20 00:10:56.233 31710 31803 I Unity   : Load moves for [PLAYER]
06-20 00:10:56.235 31710 31803 I Unity   : Load battle triggers by locks
06-20 00:10:56.242 31710 31803 I Unity   : Load triggers by locks. Loaded splits=[1]
06-20 00:10:56.298 31710 31803 I Unity   : FakeCursorInput. initialized: True
06-20 00:10:56.299 31710 31803 I Unity   : InputModuleManager initialized
06-20 00:10:56.305 31710 31710 I BLASTBufferQueue_Java: update, w= 1340 h= 800 mName = VRI[NekkiNativeActivity]@4280dc mNativeObject= 0x778e25a070 sc.mNativeObject= 0x772e214e10 format= -3 caller= android.view.ViewRootImpl.updateBlastSurfaceIfNeeded:3574 android.view.ViewRootImpl.relayoutWindow:11685 android.view.ViewRootImpl.performTraversals:4804 android.view.ViewRootImpl.doTraversal:3924 android.view.ViewRootImpl$TraversalRunnable.run:12903 android.view.Choreographer$CallbackRecord.run:1901 
06-20 00:10:56.305 31710 31710 I VRI[NekkiNativeActivity]@4280dc: Relayout returned: old=(0,0,1340,800) new=(0,0,1340,800) relayoutAsync=true req=(1340,800)0 dur=3 res=0x0 s={true 0x775e2317b0} ch=false seqId=0
06-20 00:10:56.307 31710 31710 I VRI[NekkiNativeActivity]@4280dc: updateBoundsLayer: t=android.view.SurfaceControl$Transaction@de38a67 sc=Surface(name=Bounds for - com.nekki.shadowfight3/com.nekki.unityplugins.NekkiNativeActivity@0)/@0xb78014 frame=7
06-20 00:10:56.308 31710 31710 I VRI[NekkiNativeActivity]@4280dc: registerCallbackForPendingTransactions
06-20 00:10:56.310 31710 31812 I VRI[NekkiNativeActivity]@4280dc: mWNT: t=0x779e3443d0 mBlastBufferQueue=0x778e25a070 fn= 7 HdrRenderState mRenderHdrSdrRatio=1.0 caller= android.view.ViewRootImpl$10.onFrameDraw:6536 android.view.ViewRootImpl$4.onFrameDraw:2489 android.view.ThreadedRenderer$1.onFrameDraw:718 
06-20 00:10:56.322 31710 31803 I Unity   : BundlesNetworkState Download succeeded
06-20 00:10:56.322 31710 31803 I Unity   : Start Connecting IP:ec2-52-66-28-201.ap-south-1.compute.amazonaws.com Port:443
06-20 00:10:56.323 31710 31803 I Unity   : Frame:[733], Type:[CloseAction], Body:[TUTORIAL_SKIP - GoToModule], List:[5:SESSION_START_SPHINX,SESSION_CHECK_PENDING_QUICK_ACTIONS,SESSION_CHECK_RICH_NOTIFICATION_TRANSITION,SET_DOJO_1_1,NEW_PLAYERS_IN_NEW_LOBBY,]
06-20 00:10:56.324 31710 31803 I Unity   : Frame:[733], Type:[RunAction], Body:[TUTORIAL_SKIP - SetUserVariable], List:[5:SESSION_START_SPHINX,SESSION_CHECK_PENDING_QUICK_ACTIONS,SESSION_CHECK_RICH_NOTIFICATION_TRANSITION,SET_DOJO_1_1,NEW_PLAYERS_IN_NEW_LOBBY,]
06-20 00:10:56.324 31710 31803 I Unity   : Frame:[733], Type:[CloseAction], Body:[TUTORIAL_SKIP - SetUserVariable], List:[5:SESSION_START_SPHINX,SESSION_CHECK_PENDING_QUICK_ACTIONS,SESSION_CHECK_RICH_NOTIFICATION_TRANSITION,SET_DOJO_1_1,NEW_PLAYERS_IN_NEW_LOBBY,]
06-20 00:10:56.324 31710 31803 I Unity   : Frame:[733], Type:[RunAction], Body:[TUTORIAL_SKIP - Call], List:[5:SESSION_START_SPHINX,SESSION_CHECK_PENDING_QUICK_ACTIONS,SESSION_CHECK_RICH_NOTIFICATION_TRANSITION,SET_DOJO_1_1,NEW_PLAYERS_IN_NEW_LOBBY,]
06-20 00:10:56.329 31710 31803 I Unity   : Frame:[733], Type:[ListChange], Body:[Add  - BUNDLE_PUSH_GENERAL], List:[5:SESSION_START_SPHINX,SESSION_CHECK_PENDING_QUICK_ACTIONS,SESSION_CHECK_RICH_NOTIFICATION_TRANSITION,SET_DOJO_1_1,NEW_PLAYERS_IN_NEW_LOBBY,]
06-20 00:10:56.331 31710 31803 I Unity   : Frame:[733], Type:[ThrowEvent], Body:[Event: Type: Call | Data: [key:CallData, value:BUNDLE_PUSH] 
06-20 00:10:56.331 31710 31803 I Unity   :  HasTrigger: True QueueCount: 6 - ], List:[6:SESSION_START_SPHINX,BUNDLE_PUSH_GENERAL,SESSION_CHECK_PENDING_QUICK_ACTIONS,SESSION_CHECK_RICH_NOTIFICATION_TRANSITION,SET_DOJO_1_1,NEW_PLAYERS_IN_NEW_LOBBY,]
06-20 00:10:56.331 31710 31803 I Unity   : Frame:[733], Type:[CloseAction], Body:[TUTORIAL_SKIP - Call], List:[6:SESSION_START_SPHINX,BUNDLE_PUSH_GENERAL,SESSION_CHECK_PENDING_QUICK_ACTIONS,SESSION_CHECK_RICH_NOTIFICATION_TRANSITION,SET_DOJO_1_1,NEW_PLAYERS_IN_NEW_LOBBY,]
06-20 00:10:56.331 31710 31803 I Unity   : Frame:[733], Type:[ListChange], Body:[Remove  - SESSION_START_SPHINX], List:[6:SESSION_START_SPHINX,BUNDLE_PUSH_GENERAL,SESSION_CHECK_PENDING_QUICK_ACTIONS,SESSION_CHECK_RICH_NOTIFICATION_TRANSITION,SET_DOJO_1_1,NEW_PLAYERS_IN_NEW_LOBBY,]
06-20 00:10:56.331 31710 31803 I Unity   : Frame:[733], Type:[RunAction], Body:[SESSION_START_SPHINX - Sphinx], List:[5:BUNDLE_PUSH_GENERAL,SESSION_CHECK_PENDING_QUICK_ACTIONS,SESSION_CHECK_RICH_NOTIFICATION_TRANSITION,SET_DOJO_1_1,NEW_PLAYERS_IN_NEW_LOBBY,]
06-20 00:10:56.332 31710 31714 I jun.blackbox:p0: Background young concurrent mark compact GC freed 628KB AllocSpace bytes, 29(7488KB) LOS objects, 12% free, 45MB/51MB, paused 2.867ms,5.678ms total 38.223ms
06-20 00:10:56.332 31710 31803 I Unity   : Frame:[733], Type:[CloseAction], Body:[SESSION_START_SPHINX - Sphinx], List:[5:BUNDLE_PUSH_GENERAL,SESSION_CHECK_PENDING_QUICK_ACTIONS,SESSION_CHECK_RICH_NOTIFICATION_TRANSITION,SET_DOJO_1_1,NEW_PLAYERS_IN_NEW_LOBBY,]
06-20 00:10:56.332 31710 31803 I Unity   : Frame:[733], Type:[ListChange], Body:[Remove  - BUNDLE_PUSH_GENERAL], List:[5:BUNDLE_PUSH_GENERAL,SESSION_CHECK_PENDING_QUICK_ACTIONS,SESSION_CHECK_RICH_NOTIFICATION_TRANSITION,SET_DOJO_1_1,NEW_PLAYERS_IN_NEW_LOBBY,]
06-20 00:10:56.332 31710 31803 I Unity   : Frame:[733], Type:[RunAction], Body:[BUNDLE_PUSH_GENERAL - SendPush], List:[4:SESSION_CHECK_PENDING_QUICK_ACTIONS,SESSION_CHECK_RICH_NOTIFICATION_TRANSITION,SET_DOJO_1_1,NEW_PLAYERS_IN_NEW_LOBBY,]
06-20 00:10:56.336 31710 32142 D TransactionThrottler: Reset transaction throttler
06-20 00:10:56.338 31710 32142 D TransactionThrottler: Reset transaction throttler
06-20 00:10:56.340 31710 31803 I Unity   : Frame:[733], Type:[CloseAction], Body:[BUNDLE_PUSH_GENERAL - SendPush], List:[4:SESSION_CHECK_PENDING_QUICK_ACTIONS,SESSION_CHECK_RICH_NOTIFICATION_TRANSITION,SET_DOJO_1_1,NEW_PLAYERS_IN_NEW_LOBBY,]
06-20 00:10:56.340 31710 31803 I Unity   : Frame:[733], Type:[RunAction], Body:[BUNDLE_PUSH_GENERAL - SetUserVariable], List:[4:SESSION_CHECK_PENDING_QUICK_ACTIONS,SESSION_CHECK_RICH_NOTIFICATION_TRANSITION,SET_DOJO_1_1,NEW_PLAYERS_IN_NEW_LOBBY,]
06-20 00:10:56.341 31710 31803 I Unity   : Frame:[733], Type:[CloseAction], Body:[BUNDLE_PUSH_GENERAL - SetUserVariable], List:[4:SESSION_CHECK_PENDING_QUICK_ACTIONS,SESSION_CHECK_RICH_NOTIFICATION_TRANSITION,SET_DOJO_1_1,NEW_PLAYERS_IN_NEW_LOBBY,]
06-20 00:10:56.342 31710 31803 I Unity   : Frame:[733], Type:[ListChange], Body:[Remove  - SESSION_CHECK_PENDING_QUICK_ACTIONS], List:[4:SESSION_CHECK_PENDING_QUICK_ACTIONS,SESSION_CHECK_RICH_NOTIFICATION_TRANSITION,SET_DOJO_1_1,NEW_PLAYERS_IN_NEW_LOBBY,]
06-20 00:10:56.342 31710 31803 I Unity   : Frame:[733], Type:[RunAction], Body:[SESSION_CHECK_PENDING_QUICK_ACTIONS - InitQuickActionsHandler], List:[3:SESSION_CHECK_RICH_NOTIFICATION_TRANSITION,SET_DOJO_1_1,NEW_PLAYERS_IN_NEW_LOBBY,]
06-20 00:10:56.342 31710 31803 I Unity   : Frame:[733], Type:[CloseAction], Body:[SESSION_CHECK_PENDING_QUICK_ACTIONS - InitQuickActionsHandler], List:[3:SESSION_CHECK_RICH_NOTIFICATION_TRANSITION,SET_DOJO_1_1,NEW_PLAYERS_IN_NEW_LOBBY,]
06-20 00:10:56.342 31710 31803 I Unity   : Frame:[733], Type:[ListChange], Body:[Remove  - SESSION_CHECK_RICH_NOTIFICATION_TRANSITION], List:[3:SESSION_CHECK_RICH_NOTIFICATION_TRANSITION,SET_DOJO_1_1,NEW_PLAYERS_IN_NEW_LOBBY,]
06-20 00:10:56.342 31710 31803 I Unity   : Frame:[733], Type:[RunAction], Body:[SESSION_CHECK_RICH_NOTIFICATION_TRANSITION - InitRichNotificationsHandler], List:[2:SET_DOJO_1_1,NEW_PLAYERS_IN_NEW_LOBBY,]
06-20 00:10:56.343 31710 31803 I Unity   : Frame:[733], Type:[CloseAction], Body:[SESSION_CHECK_RICH_NOTIFICATION_TRANSITION - InitRichNotificationsHandler], List:[2:SET_DOJO_1_1,NEW_PLAYERS_IN_NEW_LOBBY,]
