06-19 15:11:21.568  8930  9023 I Unity   : [ServerStatus] Load in progress
06-19 15:11:21.569  8930  9023 E Unity   : [SF3MultiBalancerManager] Failed to resolve balancer at index 1: Failed with responseCode - 0 - Cannot resolve destination host - ConnectionError
06-19 15:11:21.569  8930  9023 E Unity   : UnityEngine.DebugLogHandler:Internal_Log(LogType, LogOption, String, Object)
06-19 15:11:21.569  8930  9023 E Unity   : JCICEBEKNOE:CBEJGNOBKMC(String)
06-19 15:11:21.569  8930  9023 E Unity   : System.Reflection.RuntimeMethodInfo:Invoke(Object, BindingFlags, Binder, Object[], CultureInfo)
06-19 15:11:21.569  8930  9023 E Unity   : System.Delegate:DynamicInvokeImpl(Object[])
06-19 15:11:21.569  8930  9023 E Unity   : HHAHPCDHJLJ:EAEICJGIONF(MulticastDelegate, Object[])
06-19 15:11:21.569  8930  9023 E Unity   : HHAHPCDHJLJ:EAEICJGIONF(MulticastDelegate, Object[])
06-19 15:11:21.569  8930  9023 E Unity   : DCEJACPOBHC:IPDOLEJNFJE(BanzaiWebRequest)
06-19 15:11:21.569  8930  9023 E Unity   : System.Reflection.RuntimeMethodInfo:Invoke(Object, BindingFlags, Binder, Object[], CultureInfo)
06-19 15:11:21.569  8930  9023 E Unity   : System.Delegate:DynamicInvokeImpl(Object[])
06-19 15:11:21.569  8930  9023 E Unity   : HHAHPCDHJLJ:EAEICJGIONF(MulticastDelegate, Object[])
06-19 15:11:21.569  8930  9023 E Unity   : HHAHPCDHJLJ:EAEICJGIONF(MulticastDelegate, Object[])
06-19 15:11:21.569  8930  9023 E Unity   : Banzai.WebRequest.BanzaiWebRequest:SendError(Boolean, DCEBFCEEKPC)
06-19 15:11:21.569  8930  9023 E Unity   : Banzai.WebRequest.<FinishWhenWebHandlerDone>d__97:MoveNext()
06-19 15:11:21.569  8930  9023 E Unity   : UnityEngine.SetupCoroutine:InvokeMoveNext(IEnumerator, IntPtr)
06-19 15:11:21.569  8930  9023 E Unity   : Banzai.WebRequest.<RequestRuntime>d__90:Mov
06-19 15:11:21.572  8930  9023 E Unity   : Config update check failed: [All balancers failed!]
06-19 15:11:21.572  8930  9023 E Unity   : UnityEngine.DebugLogHandler:Internal_Log(LogType, LogOption, String, Object)
06-19 15:11:21.572  8930  9023 E Unity   : KLNCABIDJAC:BBPCFBJGPNE(String)
06-19 15:11:21.572  8930  9023 E Unity   : System.Reflection.RuntimeMethodInfo:Invoke(Object, BindingFlags, Binder, Object[], CultureInfo)
06-19 15:11:21.572  8930  9023 E Unity   : System.Delegate:DynamicInvokeImpl(Object[])
06-19 15:11:21.572  8930  9023 E Unity   : HHAHPCDHJLJ:EAEICJGIONF(MulticastDelegate, Object[])
06-19 15:11:21.572  8930  9023 E Unity   : HHAHPCDHJLJ:EAEICJGIONF(MulticastDelegate, Object[])
06-19 15:11:21.572  8930  9023 E Unity   : System.Reflection.RuntimeMethodInfo:Invoke(Object, BindingFlags, Binder, Object[], CultureInfo)
06-19 15:11:21.572  8930  9023 E Unity   : System.Delegate:DynamicInvokeImpl(Object[])
06-19 15:11:21.572  8930  9023 E Unity   : HHAHPCDHJLJ:EAEICJGIONF(MulticastDelegate, Object[])
06-19 15:11:21.572  8930  9023 E Unity   : System.Reflection.RuntimeMethodInfo:Invoke(Object, BindingFlags, Binder, Object[], CultureInfo)
06-19 15:11:21.572  8930  9023 E Unity   : System.Delegate:DynamicInvokeImpl(Object[])
06-19 15:11:21.572  8930  9023 E Unity   : HHAHPCDHJLJ:EAEICJGIONF(MulticastDelegate, Object[])
06-19 15:11:21.572  8930  9023 E Unity   : HHAHPCDHJLJ:EAEICJGIONF(MulticastDelegate, Object[])
06-19 15:11:21.572  8930  9023 E Unity   : DCEJACPOBHC:IPDOLEJNFJE(BanzaiWebRequest)
06-19 15:11:21.572  8930  9023 E Unity   : System.Reflection.RuntimeMethodInfo:Invoke(Object, BindingFlags, Binder, Object[], CultureInfo)
06-19 15:11:21.572  8930  9023 E Unity   : System.Delegate:DynamicInvokeImpl(Objec
06-19 15:11:21.577  8930  9023 W Unity   : [remote config] initialize before accessing!
06-19 15:11:21.627  8930  9023 I Unity   : $<color=blue><b>CreateNativeJsEngine: PlatformDefault</b></color>
06-19 15:11:21.645  8930  9023 D nativeloader: Load /data/app/~~b-kNTPL92oJmt3Gcmb6V-w==/com.nekki.shadowfight3-7kK4tjGugrQhSUVD9c6cmg==/lib/arm64/libbanzai-v8.so using class loader ns clns-10 (caller=/data/app/~~b-kNTPL92oJmt3Gcmb6V-w==/com.nekki.shadowfight3-7kK4tjGugrQhSUVD9c6cmg==/base.apk!classes7.dex): ok
06-19 15:11:21.673  8930  9023 I Unity   : [V8 JS] Msg: [V8] Initialized
06-19 15:11:21.693  8930  9023 I Unity   : [V8 JS] Msg: [V8] Isolate initialized
06-19 15:11:21.695  8930  9023 I Unity   : [JS] Init params: chapterId=100, debug=False, allChapters=False, loadFromSnapshot=True, createSnapshot=True
06-19 15:11:21.908  8930  9023 I Unity   : [JS] Snapshot data loaded in 188 ms
06-19 15:11:21.911  8930  9023 I Unity   : [V8 JS] Msg: [V8] Isolate disposed
06-19 15:11:22.415  8930  9023 I Unity   : [V8 JS] Msg: [V8] Isolate reinitialized from snapshot
06-19 15:11:22.435  8930  9023 I Unity   : [JS] Init stats: exec 506 ms, total 720 ms
06-19 15:11:22.435  8930  9023 W Unity   : [remote config] initialize before accessing!
06-19 15:11:22.527  8930  9023 I Unity   : [FB] Init
06-19 15:11:22.668  8930  9023 V com.facebook.unity.FB: SetUserAgentSuffix(Unity.18.0.0)
06-19 15:11:22.670  8930  9023 V com.facebook.unity.FB: Init({"appId":"647386682120764","clientToken":"1fc47ffc09d4802ddba691bc6fde9479"})
06-19 15:11:22.672  8930  9023 D com.facebook.unity.FB: KeyHash: 1hEJ12jtqjrS76nvNXvRrjPV8Ks=
06-19 15:11:22.673  8930  9023 V com.facebook.unity.FB: sending to Unity OnInitComplete({"key_hash":"1hEJ12jtqjrS76nvNXvRrjPV8Ks=\n"})
06-19 15:11:22.674  8930  9023 I Unity   : Using Facebook Unity SDK v18.0.0 with FBAndroidSDK/18.2.3
06-19 15:11:22.674  8930  9355 W GooglePlayServicesUtil: com.nekki.shadowfight3 requires Google Play services, but they are missing.
06-19 15:11:22.676  8930  9355 W GooglePlayServicesUtil: com.nekki.shadowfight3 requires Google Play services, but they are missing.
06-19 15:11:22.712  8930  9023 I Unity   : [FB] ActivateApp
06-19 15:11:22.713  8930  9023 W com.facebook.unity.FB: Activite app only needs to be called once
06-19 15:11:22.717  8930  9023 I Unity   : [BCIOEFJGMMA] Init
06-19 15:11:22.724  8930  9023 I Unity   : [UserManager]; Load user. Is new: False
06-19 15:11:23.631  8930  9023 W Unity   : Client time was used instead of server time.
06-19 15:11:23.631  8930  9023 W Unity   : Client time was used instead of server time.
06-19 15:11:23.711  8930  9023 I Unity   : Load current preset: [joystick_small]
06-19 15:11:23.735  8930  9023 I Unity   : [BattlePass] Scheduling BP end: ID=10080209, EndDate=06/29/2026 05:30:00
06-19 15:11:24.174  8930  9023 W Unity   : Havnt any battle data to parse
06-19 15:11:24.190  8930  9023 W Unity   : [UserDataSaver] DataSaver BATTLES already added
06-19 15:11:24.202  8930  9023 I Unity   : [BMNNADNBPKN] Init
06-19 15:11:24.218  8930  9023 I Unity   : [DJBCNKBGEGH] Init
06-19 15:11:24.220  8930  9023 I Unity   : [DJBCNKBGEGH] InitInternal: False
06-19 15:11:24.222  8930  9154 I UserMessagingPlatform: Use new ConsentDebugSettings.Builder().addTestDeviceHashedId("1654883292BEA2952023B0AF6A4DAB83") to set this as a debug device.
06-19 15:11:24.224  8930  9154 D UserMessagingPlatform: Stored info not exists: IABTCF_TCString
06-19 15:11:24.224  8930  9154 D UserMessagingPlatform: Stored info not exists: IABGPP_HDR_GppString
06-19 15:11:24.224  8930  9154 D UserMessagingPlatform: Stored info not exists: IABGPP_GppSID
06-19 15:11:24.224  8930  9154 D UserMessagingPlatform: Stored info not exists: IABUSPrivacy_String
06-19 15:11:24.491  8930  9023 I Unity   : ***** log handler added
06-19 15:11:24.506  8930  8930 V Banzai  : UnityPlayerActivity called onResume
06-19 15:11:24.546  8930  9023 I Unity   : [BDINJAALCJK]; Input is blocked with condition: ActiveNetwork
06-19 15:11:24.559  8930  9023 I Unity   : [LoadingBlocker]; Start blocking layer: blocker priority: Preloader, blocker delay: 0.5
06-19 15:11:24.563  8930  9023 W GooglePlayServicesUtil: com.nekki.shadowfight3 requires Google Play services, but they are missing.
06-19 15:11:24.564  8930  9023 D Banzai  : Status of gaming service availability: 1
06-19 15:11:24.565  8930  9023 I Unity   : [NGLDMEPPJLD]; Create gaming service: NGLDMEPPJLD
06-19 15:11:25.088  8930  9023 I Unity   : Show loading icon. Lock: KLEBKOBNENM
06-19 15:11:25.103  8930  9023 I Unity   : NativeScreenTexture: SetTexture; caller=[LoadingIcon]; layer=[988] camera=[Both]; filter=[Blur]; current callers=[empty]
06-19 15:11:25.103  8930  9023 I Unity   : NativeScreenTexture: TakeScreenshot; autoSet=[True]; camera=[Both]; filter=[Blur]
06-19 15:11:25.111  8930  9023 W Unity   : DontDestroyOnLoad only works for root GameObjects or components on root GameObjects.
06-19 15:11:25.642  8930  9023 W Unity   : Client time was used instead of server time.
06-19 15:11:25.643  8930  9023 W Unity   : Client time was used instead of server time.
06-19 15:11:27.658  8930  9023 W Unity   : Client time was used instead of server time.
06-19 15:11:27.658  8930  9023 W Unity   : Client time was used instead of server time.
06-19 15:11:29.673  8930  9023 W Unity   : Client time was used instead of server time.
06-19 15:11:29.673  8930  9023 W Unity   : Client time was used instead of server time.
06-19 15:11:31.690  8930  9023 W Unity   : Client time was used instead of server time.
06-19 15:11:31.690  8930  9023 I Unity   : Showing alert with title: server_response_wait and message: no_internet_connection
06-19 15:11:31.694  8930  9023 I Unity   : Audio configuration:
06-19 15:11:31.694  8930  9023 I Unity   :   DSP buffer size: 512
06-19 15:11:31.694  8930  9023 I Unity   :   Number real voices: 32
06-19 15:11:31.694  8930  9023 I Unity   :   Number virtual voices: 512
06-19 15:11:31.694  8930  9023 I Unity   :   Sample rate: 24000
06-19 15:11:31.694  8930  9023 I Unity   :   Speaker mode: Stereo
06-19 15:11:31.752  8930  9023 I Unity   : Hide loading icon. Lock: KLEBKOBNENM
06-19 15:11:31.753  8930  9023 I Unity   : NativeScreenTexture: Clear; from=[LoadingIcon]; delayed=[False]; callers=[1]
06-19 15:11:31.754  8930  9023 I Unity   : [LoadingBlocker]; Stop blocking layer: blocker priority: Preloader
06-19 15:11:31.756  8930  9023 I Unity   : NativeScreenTexture: SetTexture; caller=[SystemAlert]; layer=[0] camera=[Both]; filter=[Blur]; current callers=[empty]
06-19 15:11:31.757  8930  9023 I Unity   : NativeScreenTexture: TakeScreenshot; autoSet=[True]; camera=[Both]; filter=[Blur]
06-19 15:11:33.701  8930  9023 W Unity   : Client time was used instead of server time.
06-19 15:11:33.702  8930  9023 W Unity   : Client time was used instead of server time.
06-19 15:11:35.475  8930  8930 I VRI[NekkiNativeActivity]@251404f: ViewPostIme pointer 0
06-19 15:11:35.476  8930  8930 I VRI[NekkiNativeActivity]@251404f: call setFrameRateCategory for touch hint category=high hint, reason=touch, vri=VRI[NekkiNativeActivity]@251404f
06-19 15:11:35.607  8930  8930 I VRI[NekkiNativeActivity]@251404f: ViewPostIme pointer 1
06-19 15:11:35.617  8930  9023 I Unity   : [LoadingBlocker]; Start blocking layer: blocker priority: Preloader, blocker delay: 0.5
06-19 15:11:35.619  8930  9023 I Unity   : NativeScreenTexture: Clear; from=[SystemAlert]; delayed=[False]; callers=[1]
06-19 15:11:35.716  8930  9023 W Unity   : Client time was used instead of server time.
06-19 15:11:35.716  8930  9023 W Unity   : Client time was used instead of server time.
06-19 15:11:36.129  8930  9023 I Unity   : Show loading icon. Lock: KLEBKOBNENM
06-19 15:11:36.130  8930  9023 I Unity   : NativeScreenTexture: SetTexture; caller=[LoadingIcon]; layer=[988] camera=[Both]; filter=[Blur]; current callers=[empty]
06-19 15:11:36.130  8930  9023 I Unity   : NativeScreenTexture: TakeScreenshot; autoSet=[True]; camera=[Both]; filter=[Blur]
06-19 15:11:37.731  8930  9023 W Unity   : Client time was used instead of server time.
06-19 15:11:37.732  8930  9023 W Unity   : Client time was used instead of server time.
06-19 15:11:38.610  8930  8930 I VRI[NekkiNativeActivity]@251404f: call setFrameRateCategory for touch hint category=no preference, reason=boost timeout, vri=VRI[NekkiNativeActivity]@251404f
06-19 15:11:39.746  8930  9023 W Unity   : Client time was used instead of server time.
06-19 15:11:39.747  8930  9023 W Unity   : Client time was used instead of server time.
06-19 15:11:40.609  8930  8930 D CrashMonitor: Performing periodic health check...
06-19 15:11:40.609  8930  8930 W CrashMonitor: High thread count detected: 102
06-19 15:11:40.609  8930  8930 D CrashMonitor: Health check completed - Memory: 3.5%, Threads: 102
06-19 15:11:41.520  8930  8960 D Banzai  : Request error: Unable to resolve host "sf3lb.nekki.com": No address associated with hostname Try: 1
06-19 15:11:41.762  8930  9023 W Unity   : Client time was used instead of server time.
06-19 15:11:41.762  8930  9023 W Unity   : Client time was used instead of server time.
06-19 15:11:42.605  8930  9023 W Unity   : [GAPLKBELEIG]; Internet accessibility status is invalidate by time. Passed more than [10] seconds
06-19 15:11:42.610  8930  9023 I Unity   : Showing alert with title: server_response_wait and message: no_internet_connection
06-19 15:11:42.613  8930  9023 I Unity   : Hide loading icon. Lock: KLEBKOBNENM
06-19 15:11:42.614  8930  9023 I Unity   : NativeScreenTexture: Clear; from=[LoadingIcon]; delayed=[False]; callers=[1]
06-19 15:11:42.614  8930  9023 I Unity   : [LoadingBlocker]; Stop blocking layer: blocker priority: Preloader
06-19 15:11:42.615  8930  9023 I Unity   : NativeScreenTexture: SetTexture; caller=[SystemAlert]; layer=[0] camera=[Both]; filter=[Blur]; current callers=[empty]
06-19 15:11:42.616  8930  9023 I Unity   : NativeScreenTexture: TakeScreenshot; autoSet=[True]; camera=[Both]; filter=[Blur]
06-19 15:11:43.470  8930  8930 I VRI[NekkiNativeActivity]@251404f: ViewPostIme pointer 0
06-19 15:11:43.471  8930  8930 I VRI[NekkiNativeActivity]@251404f: call setFrameRateCategory for touch hint category=high hint, reason=touch, vri=VRI[NekkiNativeActivity]@251404f
06-19 15:11:43.618  8930  8930 I VRI[NekkiNativeActivity]@251404f: ViewPostIme pointer 1
06-19 15:11:43.628  8930  9023 I Unity   : [LoadingBlocker]; Start blocking layer: blocker priority: Preloader, blocker delay: 0.5
06-19 15:11:43.629  8930  9023 I Unity   : NativeScreenTexture: Clear; from=[SystemAlert]; delayed=[False]; callers=[1]
06-19 15:11:43.776  8930  9023 W Unity   : Client time was used instead of server time.
06-19 15:11:43.776  8930  9023 W Unity   : Client time was used instead of server time.
06-19 15:11:44.139  8930  9023 I Unity   : Show loading icon. Lock: KLEBKOBNENM
06-19 15:11:44.140  8930  9023 I Unity   : NativeScreenTexture: SetTexture; caller=[LoadingIcon]; layer=[988] camera=[Both]; filter=[Blur]; current callers=[empty]
06-19 15:11:44.140  8930  9023 I Unity   : NativeScreenTexture: TakeScreenshot; autoSet=[True]; camera=[Both]; filter=[Blur]
06-19 15:11:44.248  8930  9154 W UserMessagingPlatform: Metrics reporting URL is not set yet.
06-19 15:11:44.248  8930  8930 W UserMessagingPlatform: Error making request.
06-19 15:11:44.272  8930  9023 I Unity   : [DJBCNKBGEGH] InitInternal: False
06-19 15:11:44.273  8930  9154 I UserMessagingPlatform: Use new ConsentDebugSettings.Builder().addTestDeviceHashedId("1654883292BEA2952023B0AF6A4DAB83") to set this as a debug device.
06-19 15:11:44.273  8930  9023 I Unity   : [LOJMGBEJJGO] Update. Failed. Error: Error making request. (2). Status: Unknown False
06-19 15:11:44.276  8930  9154 D UserMessagingPlatform: Stored info not exists: IABTCF_TCString
06-19 15:11:44.276  8930  9154 D UserMessagingPlatform: Stored info not exists: IABGPP_HDR_GppString
06-19 15:11:44.276  8930  9154 D UserMessagingPlatform: Stored info not exists: IABGPP_GppSID
06-19 15:11:44.276  8930  9154 D UserMessagingPlatform: Stored info not exists: IABUSPrivacy_String
06-19 15:11:44.277  8930  9154 W UserMessagingPlatform: Metrics reporting URL is not set yet.
06-19 15:11:44.277  8930  8930 W UserMessagingPlatform: Error making request.
06-19 15:11:44.288  8930  9023 I Unity   : [LOJMGBEJJGO] Update. Failed. Error: Error making request. (2). Status: Unknown False
06-19 15:11:44.608  8930  9023 I Unity   : [ServerStatus] Load in progress
06-19 15:11:44.619  8930  9023 E Unity   : [SF3MultiBalancerManager] Failed to resolve balancer at index 0: Failed with responseCode - 0 - Request timeout - ConnectionError
06-19 15:11:44.619  8930  9023 E Unity   : UnityEngine.DebugLogHandler:Internal_Log(LogType, LogOption, String, Object)
06-19 15:11:44.619  8930  9023 E Unity   : JCICEBEKNOE:CBEJGNOBKMC(String)
06-19 15:11:44.619  8930  9023 E Unity   : System.Reflection.RuntimeMethodInfo:Invoke(Object, BindingFlags, Binder, Object[], CultureInfo)
06-19 15:11:44.619  8930  9023 E Unity   : System.Delegate:DynamicInvokeImpl(Object[])
06-19 15:11:44.619  8930  9023 E Unity   : HHAHPCDHJLJ:EAEICJGIONF(MulticastDelegate, Object[])
06-19 15:11:44.619  8930  9023 E Unity   : HHAHPCDHJLJ:EAEICJGIONF(MulticastDelegate, Object[])
06-19 15:11:44.619  8930  9023 E Unity   : DCEJACPOBHC:IPDOLEJNFJE(BanzaiWebRequest)
06-19 15:11:44.619  8930  9023 E Unity   : System.Reflection.RuntimeMethodInfo:Invoke(Object, BindingFlags, Binder, Object[], CultureInfo)
06-19 15:11:44.619  8930  9023 E Unity   : System.Delegate:DynamicInvokeImpl(Object[])
06-19 15:11:44.619  8930  9023 E Unity   : HHAHPCDHJLJ:EAEICJGIONF(MulticastDelegate, Object[])
06-19 15:11:44.619  8930  9023 E Unity   : HHAHPCDHJLJ:EAEICJGIONF(MulticastDelegate, Object[])
06-19 15:11:44.619  8930  9023 E Unity   : Banzai.WebRequest.BanzaiWebRequest:SendError(Boolean, DCEBFCEEKPC)
06-19 15:11:44.619  8930  9023 E Unity   : Banzai.WebRequest.<FinishWhenWebHandlerDone>d__97:MoveNext()
06-19 15:11:44.619  8930  9023 E Unity   : UnityEngine.SetupCoroutine:InvokeMoveNext(IEnumerator, IntPtr)
06-19 15:11:44.619  8930  9023 E Unity   : Banzai.WebRequest.<RequestRuntime>d__90:MoveNext()
06-19 15:11:44.619  8930  9023 E Unity   : UnityEng
06-19 15:11:44.619  8930  9023 I Unity   : [ServerStatus] Load in progress
06-19 15:11:44.624  8930  9023 E Unity   : [SF3MultiBalancerManager] Failed to resolve balancer at index 1: Failed with responseCode - 0 - Request timeout - ConnectionError
06-19 15:11:44.624  8930  9023 E Unity   : UnityEngine.DebugLogHandler:Internal_Log(LogType, LogOption, String, Object)
06-19 15:11:44.624  8930  9023 E Unity   : JCICEBEKNOE:CBEJGNOBKMC(String)
06-19 15:11:44.624  8930  9023 E Unity   : System.Reflection.RuntimeMethodInfo:Invoke(Object, BindingFlags, Binder, Object[], CultureInfo)
06-19 15:11:44.624  8930  9023 E Unity   : System.Delegate:DynamicInvokeImpl(Object[])
06-19 15:11:44.624  8930  9023 E Unity   : HHAHPCDHJLJ:EAEICJGIONF(MulticastDelegate, Object[])
06-19 15:11:44.624  8930  9023 E Unity   : HHAHPCDHJLJ:EAEICJGIONF(MulticastDelegate, Object[])
06-19 15:11:44.624  8930  9023 E Unity   : DCEJACPOBHC:IPDOLEJNFJE(BanzaiWebRequest)
06-19 15:11:44.624  8930  9023 E Unity   : System.Reflection.RuntimeMethodInfo:Invoke(Object, BindingFlags, Binder, Object[], CultureInfo)
06-19 15:11:44.624  8930  9023 E Unity   : System.Delegate:DynamicInvokeImpl(Object[])
06-19 15:11:44.624  8930  9023 E Unity   : HHAHPCDHJLJ:EAEICJGIONF(MulticastDelegate, Object[])
06-19 15:11:44.624  8930  9023 E Unity   : HHAHPCDHJLJ:EAEICJGIONF(MulticastDelegate, Object[])
06-19 15:11:44.624  8930  9023 E Unity   : Banzai.WebRequest.BanzaiWebRequest:SendError(Boolean, DCEBFCEEKPC)
06-19 15:11:44.624  8930  9023 E Unity   : Banzai.WebRequest.<FinishWhenWebHandlerDone>d__97:MoveNext()
06-19 15:11:44.624  8930  9023 E Unity   : UnityEngine.SetupCoroutine:InvokeMoveNext(IEnumerator, IntPtr)
06-19 15:11:44.624  8930  9023 E Unity   : Banzai.WebRequest.<RequestRuntime>d__90:MoveNext()
06-19 15:11:44.624  8930  9023 E Unity   : UnityEng
06-19 15:11:44.709  8930  9023 I Unity   : [ServerStatus] Get status errorFailed with responseCode - 0 - Cannot resolve destination host - ConnectionError
06-19 15:11:45.792  8930  9023 W Unity   : Client time was used instead of server time.
06-19 15:11:45.792  8930  9023 W Unity   : Client time was used instead of server time.
06-19 15:11:46.619  8930  8930 I VRI[NekkiNativeActivity]@251404f: call setFrameRateCategory for touch hint category=no preference, reason=boost timeout, vri=VRI[NekkiNativeActivity]@251404f
06-19 15:11:47.579  8930  8930 I ImeFocusController: onPreWindowFocus: skipped hasWindowFocus=false mHasImeFocus=true
06-19 15:11:47.579  8930  8930 I ImeFocusController: onPostWindowFocus: skipped hasWindowFocus=false mHasImeFocus=true
06-19 15:11:47.806  8930  9023 W Unity   : Client time was used instead of server time.
06-19 15:11:47.806  8930  9023 W Unity   : Client time was used instead of server time.
