06-20 11:58:28.636 15989 16050 E FA      : Uploading is not possible. App measurement disabled
06-20 11:58:28.648 15989 15989 I IL2CPP  : JNI_OnLoad
06-20 11:58:28.648 15989 15989 V Unity   : Context Type: ActivityOrService
06-20 11:58:28.649 15989 15989 V SF3     : UnityPlayerActivity called onCreate
06-20 11:58:28.649 15989 15989 D BlackManager: Creating service for: top.niunaijun.blackbox.core.system.os.IBStorageManagerService$Stub
06-20 11:58:28.650 15989 15989 D BlackManager: Successfully created service: storage_manager
06-20 11:58:28.653 15989 15989 I Banzai  : Path: /storage/emulated/0/Android/data/top.niunaijun.blackbox/files/blackbox/storage/emulated/0/Android/data/com.nekki.shadowfight3/files/tou.file
06-20 11:58:28.653 15989 15989 W Banzai  : SendLog Terms of use not confirm!
06-20 11:58:28.665 15989 15989 D FirebaseSessions: App foregrounded on com.nekki.shadowfight3
06-20 11:58:28.665 15989 15989 D FirebaseSessions: Session 336aa13255b04341a5f12b5feff89950 has not backgrounded yet
06-20 11:58:28.665 15989 15989 D FirebaseSessions: No process data for com.nekki.shadowfight3
06-20 11:58:28.666 15989 15989 D AttributionSourceUtils: Fixed AttributionSource UID in method arguments
06-20 11:58:28.667 15989 16074 D FBAudienceNetwork: SDK dex loading time: 151
06-20 11:58:28.668 15989 15989 D AttributionSourceUtils: Fixed AttributionSource UID in method arguments
06-20 11:58:28.670 15989 15989 D AudioPermissionProxy: AudioPermission: getStreamVolume called, allowing
06-20 11:58:28.671 15989 15989 D AttributionSourceUtils: Fixed AttributionSource UID in method arguments
06-20 11:58:28.674 15989 16049 D FirebaseSessions: Session 0a6c45c391d74949b28299d5b8085dda has not backgrounded yet
06-20 11:58:28.675 15989 16049 D FirebaseSessions: No process data map
06-20 11:58:28.675 15989 16049 D FirebaseSessions: No process data for com.nekki.shadowfight3
06-20 11:58:28.686 15989 15989 I ViewRootImpl: dVRR is disabled
06-20 11:58:28.687 15989 15989 D HardwareRenderer: onDisplayChanged. displayId=0 current wxh=1340x800 mLargest wxh=0x0
06-20 11:58:28.687 15989 15989 W HWUI    : Unknown dataspace 0
06-20 11:58:28.687 15989 15989 D HardwareRenderer: Set largestWidth and largestHeight as logical resolution. (1340x800)
06-20 11:58:28.687 15989 16077 D HWUI    : setMaxSurfaceArea requested wxh=(1340,800) requestedSurfaceArea(1072000) is smaller than defaultSurfaceArea(2073600). Use default.
06-20 11:58:28.688 15989 16077 D NativeCustomFrequencyManager: [NativeCFMS] BpCustomFrequencyManager::BpCustomFrequencyManager()
06-20 11:58:28.691 15989 15989 D TransactionThrottler: Reset transaction throttler
06-20 11:58:28.693 15989 15989 D InsetsController: Setting requestedVisibleTypes to -12 (was -9)
06-20 11:58:28.693 15989 15989 I InsetsController: setRequestedVisibleTypes: visible=false, mask=statusBars navigationBars, host=com.nekki.shadowfight3/com.nekki.unityplugins.NekkiNativeActivity, from=android.view.InsetsController.controlAnimationUnchecked:1604 android.view.InsetsController.applyAnimation:2416 android.view.InsetsController.applyAnimation:2343 android.view.InsetsController.hide:1540 android.view.InsetsController.hide:1450 android.view.PendingInsetsController$HideRequest.replay:277 android.view.PendingInsetsController.replayAndAttach:192 android.view.ViewRootImpl.setView:1948 android.view.WindowManagerGlobal.addView:604 android.view.WindowManagerImpl.addView:158 
06-20 11:58:28.694 15989 15989 D InsetsController: Setting requestedVisibleTypes to -16 (was -12)
06-20 11:58:28.694 15989 15989 I InsetsController: setRequestedVisibleTypes: visible=false, mask=captionBar, host=com.nekki.shadowfight3/com.nekki.unityplugins.NekkiNativeActivity, from=android.view.InsetsController.controlAnimationUnchecked:1604 android.view.InsetsController.applyAnimation:2416 android.view.InsetsController.applyAnimation:2343 android.view.InsetsController.hide:1540 android.view.InsetsController.hide:1450 android.view.ViewRootImpl.controlInsetsForCompatibility:4170 android.view.ViewRootImpl.setView:1970 android.view.WindowManagerGlobal.addView:604 android.view.WindowManagerImpl.addView:158 android.app.ActivityThread.handleResumeActivity:6395 
06-20 11:58:28.701 15989 15989 D InputTransport: Input channel constructed: '520490a', fd=159
06-20 11:58:28.701 15989 15989 I InsetsController: onStateChanged: host=com.nekki.shadowfight3/com.nekki.unityplugins.NekkiNativeActivity, from=android.view.ViewRootImpl.onInsetsStateChanged:3026, state=InsetsState: {mDisplayFrame=Rect(0, 0 - 1340, 800), mDisplayCutout=DisplayCutout{insets=Rect(0, 0 - 0, 0) waterfall=Insets{left=0, top=0, right=0, bottom=0} boundingRect={Bounds=[Rect(0, 0 - 0, 0), Rect(0, 0 - 0, 0), Rect(0, 0 - 0, 0), Rect(0, 0 - 0, 0)]} cutoutPathParserInfo={CutoutPathParserInfo{displayWidth=0 displayHeight=0 physicalDisplayWidth=0 physicalDisplayHeight=0 density={0.0} cutoutSpec={} rotation={0} scale={0.0} physicalPixelDisplaySizeRatio={0.0}}} sideOverrides=null}, mRoundedCorners=RoundedCorners{[RoundedCorner{position=TopLeft, radius=9, center=Point(9, 9)}, RoundedCorner{position=TopRight, radius=9, center=Point(1331, 9)}, RoundedCorner{position=BottomRight, radius=9, center=Point(1331, 791)}, RoundedCorner{position=BottomLeft, radius=9, center=Point(9, 791)}]}  mRoundedCornerFrame=Rect(0, 0 - 1340, 800), mPrivacyIndicatorBounds=PrivacyIndicatorBounds {static bounds=Rect(1282, 0 - 1340, 39) rotation=1}, mDisplayShape=DisplayShape{ spec=-311912193 displayWidth=800 displayHeight=1340 physicalPixelDisplaySizeRatio=1.0 rotation=1 offsetX=0 offsetY=0 scale=1.0}, mSources= { InsetsSource: {887e0000 mType=statusBars mFrame=[0,0][1340,39] mVisible=true mFlags= mSideHint=TOP mBoundingRects=null}, InsetsSource: {887e0005 mType=mandatorySystemGestures mFrame=[0,0][1340,39] mVisible=true mFlags= mSideHint=TOP mBoundingRects=null}, InsetsSource: {887e0006 mType=tappableElement mFrame=[0,0][1340,39] mVisible=true mFlags= mSideHint=TOP mBoundingRects=null}, InsetsSource: {3 mType=ime mFrame=[0,0][0,0] mVisible=false mFlags= mSideHint=NONE mBoundingRects=null}, InsetsSource: {292c0001 mType=navigationBars mFrame=[0,737][1340,800] mVisible=true mFlags= mSideHint=BOTTOM mBoundingRects=null}, InsetsSource: {292c0004 mType=systemGestures mFrame=[0,0][0,0] mVisible=true mFlags= mSideHint=NONE mBoundingRects=null}, InsetsSource: {292c0005 mType=mandatorySystemGestures mFrame=[0,737][1340,800] mVisible=true mFlags= mSideHint=BOTTOM mBoundingRects=null}, InsetsSource: {292c0006 mType=tappableElement mFrame=[0,737][1340,800] mVisible=true mFlags= mSideHint=BOTTOM mBoundingRects=null}, InsetsSource: {292c0024 mType=systemGestures mFrame=[0,0][0,0] mVisible=true mFlags= mSideHint=NONE mBoundingRects=null} }
06-20 11:58:28.702 15989 15989 I VRI[NekkiNativeActivity]@4894582: synced displayState. AttachInfo displayState=2
06-20 11:58:28.702 15989 15989 D InputTransport: setImprovementEvent.. GameApp 1 1  179.759  179.759 2003436.750 2002.020 1415.428
06-20 11:58:28.704 15989 15989 I VRI[NekkiNativeActivity]@4894582: setView = com.android.internal.policy.DecorView@33f2f71 IsHRR=false mFlingFrameRateChange=0 TM=true
06-20 11:58:28.704 15989 15989 I IDS_TAG : Starting IDS observe window
06-20 11:58:28.704 15989 15989 I IDS_TAG : Getting Shared Preference for androidx.multidex.MultiDexApplication@82697d1 uid = 10002
06-20 11:58:28.705 15989 16046 D FirebaseSessions: Notified CRASHLYTICS of new session 55be5f0d319a4e32baccde5c7488519b
06-20 11:58:28.705 15989 15989 I IDS_TAG : App androidx.multidex.MultiDexApplication@82697d1 has not finished training
06-20 11:58:28.707 15989 16050 I FA      : Tag Manager is not found and thus will not be used
06-20 11:58:28.709 15989 15989 I IDS_TAG : Closing IDS observe window
06-20 11:58:28.709 15989 15989 I IDS_TAG : Getting Shared Preference for androidx.multidex.MultiDexApplication@82697d1 uid = 10002
06-20 11:58:28.709 15989 15989 I IDS_TAG : IDS count updated to 1 for androidx.multidex.MultiDexApplication@82697d1
06-20 11:58:28.711 15989 15989 I SV[263146009 NekkiNativeActivity]: onWindowVisibilityChanged(0) true com.unity3d.player.a.g{faf4a19 VFE...... .F....I. 0,0-0,0 #7f0a03a2 app:id/unitySurfaceView} of VRI[NekkiNativeActivity]@4894582
06-20 11:58:28.711 15989 15989 D SurfaceView: 263146009 updateSurface: has no frame
06-20 11:58:28.716 15989 16050 W GooglePlayServicesUtil: com.nekki.shadowfight3 requires Google Play services, but they are missing.
06-20 11:58:28.720 15989 15989 E jun.blackbox:p0: [perfctl] 15989 15989 FPSGO ver:0
06-20 11:58:28.720 15989 15989 E jun.blackbox:p0: [perfctl] 0 0 0 0
06-20 11:58:28.722 15989 15989 D BufferQueueConsumer: [](id:3e7500000000,api:0,p:-1,c:15989) connect: controlledByApp=false
06-20 11:58:28.724 15989 15989 D BLASTBufferQueue: [VRI[NekkiNativeActivity]@4894582#0](f:0,a:0) constructor()
06-20 11:58:28.724 15989 15989 I BLASTBufferQueue_Java: new BLASTBufferQueue, mName= VRI[NekkiNativeActivity]@4894582 mNativeObject= 0x778e247f70 caller= android.view.ViewRootImpl.updateBlastSurfaceIfNeeded:3585 android.view.ViewRootImpl.relayoutWindow:11685 android.view.ViewRootImpl.performTraversals:4804 android.view.ViewRootImpl.doTraversal:3924 android.view.ViewRootImpl$TraversalRunnable.run:12903 android.view.Choreographer$CallbackRecord.run:1901 android.view.Choreographer$CallbackRecord.run:1910 android.view.Choreographer.doCallbacks:1367 android.view.Choreographer.doFrame:1292 android.view.Choreographer$FrameDisplayEventReceiver.run:1870 
06-20 11:58:28.724 15989 16050 D TransactionThrottler: Reset transaction throttler
06-20 11:58:28.724 15989 15989 I BLASTBufferQueue_Java: update, w= 1340 h= 800 mName = VRI[NekkiNativeActivity]@4894582 mNativeObject= 0x778e247f70 sc.mNativeObject= 0x772e216010 format= -3 caller= android.view.ViewRootImpl.updateBlastSurfaceIfNeeded:3590 android.view.ViewRootImpl.relayoutWindow:11685 android.view.ViewRootImpl.performTraversals:4804 android.view.ViewRootImpl.doTraversal:3924 android.view.ViewRootImpl$TraversalRunnable.run:12903 android.view.Choreographer$CallbackRecord.run:1901 
06-20 11:58:28.724 15989 15989 D BLASTBufferQueue: [VRI[NekkiNativeActivity]@4894582#0](f:0,a:0) update width=1340 height=800 format=-3 mTransformHint=4
06-20 11:58:28.725 15989 15989 I VRI[NekkiNativeActivity]@4894582: Relayout returned: old=(0,0,1340,800) new=(0,0,1340,800) relayoutAsync=false req=(1340,800)0 dur=6 res=0x3 s={true 0x775e23df40} ch=true seqId=0
06-20 11:58:28.726 15989 15989 D VRI[NekkiNativeActivity]@4894582: mThreadedRenderer.initialize() mSurface={isValid=true 0x775e23df40} hwInitialized=true
06-20 11:58:28.727 15989 15989 D SurfaceView: 263146009 updateSurface: has no frame
06-20 11:58:28.730 15989 15989 I Kumiho-Kumiho: getPackageName: top.niunaijun.blackbox
06-20 11:58:28.766 15989 15989 I Kumiho-Kumiho: getPackageName: top.niunaijun.blackbox
06-20 11:58:28.779 15989 15989 I SV[263146009 NekkiNativeActivity]: windowStopped(false) true com.unity3d.player.a.g{faf4a19 VFE...... .F....ID 0,0-1340,800 #7f0a03a2 app:id/unitySurfaceView} of VRI[NekkiNativeActivity]@4894582
06-20 11:58:28.779 15989 15989 D SurfaceView: 263146009 updateSurface: has no frame
06-20 11:58:28.780 15989 15989 D VRI[NekkiNativeActivity]@4894582: reportNextDraw android.view.ViewRootImpl.performTraversals:5443 android.view.ViewRootImpl.doTraversal:3924 android.view.ViewRootImpl$TraversalRunnable.run:12903 android.view.Choreographer$CallbackRecord.run:1901 android.view.Choreographer$CallbackRecord.run:1910 
06-20 11:58:28.780 15989 15989 I SurfaceView: 263146009 Changes: creating=true format=true size=true visible=true alpha=false hint=true left=true top=true z=false attached=true lifecycleStrategy=false
06-20 11:58:28.784 15989 15989 D BufferQueueConsumer: [](id:3e7500000001,api:0,p:-1,c:15989) connect: controlledByApp=false
06-20 11:58:28.784 15989 15989 D BLASTBufferQueue: [faf4a19 SurfaceView[com.nekki.shadowfight3/com.nekki.unityplugins.NekkiNativeActivity]@0#1](f:0,a:0) constructor()
06-20 11:58:28.784 15989 15989 I BLASTBufferQueue_Java: new BLASTBufferQueue, mName= faf4a19 SurfaceView[com.nekki.shadowfight3/com.nekki.unityplugins.NekkiNativeActivity]@0 mNativeObject= 0x778e258e60 caller= android.view.SurfaceView.createBlastSurfaceControls:1781 android.view.SurfaceView.updateSurface:1450 android.view.SurfaceView.lambda$new$0:280 android.view.SurfaceView.$r8$lambda$NfZyM_TG8F8lqzaOVZ7noREFjzU:0 android.view.SurfaceView$$ExternalSyntheticLambda1.onPreDraw:0 android.view.ViewTreeObserver.dispatchOnPreDraw:1229 android.view.ViewRootImpl.performTraversals:5448 android.view.ViewRootImpl.doTraversal:3924 android.view.ViewRootImpl$TraversalRunnable.run:12903 android.view.Choreographer$CallbackRecord.run:1901 
06-20 11:58:28.785 15989 15989 I BLASTBufferQueue_Java: update, w= 1340 h= 800 mName = faf4a19 SurfaceView[com.nekki.shadowfight3/com.nekki.unityplugins.NekkiNativeActivity]@0 mNativeObject= 0x778e258e60 sc.mNativeObject= 0x772e218e90 format= 4 caller= android.view.SurfaceView.createBlastSurfaceControls:1782 android.view.SurfaceView.updateSurface:1450 android.view.SurfaceView.lambda$new$0:280 android.view.SurfaceView.$r8$lambda$NfZyM_TG8F8lqzaOVZ7noREFjzU:0 android.view.SurfaceView$$ExternalSyntheticLambda1.onPreDraw:0 android.view.ViewTreeObserver.dispatchOnPreDraw:1229 
06-20 11:58:28.785 15989 15989 D BLASTBufferQueue: [faf4a19 SurfaceView[com.nekki.shadowfight3/com.nekki.unityplugins.NekkiNativeActivity]@0#1](f:0,a:0) update width=1340 height=800 format=4 mTransformHint=4
06-20 11:58:28.785 15989 15989 I SurfaceView: 263146009 Cur surface: Surface(name=null mNativeObject=0)/@0xa4aa3dc
06-20 11:58:28.785 15989 15989 I SV[263146009 NekkiNativeActivity]: pST: sr = Rect(0, 0 - 1340, 800) sw = 1340 sh = 800
06-20 11:58:28.785 15989 15989 D SurfaceView: 263146009 performSurfaceTransaction RenderWorker position = [0, 0, 1340, 800] surfaceSize = 1340x800
06-20 11:58:28.785 15989 15989 I SV[263146009 NekkiNativeActivity]: updateSurface: mVisible = true mSurface.isValid() = true
06-20 11:58:28.785 15989 15989 I SV[263146009 NekkiNativeActivity]: updateSurface: mSurfaceCreated = false surfaceChanged = true visibleChanged = true
06-20 11:58:28.785 15989 15989 I SurfaceView: 263146009 visibleChanged -- surfaceCreated
06-20 11:58:28.785 15989 15989 I SV[263146009 NekkiNativeActivity]: surfaceCreated 1 #8 com.unity3d.player.a.g{faf4a19 VFE...... .F....ID 0,0-1340,800 #7f0a03a2 app:id/unitySurfaceView}
06-20 11:58:28.785 15989 15989 I SurfaceView: 263146009 surfaceChanged -- format=4 w=1340 h=800
06-20 11:58:28.785 15989 15989 I SV[263146009 NekkiNativeActivity]: surfaceChanged (1340,800) 1 #8 com.unity3d.player.a.g{faf4a19 VFE...... .F....ID 0,0-1340,800 #7f0a03a2 app:id/unitySurfaceView}
06-20 11:58:28.785 15989 15989 I SurfaceView: 263146009 surfaceRedrawNeeded
06-20 11:58:28.786 15989 15989 I SurfaceView: 263146009 finishedDrawing
06-20 11:58:28.786 15989 15989 V SurfaceView: Layout: x=0 y=0 w=1340 h=800, frame=Rect(0, 0 - 1340, 800)
06-20 11:58:28.786 15989 15989 D VRI[NekkiNativeActivity]@4894582: Setup new sync=wmsSync-VRI[NekkiNativeActivity]@4894582#1
06-20 11:58:28.786 15989 15989 I VRI[NekkiNativeActivity]@4894582: Creating new active sync group VRI[NekkiNativeActivity]@4894582#2
06-20 11:58:28.787 15989 15989 D VRI[NekkiNativeActivity]@4894582: registerCallbacksForSync syncBuffer=false
06-20 11:58:28.788 15989 16077 D SurfaceView: 263146009 updateSurfacePosition RenderWorker, frameNr = 1, position = [0, 0, 1340, 800] surfaceSize = 1340x800
06-20 11:58:28.788 15989 16077 I SV[263146009 NekkiNativeActivity]: uSP: rtp = Rect(0, 0 - 1340, 800) rtsw = 1340 rtsh = 800
06-20 11:58:28.788 15989 16077 I SV[263146009 NekkiNativeActivity]: onSSPAndSRT: pl = 0 pt = 0 sx = 1.0 sy = 1.0
06-20 11:58:28.788 15989 16077 I SV[263146009 NekkiNativeActivity]: aOrMT: VRI[NekkiNativeActivity]@4894582 t = android.view.SurfaceControl$Transaction@d96e39d fN = 1 android.view.SurfaceView.-$$Nest$mapplyOrMergeTransaction:0 android.view.SurfaceView$SurfaceViewPositionUpdateListener.positionChanged:1932 android.graphics.RenderNode$CompositePositionUpdateListener.positionChanged:401 
06-20 11:58:28.788 15989 16077 I VRI[NekkiNativeActivity]@4894582: mWNT: t=0x779e2540d0 mBlastBufferQueue=0x778e247f70 fn= 1 HdrRenderState mRenderHdrSdrRatio=1.0 caller= android.view.SurfaceView.applyOrMergeTransaction:1863 android.view.SurfaceView.-$$Nest$mapplyOrMergeTransaction:0 android.view.SurfaceView$SurfaceViewPositionUpdateListener.positionChanged:1932 
06-20 11:58:28.792 15989 16132 D VRI[NekkiNativeActivity]@4894582: Received frameDrawingCallback syncResult=0 frameNum=1.
06-20 11:58:28.792 15989 16132 I VRI[NekkiNativeActivity]@4894582: mWNT: t=0x779e250550 mBlastBufferQueue=0x778e247f70 fn= 1 HdrRenderState mRenderHdrSdrRatio=1.0 caller= android.view.ViewRootImpl$12.onFrameDraw:15441 android.view.ThreadedRenderer$1.onFrameDraw:718 <bottom of call stack> 
06-20 11:58:28.792 15989 16132 I VRI[NekkiNativeActivity]@4894582: Setting up sync and frameCommitCallback
06-20 11:58:28.794 15989 16077 D jun.blackbox:p0: Can't load libmbrainSDK
06-20 11:58:28.794 15989 16077 D jun.blackbox:p0: initMbrain failed
06-20 11:58:28.799 15989 16077 I GrallocExtra: gralloc_extra_query:is_SW3D 0
06-20 11:58:28.799 15989 16077 I GrallocExtra: gralloc_extra_query:is_SW3D 0
06-20 11:58:28.800 15989 16077 D BLASTBufferQueue: [VRI[NekkiNativeActivity]@4894582#0](f:0,a:1) acquireNextBufferLocked size=1340x800 mFrameNumber=1 applyTransaction=true mTimestamp=294080341679834(auto) mPendingTransactions.size=0 graphicBufferId=68672232095744 transform=7
06-20 11:58:28.800 15989 16077 D jun.blackbox:p0: Can't load libmbrainSDK
06-20 11:58:28.800 15989 16077 D jun.blackbox:p0: initMbrain failed
06-20 11:58:28.800 15989 16077 I VRI[NekkiNativeActivity]@4894582: Received frameCommittedCallback lastAttemptedDrawFrameNum=1 didProduceBuffer=true
06-20 11:58:28.801 15989 16077 D HWUI    : CFMS:: SetUp Pid : 15989    Tid : 16077
06-20 11:58:28.801 15989 15989 D VRI[NekkiNativeActivity]@4894582: reportDrawFinished seqId=0
06-20 11:58:28.802 15989 15989 I AdvertisingIdClient: getting error as 17: API: ClientTelemetry.API is not available on this device. Connection failed with: ConnectionResult{statusCode=SERVICE_MISSING, resolution=null, message=null, clientMethodKey=null}
06-20 11:58:28.804 15989 15989 D PackageManagerStub: GetPackageInfo: Providing fake Google Play Services info
06-20 11:58:28.804 15989 16077 D HWUI    : HWUI - treat SMPTE_170M as sRGB
06-20 11:58:28.809 15989 15989 V FA      : AppMeasurementService is starting up.
06-20 11:58:28.816 15989 16050 D TransactionThrottler: Reset transaction throttler
06-20 11:58:28.821 15989 16050 W JobServiceStub: Cancel: JobId is null
06-20 11:58:28.825 15989 16050 D TransactionThrottler: Reset transaction throttler
06-20 11:58:28.828 15989 16050 W JobServiceStub: Cancel: JobId is null
06-20 11:58:28.829 15989 16149 I AppMetrica: AppMetrica [4506-IAA-CDE-1] Initializing of AppMetrica, Release type, Version 7.14.2, API Level 116, Dated 03.03.2026.
06-20 11:58:28.851 15989 16069 D AttributionSourceUtils: Fixed AttributionSource UID in method arguments
06-20 11:58:28.852 15989 16069 D AttributionSourceUtils: Fixed AttributionSource UID in method arguments
06-20 11:58:28.860 15989 15989 I InsetsController: controlAnimationUncheckedInner: Added types=statusBars navigationBars, animType=1, host=com.nekki.shadowfight3/com.nekki.unityplugins.NekkiNativeActivity, from=android.view.InsetsController.controlAnimationUnchecked:1608 android.view.InsetsController.applyAnimation:2416 android.view.InsetsController.applyAnimation:2343 
06-20 11:58:28.863 15989 16069 W GooglePlayServicesUtil: com.nekki.shadowfight3 requires Google Play services, but they are missing.
06-20 11:58:28.863 15989 16072 W GooglePlayServicesUtil: com.nekki.shadowfight3 requires Google Play services, but they are missing.
06-20 11:58:28.864 15989 16072 W GoogleApiManager: The service for com.google.android.gms.internal.appset.zzd is not available: ConnectionResult{statusCode=SERVICE_MISSING, resolution=null, message=null, clientMethodKey=null}
06-20 11:58:28.871 15989 15989 I InsetsController: onStateChanged: host=com.nekki.shadowfight3/com.nekki.unityplugins.NekkiNativeActivity, from=android.view.ViewRootImpl.onInsetsStateChanged:3026, state=InsetsState: {mDisplayFrame=Rect(0, 0 - 1340, 800), mDisplayCutout=DisplayCutout{insets=Rect(0, 0 - 0, 0) waterfall=Insets{left=0, top=0, right=0, bottom=0} boundingRect={Bounds=[Rect(0, 0 - 0, 0), Rect(0, 0 - 0, 0), Rect(0, 0 - 0, 0), Rect(0, 0 - 0, 0)]} cutoutPathParserInfo={CutoutPathParserInfo{displayWidth=0 displayHeight=0 physicalDisplayWidth=0 physicalDisplayHeight=0 density={0.0} cutoutSpec={} rotation={0} scale={0.0} physicalPixelDisplaySizeRatio={0.0}}} sideOverrides=null}, mRoundedCorners=RoundedCorners{[RoundedCorner{position=TopLeft, radius=9, center=Point(9, 9)}, RoundedCorner{position=TopRight, radius=9, center=Point(1331, 9)}, RoundedCorner{position=BottomRight, radius=9, center=Point(1331, 791)}, RoundedCorner{position=BottomLeft, radius=9, center=Point(9, 791)}]}  mRoundedCornerFrame=Rect(0, 0 - 1340, 800), mPrivacyIndicatorBounds=PrivacyIndicatorBounds {static bounds=Rect(1282, 0 - 1340, 39) rotation=1}, mDisplayShape=DisplayShape{ spec=-311912193 displayWidth=800 displayHeight=1340 physicalPixelDisplaySizeRatio=1.0 rotation=1 offsetX=0 offsetY=0 scale=1.0}, mSources= { InsetsSource: {887e0000 mType=statusBars mFrame=[0,0][1340,39] mVisible=false mFlags= mSideHint=TOP mBoundingRects=null}, InsetsSource: {887e0005 mType=mandatorySystemGestures mFrame=[0,0][1340,39] mVisible=true mFlags= mSideHint=TOP mBoundingRects=null}, InsetsSource: {887e0006 mType=tappableElement mFrame=[0,0][1340,39] mVisible=true mFlags= mSideHint=TOP mBoundingRects=null}, InsetsSource: {3 mType=ime mFrame=[0,0][0,0] mVisible=false mFlags= mSideHint=NONE mBoundingRects=null}, InsetsSource: {292c0001 mType=navigationBars mFrame=[0,737][1340,800] mVisible=false mFlags= mSideHint=BOTTOM mBoundingRects=null}, InsetsSource: {292c0004 mType=systemGestures mFrame=[0,0][0,0] mVisible=true mFlags= mSideHint=NONE mBoundingRects=null}, InsetsSource: {292c0005 mType=mandatorySystemGestures mFrame=[0,737][1340,800] mVisible=true mFlags= mSideHint=BOTTOM mBoundingRects=null}, InsetsSource: {292c0006 mType=tappableElement mFrame=[0,737][1340,800] mVisible=true mFlags= mSideHint=BOTTOM mBoundingRects=null}, InsetsSource: {292c0024 mType=systemGestures mFrame=[0,0][0,0] mVisible=true mFlags= mSideHint=NONE mBoundingRects=null} }
06-20 11:58:28.871 15989 15989 I VRI[NekkiNativeActivity]@4894582: handleResized, frames=ClientWindowFrames{frame=[0,0][1340,800] display=[0,0][1340,800] parentFrame=[0,0][0,0]} displayId=0 dragResizing=false compatScale=1.0 frameChanged=false attachedFrameChanged=false configChanged=false displayChanged=false compatScaleChanged=false dragResizingChanged=false
06-20 11:58:28.877 15989 16149 I LevelPlaySDK: API: LevelPlay addImpressionDataListener - adding listener: c
06-20 11:58:28.880 15989 16149 I LevelPlaySDK: API: p b - add impression data listener to Za
06-20 11:58:28.880 15989 16149 I AppMetrica: AppMetrica [4506-IAA-CDE-1] Activate AppMetrica in anonymous mode
06-20 11:58:28.880 15989 16058 D AdvertisingIdClient: AdvertisingIdClient already created.
06-20 11:58:28.880 15989 16058 D AdvertisingIdClient: AdvertisingIdClient is not bounded. Starting to bind it...
06-20 11:58:28.880 15989 16058 W GooglePlayServicesUtil: com.nekki.shadowfight3 requires Google Play services, but they are missing.
06-20 11:58:28.880 15989 16157 D TransactionThrottler: Reset transaction throttler
06-20 11:58:28.881 15989 16066 D TransactionThrottler: Reset transaction throttler
06-20 11:58:28.881 15989 16064 W GooglePlayServicesUtil: com.nekki.shadowfight3 requires Google Play services, but they are missing.
06-20 11:58:28.881 15989 16149 I AppMetrica: AppMetrica [4506-IAA-CDE-1] Activate reporter with APIKey 20799a27-xxxx-xxxx-xxxx-xxxxxxxx4180
06-20 11:58:28.882 15989 16072 W GooglePlayServicesUtil: com.nekki.shadowfight3 requires Google Play services, but they are missing.
06-20 11:58:28.887 15989 16058 I AdvertisingIdClient: shouldSendLog -1
06-20 11:58:28.887 15989 16072 W GoogleApiManager: The service for com.google.android.gms.internal.appset.zzd is not available: ConnectionResult{statusCode=SERVICE_MISSING, resolution=null, message=null, clientMethodKey=null}
06-20 11:58:28.888 15989 16072 W GooglePlayServicesUtil: com.nekki.shadowfight3 requires Google Play services, but they are missing.
06-20 11:58:28.888 15989 16058 D TransactionThrottler: Reset transaction throttler
06-20 11:58:28.890 15989 16072 W GoogleApiManager: The service for com.google.android.gms.common.internal.service.zau is not available: ConnectionResult{statusCode=SERVICE_MISSING, resolution=null, message=null, clientMethodKey=null}
06-20 11:58:28.892 15989 16058 D TransactionThrottler: Reset transaction throttler
06-20 11:58:28.899 15989 16069 D AdvertisingIdClient: AdvertisingIdClient already created.
06-20 11:58:28.899 15989 16069 D AdvertisingIdClient: AdvertisingIdClient is not bounded. Starting to bind it...
06-20 11:58:28.899 15989 16069 W GooglePlayServicesUtil: com.nekki.shadowfight3 requires Google Play services, but they are missing.
06-20 11:58:28.900 15989 16069 I AdvertisingIdClient: shouldSendLog -1
06-20 11:58:28.901 15989 16072 W GooglePlayServicesUtil: com.nekki.shadowfight3 requires Google Play services, but they are missing.
06-20 11:58:28.901 15989 16069 D AttributionSourceUtils: Fixed AttributionSource UID in method arguments
06-20 11:58:28.904 15989 16072 W GoogleApiManager: The service for com.google.android.gms.common.internal.service.zau is not available: ConnectionResult{statusCode=SERVICE_MISSING, resolution=null, message=null, clientMethodKey=null}
06-20 11:58:28.904 15989 16069 D AttributionSourceUtils: Fixed AttributionSource UID in method arguments
06-20 11:58:28.907 15989 16069 D AttributionSourceUtils: Fixed AttributionSource UID in method arguments
06-20 11:58:28.909 15989 16069 W ApkUtil : getPackageInfo NameNotFoundException
06-20 11:58:28.911 15989 16069 W ApkUtil : getPackageInfo NameNotFoundException
06-20 11:58:28.911 15989 16069 W ApkUtil : getPackageInfo NameNotFoundException
06-20 11:58:28.923 15989 15989 E SQLiteLog: (1) no such table: binary_data in "SELECT * FROM binary_data WHERE data_key = ?"
06-20 11:58:28.923 15989 15989 E SQLiteConnection: DB version: 116
06-20 11:58:28.931 15989 15989 D TransactionThrottler: Reset transaction throttler
06-20 11:58:28.931 15989 15989 D TransactionThrottler: Reset transaction throttler
06-20 11:58:28.934 15989 15998 E LoadedApk: performReceive() called targeting raw IIntentReceiver for Intent { act=android.intent.action.BATTERY_CHANGED flg=0x60000010 (has extras) }
06-20 11:58:28.934 15989 15989 I AdvertisingIdClient: getting error as 17: API: ClientTelemetry.API is not available on this device. Connection failed with: ConnectionResult{statusCode=SERVICE_MISSING, resolution=null, message=null, clientMethodKey=null}
06-20 11:58:28.935 15989 15989 I AdvertisingIdClient: getting error as 17: API: ClientTelemetry.API is not available on this device. Connection failed with: ConnectionResult{statusCode=SERVICE_MISSING, resolution=null, message=null, clientMethodKey=null}
06-20 11:58:28.939 15989 16173 D TransactionThrottler: Reset transaction throttler
06-20 11:58:28.946 15989 16173 W GooglePlayServicesUtil: com.nekki.shadowfight3 requires Google Play services, but they are missing.
06-20 11:58:28.946 15989 16072 W GooglePlayServicesUtil: com.nekki.shadowfight3 requires Google Play services, but they are missing.
06-20 11:58:28.947 15989 16072 W GoogleApiManager: The service for com.google.android.gms.internal.appset.zzd is not available: ConnectionResult{statusCode=SERVICE_MISSING, resolution=null, message=null, clientMethodKey=null}
06-20 11:58:29.003 15989 16024 D TransactionThrottler: Reset transaction throttler
06-20 11:58:29.005 15989 16024 W AnalyticsUserIDStore: initStore should have been called before calling setUserID
06-20 11:58:29.178 15989 16187 E emoji2.text.DefaultEmojiConfig: com.google.android.gms
06-20 11:58:29.178 15989 16187 E emoji2.text.DefaultEmojiConfig: android.content.pm.PackageManager$NameNotFoundException: com.google.android.gms
06-20 11:58:29.178 15989 16187 E emoji2.text.DefaultEmojiConfig: 	at android.app.ApplicationPackageManager.getPackageInfoAsUser(ApplicationPackageManager.java:327)
06-20 11:58:29.178 15989 16187 E emoji2.text.DefaultEmojiConfig: 	at android.app.ApplicationPackageManager.getPackageInfo(ApplicationPackageManager.java:287)
06-20 11:58:29.178 15989 16187 E emoji2.text.DefaultEmojiConfig: 	at android.app.ApplicationPackageManager.getPackageInfo(ApplicationPackageManager.java:281)
06-20 11:58:29.178 15989 16187 E emoji2.text.DefaultEmojiConfig: 	at androidx.emoji2.text.DefaultEmojiCompatConfig$DefaultEmojiCompatConfigHelper_API28.getSigningSignatures(DefaultEmojiCompatConfig.java:338)
06-20 11:58:29.178 15989 16187 E emoji2.text.DefaultEmojiConfig: 	at androidx.emoji2.text.DefaultEmojiCompatConfig$DefaultEmojiCompatConfigFactory.generateFontRequestFrom(DefaultEmojiCompatConfig.java:222)
06-20 11:58:29.178 15989 16187 E emoji2.text.DefaultEmojiConfig: 	at androidx.emoji2.text.DefaultEmojiCompatConfig$DefaultEmojiCompatConfigFactory.queryForDefaultFontRequest(DefaultEmojiCompatConfig.java:167)
06-20 11:58:29.178 15989 16187 E emoji2.text.DefaultEmojiConfig: 	at androidx.emoji2.text.DefaultEmojiCompatConfig$DefaultEmojiCompatConfigFactory.create(DefaultEmojiCompatConfig.java:130)
06-20 11:58:29.178 15989 16187 E emoji2.text.DefaultEmojiConfig: 	at androidx.emoji2.text.DefaultEmojiCompatConfig.create(DefaultEmojiCompatConfig.java:98)
06-20 11:58:29.178 15989 16187 E emoji2.text.DefaultEmojiConfig: 	at androidx.emoji2.text.EmojiCompatInitializer$BackgroundDefaultLoader.doLoad(EmojiCompatInitializer.java:174)
06-20 11:58:29.178 15989 16187 E emoji2.text.DefaultEmojiConfig: 	at androidx.emoji2.text.EmojiCompatInitializer$BackgroundDefaultLoader.lambda$load$0$androidx-emoji2-text-EmojiCompatInitializer$BackgroundDefaultLoader(EmojiCompatInitializer.java:167)
06-20 11:58:29.178 15989 16187 E emoji2.text.DefaultEmojiConfig: 	at androidx.emoji2.text.EmojiCompatInitializer$BackgroundDefaultLoader$$ExternalSyntheticLambda0.run(D8$$SyntheticClass:0)
06-20 11:58:29.178 15989 16187 E emoji2.text.DefaultEmojiConfig: 	at java.util.concurrent.ThreadPoolExecutor.runWorker(ThreadPoolExecutor.java:1100)
06-20 11:58:29.178 15989 16187 E emoji2.text.DefaultEmojiConfig: 	at java.util.concurrent.ThreadPoolExecutor$Worker.run(ThreadPoolExecutor.java:624)
06-20 11:58:29.178 15989 16187 E emoji2.text.DefaultEmojiConfig: 	at java.lang.Thread.run(Thread.java:1572)
06-20 11:58:29.208 15989 16001 I MethodTracer: Native hooks installed on attempt 1
06-20 11:58:29.215 15989 15989 I InsetsController: cancelAnimation: types=statusBars navigationBars, animType=1, host=com.nekki.shadowfight3/com.nekki.unityplugins.NekkiNativeActivity, from=android.view.InsetsController.notifyFinished:2006 android.view.InsetsAnimationThreadControlRunner$1.lambda$notifyFinished$0:82 android.view.InsetsAnimationThreadControlRunner$1.$r8$lambda$cDFF0h4Ncq-8EXdGszv69jrUu7c:0 
06-20 11:58:29.216 15989 16152 W InteractionJankMonitor: Initializing without READ_DEVICE_CONFIG permission. enabled=false, interval=1, missedFrameThreshold=3, frameTimeThreshold=64, package=com.nekki.shadowfight3
06-20 11:58:29.240 15989 16015 W GooglePlayServicesUtil: com.nekki.shadowfight3 requires Google Play services, but they are missing.
06-20 11:58:29.241 15989 16015 W GooglePlayServicesUtil: com.nekki.shadowfight3 requires Google Play services, but they are missing.
06-20 11:58:29.243 15989 16027 D TransactionThrottler: Reset transaction throttler
06-20 11:58:29.244 15989 16027 D TransactionThrottler: Reset transaction throttler
06-20 11:58:29.327 15989 16072 E GoogleApiManager: Failed to get service from broker. 
06-20 11:58:29.327 15989 16072 E GoogleApiManager: java.lang.SecurityException: Unknown calling package name 'com.nekki.shadowfight3'.
06-20 11:58:29.327 15989 16072 E GoogleApiManager: 	at android.os.Parcel.createExceptionOrNull(Parcel.java:3354)
06-20 11:58:29.327 15989 16072 E GoogleApiManager: 	at android.os.Parcel.createException(Parcel.java:3338)
06-20 11:58:29.327 15989 16072 E GoogleApiManager: 	at android.os.Parcel.readException(Parcel.java:3321)
06-20 11:58:29.327 15989 16072 E GoogleApiManager: 	at android.os.Parcel.readException(Parcel.java:3263)
06-20 11:58:29.327 15989 16072 E GoogleApiManager: 	at com.google.android.gms.common.internal.zzaa.getService(com.google.android.gms:play-services-basement@@18.9.0:9)
06-20 11:58:29.327 15989 16072 E GoogleApiManager: 	at com.google.android.gms.common.internal.BaseGmsClient.getRemoteService(com.google.android.gms:play-services-basement@@18.9.0:17)
06-20 11:58:29.327 15989 16072 E GoogleApiManager: 	at com.google.android.gms.common.api.internal.zabm.run(com.google.android.gms:play-services-base@@18.9.0:6)
06-20 11:58:29.327 15989 16072 E GoogleApiManager: 	at android.os.Handler.handleCallback(Handler.java:995)
06-20 11:58:29.327 15989 16072 E GoogleApiManager: 	at android.os.Handler.dispatchMessage(Handler.java:103)
06-20 11:58:29.327 15989 16072 E GoogleApiManager: 	at android.os.Looper.loopOnce(Looper.java:273)
06-20 11:58:29.327 15989 16072 E GoogleApiManager: 	at android.os.Looper.loop(Looper.java:363)
06-20 11:58:29.327 15989 16072 E GoogleApiManager: 	at android.os.HandlerThread.run(HandlerThread.java:85)
06-20 11:58:29.351 15989 15989 D BBA2    : setIsFg isFg = false; delayValue 3999ms
06-20 11:58:29.362 15989 16149 I AppMetrica: AppMetrica [4506-IAA-CDE-1] Activate reporter with APIKey 478cb909-xxxx-xxxx-xxxx-xxxxxxxx9f93
06-20 11:58:29.758 15989 16049 D FirebaseSessions: Fetching settings from server.
06-20 11:58:29.877 15989 16045 D FirebaseSessions: Fetched settings: {"settings_version":3,"cache_duration":184641,"features":{"collect_logged_exceptions":true,"collect_reports":true,"collect_analytics":false,"prompt_enabled":false,"push_enabled":false,"firebase_crashlytics_enabled":false,"collect_anrs":true,"collect_metric_kit":false,"collect_build_ids":true},"app":{"status":"activated","update_required":false,"report_upload_variant":2,"native_report_upload_variant":2},"fabric":{"org_id":"5c659000858cbd3689000e68","bundle_id":"com.nekki.shadowfight3"},"on_demand_upload_rate_per_minute":10,"on_demand_backoff_base":1.2,"on_demand_backoff_step_duration_seconds":60,"app_quality":{"sessions_enabled":true,"sampling_rate":1,"session_timeout_seconds":1800},"on_demand_thread_recording_suspension_enabled":true}
06-20 11:58:29.884 15989 16044 D FirebaseSessions: Remote settings cache not expired. Using cached values.
06-20 11:58:29.889 15989 16048 D FirebaseSessions: Session Event Type: SESSION_START
06-20 11:58:29.889 15989 16048 D FirebaseSessions: Successfully logged Session Start event.
06-20 11:58:29.897 15989 16047 W JobServiceStub: Schedule: args[0] is null, returning RESULT_FAILURE
06-20 11:58:29.899 15989 16023 W GooglePlayServicesUtil: com.nekki.shadowfight3 requires Google Play services, but they are missing.
06-20 11:58:29.899 15989 16023 W GooglePlayServicesUtil: com.nekki.shadowfight3 requires Google Play services, but they are missing.
06-20 11:58:29.971 15989 16173 I AppMetrica: AppMetrica-Attribution [4522-IAA-STE-10] Update distribution data: ClidsInfo(chosen=Candidate(clids=null, source=UNDEFINED), candidates=[]) -> ClidsInfo(chosen=Candidate(clids=null, source=APP), candidates=[Candidate(clids=null, source=APP)])
06-20 11:58:29.973 15989 16173 D TransactionThrottler: Reset transaction throttler
06-20 11:58:29.973 15989 16173 I AppMetrica: AppMetrica-Attribution [4522-IAA-STE-10] Satellite content provider with clids was not found.
06-20 11:58:30.241 15989 16058 I YandexAds: [Integration] Yandex Mobile Ads 7.18.5 initialized successfully
06-20 11:58:33.840 15989 15989 V FA      : onUnbind called for intent. action: com.google.android.gms.measurement.START
06-20 11:58:33.863 15989 16237 D ProfileInstaller: Installing profile for com.nekki.shadowfight3
06-20 11:58:42.172 15989 15989 D VRI[NekkiNativeActivity]@4894582: mThreadedRenderer.initializeIfNeeded()#2 mSurface={isValid=true 0x775e23df40}
06-20 11:58:42.173 15989 15989 D InputMethodManagerUtils: startInputInner - Id : 0
06-20 11:58:42.173 15989 15989 I InputMethodManager: startInputInner - IInputMethodManagerGlobalInvoker.startInputOrWindowGainedFocus
06-20 11:58:42.177 15989 15989 I InputMethodManager: handleMessage: setImeVisibility visible=false
06-20 11:58:42.177 15989 15989 D InsetsController: hide(ime(), fromIme=false)
06-20 11:58:42.177 15989 15989 I ImeTracker: top.niunaijun.blackbox:7ea9cfde: onCancelled at PHASE_CLIENT_ALREADY_HIDDEN
06-20 11:58:42.187 15989 15999 D InputTransport: Input channel constructed: 'ClientS', fd=139
06-20 11:58:42.191 15989 16101 I Unity   : MemoryManager: Using 'Dynamic Heap' Allocator.
06-20 11:58:42.265 15989 16101 D VirtualSpoof: [spoof] ro.product.cpu.abi = arm64-v8a
06-20 11:58:42.265 15989 16101 D VirtualSpoof: [spoof] ro.product.cpu.abi = arm64-v8a
06-20 11:58:42.265 15989 16101 D VirtualSpoof: [spoof] ro.product.cpu.abi = arm64-v8a
06-20 11:58:42.265 15989 16101 I Unity   : SystemInfo CPU = ARM64, Cores = 8, Memory = 3642mb
06-20 11:58:42.265 15989 16101 I Unity   : SystemInfo ARM big.LITTLE configuration: 2 big (mask: 0xc0), 6 little (mask: 0x3f)
06-20 11:58:42.266 15989 16101 I Unity   : ApplicationInfo 'com.nekki.shadowfight3', Version '1.45.2', Min API Level '26', Target API Level '35'
06-20 11:58:42.266 15989 16101 I Unity   : Built from '6000.3/staging' branch, Version '6000.3.11f1 (3000ef702840)', Build type 'Release', Scripting Backend 'il2cpp', CPU 'arm64-v8a', Stripping 'Disabled'
06-20 11:58:42.266 15989 16101 I Unity   : Device Model 'samsung SM-X115', OS 'Android OS 16 (API 36)'
06-20 11:58:42.278 15989 15989 I BLASTBufferQueue_Java: update, w= 1340 h= 800 mName = VRI[NekkiNativeActivity]@4894582 mNativeObject= 0x778e247f70 sc.mNativeObject= 0x772e216010 format= -3 caller= android.view.ViewRootImpl.updateBlastSurfaceIfNeeded:3574 android.view.ViewRootImpl.relayoutWindow:11685 android.view.ViewRootImpl.performTraversals:4804 android.view.ViewRootImpl.doTraversal:3924 android.view.ViewRootImpl$TraversalRunnable.run:12903 android.view.Choreographer$CallbackRecord.run:1901 
06-20 11:58:42.279 15989 15989 I VRI[NekkiNativeActivity]@4894582: Relayout returned: old=(0,0,1340,800) new=(0,0,1340,800) relayoutAsync=true req=(1340,800)0 dur=0 res=0x0 s={true 0x775e23df40} ch=false seqId=0
06-20 11:58:42.279 15989 15989 I VRI[NekkiNativeActivity]@4894582: updateBoundsLayer: t=android.view.SurfaceControl$Transaction@4946603 sc=Surface(name=Bounds for - com.nekki.shadowfight3/com.nekki.unityplugins.NekkiNativeActivity@0)/@0x3968980 frame=2
06-20 11:58:42.280 15989 15989 I VRI[NekkiNativeActivity]@4894582: registerCallbackForPendingTransactions
06-20 11:58:42.281 15989 16133 I VRI[NekkiNativeActivity]@4894582: mWNT: t=0x779e214650 mBlastBufferQueue=0x778e247f70 fn= 2 HdrRenderState mRenderHdrSdrRatio=1.0 caller= android.view.ViewRootImpl$10.onFrameDraw:6536 android.view.ViewRootImpl$4.onFrameDraw:2489 android.view.ThreadedRenderer$1.onFrameDraw:718 
06-20 11:58:42.632 15989 15989 D AttributionSourceUtils: Fixed AttributionSource UID in method arguments
06-20 11:58:42.641 15989 16101 I Unity   : Company Name: Nekki
06-20 11:58:42.642 15989 16101 I Unity   : Product Name: Shadow Fight 3
06-20 11:58:42.644 15989 16101 D libMEOW : meow new tls: 0x762e452260
06-20 11:58:42.644 15989 16101 D libMEOW : applied 0 plugin for [com.nekki.shadowfight3].
06-20 11:58:42.662 15989 16286 D libMEOW : meow new tls: 0x762e632440
06-20 11:58:42.662 15989 16286 D libMEOW : applied 0 plugin for [com.nekki.shadowfight3].
06-20 11:58:42.669 15989 16101 D AudioSystem: onNewService: media.audio_policy service obtained 0x773e284eb0
06-20 11:58:42.670 15989 16101 D AudioSystem: getService: checking for service media.audio_policy: 0x773e284eb0
06-20 11:58:42.680 15989 16101 D AudioSystem: onNewServiceWithAdapter: media.audio_flinger service obtained 0x774e26c160
06-20 11:58:42.681 15989 16101 D AudioSystem: getService: checking for service media.audio_flinger: 0x773e395e80
06-20 11:58:42.683 15989 16101 I AAudio  : AAudioStreamBuilder_openStream() called ----------------------------------------
06-20 11:58:42.683 15989 16101 I AudioStreamBuilder: rate   =  24000, channels  = 2, channelMask = 0x80000003, format   = 5, sharing = SH, dir = OUTPUT
06-20 11:58:42.683 15989 16101 I AudioStreamBuilder: devices = AUDIO_PORT_HANDLE_NONE, sessionId = 0, perfMode = 12, callback: ON with frames = 512
06-20 11:58:42.683 15989 16101 I AudioStreamBuilder: usage  =      0, contentType = 0, inputPreset = 0, allowedCapturePolicy = 0
06-20 11:58:42.683 15989 16101 I AudioStreamBuilder: privacy sensitive = false, opPackageName = (null), attributionTag = (null)
06-20 11:58:42.683 15989 16101 D AudioStreamBuilder: build, global mmap policy is 0
06-20 11:58:42.684 15989 16101 D AudioStreamBuilder: build, system mmap policy is 1
06-20 11:58:42.684 15989 16101 D AudioStreamBuilder: build, final mmap policy is 1
06-20 11:58:42.684 15989 16101 D AudioStreamBuilder: build, system mmap exclusive policy is 1
06-20 11:58:42.684 15989 16101 D AudioStreamBuilder: build, final mmap exclusive policy is 1
06-20 11:58:42.684 15989 16101 D AudioStreamBuilder: build() MMAP not used because sessionId specified.
06-20 11:58:42.684 15989 16101 D jun.blackbox:p0: PlayerBase::PlayerBase()
06-20 11:58:42.685 15989 16101 D AudioStreamTrack: open(), request notificationFrames = 0, frameCount = 8192
06-20 11:58:42.690 15989 16101 D AudioTrack: setVolume(1.000000, 1.000000) pid : 15989
06-20 11:58:42.690 15989 16101 D AudioStreamTrack: open() flags changed from 0x00000004 to 0x00000000
06-20 11:58:42.690 15989 16101 D AudioStreamTrack: open() perfMode changed from 12 to 10
06-20 11:58:42.690 15989 16101 D AAudioStream: setState(s#1) from 0 to 2
06-20 11:58:42.691 15989 16101 I AAudio  : AAudioStreamBuilder_openStream() returns 0 = AAUDIO_OK for s#1 ----------------
06-20 11:58:42.692 15989 16101 D AAudio  : AAudioStream_requestStart(s#1) called --------------
06-20 11:58:42.692 15989 16101 D AAudioStream: setState(s#1) from 2 to 3
06-20 11:58:42.731 15989 16101 D AAudio  : AAudioStream_requestStart(s#1) returned 0 ---------
06-20 11:58:42.731 15989 16288 D AudioStreamLegacy: onAudioDeviceUpdate() devices 3 => 3
06-20 11:58:42.788 15989 16289 D AAudioStream: setState(s#1) from 3 to 4
06-20 11:58:42.945 15989 15989 I ImeFocusController: onPreWindowFocus: skipped hasWindowFocus=false mHasImeFocus=true
06-20 11:58:42.945 15989 15989 I ImeFocusController: onPostWindowFocus: skipped hasWindowFocus=false mHasImeFocus=true
06-20 11:58:42.955 15989 15989 D InputTransport: Input channel destroyed: 'ClientS', fd=139
06-20 11:58:43.036 15989 16101 I IL2CPP  : Locale en-IN
06-20 11:58:43.092 15989 16101 D TransactionThrottler: Reset transaction throttler
06-20 11:58:43.093 15989 16101 D TransactionThrottler: Reset transaction throttler
06-20 11:58:43.094 15989 16101 D TransactionThrottler: Reset transaction throttler
06-20 11:58:43.095 15989 16101 D TransactionThrottler: Reset transaction throttler
06-20 11:58:43.097 15989 16101 D TransactionThrottler: Reset transaction throttler
06-20 11:58:43.100 15989 16101 V MediaRouter: Selecting route: RouteInfo{ name=Tablet, description=null, status=null, category=RouteCategory{ name=System types=ROUTE_TYPE_LIVE_AUDIO ROUTE_TYPE_LIVE_VIDEO  groupable=false }, supportedTypes=ROUTE_TYPE_LIVE_AUDIO ROUTE_TYPE_LIVE_VIDEO , presentationDisplay=null }
06-20 11:58:43.101 15989 16101 I MediaRouter: Skip setBluetoothA2dpOn(): types=8388615, isPlaybackActive()=true, BT route=null
06-20 11:58:43.322 15989 16101 W Unity   : 'Runtime File Browser' not found! We recommend to install it from the Unity AssetStore: https://assetstore.unity.com/packages/slug/113006?aid=1011lNGT
06-20 11:58:43.322 15989 16101 W Unity   : UnityEngine.DebugLogHandler:Internal_Log(LogType, LogOption, String, Object)
06-20 11:58:43.322 15989 16101 W Unity   : Crosstales.Common.Util.FileHelper:initialize()
06-20 11:58:43.322 15989 16101 W Unity   : 
06-20 11:58:43.326 15989 16101 I Unity   : Load options
06-20 11:58:43.326 15989 16101 I Unity   : UnityEngine.DebugLogHandler:Internal_Log(LogType, LogOption, String, Object)
06-20 11:58:43.326 15989 16101 I Unity   : JFLNBBBNBHI:OLPNPGDAMAA()
06-20 11:58:43.326 15989 16101 I Unity   : JFLNBBBNBHI:CMGNOEOKLPA(String)
06-20 11:58:43.326 15989 16101 I Unity   : FGBBPEOBLGK:JHPJAHDHGAL(TextAsset, String)
06-20 11:58:43.326 15989 16101 I Unity   : InternalSettings:.cctor()
06-20 11:58:43.326 15989 16101 I Unity   : IKEJNELFPKO:KGPDADLCAKI()
06-20 11:58:43.326 15989 16101 I Unity   : HLGPJBKEKEB:BCAFOENHFHG()
06-20 11:58:43.326 15989 16101 I Unity   : JAOGPKPGFAE:EGDGEBLJNIM()
06-20 11:58:43.326 15989 16101 I Unity   : JAOGPKPGFAE:IJOJKLPNEGJ()
06-20 11:58:43.326 15989 16101 I Unity   : MELAJBJBOAN:.ctor(IEnumerable`1)
06-20 11:58:43.326 15989 16101 I Unity   : MAIBFEJCOCG:.ctor()
06-20 11:58:43.326 15989 16101 I Unity   : MAIBFEJCOCG:HJOGIHDHPOD()
06-20 11:58:43.326 15989 16101 I Unity   : GameLaunchAnalytics:InitializeAfterSceneLoad()
06-20 11:58:43.326 15989 16101 I Unity   : 
06-20 11:58:43.330 15989 16101 I Unity   : json: {"FilePatterns":["*.xml","*.json","*.txt"],"ExcludePaths":["classes_jar.txt"],"ProtectedPath":"Assets/gamedata/Resources/","ProtectedFiles":["NekkiFontColors","config","bones","bundlesSpecialsConfig","configSources","internalSettings","localServerSettings","localizationFallbacks","qualitySettings","achievements_mapping","ads","animationEffects","censorship","chat_stickers","chest_effects_settings","client_settings","color_palette","control_settings_default","credits","errorFilter","fight_settings","general_game_settings","haptic_feedback_settings","js_settings","localization_settings","news_cn","news_config","offers_view_2d_data_result","offers_view_3d_data_result","offers_view_3d_locations_data_result","offers_view_advertisement","offers_view_data_result","offers_view_templates","offers_view_triple","push_notifications","shop_default","stq","tactics_settings","ui_settings","youtube_playlist","Beta","audioSettings","battle_pass_rules_popup_config_overrides_1","battle_pass_rules_popup_config_templates",
06-20 11:58:43.588 15989 16101 D VirtualSpoof: [spoof] ro.product.cpu.abi = arm64-v8a
06-20 11:58:43.592 15989 16101 I Unity   : Application Resume
06-20 11:58:43.596 15989 16101 D AudioPermissionProxy: AudioPermission: getStreamVolume called, allowing
06-20 11:58:43.600 15989 15989 I BLASTBufferQueue_Java: update, w= 1340 h= 800 mName = VRI[NekkiNativeActivity]@4894582 mNativeObject= 0x778e247f70 sc.mNativeObject= 0x772e216010 format= -3 caller= android.view.ViewRootImpl.updateBlastSurfaceIfNeeded:3574 android.view.ViewRootImpl.relayoutWindow:11685 android.view.ViewRootImpl.performTraversals:4804 android.view.ViewRootImpl.doTraversal:3924 android.view.ViewRootImpl$TraversalRunnable.run:12903 android.view.Choreographer$CallbackRecord.run:1901 
06-20 11:58:43.600 15989 16101 D AudioPermissionProxy: AudioPermission: getStreamVolume called, allowing
06-20 11:58:43.600 15989 15989 I VRI[NekkiNativeActivity]@4894582: Relayout returned: old=(0,0,1340,800) new=(0,0,1340,800) relayoutAsync=true req=(1340,800)0 dur=0 res=0x0 s={true 0x775e23df40} ch=false seqId=0
06-20 11:58:43.601 15989 15989 I VRI[NekkiNativeActivity]@4894582: updateBoundsLayer: t=android.view.SurfaceControl$Transaction@4946603 sc=Surface(name=Bounds for - com.nekki.shadowfight3/com.nekki.unityplugins.NekkiNativeActivity@0)/@0x3968980 frame=4
06-20 11:58:43.602 15989 15989 I VRI[NekkiNativeActivity]@4894582: registerCallbackForPendingTransactions
06-20 11:58:43.603 15989 16132 I VRI[NekkiNativeActivity]@4894582: mWNT: t=0x779e2b13d0 mBlastBufferQueue=0x778e247f70 fn= 4 HdrRenderState mRenderHdrSdrRatio=1.0 caller= android.view.ViewRootImpl$10.onFrameDraw:6536 android.view.ViewRootImpl$4.onFrameDraw:2489 android.view.ThreadedRenderer$1.onFrameDraw:718 
06-20 11:58:43.633 15989 16101 I Unity   : EnterPoint.Init FL:True
06-20 11:58:43.633 15989 16101 I Unity   : [JIJGMDCOHPF] Init
06-20 11:58:43.635 15989 16101 I Unity   : [EFIGJPOMEMP] Init
06-20 11:58:43.639 15989 16101 I Unity   : Init NativeLoggeriOS
06-20 11:58:43.682 15989 16101 I Banzai  : Path: /storage/emulated/0/Android/data/top.niunaijun.blackbox/files/blackbox/storage/emulated/0/Android/data/com.nekki.shadowfight3/files/tou.file
06-20 11:58:43.682 15989 16101 W Banzai  : SendLog Terms of use not confirm!
06-20 11:58:43.690 15989 16101 I Unity   : [KFNOKLGFLCC] Init
06-20 11:58:43.719 15989 16101 I Unity   : New GUID: bf79b85a-01e4-49c9-92ec-a17edd7516ab
06-20 11:58:43.721 15989 16101 I Unity   : [IHBEPIEEIJG] Init
06-20 11:58:43.721 15989 16101 I Unity   : [IHBEPIEEIJG] Current state: None
06-20 11:58:43.835 15989 16101 I Unity   : Overwrite external configs with internal
06-20 11:58:44.040 15989 16101 I Unity   : Migration to the new dto
06-20 11:58:44.043 15989 16101 W Unity   : BlockInput was called, but we cannot block input yet
06-20 11:58:44.054 15989 16286 D BLASTBufferQueue: [faf4a19 SurfaceView[com.nekki.shadowfight3/com.nekki.unityplugins.NekkiNativeActivity]@0#1](f:0,a:1) acquireNextBufferLocked size=1340x800 mFrameNumber=1 applyTransaction=true mTimestamp=294095596362374(auto) mPendingTransactions.size=0 graphicBufferId=68672232095746 transform=7
06-20 11:58:44.078 15989 16101 I Unity   : [BOGDEHCNHOF]; Logs folder: [/storage/emulated/0/Android/data/top.niunaijun.blackbox/files/blackbox/storage/emulated/0/Android/data/com.nekki.shadowfight3/files/gamedata/Logs]; Available drive space: 6992MB; Limit space: 50MB
