06-19 16:23:26.152  4988  5079 I Unity   :   "PlayerExists": false,
06-19 16:23:26.152  4988  5079 I Unity   :   "Timestamp": {
06-19 16:23:26.152  4988  5079 I Unity   :     "Value": 1781866406260
06-19 16:23:26.152  4988  5079 I Unity   :   },
06-19 16:23:26.152  4988  5079 I Unity   :   "NewGooglePlay": false,
06-19 16:23:26.152  4988  5079 I Unity   :   "AuthStatus": 1
06-19 16:23:26.152  4988  5079 I Unity   : }
06-19 16:23:26.153  4988  5079 I Unity   : OnJoinZone Player Exists = False
06-19 16:23:26.154  4988  5079 I Unity   : [IHBEPIEEIJG] State set: NewUser
06-19 16:23:26.161  4988  5079 I Unity   : [FJKBBKCOMAJ] Start
06-19 16:23:26.187  4988  5079 I Unity   : Show loading icon. Lock: KLEBKOBNENM
06-19 16:23:26.192  4988  5079 I Unity   : NativeScreenTexture: SetTexture; caller=[LoadingIcon]; layer=[988] camera=[Both]; filter=[Blur]; current callers=[empty]
06-19 16:23:26.192  4988  5079 I Unity   : NativeScreenTexture: TakeScreenshot; autoSet=[True]; camera=[Both]; filter=[Blur]
06-19 16:23:26.193  4988  5079 W Unity   : DontDestroyOnLoad only works for root GameObjects or components on root GameObjects.
06-19 16:23:26.225  4988  5386 D Banzai  : Request code: 200
06-19 16:23:26.225  4988  4988 D Banzai  : Request result: 
06-19 16:23:26.230  4988  5079 I Unity   : [MKPDMLJNNLC] Done in 259.773 ms
06-19 16:23:26.230  4988  5079 I Unity   : [FJKBBKCOMAJ] Done in 68.65 ms
06-19 16:23:26.230  4988  5079 I Unity   : Join zone: Success
06-19 16:23:26.399  4988  5079 I Unity   : Create new bundles loader: [FAALENDDEJM]
06-19 16:23:26.532  4988  5079 W Unity   : [IBDPJFMKJMM] ExecuteRequest HTTP/1.1 404 Not Found
06-19 16:23:26.561  4988  5079 I Unity   : [Bundles to load check] time: 39 ms
06-19 16:23:26.562  4988  5079 I Unity   : Add restart blocker. Current blockers count: [1]
06-19 16:23:26.562  4988  5079 I Unity   : NetworkConnection; PauseInputBlockerWarnings
06-19 16:23:26.569  4988  5079 I Unity   : [Client SFS.send] cmd:<b>log</b> type:sf3DTO.LogRequest session_request_id:4 extensible:
06-19 16:23:26.569  4988  5079 I Unity   : sf3DTO.LogRequest{
06-19 16:23:26.569  4988  5079 I Unity   :   "Events": [
06-19 16:23:26.569  4988  5079 I Unity   :     "{\"msg\":\"[SF3MultiBalancerManager] Failed to resolve balancer at index 0: Failed with responseCode - 0 - Request timeout - ConnectionError\",\"trc\":\"UnityEngine.DebugLogHandler:Internal_Log(LogType, LogOption, String, Object)\\nJCICEBEKNOE:CBEJGNOBKMC(String)\\nSystem.Delegate:DynamicInvokeImpl(Object[])\\nHHAHPCDHJLJ:EAEICJGIONF(MulticastDelegate, Object[])\\nHHAHPCDHJLJ:EAEICJGIONF(MulticastDelegate, Object[])\\nDCEJACPOBHC:IPDOLEJNFJE(BanzaiWebRequest)\\nSystem.Delegate:DynamicInvokeImpl(Object[])\\nHHAHPCDHJLJ:EAEICJGIONF(MulticastDelegate, Object[])\\nHHAHPCDHJLJ:EAEICJGIONF(MulticastDelegate, Object[])\\nBanzai.WebRequest.BanzaiWebRequest:SendError(Boolean, DCEBFCEEKPC)\",\"etype\":\"CLIENT_ERROR\",\"cid\":1,\"pl\":1,\"cts\":1781858497371,\"plf\":\"Android\",\"v\":\"1.45.0.0\",\"fv\":\"1.45.0.0.16655-prod\",\"sid\":0,\"onl\":false,\"md\":\"None\",\"creg\":1781858497}",
06-19 16:23:26.569  4988  5079 I Unity   :     
06-19 16:23:26.570  4988  5079 I Unity   : [MILMDPBPDDF]; Network initialize finished with active state = [True]
06-19 16:23:26.622  4988  5079 I Unity   : CurrentQualityPreset: [high], CurrentDeviceType: [TABLET]
06-19 16:23:26.625  4988  5079 I Unity   : [Server Response] cmd:<b>log</b> type:Google.Protobuf.WellKnownTypes.Empty session_request_id:4 extensible:
06-19 16:23:26.625  4988  5079 I Unity   : Google.Protobuf.WellKnownTypes.Empty{}
06-19 16:23:26.627  4988  5079 I Unity   : [Client SFS.send] cmd:<b>log</b> type:sf3DTO.LogRequest session_request_id:5 extensible:
06-19 16:23:26.627  4988  5079 I Unity   : sf3DTO.LogRequest{
06-19 16:23:26.627  4988  5079 I Unity   :   "Events": [
06-19 16:23:26.627  4988  5079 I Unity   :     "{\"msg\":\"[SF3MultiBalancerManager] Failed to resolve balancer at index 1: Failed with responseCode - 0 - Cannot resolve destination host - ConnectionError\",\"trc\":\"UnityEngine.DebugLogHandler:Internal_Log(LogType, LogOption, String, Object)\\nJCICEBEKNOE:CBEJGNOBKMC(String)\\nSystem.Delegate:DynamicInvokeImpl(Object[])\\nHHAHPCDHJLJ:EAEICJGIONF(MulticastDelegate, Object[])\\nHHAHPCDHJLJ:EAEICJGIONF(MulticastDelegate, Object[])\\nDCEJACPOBHC:IPDOLEJNFJE(BanzaiWebRequest)\\nSystem.Delegate:DynamicInvokeImpl(Object[])\\nHHAHPCDHJLJ:EAEICJGIONF(MulticastDelegate, Object[])\\nHHAHPCDHJLJ:EAEICJGIONF(MulticastDelegate, Object[])\\nBanzai.WebRequest.BanzaiWebRequest:SendError(Boolean, DCEBFCEEKPC)\",\"etype\":\"CLIENT_ERROR\",\"cid\":5,\"pl\":1,\"cts\":1781858542581,\"plf\":\"Android\",\"v\":\"1.45.0.0\",\"fv\":\"1.45.0.0.16655-prod\",\"sid\":0,\"onl\":false,\"md\":\"CharacterCreator\"
06-19 16:23:28.144  4988  5079 I Unity   : [Server Response] cmd:<b>log</b> type:Google.Protobuf.WellKnownTypes.Empty session_request_id:5 extensible:
06-19 16:23:28.144  4988  5079 I Unity   : Google.Protobuf.WellKnownTypes.Empty{}
06-19 16:23:28.145  4988  5079 I Unity   : [Client SFS.send] cmd:<b>log</b> type:sf3DTO.LogRequest session_request_id:6 extensible:
06-19 16:23:28.145  4988  5079 I Unity   : sf3DTO.LogRequest{
06-19 16:23:28.145  4988  5079 I Unity   :   "Events": [
06-19 16:23:28.145  4988  5079 I Unity   :     "{\"msg\":\"[SF3MultiBalancerManager] Failed to resolve balancer at index 1: Failed with responseCode - 0 - Request timeout - ConnectionError\",\"trc\":\"UnityEngine.DebugLogHandler:Internal_Log(LogType, LogOption, String, Object)\\nJCICEBEKNOE:CBEJGNOBKMC(String)\\nSystem.Delegate:DynamicInvokeImpl(Object[])\\nHHAHPCDHJLJ:EAEICJGIONF(MulticastDelegate, Object[])\\nHHAHPCDHJLJ:EAEICJGIONF(MulticastDelegate, Object[])\\nDCEJACPOBHC:IPDOLEJNFJE(BanzaiWebRequest)\\nSystem.Delegate:DynamicInvokeImpl(Object[])\\nHHAHPCDHJLJ:EAEICJGIONF(MulticastDelegate, Object[])\\nHHAHPCDHJLJ:EAEICJGIONF(MulticastDelegate, Object[])\\nBanzai.WebRequest.BanzaiWebRequest:SendError(Boolean, DCEBFCEEKPC)\",\"etype\":\"CLIENT_ERROR\",\"cid\":9,\"pl\":1,\"cts\":1781862104622,\"plf\":\"Android\",\"v\":\"1.45.0.0\",\"fv\":\"1.45.0.0.16655-prod\",\"sid\":0,\"onl\":false,\"md\":\"None\",\"creg\":1781858497}",
06-19 16:23:28.145  4988  5079 I Unity   :     
06-19 16:23:28.146  4988  5079 W Unity   : AndroidJNIHelper.GetSignature: using Byte parameters is obsolete, use SByte parameters instead
06-19 16:23:28.146  4988  5079 W Unity   : AndroidJNIHelper: converting from Byte array is obsolete, use SByte array instead
06-19 16:23:28.155  4988  5079 I Unity   : Sf3BundlesController init
06-19 16:23:28.275  4988  5079 W Unity   : [StringHash] Keeping only hash
06-19 16:23:29.100  4988  5079 I Unity   : [Server Response] cmd:<b>log</b> type:Google.Protobuf.WellKnownTypes.Empty session_request_id:6 extensible:
06-19 16:23:29.100  4988  5079 I Unity   : Google.Protobuf.WellKnownTypes.Empty{}
06-19 16:23:29.106  4988  5079 I Unity   : Initialize android haptic feedback
06-19 16:23:29.216  4988  5079 I Unity   : Preload quests triggers by locks [INIT]
06-19 16:23:29.217  4988  5079 I Unity   : [Achievements] Not supported platform
06-19 16:23:29.533  4988  5079 I Unity   : Load triggers by locks. Loaded splits=[69]
06-19 16:23:29.557  4988  5079 I Unity   : Audio configuration:
06-19 16:23:29.557  4988  5079 I Unity   :   DSP buffer size: 512
06-19 16:23:29.557  4988  5079 I Unity   :   Number real voices: 32
06-19 16:23:29.557  4988  5079 I Unity   :   Number virtual voices: 512
06-19 16:23:29.557  4988  5079 I Unity   :   Sample rate: 24000
06-19 16:23:29.557  4988  5079 I Unity   :   Speaker mode: Stereo
06-19 16:23:29.618  4988  5079 I Unity   : Set mute volume on mixer [MasterMixer] to [False]
06-19 16:23:29.618  4988  5079 I Unity   : Initialize mixers volume:
06-19 16:23:29.618  4988  5079 I Unity   : Ambient: 0
06-19 16:23:29.618  4988  5079 I Unity   : Battle: 0
06-19 16:23:29.618  4988  5079 I Unity   : MasterMixer: 0
06-19 16:23:29.618  4988  5079 I Unity   : Music: 0
06-19 16:23:29.618  4988  5079 I Unity   : UI: 0
06-19 16:23:29.694  4988  5451 D AdvertisingIdClient: AdvertisingIdClient already created.
06-19 16:23:29.694  4988  5451 D AdvertisingIdClient: AdvertisingIdClient is not bounded. Starting to bind it...
06-19 16:23:29.695  4988  5451 W GooglePlayServicesUtil: com.nekki.shadowfight3 requires Google Play services, but they are missing.
06-19 16:23:29.697  4988  5451 I AdvertisingIdClient: shouldSendLog -1
06-19 16:23:29.698  4988  5060 W GooglePlayServicesUtil: com.nekki.shadowfight3 requires Google Play services, but they are missing.
06-19 16:23:29.700  4988  5060 W GoogleApiManager: The service for com.google.android.gms.common.internal.service.zau is not available: ConnectionResult{statusCode=SERVICE_MISSING, resolution=null, message=null, clientMethodKey=null}
06-19 16:23:29.749  4988  5079 I Unity   : [BMNNADNBPKN] Init shop data from null
06-19 16:23:29.753  4988  5451 W GooglePlayServicesUtil: com.nekki.shadowfight3 requires Google Play services, but they are missing.
06-19 16:23:29.754  4988  5060 W GooglePlayServicesUtil: com.nekki.shadowfight3 requires Google Play services, but they are missing.
06-19 16:23:29.755  4988  5060 W GoogleApiManager: The service for com.google.android.gms.internal.appset.zzd is not available: ConnectionResult{statusCode=SERVICE_MISSING, resolution=null, message=null, clientMethodKey=null}
06-19 16:23:29.756  4988  4988 I AdvertisingIdClient: getting error as 17: API: ClientTelemetry.API is not available on this device. Connection failed with: ConnectionResult{statusCode=SERVICE_MISSING, resolution=null, message=null, clientMethodKey=null}
06-19 16:23:29.792  4988  5451 D AudioPermissionProxy: AudioPermission: getStreamVolume called, allowing
06-19 16:23:29.793  4988  5451 D AudioPermissionProxy: AudioPermission: getStreamMaxVolume called, allowing
06-19 16:23:29.798  4988  5451 D AttributionSourceUtils: Fixed AttributionSource UID in method arguments
06-19 16:23:29.811  4988  5079 I Unity   : Preloading in-apps...
06-19 16:23:29.978  4988  5079 D TransactionThrottler: Reset transaction throttler
06-19 16:23:29.979  4988  5079 D BlackManager: Creating service for: top.niunaijun.blackbox.core.system.notification.IBNotificationManagerService$Stub
06-19 16:23:29.979  4988  5079 D BlackManager: Successfully created service: notification_manager
06-19 16:23:29.985  4988  5079 D TransactionThrottler: Reset transaction throttler
06-19 16:23:29.988  4988  5079 D TransactionThrottler: Reset transaction throttler
06-19 16:23:29.992  4988  5079 D TransactionThrottler: Reset transaction throttler
06-19 16:23:29.994  4988  5079 D TransactionThrottler: Reset transaction throttler
06-19 16:23:30.002  4988  5456 D TransactionThrottler: Reset transaction throttler
06-19 16:23:30.011  4988  5456 D TransactionThrottler: Reset transaction throttler
06-19 16:23:30.014  4988  5456 D TransactionThrottler: Reset transaction throttler
06-19 16:23:30.016  4988  5456 D TransactionThrottler: Reset transaction throttler
06-19 16:23:30.019  4988  5456 D TransactionThrottler: Reset transaction throttler
06-19 16:23:30.023  4988  5456 D TransactionThrottler: Reset transaction throttler
06-19 16:23:30.025  4988  5456 D TransactionThrottler: Reset transaction throttler
06-19 16:23:30.027  4988  5456 D TransactionThrottler: Reset transaction throttler
06-19 16:23:30.029  4988  5079 I Banzai  : Path: /storage/emulated/0/Android/data/top.niunaijun.blackbox/files/blackbox/storage/emulated/0/Android/data/com.nekki.shadowfight3/files/tou.file
06-19 16:23:30.030  4988  5079 D Banzai  : Send request on url https://sf3lb.nekki.com/clog?guid=96b1a4edeac872bc&e=APP_OPEN_CONTROL&ext=eyJSQU0iOiIzNjQyIiwiQVJDSCI6ImFybTY0LXY4YSIsIk9TIjoiMTYiLCJMQU5HIjoiRW5nbGlzaCIsIk5FVCI6IldJRkkiLCJPR0wiOiJPUEVOR0xFU18zXzAiLCJCTiI6IjE5MjA5IiwiUEwiOiJBbmRyb2lkIn0%3D
06-19 16:23:30.030  4988  5456 D TransactionThrottler: Reset transaction throttler
06-19 16:23:30.032  4988  5456 D TransactionThrottler: Reset transaction throttler
06-19 16:23:30.034  4988  5079 I Unity   : [Client SFS.send] cmd:<b>log</b> type:sf3DTO.LogRequest session_request_id:8 extensible:
06-19 16:23:30.034  4988  5079 I Unity   : sf3DTO.LogRequest{
06-19 16:23:30.034  4988  5079 I Unity   :   "Events": [
06-19 16:23:30.034  4988  5079 I Unity   :     "{\"device\":\"samsung SM-X115\",\"OS\":\"Android OS 16 / API-36 (BP2A.250605.031.A3/X115XXS8DZA6)\",\"RAM\":3642,\"CPU\":8,\"screenWidth\":1340,\"screenHeight\":800,\"processorFrequencyMHz\":2200,\"graphicsDeviceName\":\"Mali-G57 MC2\",\"graphicsDeviceVersion\":\"OpenGL ES 3.2 v1.r54p1-09bet0.ffb9e377f5d7c95fe2471f3c463d2515\",\"graphicsMemorySize\":1024,\"graphicsShaderLevel\":50,\"apiLevel\":\"36\",\"OSVersion\":\"36.0\",\"gamepad\":false,\"id_FULL\":\"96b1a4edeac872bc\",\"qualityPreset\":\"high\",\"systemLanguage\":\"English\",\"network\":\"wifi\",\"build_version\":19209,\"localization\":\"English\",\"etype\":\"APPLICATION_OPEN\",\"cid\":11,\"pl\":1,\"cts\":1781866410070,\"plf\":\"Android\",\"v\":\"1.45.0.20\",\"fv\":\"1.45.0.20.16672-prod\",\"sid\":0,\"onl\":false,\"md\":\"None\",\"creg\":1781858497}"
06-19 16:23:30.034  4988  5079 I Unity   :   ]
06-19 16:23:30.034  4988  5079 I Unity   : }
06-19 16:23:30.078  4988  5079 I Unity   : [Server Response] cmd:<b>log</b> type:Google.Protobuf.WellKnownTypes.Empty session_request_id:8 extensible:
06-19 16:23:30.078  4988  5079 I Unity   : Google.Protobuf.WellKnownTypes.Empty{}
06-19 16:23:30.081  4988  5079 I Unity   : [LNPGDLHLKNM] Init
06-19 16:23:30.191  4988  5386 D Banzai  : Request code: 200
06-19 16:23:30.192  4988  4988 D Banzai  : Request result: 
06-19 16:23:30.200  4988  5462 D AudioPermissionProxy: AudioPermission: getStreamVolume called, allowing
06-19 16:23:30.200  4988  5462 D AudioPermissionProxy: AudioPermission: getStreamMaxVolume called, allowing
06-19 16:23:30.241  4988  5079 I Unity   : C#: Handle Connect Success
06-19 16:23:30.241  4988  5465 D AudioPermissionProxy: AudioPermission: getStreamVolume called, allowing
06-19 16:23:30.243  4988  5465 D AudioPermissionProxy: AudioPermission: getStreamMaxVolume called, allowing
06-19 16:23:30.250  4988  5465 D AudioPermissionProxy: AudioPermission: getStreamVolume called, allowing
06-19 16:23:30.251  4988  5465 D AudioPermissionProxy: AudioPermission: getStreamMaxVolume called, allowing
06-19 16:23:30.308  4988  5079 D TransactionThrottler: Reset transaction throttler
06-19 16:23:30.326  4988  5079 I Unity   : [ICCEKPDBECH] Init
06-19 16:23:30.328  4988  5079 I Unity   : [LevelPlayHandler] Initializing...
06-19 16:23:30.328  4988  5079 I Unity   : [LevelPlayHandler] RecreateThreadDispatcher
06-19 16:23:30.508  4988  5079 I Unity   : [ISAdQualityHandler] Init start with 66bcc545
06-19 16:23:30.573  4988  5469 D AdvertisingIdClient: AdvertisingIdClient already created.
06-19 16:23:30.573  4988  5469 D AdvertisingIdClient: AdvertisingIdClient is not bounded. Starting to bind it...
06-19 16:23:30.573  4988  5469 W GooglePlayServicesUtil: com.nekki.shadowfight3 requires Google Play services, but they are missing.
06-19 16:23:30.575  4988  5469 I AdvertisingIdClient: shouldSendLog -1
06-19 16:23:30.576  4988  5060 W GooglePlayServicesUtil: com.nekki.shadowfight3 requires Google Play services, but they are missing.
06-19 16:23:30.578  4988  5060 W GoogleApiManager: The service for com.google.android.gms.common.internal.service.zau is not available: ConnectionResult{statusCode=SERVICE_MISSING, resolution=null, message=null, clientMethodKey=null}
06-19 16:23:30.581  4988  4988 I AdvertisingIdClient: getting error as 17: API: ClientTelemetry.API is not available on this device. Connection failed with: ConnectionResult{statusCode=SERVICE_MISSING, resolution=null, message=null, clientMethodKey=null}
06-19 16:23:30.595  4988  5474 I IronSource AdQuality: AdQualitySDK: Initializing with app key 66bcc545
06-19 16:23:30.600  4988  5474 D TransactionThrottler: Reset transaction throttler
06-19 16:23:30.601  4988  5474 D TransactionThrottler: Reset transaction throttler
06-19 16:23:30.604  4988  4998 E LoadedApk: performReceive() called targeting raw IIntentReceiver for Intent { act=android.net.conn.CONNECTIVITY_CHANGE flg=0x4200010 xflg=0x4 (has extras) }
06-19 16:23:30.608  4988  5079 I LevelPlaySDK: API: LevelPlay setConsent - consent: true
06-19 16:23:30.628  4988  5477 V LevelPlaySDK: EVENT: UIThread: false Activity: 26434800 l3 b.run - {"eventId":40
06-19 16:23:30.628  4988  5477 V LevelPlaySDK: EVENT: "timestamp":1781866410620
06-19 16:23:30.628  4988  5477 V LevelPlaySDK: EVENT: "provider":"Mediation"
06-19 16:23:30.628  4988  5477 V LevelPlaySDK: EVENT: "euid":"42baf1d5-78d4-4a2d-989c-436f39c73311"
06-19 16:23:30.628  4988  5477 V LevelPlaySDK: EVENT: "esat":1
06-19 16:23:30.628  4988  5477 V LevelPlaySDK: EVENT: "eventSessionId":"be70f70b-6aed-4989-9c9a-0e1825d8c014"
06-19 16:23:30.628  4988  5477 V LevelPlaySDK: EVENT: "essn":-1
06-19 16:23:30.628  4988  5477 V LevelPlaySDK: EVENT: "rawConnectionType":"NETWORK_TYPE_UNKNOWN"}}
06-19 16:23:30.630  4988  5114 I LevelPlaySDK: API: tb c - LevelPlay.init() appkey: 66bcc545, userId: 0_IN, legacyAdFormats: [], context: NekkiNativeActivity
06-19 16:23:30.630  4988  5079 I Unity   : C#: HandleSetUserIDSuccess
06-19 16:23:30.636  4988  5079 I Unity   : [CNBPMHDFKIK] Init
06-19 16:23:30.636  4988  5478 V LevelPlaySDK: API: UIThread: false Activity: 26434800 p j - userId = 0_IN
06-19 16:23:30.637  4988  5079 I Unity   : [InterstitialAd] enabled: False, enabledInConfig: False
06-19 16:23:30.639  4988  5478 V LevelPlaySDK: INTERNAL: UIThread: false Activity: 26434800 p a - GitHash: e56df04
06-19 16:23:30.642  4988  5477 V LevelPlaySDK: EVENT: UIThread: false Activity: 26434800 l3 b.run - {"eventId":52
06-19 16:23:30.642  4988  5477 V LevelPlaySDK: EVENT: "timestamp":1781866410636
06-19 16:23:30.642  4988  5477 V LevelPlaySDK: EVENT: "provider":"Mediation"
06-19 16:23:30.642  4988  5477 V LevelPlaySDK: EVENT: "euid":"c4ec6cca-4464-44a7-a949-70dc48154f34"
06-19 16:23:30.642  4988  5477 V LevelPlaySDK: EVENT: "esat":1
06-19 16:23:30.642  4988  5477 V LevelPlaySDK: EVENT: "eventSessionId":"be70f70b-6aed-4989-9c9a-0e1825d8c014"
06-19 16:23:30.642  4988  5477 V LevelPlaySDK: EVENT: "essn":-1
06-19 16:23:30.642  4988  5477 V LevelPlaySDK: EVENT: "rawConnectionType":"NETWORK_TYPE_UNKNOWN"}}
06-19 16:23:30.644  4988  5478 V LevelPlaySDK: INTERNAL: UIThread: false Activity: 26434800 p a - activity is updated to: 26434800
06-19 16:23:30.645  4988  5478 I LevelPlaySDK: API: p a - init(appKey:66bcc545)
06-19 16:23:30.647  4988  5079 I Unity   : [BPBOEPMOBHL] Init
06-19 16:23:30.649  4988  5478 V LevelPlaySDK: INTERNAL: UIThread: false Activity: 26434800 p a - init cache does not exist
06-19 16:23:30.653  4988  5478 I LevelPlaySDK: API: LevelPlay getSdkVersion
06-19 16:23:30.676  4988  5079 I Unity   : Frame:[522], Type:[ListChange], Body:[Add  - NEW_PLAYERS_IN_NEW_LOBBY], List:[0:]
06-19 16:23:30.676  4988  5079 I Unity   : Frame:[522], Type:[ListChange], Body:[Add  - SESSION_START_MUSIC_START], List:[1:NEW_PLAYERS_IN_NEW_LOBBY,]
06-19 16:23:30.678  4988  5079 I Unity   : Frame:[522], Type:[ListChange], Body:[Add  - SET_DOJO_1_1], List:[2:SESSION_START_MUSIC_START,NEW_PLAYERS_IN_NEW_LOBBY,]
06-19 16:23:30.680  4988  5079 I Unity   : Frame:[522], Type:[ListChange], Body:[Add  - LOST_FIGHTS_IN_A_ROW_COUNT_DAILY_RESET], List:[3:SESSION_START_MUSIC_START,NEW_PLAYERS_IN_NEW_LOBBY,SET_DOJO_1_1,]
06-19 16:23:30.681  4988  5079 I Unity   : Frame:[522], Type:[ListChange], Body:[Add  - TUTORIAL_CREATE_CHARACTER], List:[4:SESSION_START_MUSIC_START,LOST_FIGHTS_IN_A_ROW_COUNT_DAILY_RESET,NEW_PLAYERS_IN_NEW_LOBBY,SET_DOJO_1_1,]
06-19 16:23:30.683  4988  5079 I Unity   : Frame:[522], Type:[ThrowEvent], Body:[Event: Type: PlayerDataReceived | Data: 
06-19 16:23:30.683  4988  5079 I Unity   :  HasTrigger: True QueueCount: 5 - ], List:[5:SESSION_START_MUSIC_START,TUTORIAL_CREATE_CHARACTER,LOST_FIGHTS_IN_A_ROW_COUNT_DAILY_RESET,NEW_PLAYERS_IN_NEW_LOBBY,SET_DOJO_1_1,]
06-19 16:23:30.683  4988  5079 I Unity   : Frame:[522], Type:[ListChange], Body:[Remove  - SESSION_START_MUSIC_START], List:[5:SESSION_START_MUSIC_START,TUTORIAL_CREATE_CHARACTER,LOST_FIGHTS_IN_A_ROW_COUNT_DAILY_RESET,NEW_PLAYERS_IN_NEW_LOBBY,SET_DOJO_1_1,]
06-19 16:23:30.683  4988  5079 I Unity   : Frame:[522], Type:[RunAction], Body:[SESSION_START_MUSIC_START - PlayMusic], List:[4:TUTORIAL_CREATE_CHARACTER,LOST_FIGHTS_IN_A_ROW_COUNT_DAILY_RESET,NEW_PLAYERS_IN_NEW_LOBBY,SET_DOJO_1_1,]
06-19 16:23:30.685  4988  5079 I Unity   : Frame:[522], Type:[CloseAction], Body:[SESSION_START_MUSIC_START - PlayMusic], List:[4:TUTORIAL_CREATE_CHARACTER,LOST_FIGHTS_IN_A_ROW_COUNT_DAILY_RESET,NEW_PLAYERS_IN_NEW_LOBBY,SET_DOJO_1_1,]
06-19 16:23:30.685  4988  5079 I Unity   : Frame:[522], Type:[ListChange], Body:[Remove  - TUTORIAL_CREATE_CHARACTER], List:[4:TUTORIAL_CREATE_CHARACTER,LOST_FIGHTS_IN_A_ROW_COUNT_DAILY_RESET,NEW_PLAYERS_IN_NEW_LOBBY,SET_DOJO_1_1,]
06-19 16:23:30.685  4988  5079 I Unity   : Frame:[522], Type:[RunAction], Body:[TUTORIAL_CREATE_CHARACTER - SetUserVariable], List:[3:LOST_FIGHTS_IN_A_ROW_COUNT_DAILY_RESET,NEW_PLAYERS_IN_NEW_LOBBY,SET_DOJO_1_1,]
06-19 16:23:30.686  4988  5079 I Unity   : Frame:[522], Type:[CloseAction], Body:[TUTORIAL_CREATE_CHARACTER - SetUserVariable], List:[3:LOST_FIGHTS_IN_A_ROW_COUNT_DAILY_RESET,NEW_PLAYERS_IN_NEW_LOBBY,SET_DOJO_1_1,]
06-19 16:23:30.686  4988  5079 I Unity   : Frame:[522], Type:[RunAction], Body:[TUTORIAL_CREATE_CHARACTER - RemoveUserVariable], List:[3:LOST_FIGHTS_IN_A_ROW_COUNT_DAILY_RESET,NEW_PLAYERS_IN_NEW_LOBBY,SET_DOJO_1_1,]
06-19 16:23:30.686  4988  5079 I Unity   : Frame:[522], Type:[CloseAction], Body:[TUTORIAL_CREATE_CHARACTER - RemoveUserVariable], List:[3:LOST_FIGHTS_IN_A_ROW_COUNT_DAILY_RESET,NEW_PLAYERS_IN_NEW_LOBBY,SET_DOJO_1_1,]
06-19 16:23:30.686  4988  5079 I Unity   : Frame:[522], Type:[RunAction], Body:[TUTORIAL_CREATE_CHARACTER - SetUserVariable], List:[3:LOST_FIGHTS_IN_A_ROW_COUNT_DAILY_RESET,NEW_PLAYERS_IN_NEW_LOBBY,SET_DOJO_1_1,]
06-19 16:23:30.687  4988  5079 I Unity   : Frame:[522], Type:[CloseAction], Body:[TUTORIAL_CREATE_CHARACTER - SetUserVariable], List:[3:LOST_FIGHTS_IN_A_ROW_COUNT_DAILY_RESET,NEW_PLAYERS_IN_NEW_LOBBY,SET_DOJO_1_1,]
06-19 16:23:30.687  4988  5079 I Unity   : Frame:[522], Type:[RunAction], Body:[TUTORIAL_CREATE_CHARACTER - Call], List:[3:LOST_FIGHTS_IN_A_ROW_COUNT_DAILY_RESET,NEW_PLAYERS_IN_NEW_LOBBY,SET_DOJO_1_1,]
06-19 16:23:30.692  4988  5474 D TransactionThrottler: Reset transaction throttler
06-19 16:23:30.692  4988  5474 D TransactionThrottler: Reset transaction throttler
06-19 16:23:30.694  4988  5480 D AdvertisingIdClient: AdvertisingIdClient already created.
06-19 16:23:30.694  4988  5480 D AdvertisingIdClient: AdvertisingIdClient is not bounded. Starting to bind it...
06-19 16:23:30.695  4988  5480 W GooglePlayServicesUtil: com.nekki.shadowfight3 requires Google Play services, but they are missing.
06-19 16:23:30.696  4988  4998 E LoadedApk: performReceive() called targeting raw IIntentReceiver for Intent { act=android.net.conn.CONNECTIVITY_CHANGE flg=0x4200010 xflg=0x4 (has extras) }
06-19 16:23:30.698  4988  5480 I AdvertisingIdClient: shouldSendLog -1
06-19 16:23:30.699  4988  5079 I Unity   : Frame:[522], Type:[ListChange], Body:[Add  - TUTORIAL_CHARACTER_CREATED_ONLINE_GENERAL], List:[3:LOST_FIGHTS_IN_A_ROW_COUNT_DAILY_RESET,NEW_PLAYERS_IN_NEW_LOBBY,SET_DOJO_1_1,]
06-19 16:23:30.699  4988  5480 V LevelPlaySDK: INTERNAL: UIThread: false Activity: 26434800 n4 a - isInitialized=false
06-19 16:23:30.699  4988  5480 D AdvertisingIdClient: AdvertisingIdClient already created.
06-19 16:23:30.699  4988  5480 D AdvertisingIdClient: AdvertisingIdClient is not bounded. Starting to bind it...
06-19 16:23:30.699  4988  5480 W GooglePlayServicesUtil: com.nekki.shadowfight3 requires Google Play services, but they are missing.
06-19 16:23:30.701  4988  5079 I Unity   : Frame:[522], Type:[ThrowEvent], Body:[Event: Type: Call | Data: [key:CallData, value:TUTORIAL_CHARACTER_CREATED] 
06-19 16:23:30.701  4988  5079 I Unity   :  HasTrigger: True QueueCount: 4 - ], List:[4:LOST_FIGHTS_IN_A_ROW_COUNT_DAILY_RESET,TUTORIAL_CHARACTER_CREATED_ONLINE_GENERAL,NEW_PLAYERS_IN_NEW_LOBBY,SET_DOJO_1_1,]
06-19 16:23:30.701  4988  5079 I Unity   : Frame:[522], Type:[CloseAction], Body:[TUTORIAL_CREATE_CHARACTER - Call], List:[4:LOST_FIGHTS_IN_A_ROW_COUNT_DAILY_RESET,TUTORIAL_CHARACTER_CREATED_ONLINE_GENERAL,NEW_PLAYERS_IN_NEW_LOBBY,SET_DOJO_1_1,]
06-19 16:23:30.701  4988  5079 I Unity   : Frame:[522], Type:[ListChange], Body:[Remove  - LOST_FIGHTS_IN_A_ROW_COUNT_DAILY_RESET], List:[4:LOST_FIGHTS_IN_A_ROW_COUNT_DAILY_RESET,TUTORIAL_CHARACTER_CREATED_ONLINE_GENERAL,NEW_PLAYERS_IN_NEW_LOBBY,SET_DOJO_1_1,]
06-19 16:23:30.703  4988  5079 I Unity   : Frame:[522], Type:[RunAction], Body:[LOST_FIGHTS_IN_A_ROW_COUNT_DAILY_RESET - SetUserVariable], List:[3:TUTORIAL_CHARACTER_CREATED_ONLINE_GENERAL,NEW_PLAYERS_IN_NEW_LOBBY,SET_DOJO_1_1,]
06-19 16:23:30.703  4988  5079 I Unity   : Frame:[522], Type:[CloseAction], Body:[LOST_FIGHTS_IN_A_ROW_COUNT_DAILY_RESET - SetUserVariable], List:[3:TUTORIAL_CHARACTER_CREATED_ONLINE_GENERAL,NEW_PLAYERS_IN_NEW_LOBBY,SET_DOJO_1_1,]
06-19 16:23:30.703  4988  5079 I Unity   : Frame:[522], Type:[RunAction], Body:[LOST_FIGHTS_IN_A_ROW_COUNT_DAILY_RESET - RemoveUserVariable], List:[3:TUTORIAL_CHARACTER_CREATED_ONLINE_GENERAL,NEW_PLAYERS_IN_NEW_LOBBY,SET_DOJO_1_1,]
06-19 16:23:30.704  4988  5079 I Unity   : Frame:[522], Type:[CloseAction], Body:[LOST_FIGHTS_IN_A_ROW_COUNT_DAILY_RESET - RemoveUserVariable], List:[3:TUTORIAL_CHARACTER_CREATED_ONLINE_GENERAL,NEW_PLAYERS_IN_NEW_LOBBY,SET_DOJO_1_1,]
06-19 16:23:30.704  4988  5480 I AdvertisingIdClient: shouldSendLog -1
06-19 16:23:30.704  4988  5480 V LevelPlaySDK: INTERNAL: UIThread: false Activity: 26434800 n4 a - isInitialized=false
06-19 16:23:30.705  4988  5079 I Unity   : Frame:[522], Type:[RunAction], Body:[LOST_FIGHTS_IN_A_ROW_COUNT_DAILY_RESET - RemoveUserVariable], List:[3:TUTORIAL_CHARACTER_CREATED_ONLINE_GENERAL,NEW_PLAYERS_IN_NEW_LOBBY,SET_DOJO_1_1,]
06-19 16:23:30.705  4988  5079 I Unity   : Frame:[522], Type:[CloseAction], Body:[LOST_FIGHTS_IN_A_ROW_COUNT_DAILY_RESET - RemoveUserVariable], List:[3:TUTORIAL_CHARACTER_CREATED_ONLINE_GENERAL,NEW_PLAYERS_IN_NEW_LOBBY,SET_DOJO_1_1,]
06-19 16:23:30.706  4988  5079 I Unity   : Frame:[522], Type:[RunAction], Body:[LOST_FIGHTS_IN_A_ROW_COUNT_DAILY_RESET - RemoveUserVariable], List:[3:TUTORIAL_CHARACTER_CREATED_ONLINE_GENERAL,NEW_PLAYERS_IN_NEW_LOBBY,SET_DOJO_1_1,]
06-19 16:23:30.707  4988  5079 I Unity   : Frame:[522], Type:[CloseAction], Body:[LOST_FIGHTS_IN_A_ROW_COUNT_DAILY_RESET - RemoveUserVariable], List:[3:TUTORIAL_CHARACTER_CREATED_ONLINE_GENERAL,NEW_PLAYERS_IN_NEW_LOBBY,SET_DOJO_1_1,]
06-19 16:23:30.707  4988  5079 I Unity   : Frame:[522], Type:[RunAction], Body:[LOST_FIGHTS_IN_A_ROW_COUNT_DAILY_RESET - RemoveUserVariable], List:[3:TUTORIAL_CHARACTER_CREATED_ONLINE_GENERAL,NEW_PLAYERS_IN_NEW_LOBBY,SET_DOJO_1_1,]
06-19 16:23:30.707  4988  5079 I Unity   : Frame:[522], Type:[CloseAction], Body:[LOST_FIGHTS_IN_A_ROW_COUNT_DAILY_RESET - RemoveUserVariable], List:[3:TUTORIAL_CHARACTER_CREATED_ONLINE_GENERAL,NEW_PLAYERS_IN_NEW_LOBBY,SET_DOJO_1_1,]
06-19 16:23:30.708  4988  5079 I Unity   : Frame:[522], Type:[RunAction], Body:[LOST_FIGHTS_IN_A_ROW_COUNT_DAILY_RESET - RemoveUserVariable], List:[3:TUTORIAL_CHARACTER_CREATED_ONLINE_GENERAL,NEW_PLAYERS_IN_NEW_LOBBY,SET_DOJO_1_1,]
06-19 16:23:30.708  4988  5079 I Unity   : Frame:[522], Type:[CloseAction], Body:[LOST_FIGHTS_IN_A_ROW_COUNT_DAILY_RESET - RemoveUserVariable], List:[3:TUTORIAL_CHARACTER_CREATED_ONLINE_GENERAL,NEW_PLAYERS_IN_NEW_LOBBY,SET_DOJO_1_1,]
06-19 16:23:30.708  4988  5060 W GooglePlayServicesUtil: com.nekki.shadowfight3 requires Google Play services, but they are missing.
06-19 16:23:30.710  4988  5079 I Unity   : Frame:[522], Type:[RunAction], Body:[LOST_FIGHTS_IN_A_ROW_COUNT_DAILY_RESET - RemoveUserVariable], List:[3:TUTORIAL_CHARACTER_CREATED_ONLINE_GENERAL,NEW_PLAYERS_IN_NEW_LOBBY,SET_DOJO_1_1,]
06-19 16:23:30.710  4988  5079 I Unity   : Frame:[522], Type:[CloseAction], Body:[LOST_FIGHTS_IN_A_ROW_COUNT_DAILY_RESET - RemoveUserVariable], List:[3:TUTORIAL_CHARACTER_CREATED_ONLINE_GENERAL,NEW_PLAYERS_IN_NEW_LOBBY,SET_DOJO_1_1,]
06-19 16:23:30.711  4988  5079 I Unity   : Frame:[522], Type:[RunAction], Body:[LOST_FIGHTS_IN_A_ROW_COUNT_DAILY_RESET - RemoveUserVariable], List:[3:TUTORIAL_CHARACTER_CREATED_ONLINE_GENERAL,NEW_PLAYERS_IN_NEW_LOBBY,SET_DOJO_1_1,]
06-19 16:23:30.711  4988  5079 I Unity   : Frame:[522], Type:[CloseAction], Body:[LOST_FIGHTS_IN_A_ROW_COUNT_DAILY_RESET - RemoveUserVariable], List:[3:TUTORIAL_CHARACTER_CREATED_ONLINE_GENERAL,NEW_PLAYERS_IN_NEW_LOBBY,SET_DOJO_1_1,]
06-19 16:23:30.711  4988  5079 I Unity   : Frame:[522], Type:[RunAction], Body:[LOST_FIGHTS_IN_A_ROW_COUNT_DAILY_RESET - RemoveUserVariable], List:[3:TUTORIAL_CHARACTER_CREATED_ONLINE_GENERAL,NEW_PLAYERS_IN_NEW_LOBBY,SET_DOJO_1_1,]
06-19 16:23:30.712  4988  5079 I Unity   : Frame:[522], Type:[CloseAction], Body:[LOST_FIGHTS_IN_A_ROW_COUNT_DAILY_RESET - RemoveUserVariable], List:[3:TUTORIAL_CHARACTER_CREATED_ONLINE_GENERAL,NEW_PLAYERS_IN_NEW_LOBBY,SET_DOJO_1_1,]
06-19 16:23:30.712  4988  5079 I Unity   : Frame:[522], Type:[RunAction], Body:[LOST_FIGHTS_IN_A_ROW_COUNT_DAILY_RESET - RemoveUserVariable], List:[3:TUTORIAL_CHARACTER_CREATED_ONLINE_GENERAL,NEW_PLAYERS_IN_NEW_LOBBY,SET_DOJO_1_1,]
06-19 16:23:30.712  4988  5079 I Unity   : Frame:[522], Type:[CloseAction], Body:[LOST_FIGHTS_IN_A_ROW_COUNT_DAILY_RESET - RemoveUserVariable], List:[3:TUTORIAL_CHARACTER_CREATED_ONLINE_GENERAL,NEW_PLAYERS_IN_NEW_LOBBY,SET_DOJO_1_1,]
06-19 16:23:30.712  4988  5079 I Unity   : Frame:[522], Type:[RunAction], Body:[LOST_FIGHTS_IN_A_ROW_COUNT_DAILY_RESET - RemoveUserVariable], List:[3:TUTORIAL_CHARACTER_CREATED_ONLINE_GENERAL,NEW_PLAYERS_IN_NEW_LOBBY,SET_DOJO_1_1,]
06-19 16:23:30.713  4988  5079 I Unity   : Frame:[522], Type:[CloseAction], Body:[LOST_FIGHTS_IN_A_ROW_COUNT_DAILY_RESET - RemoveUserVariable], List:[3:TUTORIAL_CHARACTER_CREATED_ONLINE_GENERAL,NEW_PLAYERS_IN_NEW_LOBBY,SET_DOJO_1_1,]
06-19 16:23:30.713  4988  5079 I Unity   : Frame:[522], Type:[RunAction], Body:[LOST_FIGHTS_IN_A_ROW_COUNT_DAILY_RESET - RemoveUserVariable], List:[3:TUTORIAL_CHARACTER_CREATED_ONLINE_GENERAL,NEW_PLAYERS_IN_NEW_LOBBY,SET_DOJO_1_1,]
06-19 16:23:30.713  4988  5079 I Unity   : Frame:[522], Type:[CloseAction], Body:[LOST_FIGHTS_IN_A_ROW_COUNT_DAILY_RESET - RemoveUserVariable], List:[3:TUTORIAL_CHARACTER_CREATED_ONLINE_GENERAL,NEW_PLAYERS_IN_NEW_LOBBY,SET_DOJO_1_1,]
06-19 16:23:30.713  4988  5079 I Unity   : Frame:[522], Type:[RunAction], Body:[LOST_FIGHTS_IN_A_ROW_COUNT_DAILY_RESET - RemoveUserVariable], List:[3:TUTORIAL_CHARACTER_CREATED_ONLINE_GENERAL,NEW_PLAYERS_IN_NEW_LOBBY,SET_DOJO_1_1,]
06-19 16:23:30.714  4988  5079 I Unity   : Frame:[522], Type:[CloseAction], Body:[LOST_FIGHTS_IN_A_ROW_COUNT_DAILY_RESET - RemoveUserVariable], List:[3:TUTORIAL_CHARACTER_CREATED_ONLINE_GENERAL,NEW_PLAYERS_IN_NEW_LOBBY,SET_DOJO_1_1,]
06-19 16:23:30.714  4988  4992 I jun.blackbox:p1: Background young concurrent mark compact GC freed 1592KB AllocSpace bytes, 23(11MB) LOS objects, 0% free, 25MB/25MB, paused 6.557ms,3.814ms total 117.106ms
06-19 16:23:30.714  4988  5079 I Unity   : Frame:[522], Type:[RunAction], Body:[LOST_FIGHTS_IN_A_ROW_COUNT_DAILY_RESET - RemoveUserVariable], List:[3:TUTORIAL_CHARACTER_CREATED_ONLINE_GENERAL,NEW_PLAYERS_IN_NEW_LOBBY,SET_DOJO_1_1,]
06-19 16:23:30.715  4988  5079 I Unity   : Frame:[522], Type:[CloseAction], Body:[LOST_FIGHTS_IN_A_ROW_COUNT_DAILY_RESET - RemoveUserVariable], List:[3:TUTORIAL_CHARACTER_CREATED_ONLINE_GENERAL,NEW_PLAYERS_IN_NEW_LOBBY,SET_DOJO_1_1,]
06-19 16:23:30.715  4988  5079 I Unity   : Frame:[522], Type:[RunAction], Body:[LOST_FIGHTS_IN_A_ROW_COUNT_DAILY_RESET - RemoveUserVariable], List:[3:TUTORIAL_CHARACTER_CREATED_ONLINE_GENERAL,NEW_PLAYERS_IN_NEW_LOBBY,SET_DOJO_1_1,]
06-19 16:23:30.715  4988  5079 I Unity   : Frame:[522], Type:[CloseAction], Body:[LOST_FIGHTS_IN_A_ROW_COUNT_DAILY_RESET - RemoveUserVariable], List:[3:TUTORIAL_CHARACTER_CREATED_ONLINE_GENERAL,NEW_PLAYERS_IN_NEW_LOBBY,SET_DOJO_1_1,]
06-19 16:23:30.716  4988  5079 I Unity   : Frame:[522], Type:[RunAction], Body:[LOST_FIGHTS_IN_A_ROW_COUNT_DAILY_RESET - RemoveUserVariable], List:[3:TUTORIAL_CHARACTER_CREATED_ONLINE_GENERAL,NEW_PLAYERS_IN_NEW_LOBBY,SET_DOJO_1_1,]
06-19 16:23:30.716  4988  5480 I LevelPlaySDK: API: LevelPlay getSdkVersion
06-19 16:23:30.716  4988  5079 I Unity   : Frame:[522], Type:[CloseAction], Body:[LOST_FIGHTS_IN_A_ROW_COUNT_DAILY_RESET - RemoveUserVariable], List:[3:TUTORIAL_CHARACTER_CREATED_ONLINE_GENERAL,NEW_PLAYERS_IN_NEW_LOBBY,SET_DOJO_1_1,]
06-19 16:23:30.717  4988  5079 I Unity   : Frame:[522], Type:[RunAction], Body:[LOST_FIGHTS_IN_A_ROW_COUNT_DAILY_RESET - RemoveUserVariable], List:[3:TUTORIAL_CHARACTER_CREATED_ONLINE_GENERAL,NEW_PLAYERS_IN_NEW_LOBBY,SET_DOJO_1_1,]
06-19 16:23:30.717  4988  5079 I Unity   : Frame:[522], Type:[CloseAction], Body:[LOST_FIGHTS_IN_A_ROW_COUNT_DAILY_RESET - RemoveUserVariable], List:[3:TUTORIAL_CHARACTER_CREATED_ONLINE_GENERAL,NEW_PLAYERS_IN_NEW_LOBBY,SET_DOJO_1_1,]
06-19 16:23:30.718  4988  5079 I Unity   : Frame:[522], Type:[RunAction], Body:[LOST_FIGHTS_IN_A_ROW_COUNT_DAILY_RESET - RemoveUserVariable], List:[3:TUTORIAL_CHARACTER_CREATED_ONLINE_GENERAL,NEW_PLAYERS_IN_NEW_LOBBY,SET_DOJO_1_1,]
06-19 16:23:30.718  4988  5079 I Unity   : Frame:[522], Type:[CloseAction], Body:[LOST_FIGHTS_IN_A_ROW_COUNT_DAILY_RESET - RemoveUserVariable], List:[3:TUTORIAL_CHARACTER_CREATED_ONLINE_GENERAL,NEW_PLAYERS_IN_NEW_LOBBY,SET_DOJO_1_1,]
06-19 16:23:30.718  4988  5079 I Unity   : Frame:[522], Type:[RunAction], Body:[LOST_FIGHTS_IN_A_ROW_COUNT_DAILY_RESET - RemoveUserVariable], List:[3:TUTORIAL_CHARACTER_CREATED_ONLINE_GENERAL,NEW_PLAYERS_IN_NEW_LOBBY,SET_DOJO_1_1,]
06-19 16:23:30.718  4988  5079 I Unity   : Frame:[522], Type:[CloseAction], Body:[LOST_FIGHTS_IN_A_ROW_COUNT_DAILY_RESET - RemoveUserVariable], List:[3:TUTORIAL_CHARACTER_CREATED_ONLINE_GENERAL,NEW_PLAYERS_IN_NEW_LOBBY,SET_DOJO_1_1,]
06-19 16:23:30.719  4988  5480 V LevelPlaySDK: INTERNAL: UIThread: false Activity: 26434800 K6 a - collecting data for events: {appVersion=1.45.2, tz=Asia/Calcutta, icc=in, advertisingId=c950dcb9-807f-47c1-883a-9b3568bc862e, language=en, battery=67, mcc=0, connectionType=wifi, internalFreeMemory=6475, osVersion=36(16), appKey=66bcc545, firstSession=true, deviceOEM=samsung, auid=4502a059-3ec0-4856-91f1-35a04bc3a775, pluginType=Unity, plugin_fw_v=6000.3.11f1, mnc=0, rawConnectionType=NETWORK_TYPE_WIFI, deviceOS=Android, bundleId=com.nekki.shadowfight3, sessionId=be70f70b-6aed-4989-9c9a-0e1825d8c014, externalFreeMemory=6475, pluginVersion=9.4.1, advertisingIdType=UUID, AdvIdOptOutReason=missingDependencies, jb=false, sdkVersion=9.4.1, deviceModel=SM-X115, gmtMinutesOffset=330}
06-19 16:23:30.721  4988  5060 W GoogleApiManager: The service for com.google.android.gms.common.internal.service.zau is not available: ConnectionResult{statusCode=SERVICE_MISSING, resolution=null, message=null, clientMethodKey=null}
06-19 16:23:30.721  4988  5079 I Unity   : Frame:[522], Type:[RunAction], Body:[LOST_FIGHTS_IN_A_ROW_COUNT_DAILY_RESET - RemoveUserVariable], List:[3:TUTORIAL_CHARACTER_CREATED_ONLINE_GENERAL,NEW_PLAYERS_IN_NEW_LOBBY,SET_DOJO_1_1,]
06-19 16:23:30.721  4988  5079 I Unity   : Frame:[522], Type:[CloseAction], Body:[LOST_FIGHTS_IN_A_ROW_COUNT_DAILY_RESET - RemoveUserVariable], List:[3:TUTORIAL_CHARACTER_CREATED_ONLINE_GENERAL,NEW_PLAYERS_IN_NEW_LOBBY,SET_DOJO_1_1,]
06-19 16:23:30.721  4988  4988 I AdvertisingIdClient: getting error as 17: API: ClientTelemetry.API is not available on this device. Connection failed with: ConnectionResult{statusCode=SERVICE_MISSING, resolution=null, message=null, clientMethodKey=null}
06-19 16:23:30.721  4988  5060 W GooglePlayServicesUtil: com.nekki.shadowfight3 requires Google Play services, but they are missing.
06-19 16:23:30.721  4988  5079 I Unity   : Frame:[522], Type:[RunAction], Body:[LOST_FIGHTS_IN_A_ROW_COUNT_DAILY_RESET - RemoveUserVariable], List:[3:TUTORIAL_CHARACTER_CREATED_ONLINE_GENERAL,NEW_PLAYERS_IN_NEW_LOBBY,SET_DOJO_1_1,]
06-19 16:23:30.722  4988  5079 I Unity   : Frame:[522], Type:[CloseAction], Body:[LOST_FIGHTS_IN_A_ROW_COUNT_DAILY_RESET - RemoveUserVariable], List:[3:TUTORIAL_CHARACTER_CREATED_ONLINE_GENERAL,NEW_PLAYERS_IN_NEW_LOBBY,SET_DOJO_1_1,]
06-19 16:23:30.722  4988  5079 I Unity   : Frame:[522], Type:[RunAction], Body:[LOST_FIGHTS_IN_A_ROW_COUNT_DAILY_RESET - RemoveUserVariable], List:[3:TUTORIAL_CHARACTER_CREATED_ONLINE_GENERAL,NEW_PLAYERS_IN_NEW_LOBBY,SET_DOJO_1_1,]
06-19 16:23:30.723  4988  5079 I Unity   : Frame:[522], Type:[CloseAction], Body:[LOST_FIGHTS_IN_A_ROW_COUNT_DAILY_RESET - RemoveUserVariable], List:[3:TUTORIAL_CHARACTER_CREATED_ONLINE_GENERAL,NEW_PLAYERS_IN_NEW_LOBBY,SET_DOJO_1_1,]
06-19 16:23:30.723  4988  5079 I Unity   : Frame:[522], Type:[RunAction], Body:[LOST_FIGHTS_IN_A_ROW_COUNT_DAILY_RESET - RemoveUserVariable], List:[3:TUTORIAL_CHARACTER_CREATED_ONLINE_GENERAL,NEW_PLAYERS_IN_NEW_LOBBY,SET_DOJO_1_1,]
06-19 16:23:30.723  4988  5079 I Unity   : Frame:[522], Type:[CloseAction], Body:[LOST_FIGHTS_IN_A_ROW_COUNT_DAILY_RESET - RemoveUserVariable], List:[3:TUTORIAL_CHARACTER_CREATED_ONLINE_GENERAL,NEW_PLAYERS_IN_NEW_LOBBY,SET_DOJO_1_1,]
06-19 16:23:30.723  4988  5079 I Unity   : Frame:[522], Type:[RunAction], Body:[LOST_FIGHTS_IN_A_ROW_COUNT_DAILY_RESET - RemoveUserVariable], List:[3:TUTORIAL_CHARACTER_CREATED_ONLINE_GENERAL,NEW_PLAYERS_IN_NEW_LOBBY,SET_DOJO_1_1,]
06-19 16:23:30.724  4988  5079 I Unity   : Frame:[522], Type:[CloseAction], Body:[LOST_FIGHTS_IN_A_ROW_COUNT_DAILY_RESET - RemoveUserVariable], List:[3:TUTORIAL_CHARACTER_CREATED_ONLINE_GENERAL,NEW_PLAYERS_IN_NEW_LOBBY,SET_DOJO_1_1,]
06-19 16:23:30.724  4988  5079 I Unity   : Frame:[522], Type:[RunAction], Body:[LOST_FIGHTS_IN_A_ROW_COUNT_DAILY_RESET - RemoveUserVariable], List:[3:TUTORIAL_CHARACTER_CREATED_ONLINE_GENERAL,NEW_PLAYERS_IN_NEW_LOBBY,SET_DOJO_1_1,]
06-19 16:23:30.724  4988  5079 I Unity   : Frame:[522], Type:[CloseAction], Body:[LOST_FIGHTS_IN_A_ROW_COUNT_DAILY_RESET - RemoveUserVariable], List:[3:TUTORIAL_CHARACTER_CREATED_ONLINE_GENERAL,NEW_PLAYERS_IN_NEW_LOBBY,SET_DOJO_1_1,]
06-19 16:23:30.725  4988  5079 I Unity   : Frame:[522], Type:[RunAction], Body:[LOST_FIGHTS_IN_A_ROW_COUNT_DAILY_RESET - RemoveUserVariable], List:[3:TUTORIAL_CHARACTER_CREATED_ONLINE_GENERAL,NEW_PLAYERS_IN_NEW_LOBBY,SET_DOJO_1_1,]
06-19 16:23:30.725  4988  5079 I Unity   : Frame:[522], Type:[CloseAction], Body:[LOST_FIGHTS_IN_A_ROW_COUNT_DAILY_RESET - RemoveUserVariable], List:[3:TUTORIAL_CHARACTER_CREATED_ONLINE_GENERAL,NEW_PLAYERS_IN_NEW_LOBBY,SET_DOJO_1_1,]
06-19 16:23:30.725  4988  5079 I Unity   : Frame:[522], Type:[RunAction], Body:[LOST_FIGHTS_IN_A_ROW_COUNT_DAILY_RESET - RemoveUserVariable], List:[3:TUTORIAL_CHARACTER_CREATED_ONLINE_GENERAL,NEW_PLAYERS_IN_NEW_LOBBY,SET_DOJO_1_1,]
06-19 16:23:30.726  4988  5079 I Unity   : Frame:[522], Type:[CloseAction], Body:[LOST_FIGHTS_IN_A_ROW_COUNT_DAILY_RESET - RemoveUserVariable], List:[3:TUTORIAL_CHARACTER_CREATED_ONLINE_GENERAL,NEW_PLAYERS_IN_NEW_LOBBY,SET_DOJO_1_1,]
06-19 16:23:30.726  4988  5079 I Unity   : Frame:[522], Type:[RunAction], Body:[LOST_FIGHTS_IN_A_ROW_COUNT_DAILY_RESET - RemoveUserVariable], List:[3:TUTORIAL_CHARACTER_CREATED_ONLINE_GENERAL,NEW_PLAYERS_IN_NEW_LOBBY,SET_DOJO_1_1,]
06-19 16:23:30.727  4988  5079 I Unity   : Frame:[522], Type:[CloseAction], Body:[LOST_FIGHTS_IN_A_ROW_COUNT_DAILY_RESET - RemoveUserVariable], List:[3:TUTORIAL_CHARACTER_CREATED_ONLINE_GENERAL,NEW_PLAYERS_IN_NEW_LOBBY,SET_DOJO_1_1,]
06-19 16:23:30.727  4988  5079 I Unity   : Frame:[522], Type:[RunAction], Body:[LOST_FIGHTS_IN_A_ROW_COUNT_DAILY_RESET - RemoveUserVariable], List:[3:TUTORIAL_CHARACTER_CREATED_ONLINE_GENERAL,NEW_PLAYERS_IN_NEW_LOBBY,SET_DOJO_1_1,]
06-19 16:23:30.727  4988  5079 I Unity   : Frame:[522], Type:[CloseAction], Body:[LOST_FIGHTS_IN_A_ROW_COUNT_DAILY_RESET - RemoveUserVariable], List:[3:TUTORIAL_CHARACTER_CREATED_ONLINE_GENERAL,NEW_PLAYERS_IN_NEW_LOBBY,SET_DOJO_1_1,]
06-19 16:23:30.728  4988  5079 I Unity   : Frame:[522], Type:[ListChange], Body:[Remove  - TUTORIAL_CHARACTER_CREATED_ONLINE_GENERAL], List:[3:TUTORIAL_CHARACTER_CREATED_ONLINE_GENERAL,NEW_PLAYERS_IN_NEW_LOBBY,SET_DOJO_1_1,]
06-19 16:23:30.728  4988  5079 I Unity   : Frame:[522], Type:[RunAction], Body:[TUTORIAL_CHARACTER_CREATED_ONLINE_GENERAL - SetUserVariable], List:[2:NEW_PLAYERS_IN_NEW_LOBBY,SET_DOJO_1_1,]
06-19 16:23:30.728  4988  5079 I Unity   : Frame:[522], Type:[CloseAction], Body:[TUTORIAL_CHARACTER_CREATED_ONLINE_GENERAL - SetUserVariable], List:[2:NEW_PLAYERS_IN_NEW_LOBBY,SET_DOJO_1_1,]
06-19 16:23:30.729  4988  5079 I Unity   : Frame:[522], Type:[RunAction], Body:[TUTORIAL_CHARACTER_CREATED_ONLINE_GENERAL - SetUserVariable], List:[2:NEW_PLAYERS_IN_NEW_LOBBY,SET_DOJO_1_1,]
06-19 16:23:30.729  4988  5474 I IronSource AdQuality: AdQualitySDK: Your ISAdQuality SDK user ID is: 79abea26-ab2d-4892-81b2-3974fee5ec2e
06-19 16:23:30.729  4988  5079 I Unity   : Frame:[522], Type:[CloseAction], Body:[TUTORIAL_CHARACTER_CREATED_ONLINE_GENERAL - SetUserVariable], List:[2:NEW_PLAYERS_IN_NEW_LOBBY,SET_DOJO_1_1,]
06-19 16:23:30.729  4988  5079 I Unity   : Frame:[522], Type:[RunAction], Body:[TUTORIAL_CHARACTER_CREATED_ONLINE_GENERAL - Call], List:[2:NEW_PLAYERS_IN_NEW_LOBBY,SET_DOJO_1_1,]
06-19 16:23:30.734  4988  5079 I Unity   : Frame:[522], Type:[ListChange], Body:[Add  - TUTORIAL_BUNDLES_DOWNLOAD_GENERAL_VIDEO_ON_WIFI_ON], List:[2:NEW_PLAYERS_IN_NEW_LOBBY,SET_DOJO_1_1,]
06-19 16:23:30.736  4988  5060 W GoogleApiManager: The service for com.google.android.gms.common.internal.service.zau is not available: ConnectionResult{statusCode=SERVICE_MISSING, resolution=null, message=null, clientMethodKey=null}
06-19 16:23:30.736  4988  4988 I AdvertisingIdClient: getting error as 17: API: ClientTelemetry.API is not available on this device. Connection failed with: ConnectionResult{statusCode=SERVICE_MISSING, resolution=null, message=null, clientMethodKey=null}
06-19 16:23:30.737  4988  5079 I Unity   : Frame:[522], Type:[ThrowEvent], Body:[Event: Type: Call | Data: [key:CallData, value:TUTORIAL_BUNDLES_DOWNLOAD_GENERAL] 
06-19 16:23:30.737  4988  5079 I Unity   :  HasTrigger: True QueueCount: 3 - ], List:[3:TUTORIAL_BUNDLES_DOWNLOAD_GENERAL_VIDEO_ON_WIFI_ON,SET_DOJO_1_1,NEW_PLAYERS_IN_NEW_LOBBY,]
06-19 16:23:30.737  4988  5079 I Unity   : Frame:[522], Type:[CloseAction], Body:[TUTORIAL_CHARACTER_CREATED_ONLINE_GENERAL - Call], List:[3:TUTORIAL_BUNDLES_DOWNLOAD_GENERAL_VIDEO_ON_WIFI_ON,SET_DOJO_1_1,NEW_PLAYERS_IN_NEW_LOBBY,]
06-19 16:23:30.738  4988  5079 I Unity   : Frame:[522], Type:[ListChange], Body:[Remove  - TUTORIAL_BUNDLES_DOWNLOAD_GENERAL_VIDEO_ON_WIFI_ON], List:[3:TUTORIAL_BUNDLES_DOWNLOAD_GENERAL_VIDEO_ON_WIFI_ON,SET_DOJO_1_1,NEW_PLAYERS_IN_NEW_LOBBY,]
06-19 16:23:30.738  4988  5079 I Unity   : Frame:[522], Type:[RunAction], Body:[TUTORIAL_BUNDLES_DOWNLOAD_GENERAL_VIDEO_ON_WIFI_ON - Call], List:[2:SET_DOJO_1_1,NEW_PLAYERS_IN_NEW_LOBBY,]
06-19 16:23:30.742  4988  5079 I Unity   : Frame:[522], Type:[ListChange], Body:[Add  - TUTORIAL_INTRO_VIDEO_BUNDLES_BACKGROUND_DOWNLOAD_IMMEDIATELY], List:[2:SET_DOJO_1_1,NEW_PLAYERS_IN_NEW_LOBBY,]
06-19 16:23:30.745  4988  5079 I Unity   : Frame:[522], Type:[ThrowEvent], Body:[Event: Type: Call | Data: [key:CallData, value:TUTORIAL_INTRO_VIDEO_BUNDLES_BACKGROUND_DOWNLOAD_IMMEDIATELY] 
06-19 16:23:30.745  4988  5079 I Unity   :  HasTrigger: True QueueCount: 3 - ], List:[3:TUTORIAL_INTRO_VIDEO_BUNDLES_BACKGROUND_DOWNLOAD_IMMEDIATELY,NEW_PLAYERS_IN_NEW_LOBBY,SET_DOJO_1_1,]
06-19 16:23:30.745  4988  5079 I Unity   : Frame:[522], Type:[CloseAction], Body:[TUTORIAL_BUNDLES_DOWNLOAD_GENERAL_VIDEO_ON_WIFI_ON - Call], List:[3:TUTORIAL_INTRO_VIDEO_BUNDLES_BACKGROUND_DOWNLOAD_IMMEDIATELY,NEW_PLAYERS_IN_NEW_LOBBY,SET_DOJO_1_1,]
06-19 16:23:30.745  4988  5079 I Unity   : Frame:[522], Type:[ListChange], Body:[Remove  - TUTORIAL_INTRO_VIDEO_BUNDLES_BACKGROUND_DOWNLOAD_IMMEDIATELY], List:[3:TUTORIAL_INTRO_VIDEO_BUNDLES_BACKGROUND_DOWNLOAD_IMMEDIATELY,NEW_PLAYERS_IN_NEW_LOBBY,SET_DOJO_1_1,]
06-19 16:23:30.746  4988  5079 I Unity   : Frame:[522], Type:[RunAction], Body:[TUTORIAL_INTRO_VIDEO_BUNDLES_BACKGROUND_DOWNLOAD_IMMEDIATELY - RemoveUserVariable], List:[2:NEW_PLAYERS_IN_NEW_LOBBY,SET_DOJO_1_1,]
06-19 16:23:30.746  4988  5079 I Unity   : Frame:[522], Type:[CloseAction], Body:[TUTORIAL_INTRO_VIDEO_BUNDLES_BACKGROUND_DOWNLOAD_IMMEDIATELY - RemoveUserVariable], List:[2:NEW_PLAYERS_IN_NEW_LOBBY,SET_DOJO_1_1,]
06-19 16:23:30.746  4988  5079 I Unity   : Frame:[522], Type:[RunAction], Body:[TUTORIAL_INTRO_VIDEO_BUNDLES_BACKGROUND_DOWNLOAD_IMMEDIATELY - SetRestartProhibited], List:[2:NEW_PLAYERS_IN_NEW_LOBBY,SET_DOJO_1_1,]
06-19 16:23:30.746  4988  5079 I Unity   : Add restart blocker. Current blockers count: [2]
06-19 16:23:30.747  4988  5079 I Unity   : Frame:[522], Type:[CloseAction], Body:[TUTORIAL_INTRO_VIDEO_BUNDLES_BACKGROUND_DOWNLOAD_IMMEDIATELY - SetRestartProhibited], List:[2:NEW_PLAYERS_IN_NEW_LOBBY,SET_DOJO_1_1,]
06-19 16:23:30.747  4988  5079 I Unity   : Frame:[522], Type:[RunAction], Body:[TUTORIAL_INTRO_VIDEO_BUNDLES_BACKGROUND_DOWNLOAD_IMMEDIATELY - DownloadBundlesInBackground], List:[2:NEW_PLAYERS_IN_NEW_LOBBY,SET_DOJO_1_1,]
06-19 16:23:30.748  4988  5079 I Unity   : Create new bundles loader: [MGHIDCMBIHC]
06-19 16:23:30.751  4988  5474 D TransactionThrottler: Reset transaction throttler
06-19 16:23:30.752  4988  5474 D TransactionThrottler: Reset transaction throttler
06-19 16:23:30.755  4988  4998 E LoadedApk: performReceive() called targeting raw IIntentReceiver for Intent { act=android.intent.action.BATTERY_CHANGED flg=0x60000010 (has extras) }
06-19 16:23:30.757  4988  5478 W GooglePlayServicesUtil: com.nekki.shadowfight3 requires Google Play services, but they are missing.
06-19 16:23:30.757  4988  5089 D AdvertisingIdClient: AdvertisingIdClient already created.
06-19 16:23:30.757  4988  5089 D AdvertisingIdClient: AdvertisingIdClient is not bounded. Starting to bind it...
06-19 16:23:30.758  4988  5089 W GooglePlayServicesUtil: com.nekki.shadowfight3 requires Google Play services, but they are missing.
06-19 16:23:30.759  4988  5060 W GooglePlayServicesUtil: com.nekki.shadowfight3 requires Google Play services, but they are missing.
06-19 16:23:30.762  4988  5089 I AdvertisingIdClient: shouldSendLog -1
06-19 16:23:30.763  4988  5060 W GoogleApiManager: The service for com.google.android.gms.internal.appset.zzd is not available: ConnectionResult{statusCode=SERVICE_MISSING, resolution=null, message=null, clientMethodKey=null}
06-19 16:23:30.763  4988  5089 V LevelPlaySDK: INTERNAL: UIThread: false Activity: 26434800 n4 a - isInitialized=false
06-19 16:23:30.763  4988  5089 D AdvertisingIdClient: AdvertisingIdClient already created.
06-19 16:23:30.763  4988  5089 D AdvertisingIdClient: AdvertisingIdClient is not bounded. Starting to bind it...
06-19 16:23:30.763  4988  5060 W GooglePlayServicesUtil: com.nekki.shadowfight3 requires Google Play services, but they are missing.
06-19 16:23:30.765  4988  5089 W GooglePlayServicesUtil: com.nekki.shadowfight3 requires Google Play services, but they are missing.
06-19 16:23:30.767  4988  5060 W GoogleApiManager: The service for com.google.android.gms.common.internal.service.zau is not available: ConnectionResult{statusCode=SERVICE_MISSING, resolution=null, message=null, clientMethodKey=null}
06-19 16:23:30.767  4988  4988 I AdvertisingIdClient: getting error as 17: API: ClientTelemetry.API is not available on this device. Connection failed with: ConnectionResult{statusCode=SERVICE_MISSING, resolution=null, message=null, clientMethodKey=null}
06-19 16:23:30.768  4988  5478 D AudioPermissionProxy: AudioPermission: getStreamVolume called, allowing
06-19 16:23:30.769  4988  5089 I AdvertisingIdClient: shouldSendLog -1
06-19 16:23:30.769  4988  5089 V LevelPlaySDK: INTERNAL: UIThread: false Activity: 26434800 n4 a - isInitialized=false
06-19 16:23:30.772  4988  5060 W GooglePlayServicesUtil: com.nekki.shadowfight3 requires Google Play services, but they are missing.
06-19 16:23:30.772  4988  5478 D AudioPermissionProxy: AudioPermission: getStreamMaxVolume called, allowing
06-19 16:23:30.777  4988  5060 W GoogleApiManager: The service for com.google.android.gms.common.internal.service.zau is not available: ConnectionResult{statusCode=SERVICE_MISSING, resolution=null, message=null, clientMethodKey=null}
06-19 16:23:30.778  4988  5478 D AttributionSourceUtils: Fixed AttributionSource UID in method arguments
06-19 16:23:30.778  4988  4988 I AdvertisingIdClient: getting error as 17: API: ClientTelemetry.API is not available on this device. Connection failed with: ConnectionResult{statusCode=SERVICE_MISSING, resolution=null, message=null, clientMethodKey=null}
06-19 16:23:30.783  4988  5478 D AttributionSourceUtils: Fixed AttributionSource UID in method arguments
06-19 16:23:30.795  4988  5478 D AdvertisingIdClient: AdvertisingIdClient already created.
06-19 16:23:30.795  4988  5478 D AdvertisingIdClient: AdvertisingIdClient is not bounded. Starting to bind it...
06-19 16:23:30.795  4988  5478 W GooglePlayServicesUtil: com.nekki.shadowfight3 requires Google Play services, but they are missing.
06-19 16:23:30.797  4988  5478 I AdvertisingIdClient: shouldSendLog -1
06-19 16:23:30.797  4988  5478 V LevelPlaySDK: INTERNAL: UIThread: false Activity: 26434800 n4 a - isInitialized=false
06-19 16:23:30.798  4988  5478 I LevelPlaySDK: INTERNAL: using custom identifier
06-19 16:23:30.798  4988  5060 W GooglePlayServicesUtil: com.nekki.shadowfight3 requires Google Play services, but they are missing.
