06-19 16:23:07.617  4988  4988 I BLASTBufferQueue_Java: update, w= 1340 h= 800 mName = VRI[NekkiNativeActivity]@8b3fed2 mNativeObject= 0x778e242520 sc.mNativeObject= 0x772e2175d0 format= -3 caller= android.view.ViewRootImpl.updateBlastSurfaceIfNeeded:3574 android.view.ViewRootImpl.relayoutWindow:11685 android.view.ViewRootImpl.performTraversals:4804 android.view.ViewRootImpl.doTraversal:3924 android.view.ViewRootImpl$TraversalRunnable.run:12903 android.view.Choreographer$CallbackRecord.run:1901 
06-19 16:23:07.617  4988  4988 I VRI[NekkiNativeActivity]@8b3fed2: Relayout returned: old=(0,0,1340,800) new=(0,0,1340,800) relayoutAsync=true req=(1340,800)0 dur=0 res=0x0 s={true 0x775e214830} ch=false seqId=0
06-19 16:23:07.618  4988  4988 I VRI[NekkiNativeActivity]@8b3fed2: updateBoundsLayer: t=android.view.SurfaceControl$Transaction@4d4f728 sc=Surface(name=Bounds for - com.nekki.shadowfight3/com.nekki.unityplugins.NekkiNativeActivity@0)/@0x2eb9c41 frame=4
06-19 16:23:07.619  4988  4988 I VRI[NekkiNativeActivity]@8b3fed2: registerCallbackForPendingTransactions
06-19 16:23:07.620  4988  5094 I VRI[NekkiNativeActivity]@8b3fed2: mWNT: t=0x779e2bd990 mBlastBufferQueue=0x778e242520 fn= 4 HdrRenderState mRenderHdrSdrRatio=1.0 caller= android.view.ViewRootImpl$10.onFrameDraw:6536 android.view.ViewRootImpl$4.onFrameDraw:2489 android.view.ThreadedRenderer$1.onFrameDraw:718 
06-19 16:23:07.633  4988  5079 I Unity   : EnterPoint.Init FL:True
06-19 16:23:07.633  4988  5079 I Unity   : [JIJGMDCOHPF] Init
06-19 16:23:07.634  4988  5079 I Unity   : [EFIGJPOMEMP] Init
06-19 16:23:07.643  4988  5079 I Unity   : Init NativeLoggeriOS
06-19 16:23:07.706  4988  5079 I Banzai  : Path: /storage/emulated/0/Android/data/top.niunaijun.blackbox/files/blackbox/storage/emulated/0/Android/data/com.nekki.shadowfight3/files/tou.file
06-19 16:23:07.708  4988  5079 D Banzai  : Send request on url https://sf3lb.nekki.com/clog?guid=96b1a4edeac872bc&e=ENTER_POINT_BEGIN&ext=eyJSQU0iOiIzNjQyIiwiQVJDSCI6ImFybTY0LXY4YSIsIk9TIjoiMTYiLCJMQU5HIjoiRW5nbGlzaCIsIk5FVCI6IldJRkkiLCJPR0wiOiJPUEVOR0xFU18zXzAiLCJCTiI6IjE5MjA5IiwiUEwiOiJBbmRyb2lkIn0%3D
06-19 16:23:07.722  4988  5079 I Unity   : [KFNOKLGFLCC] Init
06-19 16:23:07.725  4988  5079 I Unity   : [IHBEPIEEIJG] Init
06-19 16:23:07.726  4988  5079 I Unity   : [IHBEPIEEIJG] Current state: UserExist
06-19 16:23:08.239  4988  5161 D BLASTBufferQueue: [e19b513 SurfaceView[com.nekki.shadowfight3/com.nekki.unityplugins.NekkiNativeActivity]@0#1](f:0,a:1) acquireNextBufferLocked size=1340x800 mFrameNumber=1 applyTransaction=true mTimestamp=265311844840504(auto) mPendingTransactions.size=0 graphicBufferId=21423296872450 transform=7
06-19 16:23:08.267  4988  5079 I Unity   : [BOGDEHCNHOF]; Logs folder: [/storage/emulated/0/Android/data/top.niunaijun.blackbox/files/blackbox/storage/emulated/0/Android/data/com.nekki.shadowfight3/files/gamedata/Logs]; Available drive space: 6483MB; Limit space: 50MB
06-19 16:23:08.280  4988  5079 I Unity   : [LOJMGBEJJGO] Init
06-19 16:23:08.290  4988  5224 I UserMessagingPlatform: Use new ConsentDebugSettings.Builder().addTestDeviceHashedId("1654883292BEA2952023B0AF6A4DAB83") to set this as a debug device.
06-19 16:23:08.290  4988  5079 I Unity   : [JOKOBCPEOPJ] Init
06-19 16:23:08.290  4988  5079 I Unity   : [DHEDEFLIDPP] Init
06-19 16:23:08.292  4988  5224 D UserMessagingPlatform: Stored info not exists: IABTCF_TCString
06-19 16:23:08.292  4988  5224 D UserMessagingPlatform: Stored info not exists: IABGPP_HDR_GppString
06-19 16:23:08.292  4988  5224 D UserMessagingPlatform: Stored info not exists: IABGPP_GppSID
06-19 16:23:08.292  4988  5224 D UserMessagingPlatform: Stored info not exists: IABUSPrivacy_String
06-19 16:23:08.299  4988  5224 I WebViewFactory: Loading com.google.android.webview version 149.0.7827.91 (code 782709103)
06-19 16:23:08.303  4988  5224 V ResourcesManager: The following library key has been added: ResourcesKey{ mHash=577b64ab mResDir=null mSplitDirs=[] mOverlayDirs=[] mLibDirs=[/data/app/~~Le3hgXek_hNQMhl1CO1F4g==/com.google.android.webview-2XJ4JQhZFpZKWJuOrRbbBA==/base.apk,/system/framework/android.test.base.jar,/system_ext/framework/androidx.window.extensions.jar] mDisplayId=0 mOverrideConfig=v36 mCompatInfo={213dpi always-compat} mLoaders=[]}
06-19 16:23:08.306  4988  5224 D ApplicationLoaders: Returning zygote-cached class loader: /system/framework/android.test.base.jar
06-19 16:23:08.306  4988  5224 D ApplicationLoaders: Returning zygote-cached class loader: /system_ext/framework/androidx.window.extensions.jar
06-19 16:23:08.306  4988  5224 D NativeCore: openDexFileNative: /data/app/~~Le3hgXek_hNQMhl1CO1F4g==/com.google.android.webview-2XJ4JQhZFpZKWJuOrRbbBA==/base.apk
06-19 16:23:08.313  4988  5224 D nativeloader: Configuring clns-11 for other apk /data/app/~~Le3hgXek_hNQMhl1CO1F4g==/com.google.android.webview-2XJ4JQhZFpZKWJuOrRbbBA==/base.apk. target_sdk_version=36, uses_libraries=, library_path=/data/app/~~Le3hgXek_hNQMhl1CO1F4g==/com.google.android.webview-2XJ4JQhZFpZKWJuOrRbbBA==/lib/arm64:/data/app/~~Le3hgXek_hNQMhl1CO1F4g==/com.google.android.webview-2XJ4JQhZFpZKWJuOrRbbBA==/base.apk!/lib/arm64-v8a, permitted_path=/data:/mnt/expand
06-19 16:23:08.339  4988  5007 D Banzai  : Request code: 200
06-19 16:23:08.340  4988  4988 D Banzai  : Request result: 
06-19 16:23:08.381  4988  5224 I cr_WVCFactoryProvider: version=149.0.7827.91 (782709103) minSdkVersion=29 multiprocess=true packageId=2 splits=config.arm64_v8a
06-19 16:23:08.387  4988  5224 D nativeloader: Load /data/app/~~Le3hgXek_hNQMhl1CO1F4g==/com.google.android.webview-2XJ4JQhZFpZKWJuOrRbbBA==/base.apk!/lib/arm64-v8a/libwebviewchromium.so using class loader ns clns-11 (caller=/data/app/~~Le3hgXek_hNQMhl1CO1F4g==/com.google.android.webview-2XJ4JQhZFpZKWJuOrRbbBA==/base.apk): ok
06-19 16:23:08.392  4988  4988 I BLASTBufferQueue_Java: update, w= 1340 h= 800 mName = VRI[NekkiNativeActivity]@8b3fed2 mNativeObject= 0x778e242520 sc.mNativeObject= 0x772e2175d0 format= -3 caller= android.view.ViewRootImpl.updateBlastSurfaceIfNeeded:3574 android.view.ViewRootImpl.relayoutWindow:11685 android.view.ViewRootImpl.performTraversals:4804 android.view.ViewRootImpl.doTraversal:3924 android.view.ViewRootImpl$TraversalRunnable.run:12903 android.view.Choreographer$CallbackRecord.run:1901 
06-19 16:23:08.392  4988  4988 I VRI[NekkiNativeActivity]@8b3fed2: Relayout returned: old=(0,0,1340,800) new=(0,0,1340,800) relayoutAsync=true req=(1340,800)0 dur=0 res=0x0 s={true 0x775e214830} ch=false seqId=0
06-19 16:23:08.392  4988  4988 I VRI[NekkiNativeActivity]@8b3fed2: updateBoundsLayer: t=android.view.SurfaceControl$Transaction@4d4f728 sc=Surface(name=Bounds for - com.nekki.shadowfight3/com.nekki.unityplugins.NekkiNativeActivity@0)/@0x2eb9c41 frame=5
06-19 16:23:08.393  4988  4988 I VRI[NekkiNativeActivity]@8b3fed2: registerCallbackForPendingTransactions
06-19 16:23:08.393  4988  5095 I VRI[NekkiNativeActivity]@8b3fed2: mWNT: t=0x779e2ea1d0 mBlastBufferQueue=0x778e242520 fn= 5 HdrRenderState mRenderHdrSdrRatio=1.0 caller= android.view.ViewRootImpl$10.onFrameDraw:6536 android.view.ViewRootImpl$4.onFrameDraw:2489 android.view.ThreadedRenderer$1.onFrameDraw:718 
06-19 16:23:08.396  4988  5224 D nativeloader: Load /system/lib64/libwebviewchromium_plat_support.so using class loader ns clns-11 (caller=/data/app/~~Le3hgXek_hNQMhl1CO1F4g==/com.google.android.webview-2XJ4JQhZFpZKWJuOrRbbBA==/base.apk): ok
06-19 16:23:08.405  4988  5227 I chromium: [0619/162308.401501:INFO:android_webview/browser/variations/variations_seed_loader.cc:67] Failed to open file for reading.: No such file or directory (2)
06-19 16:23:08.435  4988  4988 I cr_LibraryLoader: Successfully loaded native library
06-19 16:23:08.446  4988  4988 I cr_CachingUmaRecorder: Flushed 44 samples from 22 histograms, 0 samples were dropped.
06-19 16:23:08.454  4988  4988 I cr_ChildProcLH: ScopedServiceBindingBatch.tryActivate: false
06-19 16:23:08.457  4988  4988 I cr_CombinedPProvider: #registerProvider() provider:WV.wk@670771e isPolicyCacheEnabled:false policyProvidersSize:0
06-19 16:23:08.458  4988  4988 I cr_PolicyProvider: #setManagerAndSource() 0
06-19 16:23:08.458  4988  5226 D TransactionThrottler: Reset transaction throttler
06-19 16:23:08.458  4988  5226 D TransactionThrottler: Reset transaction throttler
06-19 16:23:08.459  4988  5226 I cr_policy: registerReceiver succeeded after 2ms
06-19 16:23:08.460  4988  4988 I cr_DisplayManager: Is Display Topology available: false
06-19 16:23:08.462  4988  5229 D TransactionThrottler: Reset transaction throttler
06-19 16:23:08.469  4988  5229 D TransactionThrottler: Reset transaction throttler
06-19 16:23:08.504  4988  5079 I Unity   : [GAPLKBELEIG]; Get internet accessibility response: [Available]
06-19 16:23:08.518  4988  5079 D BanzaiLogcat: Starting Logcat process with command line: logcat -f /storage/emulated/0/Android/data/top.niunaijun.blackbox/files/blackbox/storage/emulated/0/Android/data/com.nekki.shadowfight3/files/gamedata/Logs/NativeLog_19-06-26_16-23-08.log *:S UnityIAP:V BillingClient:V BillingHelper:V BanzaiLogcat:V BanzaiExceptions:V BanzaiGpgTokens:V NativeBridgeActivity:V TokenFragment:V TokenPendingResult:V BanzaiBackups:V
06-19 16:23:08.537  4988  4988 I cr_CombinedPProvider: #linkNativeInternal() 1
06-19 16:23:08.542  4988  4988 I cr_AppResProvider: #getApplicationRestrictionsFromUserManager() Only system may: get application restrictions for other user/app com.nekki.shadowfight3
06-19 16:23:08.542  4988  4988 I cr_PolicyProvider: #notifySettingsAvailable() 0
06-19 16:23:08.543  4988  4988 I cr_CombinedPProvider: #onSettingsAvailable() 0
06-19 16:23:08.543  4988  4988 I cr_CombinedPProvider: #flushPolicies()
06-19 16:23:08.580  4988  5079 W Unity   : Client time was used instead of server time.
06-19 16:23:08.581  4988  4988 D VirtualSpoof: [spoof] ro.build.version.release = 12
06-19 16:23:08.581  4988  4988 D VirtualSpoof: [spoof] ro.product.model = Pixel 6
06-19 16:23:08.582  4988  5079 I Unity   : GcUtils_SetFreeSpaceDivisor(3)
06-19 16:23:08.583  4988  5079 D PackageManagerStub: GetPackageInfo: Providing fake Google Play Services info
06-19 16:23:08.584  4988  5079 W GooglePlayServicesUtil: com.nekki.shadowfight3 requires Google Play services, but they are missing.
06-19 16:23:08.585  4988  5079 D Banzai  : Status of gaming service availability: 1
06-19 16:23:08.585  4988  5079 I Unity   : GC Configuration:
06-19 16:23:08.585  4988  5079 I Unity   : Adaptivity=1
06-19 16:23:08.585  4988  5079 I Unity   : CrashMemoryLimit=1821
06-19 16:23:08.585  4988  5079 I Unity   : MinFreeSpaceDivisor=3
06-19 16:23:08.585  4988  5079 I Unity   : MaxFreeSpaceDivisor=8
06-19 16:23:08.588  4988  5247 I jun.blackbox:p1: Using smaps_rollup for pss collection
06-19 16:23:08.621  4988  5251 D TransactionThrottler: Reset transaction throttler
06-19 16:23:08.622  4988  5251 D TransactionThrottler: Reset transaction throttler
06-19 16:23:08.625  4988  5251 D TransactionThrottler: Reset transaction throttler
06-19 16:23:08.626  4988  5251 D TransactionThrottler: Reset transaction throttler
06-19 16:23:08.652  4988  5251 W chromium: [WARNING:net/dns/dns_config_service_android.cc:69] Failed to read DnsConfig.
06-19 16:23:08.656  4988  4988 W cr_PlatformSer-Internal: Unable to find GMS package on device
06-19 16:23:08.666  4988  4988 D VirtualSpoof: [spoof] ro.build.version.release = 12
06-19 16:23:08.666  4988  4988 D VirtualSpoof: [spoof] ro.product.model = Pixel 6
06-19 16:23:08.666  4988  4988 W chromium: [WARNING:android_webview/browser/network_service/net_helpers.cc:137] HTTP Cache size is: 20971520
06-19 16:23:08.668  4988  4988 D TransactionThrottler: Reset transaction throttler
06-19 16:23:08.668  4988  4988 D TransactionThrottler: Reset transaction throttler
06-19 16:23:08.670  4988  4988 D TransactionThrottler: Reset transaction throttler
06-19 16:23:08.670  4988  4988 D TransactionThrottler: Reset transaction throttler
06-19 16:23:08.673  4988  5088 E LoadedApk: performReceive() called targeting raw IIntentReceiver for Intent { act=android.intent.action.PROXY_CHANGE flg=0x24000010 xflg=0x4 (has extras) }
06-19 16:23:08.687  4988  5224 D VirtualSpoof: [spoof] ro.build.version.release = 12
06-19 16:23:08.687  4988  5224 D VirtualSpoof: [spoof] ro.product.model = Pixel 6
06-19 16:23:08.697  4988  4988 I cr_AppResProvider: #getApplicationRestrictionsFromUserManager() Only system may: get application restrictions for other user/app com.nekki.shadowfight3
06-19 16:23:08.697  4988  4988 I cr_PolicyProvider: #notifySettingsAvailable() 0
06-19 16:23:08.697  4988  4988 I cr_CombinedPProvider: #onSettingsAvailable() 0
06-19 16:23:08.697  4988  4988 I cr_CombinedPProvider: #flushPolicies()
06-19 16:23:08.700  4988  5079 I Unity   : Initializing localization..
06-19 16:23:08.702  4988  5276 I CameraManagerGlobal: Connecting to camera service
06-19 16:23:08.718  4988  5276 D VendorTagDescriptor: addVendorDescriptor: vendor tag id 8932615658386372252 added
06-19 16:23:08.737  4988  5276 I CameraManager: registerAvailabilityCallback: Is device callback = false
06-19 16:23:08.737  4988  5088 I CameraManagerGlobal: Camera 0 facing CAMERA_FACING_BACK state now CAMERA_STATE_CLOSED for client com.sec.android.app.camera API Level 2 User Id 0Device Id 0
06-19 16:23:08.738  4988  5276 I CameraManagerGlobal: postSingleUpdate device: camera id 0 status STATUS_PRESENT
06-19 16:23:08.738  4988  5276 I CameraManagerGlobal: postSingleUpdate device: camera id 1 status STATUS_PRESENT
06-19 16:23:08.738  4988  5088 I CameraManagerGlobal: Camera 1 facing CAMERA_FACING_FRONT state now CAMERA_STATE_CLOSED for client android.system API Level 2 User Id 0Device Id 0
06-19 16:23:08.738  4988  5088 I CameraManagerGlobal: Camera 2 facing CAMERA_FACING_FRONT state now CAMERA_STATE_CLOSED for client client.pid<1100> API Level 2 User Id 0Device Id 0
06-19 16:23:08.743  4988  5079 I Unity   : Localization initialized: [English] []
06-19 16:23:08.825  4988  5224 D UserMessagingPlatform: Action[clear]: {"keys":["UMP_eids"]}
06-19 16:23:08.826  4988  5224 D UserMessagingPlatform: Action[write]: {"UMP_consentModeValues":"3334","IABTCF_CmpSdkID":300,"IABTCF_gdprApplies":0}
06-19 16:23:08.826  4988  5224 D UserMessagingPlatform: Writing to storage: [UMP_consentModeValues] 3334
06-19 16:23:08.826  4988  5224 D UserMessagingPlatform: Writing to storage: [IABTCF_CmpSdkID] 300
06-19 16:23:08.826  4988  5224 D UserMessagingPlatform: Writing to storage: [IABTCF_gdprApplies] 0
06-19 16:23:08.938  4988  5079 I Unity   : [LOJMGBEJJGO] Update. Success. Status: NotRequired True
06-19 16:23:09.415  4988  5079 I Unity   : World changed: IN
06-19 16:23:09.417  4988  5079 I Banzai  : Path: /storage/emulated/0/Android/data/top.niunaijun.blackbox/files/blackbox/storage/emulated/0/Android/data/com.nekki.shadowfight3/files/tou.file
06-19 16:23:09.418  4988  5079 D Banzai  : Send request on url https://sf3lb.nekki.com/clog?guid=96b1a4edeac872bc&e=BALANCER_RESPONSE&ext=eyJSQU0iOiIzNjQyIiwiQVJDSCI6ImFybTY0LXY4YSIsIk9TIjoiMTYiLCJMQU5HIjoiRW5nbGlzaCIsIk5FVCI6IldJRkkiLCJPR0wiOiJPUEVOR0xFU18zXzAiLCJCTiI6IjE5MjA5IiwiUEwiOiJBbmRyb2lkIn0%3D
06-19 16:23:09.448  4988  5079 I Unity   : Own config version (NetworkSettings.ConfigVersion [full version: 1.45.0.0.16655-prod]) need update to : NetworkSettings.ConfigVersion [full version: 1.45.0.20.16672-prod]
06-19 16:23:09.454  4988  5079 D ConnectivityManager: StackLog: [android.net.ConnectivityManager.sendRequestForNetwork(ConnectivityManager.java:4744)] [android.net.ConnectivityManager.registerDefaultNetworkCallbackForUid(ConnectivityManager.java:5469)] [android.net.ConnectivityManager.registerDefaultNetworkCallback(ConnectivityManager.java:5436)] [android.net.ConnectivityManager.registerDefaultNetworkCallback(ConnectivityManager.java:5410)] [com.unity3d.player.a.v.<init>(SourceFile:64)] [com.unity3d.player.UnityPlayer.getNetworkConnectivity(SourceFile:855)] [com.unity3d.player.UnityPlayerForActivityOrService.nativeRender(Native Method)] [com.unity3d.player.V.handleMessage(SourceFile:93)]
06-19 16:23:09.454  4988  5079 D IConnectivityManagerProxy: Intercepting requestNetwork call for internet access
06-19 16:23:09.455  4988  5079 D IConnectivityManagerProxy: requestNetwork succeeded via original method
06-19 16:23:09.480  4988  5079 I Unity   : $<color=blue><b>CreateNativeJsEngine: PlatformDefault</b></color>
06-19 16:23:09.496  4988  5079 D nativeloader: Load /data/app/~~b-kNTPL92oJmt3Gcmb6V-w==/com.nekki.shadowfight3-7kK4tjGugrQhSUVD9c6cmg==/lib/arm64/libbanzai-v8.so using class loader ns clns-10 (caller=/data/app/~~b-kNTPL92oJmt3Gcmb6V-w==/com.nekki.shadowfight3-7kK4tjGugrQhSUVD9c6cmg==/base.apk!classes7.dex): ok
06-19 16:23:09.518  4988  5079 I Unity   : [V8 JS] Msg: [V8] Initialized
06-19 16:23:09.537  4988  5079 I Unity   : [V8 JS] Msg: [V8] Isolate initialized
06-19 16:23:09.538  4988  5079 I Unity   : [JS] Init params: chapterId=100, debug=False, allChapters=False, loadFromSnapshot=True, createSnapshot=True
06-19 16:23:09.581  4988  5007 D Banzai  : Request code: 200
06-19 16:23:09.582  4988  4988 D Banzai  : Request result: 
06-19 16:23:09.735  4988  5079 I Unity   : [JS] Snapshot data loaded in 185 ms
06-19 16:23:09.737  4988  5079 I Unity   : [V8 JS] Msg: [V8] Isolate disposed
06-19 16:23:10.233  4988  5079 I Unity   : [V8 JS] Msg: [V8] Isolate reinitialized from snapshot
06-19 16:23:10.249  4988  5079 I Unity   : [JS] Init stats: exec 497 ms, total 695 ms
06-19 16:23:10.275  4988  5079 I Unity   : Localization download meta: {"langs": {"Spanish": {"Journal": 1756, "Base": 1756, "News": 1756}, "French": {"Journal": 1756, "News": 1756, "Base": 1756}, "Vietnamese": {"Base": 1756, "Journal": 1756, "News": 1756}, "Korean": {"Journal": 1756, "Base": 1756, "News": 1756}, "ChineseSimplified": {"Base": 1756, "News": 1756, "Journal": 1756}, "Italian": {"Base": 1756, "News": 1756, "Journal": 1756}, "ChineseTraditional": {"Base": 1756, "Journal": 1756, "News": 1756}, "Russian": {"News": 1756, "Journal": 1756, "Base": 1756}, "German": {"News": 1756, "Base": 1756, "Journal": 1756}, "English": {"News": 1756, "Base": 1756, "Journal": 1756}, "Portuguese": {"Journal": 1756, "News": 1756, "Base": 1756}, "Turkish": {"Base": 1756, "Journal": 1756, "News": 1756}, "Thai": {"Journal": 1756, "Base": 1756, "News": 1756}, "Indonesian": {"Journal": 1756, "News": 1756, "Base": 1756}, "Japanese": {"News": 1756, "Journal": 1756, "Base": 1756}, "Hindi": {"News": 1756, "Base": 1756, "Journal": 1756}}, "baseUrl": "https://sf3assets.ne
06-19 16:23:10.302  4988  5079 I Unity   : [FB] Init
06-19 16:23:10.421  4988  5079 V com.facebook.unity.FB: SetUserAgentSuffix(Unity.18.0.0)
06-19 16:23:10.422  4988  5079 V com.facebook.unity.FB: Init({"appId":"647386682120764","clientToken":"1fc47ffc09d4802ddba691bc6fde9479"})
06-19 16:23:10.426  4988  5079 D com.facebook.unity.FB: KeyHash: 1hEJ12jtqjrS76nvNXvRrjPV8Ks=
06-19 16:23:10.428  4988  5007 W GooglePlayServicesUtil: com.nekki.shadowfight3 requires Google Play services, but they are missing.
06-19 16:23:10.428  4988  5007 W GooglePlayServicesUtil: com.nekki.shadowfight3 requires Google Play services, but they are missing.
06-19 16:23:10.429  4988  5079 V com.facebook.unity.FB: sending to Unity OnInitComplete({"key_hash":"1hEJ12jtqjrS76nvNXvRrjPV8Ks=\n"})
06-19 16:23:10.429  4988  5079 I Unity   : Using Facebook Unity SDK v18.0.0 with FBAndroidSDK/18.2.3
06-19 16:23:10.438  4988  5299 D TransactionThrottler: Reset transaction throttler
06-19 16:23:10.464  4988  5079 I Unity   : [FB] ActivateApp
06-19 16:23:10.465  4988  5079 W com.facebook.unity.FB: Activite app only needs to be called once
06-19 16:23:10.471  4988  5079 I Unity   : [BCIOEFJGMMA] Init
06-19 16:23:10.478  4988  5079 I Unity   : [UserManager]; Load user. Is new: False
06-19 16:23:10.516  4988  4988 V FA      : onUnbind called for intent. action: com.google.android.gms.measurement.START
06-19 16:23:10.816  4988  5299 E adservices: Failed binding to measurement service: com.android.adservices.shared.common.exception.ServiceUnavailableException: Service is not available.
06-19 16:23:10.817  4988  5007 D class com.facebook.appevents.gps.ara.GpsAraTriggersManager: OUTCOME_RECEIVER_TRIGGER_FAILURE
06-19 16:23:11.301  4988  5313 D ProfileInstaller: Installing profile for com.nekki.shadowfight3
06-19 16:23:11.343  4988  5079 W Unity   : Client time was used instead of server time.
06-19 16:23:11.343  4988  5079 W Unity   : Client time was used instead of server time.
06-19 16:23:11.417  4988  5079 I Unity   : Load current preset: [joystick_small]
06-19 16:23:11.444  4988  5079 I Unity   : [BattlePass] Scheduling BP end: ID=10080209, EndDate=06/29/2026 05:30:00
06-19 16:23:11.849  4988  5079 W Unity   : Havnt any battle data to parse
06-19 16:23:11.861  4988  5079 W Unity   : [UserDataSaver] DataSaver BATTLES already added
06-19 16:23:11.872  4988  5079 I Unity   : [BMNNADNBPKN] Init
06-19 16:23:11.887  4988  5079 I Unity   : [DJBCNKBGEGH] Init
06-19 16:23:11.888  4988  5079 I Unity   : [DJBCNKBGEGH] InitInternal: False
06-19 16:23:11.907  4988  5317 D PackageManagerStub: GetPackageInfo: Providing fake Google Play Services info
06-19 16:23:11.909  4988  5317 W GooglePlayServicesUtil: com.nekki.shadowfight3 requires Google Play services, but they are missing.
06-19 16:23:11.912  4988  5317 D ConnectivityManager: StackLog: [android.net.ConnectivityManager.sendRequestForNetwork(ConnectivityManager.java:4744)] [android.net.ConnectivityManager.sendRequestForNetwork(ConnectivityManager.java:4912)] [android.net.ConnectivityManager.registerNetworkCallback(ConnectivityManager.java:5329)] [android.net.ConnectivityManager.registerNetworkCallback(ConnectivityManager.java:5299)] [com.appsflyer.internal.AFi1oSDK.<init>(:34)] [com.appsflyer.internal.AFa1uSDK.copy(:51047)] [com.appsflyer.internal.AFa1uSDK.$r8$lambda$afiUCNXcbaeS-eqsPnXdGJMH2qE(:0)] [com.appsflyer.internal.AFa1uSDK$$ExternalSyntheticLambda4.run(D8$$SyntheticClass:0)] [java.util.concurrent.ThreadPoolExecutor.runWorker(ThreadPoolExecutor.java:1100)] [java.util.concurrent.ThreadPoolExecutor$Worker.run(ThreadPoolExecutor.java:624)] [java.lang.Thread.run(Thread.java:1572)]
06-19 16:23:11.914  4988  5320 W GooglePlayServicesUtil: com.nekki.shadowfight3 requires Google Play services, but they are missing.
06-19 16:23:11.915  4988  5320 D AdvertisingIdClient: AdvertisingIdClient already created.
06-19 16:23:11.915  4988  5320 D AdvertisingIdClient: AdvertisingIdClient is not bounded. Starting to bind it...
06-19 16:23:11.916  4988  5320 D PackageManagerStub: GetPackageInfo: Providing fake Google Play Services info
06-19 16:23:11.916  4988  5320 W GooglePlayServicesUtil: com.nekki.shadowfight3 requires Google Play services, but they are missing.
06-19 16:23:11.917  4988  5320 I AdvertisingIdClient: shouldSendLog -1
06-19 16:23:11.918  4988  5060 W GooglePlayServicesUtil: com.nekki.shadowfight3 requires Google Play services, but they are missing.
06-19 16:23:11.920  4988  5060 W GoogleApiManager: The service for com.google.android.gms.common.internal.service.zau is not available: ConnectionResult{statusCode=SERVICE_MISSING, resolution=null, message=null, clientMethodKey=null}
06-19 16:23:11.921  4988  4988 I AdvertisingIdClient: getting error as 17: API: ClientTelemetry.API is not available on this device. Connection failed with: ConnectionResult{statusCode=SERVICE_MISSING, resolution=null, message=null, clientMethodKey=null}
06-19 16:23:11.922  4988  5320 D TransactionThrottler: Reset transaction throttler
06-19 16:23:11.928  4988  5317 W ContextImpl: Failed to ensure /data/user/0/top.niunaijun.blackbox/blackbox/data/user/0/com.nekki.shadowfight3/code_cache: chown failed: EPERM (Operation not permitted)
06-19 16:23:11.930  4988  5079 D TransactionThrottler: Reset transaction throttler
06-19 16:23:11.932  4988  5079 D TransactionThrottler: Reset transaction throttler
06-19 16:23:11.935  4988  5079 D TransactionThrottler: Reset transaction throttler
06-19 16:23:11.937  4988  5079 D TransactionThrottler: Reset transaction throttler
06-19 16:23:11.937  4988  5319 D TransactionThrottler: Reset transaction throttler
06-19 16:23:11.937  4988  5319 E ActivityThread: Failed to find provider info for com.samsung.android.mapsagent.providers.apptracking
06-19 16:23:11.939  4988  5079 D TransactionThrottler: Reset transaction throttler
06-19 16:23:11.941  4988  5079 D TransactionThrottler: Reset transaction throttler
06-19 16:23:11.948  4988  5326 D TransactionThrottler: Reset transaction throttler
06-19 16:23:11.948  4988  5326 E ActivityThread: Failed to find provider info for com.aura.oobe.samsung.attributionreferrerprovider
06-19 16:23:11.956  4988  5317 W GooglePlayServicesUtil: com.nekki.shadowfight3 requires Google Play services, but they are missing.
06-19 16:23:11.962  4988  5317 E PlayCore: UID: [10005]  PID: [4988] IntegrityService : Phonesky is not installed.
06-19 16:23:11.975  4988  5079 I Unity   : ***** log handler added
06-19 16:23:11.975  4988  5328 D SensorManager: registerListener :: 1, bma2xy_acc, 20000, 0, 
06-19 16:23:11.979  4988  5328 D SensorManager: registerListener :: 2, qmc6308_mag, 20000, 0, 
06-19 16:23:11.980  4988  4988 V Banzai  : UnityPlayerActivity called onResume
06-19 16:23:12.017  4988  5318 W libc    : Access denied finding property "ro.chipname"
06-19 16:23:12.018  4988  5318 W libc    : Access denied finding property "vzw.os.rooted"
06-19 16:23:12.035  4988  5079 I Unity   : [BDINJAALCJK]; Input is blocked with condition: ActiveNetwork
06-19 16:23:12.054  4988  5079 I Unity   : [LoadingBlocker]; Start blocking layer: blocker priority: Preloader, blocker delay: 0.5
06-19 16:23:12.058  4988  5079 W GooglePlayServicesUtil: com.nekki.shadowfight3 requires Google Play services, but they are missing.
06-19 16:23:12.059  4988  5079 D Banzai  : Status of gaming service availability: 1
06-19 16:23:12.060  4988  5079 I Unity   : [NGLDMEPPJLD]; Create gaming service: NGLDMEPPJLD
06-19 16:23:12.117  4988  5328 D SensorManager: unregisterListener
06-19 16:23:12.121  4988  5328 D SensorManager: unregisterListener
06-19 16:23:12.253  4988  5079 I Unity   : ServerVersion - NetworkSettings.ConfigVersion [full version: 1.45.0.20.16672-prod] ---  CurrentVersion - NetworkSettings.ConfigVersion [full version: 1.45.0.0.16655-prod]
06-19 16:23:12.282  4988  5079 I Unity   : NetworkConnection; PauseInputBlockerWarnings
06-19 16:23:12.581  4988  5079 I Unity   : Show loading icon. Lock: KLEBKOBNENM
06-19 16:23:12.598  4988  5079 I Unity   : NativeScreenTexture: SetTexture; caller=[LoadingIcon]; layer=[988] camera=[Both]; filter=[Blur]; current callers=[empty]
06-19 16:23:12.599  4988  5079 I Unity   : NativeScreenTexture: TakeScreenshot; autoSet=[True]; camera=[Both]; filter=[Blur]
06-19 16:23:12.606  4988  5079 W Unity   : DontDestroyOnLoad only works for root GameObjects or components on root GameObjects.
06-19 16:23:12.984  4988  5079 I Unity   : [DJBCNKBGEGH] OnDeepLink
06-19 16:23:12.984  4988  5079 I Unity   : [DJBCNKBGEGH] Deep link not found
06-19 16:23:12.996  4988  5321 W libc    : Access denied finding property "ro.chipname"
06-19 16:23:12.996  4988  5321 W libc    : Access denied finding property "vzw.os.rooted"
06-19 16:23:13.358  4988  5079 W Unity   : Client time was used instead of server time.
06-19 16:23:13.358  4988  5079 W Unity   : Client time was used instead of server time.
06-19 16:23:14.313  4988  5350 D TransactionThrottler: Reset transaction throttler
06-19 16:23:14.328  4988  5350 E adservices: Failed binding to measurement service: com.android.adservices.shared.common.exception.ServiceUnavailableException: Service is not available.
06-19 16:23:15.362  4988  5079 W Unity   : Client time was used instead of server time.
06-19 16:23:15.362  4988  5079 W Unity   : Client time was used instead of server time.
06-19 16:23:16.568  4988  4988 V FA      : AppMeasurementService is shutting down.
06-19 16:23:17.377  4988  5079 W Unity   : Client time was used instead of server time.
06-19 16:23:17.377  4988  5079 W Unity   : Client time was used instead of server time.
06-19 16:23:17.477  4988  5079 I Unity   : AppsFlyer_Unity_v6.17.72 AppsFlyerTrackerCallbacks:: didReceiveConversionData called with {"install_time":"2026-06-19 10:53:14.380","af_message":"organic install","af_status":"Organic","is_first_launch":true}
06-19 16:23:17.968  4988  5079 I Unity   : [GameData] Migration to the new configs
06-19 16:23:17.985  4988  5079 I Banzai  : Path: /storage/emulated/0/Android/data/top.niunaijun.blackbox/files/blackbox/storage/emulated/0/Android/data/com.nekki.shadowfight3/files/tou.file
06-19 16:23:17.986  4988  5079 D Banzai  : Send request on url https://sf3lb.nekki.com/clog?guid=96b1a4edeac872bc&e=CONFIGS_UPDATED&ext=eyJSQU0iOiIzNjQyIiwiQVJDSCI6ImFybTY0LXY4YSIsIk9TIjoiMTYiLCJMQU5HIjoiRW5nbGlzaCIsIk5FVCI6IldJRkkiLCJPR0wiOiJPUEVOR0xFU18zXzAiLCJCTiI6IjE5MjA5IiwiUEwiOiJBbmRyb2lkIn0%3D
06-19 16:23:17.988  4988  5079 I Unity   : [IHBEPIEEIJG] State set: DataClear
06-19 16:23:18.001  4988  5079 I Unity   : [GameData] Clear params: {
06-19 16:23:18.001  4988  5079 I Unity   :   "HENODANFGGD": true,
06-19 16:23:18.001  4988  5079 I Unity   :   "HHGOGIPGCPF": true,
06-19 16:23:18.001  4988  5079 I Unity   :   "IAHPMFPLADL": true,
06-19 16:23:18.001  4988  5079 I Unity   :   "BHLDGOGGBHM": true,
06-19 16:23:18.001  4988  5079 I Unity   :   "LFELCCMPDCC": true,
06-19 16:23:18.001  4988  5079 I Unity   :   "CAIBHGIOPNF": true,
06-19 16:23:18.001  4988  5079 I Unity   :   "MHEDPIJAICC": true,
06-19 16:23:18.001  4988  5079 I Unity   :   "AHECDLLOFEA": [
06-19 16:23:18.001  4988  5079 I Unity   :     "/storage/emulated/0/Android/data/top.niunaijun.blackbox/files/blackbox/storage/emulated/0/Android/data/com.nekki.shadowfight3/files/gamedata/User/persistent_client_settings.json",
06-19 16:23:18.001  4988  5079 I Unity   :     "/storage/emulated/0/Android/data/top.niunaijun.blackbox/files/blackbox/storage/emulated/0/Android/data/com.nekki.shadowfight3/files/gamedata/User/control_settings.json",
06-19 16:23:18.001  4988  5079 I Unity   :     "/storage/emulated/0/Android/data/top.niunaijun.blackbox/files/blackbox/storage/emulated/0/Android/data/com.nekki.shadowfight3/files/gamedata/User/Offline",
06-19 16:23:18.001  4988  5079 I Unity   :     "/storage/emulated/0/Android/data/top.niunaijun.blackbox/files/blackbox/storage/emulated/0/Android/data/com.nekki.shadowfight3/files/gamedata/User/client_settings.json",
06-19 16:23:18.001  4988  5079 I Unity   :     "/storage/emulated/0/Android/data/top.niunaijun.blackbox/files/blackbox/storage/emulated/0/Android/data/com.nekki.sha
06-19 16:23:18.004  4988  5079 I Unity   : [GameData] Clearing battles
06-19 16:23:18.005  4988  5079 I Unity   : [GameData] Clearing user data saver
06-19 16:23:18.005  4988  5079 I Unity   : [DHEDEFLIDPP] Clear. Instance exist
06-19 16:23:18.006  4988  5079 I Unity   : [GameData] Clearing leaderboard
06-19 16:23:18.007  4988  5079 I Unity   : [GameData] Clearing clanLeaderboard
06-19 16:23:18.008  4988  5079 I Unity   : [GameData] Clearing client settings
06-19 16:23:18.008  4988  5079 I Unity   : [GameData] Clearing patching storage
06-19 16:23:18.008  4988  5079 I Unity   : [GameData] Clearing tactics
06-19 16:23:18.009  4988  5079 I Unity   : Directory not found: /storage/emulated/0/Android/data/top.niunaijun.blackbox/files/blackbox/storage/emulated/0/Android/data/com.nekki.shadowfight3/files/gamedata/Tactics
06-19 16:23:18.009  4988  5079 I Unity   : [GameData] Clearing user data
06-19 16:23:18.010  4988  5079 I Unity   : [GameData] Deleting /storage/emulated/0/Android/data/top.niunaijun.blackbox/files/blackbox/storage/emulated/0/Android/data/com.nekki.shadowfight3/files/gamedata/User/LocalPushNotifications.json
06-19 16:23:18.012  4988  5079 I Unity   : [GameData] Deleting /storage/emulated/0/Android/data/top.niunaijun.blackbox/files/blackbox/storage/emulated/0/Android/data/com.nekki.shadowfight3/files/gamedata/User/UserActivity.json
06-19 16:23:18.013  4988  5079 I Unity   : [GameData] Deleting /storage/emulated/0/Android/data/top.niunaijun.blackbox/files/blackbox/storage/emulated/0/Android/data/com.nekki.shadowfight3/files/gamedata/User/crash_log.dat
06-19 16:23:18.015  4988  5079 I Unity   : [GameData] Deleting /storage/emulated/0/Android/data/top.niunaijun.blackbox/files/blackbox/storage/emulated/0/Android/data/com.nekki.shadowfight3/files/gamedata/User/user.json
06-19 16:23:18.017  4988  5079 I Unity   : [GameData] Deleting /storage/emulated/0/Android/data/top.niunaijun.blackbox/files/blackbox/storage/emulated/0/Android/data/com.nekki.shadowfight3/files/gamedata/User/watchedAdsCounters.json
06-19 16:23:18.019  4988  5079 I Unity   : [GameData] Deleting /storage/emulated/0/Android/data/top.niunaijun.blackbox/files/blackbox/storage/emulated/0/Android/data/com.nekki.shadowfight3/files/gamedata/User/data/coins_shop.bin
06-19 16:23:18.021  4988  5079 I Unity   : [GameData] Deleting /storage/emulated/0/Android/data/top.niunaijun.blackbox/files/blackbox/storage/emulated/0/Android/data/com.nekki.shadowfight3/files/gamedata/User/data/uinv.bin
06-19 16:23:18.023  4988  5079 I Unity   : Restarting the game, reason: configs_downloaded
06-19 16:23:18.025  4988  5079 I Unity   : NetworkConnection; ResumeInputBlockerWarnings
06-19 16:23:18.183  4988  5007 D Banzai  : Request code: 200
06-19 16:23:18.184  4988  4988 D Banzai  : Request result: 
06-19 16:23:18.236  4988  5079 I Unity   : Restarting game. Cleanup previous state
06-19 16:23:18.238  4988  5079 I Unity   : [DHEDEFLIDPP] Clear. Instance null
06-19 16:23:18.240  4988  5079 I Unity   : [FBCPONBNJJI]; Dispose battle log file
06-19 16:23:18.240  4988  5079 I Unity   : [NDAOAHGIOEG]; Dispose battle log file
06-19 16:23:18.241  4988  5079 D BanzaiLogcat: Stopping Logcat process...
06-19 16:23:18.248  4988  5079 I Unity   : StopCurrentState
06-19 16:23:18.254  4988  5079 I Unity   : Hide loading icon. Lock: KLEBKOBNENM
06-19 16:23:18.256  4988  5079 I Unity   : NativeScreenTexture: Clear; from=[LoadingIcon]; delayed=[False]; callers=[1]
06-19 16:23:18.256  4988  5079 I Unity   : [LoadingBlocker]; Stop blocking layer: blocker priority: Preloader
06-19 16:23:18.257  4988  5079 I Unity   : Routiner Clear
06-19 16:23:18.257  4988  5079 I Unity   : Routiner OnDestory
06-19 16:23:18.259  4988  5079 I Unity   : Unload scene objects: root; NativeRoot; STATIC_OBJECTS; YouTubeBackend; _MainThreadDispatcher; EventSystem; BWF; 
06-19 16:23:18.260  4988  5079 I Unity   : [BCIOEFJGMMA] Clear. Instance exist
06-19 16:23:18.261  4988  5079 I Unity   : [BMNNADNBPKN] Clear. Instance exist
06-19 16:23:18.263  4988  5079 I Unity   : Clearing cache. Entries: 28
06-19 16:23:18.263  4988  5079 I Unity   : $<color=blue><b>PlatformDefault disposing</b></color>
06-19 16:23:18.290  4988  5079 I Unity   : [V8 JS] Msg: [V8] Isolate disposed
06-19 16:23:18.290  4988  5079 I Unity   : $<color=blue><b>PlatformDefault disposing</b></color>
06-19 16:23:18.305  4988  5079 I Unity   : [CNBPMHDFKIK] Clear. Instance null
06-19 16:23:18.305  4988  5079 I Unity   : [BPBOEPMOBHL] Clear. Instance null
06-19 16:23:18.305  4988  5079 I Unity   : [JOKOBCPEOPJ] Clear. Instance exist
06-19 16:23:18.534  4988  5079 I Unity   : ZeroLog shutdown start
06-19 16:23:18.534  4988  5079 I Unity   : DANPAEDBHAF:DOEKNNCHKMP(String, Object[])
06-19 16:23:18.534  4988  5079 I Unity   : GGDFGNMHAKA:Dispose()
06-19 16:23:18.534  4988  5079 I Unity   : EBPCGPPJAEL:FKNBMLJEALN()
06-19 16:23:18.534  4988  5079 I Unity   : SF3Logs:CreateGameInitLoggers()
06-19 16:23:18.534  4988  5079 I Unity   : LFMHJHEMAKP:BMOENBEOLPL()
06-19 16:23:18.534  4988  5079 I Unity   : <>c:MCECAFLENCO()
06-19 16:23:18.534  4988  5079 I Unity   : CEMMMLCPBFL:MoveNext()
06-19 16:23:18.534  4988  5079 I Unity   : UnityEngine.SetupCoroutine:InvokeMoveNext(IEnumerator, IntPtr)
06-19 16:23:18.536  4988  5079 I Unity   : BasicResolver.Dispose
06-19 16:23:18.536  4988  5079 I Unity   : DANPAEDBHAF:DOEKNNCHKMP(String, Object[])
06-19 16:23:18.536  4988  5079 I Unity   : DEDABGJBDKP:Dispose()
06-19 16:23:18.536  4988  5079 I Unity   : GGDFGNMHAKA:Dispose()
06-19 16:23:18.536  4988  5079 I Unity   : EBPCGPPJAEL:FKNBMLJEALN()
06-19 16:23:18.536  4988  5079 I Unity   : SF3Logs:CreateGameInitLoggers()
06-19 16:23:18.536  4988  5079 I Unity   : LFMHJHEMAKP:BMOENBEOLPL()
06-19 16:23:18.536  4988  5079 I Unity   : <>c:MCECAFLENCO()
06-19 16:23:18.536  4988  5079 I Unity   : CEMMMLCPBFL:MoveNext()
06-19 16:23:18.536  4988  5079 I Unity   : UnityEngine.SetupCoroutine:InvokeMoveNext(IEnumerator, IntPtr)
06-19 16:23:18.536  4988  5079 I Unity   : Dispose appender 'EditorLog'
06-19 16:23:18.536  4988  5079 I Unity   : DANPAEDBHAF:DOEKNNCHKMP(String, Object[])
06-19 16:23:18.536  4988  5079 I Unity   : DEDABGJBDKP:Dispose()
06-19 16:23:18.536  4988  5079 I Unity   : GGDFGNMHAKA:Dispose()
06-19 16:23:18.536  4988  5079 I Unity   : EBPCGPPJAEL:FKNBMLJEALN()
06-19 16:23:18.536  4988  5079 I Unity   : SF3Logs:CreateGameInitLoggers()
06-19 16:23:18.536  4988  5079 I Unity   : LFMHJHEMAKP:BMOENBEOLPL()
06-19 16:23:18.536  4988  5079 I Unity   : <>c:MCECAFLENCO()
06-19 16:23:18.536  4988  5079 I Unity   : CEMMMLCPBFL:MoveNext()
06-19 16:23:18.536  4988  5079 I Unity   : UnityEngine.SetupCoroutine:InvokeMoveNext(IEnumerator, IntPtr)
06-19 16:23:18.537  4988  5079 I Unity   : Dispose appender 'noop'
06-19 16:23:18.537  4988  5079 I Unity   : DANPAEDBHAF:DOEKNNCHKMP(String, Object[])
06-19 16:23:18.537  4988  5079 I Unity   : DEDABGJBDKP:Dispose()
06-19 16:23:18.537  4988  5079 I Unity   : GGDFGNMHAKA:Dispose()
06-19 16:23:18.537  4988  5079 I Unity   : EBPCGPPJAEL:FKNBMLJEALN()
06-19 16:23:18.537  4988  5079 I Unity   : SF3Logs:CreateGameInitLoggers()
06-19 16:23:18.537  4988  5079 I Unity   : LFMHJHEMAKP:BMOENBEOLPL()
06-19 16:23:18.537  4988  5079 I Unity   : <>c:MCECAFLENCO()
06-19 16:23:18.537  4988  5079 I Unity   : CEMMMLCPBFL:MoveNext()
06-19 16:23:18.537  4988  5079 I Unity   : UnityEngine.SetupCoroutine:InvokeMoveNext(IEnumerator, IntPtr)
06-19 16:23:18.538  4988  5079 I Unity   : ZeroLog shutdown end, _queue: 0
06-19 16:23:18.538  4988  5079 I Unity   : DANPAEDBHAF:DOEKNNCHKMP(String, Object[])
06-19 16:23:18.538  4988  5079 I Unity   : GGDFGNMHAKA:Dispose()
06-19 16:23:18.538  4988  5079 I Unity   : EBPCGPPJAEL:FKNBMLJEALN()
06-19 16:23:18.538  4988  5079 I Unity   : SF3Logs:CreateGameInitLoggers()
06-19 16:23:18.538  4988  5079 I Unity   : LFMHJHEMAKP:BMOENBEOLPL()
06-19 16:23:18.538  4988  5079 I Unity   : <>c:MCECAFLENCO()
06-19 16:23:18.538  4988  5079 I Unity   : CEMMMLCPBFL:MoveNext()
06-19 16:23:18.538  4988  5079 I Unity   : UnityEngine.SetupCoroutine:InvokeMoveNext(IEnumerator, IntPtr)
06-19 16:23:18.552  4988  5079 D VirtualSpoof: [spoof] ro.product.cpu.abi = arm64-v8a
06-19 16:23:18.637  4988  5079 I Unity   : EnterPoint.Init FL:False
06-19 16:23:18.637  4988  5079 I Unity   : Init NativeLoggeriOS
06-19 16:23:18.639  4988  5079 I Banzai  : Path: /storage/emulated/0/Android/data/top.niunaijun.blackbox/files/blackbox/storage/emulated/0/Android/data/com.nekki.shadowfight3/files/tou.file
06-19 16:23:18.640  4988  5079 D Banzai  : Send request on url https://sf3lb.nekki.com/clog?guid=96b1a4edeac872bc&e=ENTER_POINT_BEGIN&ext=eyJSQU0iOiIzNjQyIiwiQVJDSCI6ImFybTY0LXY4YSIsIk9TIjoiMTYiLCJMQU5HIjoiRW5nbGlzaCIsIk5FVCI6IldJRkkiLCJPR0wiOiJPUEVOR0xFU18zXzAiLCJCTiI6IjE5MjA5IiwiUEwiOiJBbmRyb2lkIn0%3D
06-19 16:23:18.647  4988  5079 I Unity   : [KFNOKLGFLCC] ReInit
06-19 16:23:18.648  4988  5079 I Unity   : [IHBEPIEEIJG] ReInit
06-19 16:23:18.648  4988  5079 I Unity   : [IHBEPIEEIJG] Current state: DataClear
06-19 16:23:18.807  4988  5007 D Banzai  : Request code: 200
06-19 16:23:18.807  4988  4988 D Banzai  : Request result: 
06-19 16:23:18.900  4988  5079 I Unity   : [GAPLKBELEIG]; Get internet accessibility response: [Available]
06-19 16:23:18.921  4988  5079 I Unity   : [BOGDEHCNHOF]; Logs folder: [/storage/emulated/0/Android/data/top.niunaijun.blackbox/files/blackbox/storage/emulated/0/Android/data/com.nekki.shadowfight3/files/gamedata/Logs]; Available drive space: 6478MB; Limit space: 50MB
06-19 16:23:18.921  4988  5079 I Unity   : [LOJMGBEJJGO] ReInit
06-19 16:23:18.921  4988  5079 I Unity   : [JOKOBCPEOPJ] Init
06-19 16:23:18.922  4988  5079 I Unity   : [DHEDEFLIDPP] Init
06-19 16:23:19.004  4988  5079 D BanzaiLogcat: Starting Logcat process with command line: logcat -f /storage/emulated/0/Android/data/top.niunaijun.blackbox/files/blackbox/storage/emulated/0/Android/data/com.nekki.shadowfight3/files/gamedata/Logs/NativeLog_19-06-26_16-23-19.log *:S UnityIAP:V BillingClient:V BillingHelper:V BanzaiLogcat:V BanzaiExceptions:V BanzaiGpgTokens:V NativeBridgeActivity:V TokenFragment:V TokenPendingResult:V BanzaiBackups:V
06-19 16:23:19.048  4988  5079 W Unity   : Client time was used instead of server time.
06-19 16:23:19.048  4988  5079 I Unity   : GC Configuration:
06-19 16:23:19.048  4988  5079 I Unity   : Adaptivity=1
06-19 16:23:19.048  4988  5079 I Unity   : CrashMemoryLimit=1821
06-19 16:23:19.048  4988  5079 I Unity   : MinFreeSpaceDivisor=3
06-19 16:23:19.048  4988  5079 I Unity   : MaxFreeSpaceDivisor=8
06-19 16:23:19.114  4988  5079 I Unity   : Initializing localization..
06-19 16:23:19.137  4988  5079 I Unity   : Localization initialized: [English] []
06-19 16:23:19.297  4988  5079 I Banzai  : Path: /storage/emulated/0/Android/data/top.niunaijun.blackbox/files/blackbox/storage/emulated/0/Android/data/com.nekki.shadowfight3/files/tou.file
06-19 16:23:19.298  4988  5079 D Banzai  : Send request on url https://sf3lb.nekki.com/clog?guid=96b1a4edeac872bc&e=BALANCER_RESPONSE&ext=eyJSQU0iOiIzNjQyIiwiQVJDSCI6ImFybTY0LXY4YSIsIk9TIjoiMTYiLCJMQU5HIjoiRW5nbGlzaCIsIk5FVCI6IldJRkkiLCJPR0wiOiJPUEVOR0xFU18zXzAiLCJCTiI6IjE5MjA5IiwiUEwiOiJBbmRyb2lkIn0%3D
06-19 16:23:19.316  4988  5079 I Banzai  : Path: /storage/emulated/0/Android/data/top.niunaijun.blackbox/files/blackbox/storage/emulated/0/Android/data/com.nekki.shadowfight3/files/tou.file
06-19 16:23:19.317  4988  5079 D Banzai  : Send request on url https://sf3lb.nekki.com/clog?guid=96b1a4edeac872bc&e=CONFIGS_UP_TO_DATE&ext=eyJSQU0iOiIzNjQyIiwiQVJDSCI6ImFybTY0LXY4YSIsIk9TIjoiMTYiLCJMQU5HIjoiRW5nbGlzaCIsIk5FVCI6IldJRkkiLCJPR0wiOiJPUEVOR0xFU18zXzAiLCJCTiI6IjE5MjA5IiwiUEwiOiJBbmRyb2lkIn0%3D
06-19 16:23:19.330  4988  5079 I Unity   : $<color=blue><b>CreateNativeJsEngine: PlatformDefault</b></color>
06-19 16:23:19.333  4988  5079 I Unity   : [V8 JS] Msg: [V8] Isolate initialized
06-19 16:23:19.333  4988  5079 I Unity   : [JS] Init params: chapterId=100, debug=False, allChapters=False, loadFromSnapshot=True, createSnapshot=False
06-19 16:23:19.346  4988  5079 I Unity   : [JS] Snapshot js params mismatch, ignoring
06-19 16:23:19.454  4988  5007 D Banzai  : Request code: 200
06-19 16:23:19.455  4988  4988 D Banzai  : Request result: 
06-19 16:23:19.619  4988  5386 D Banzai  : Request code: 200
06-19 16:23:19.619  4988  4988 D Banzai  : Request result: 
06-19 16:23:24.493  4988  5079 W Unity   : Client time was used instead of server time.
06-19 16:23:24.493  4988  5079 I Unity   : [JS] Init stats: exec 4755 ms, total 5158 ms
06-19 16:23:24.495  4988  5079 I Unity   : Localization download meta: {"langs": {"Spanish": {"Journal": 1756, "Base": 1756, "News": 1756}, "French": {"Journal": 1756, "News": 1756, "Base": 1756}, "Vietnamese": {"Base": 1756, "Journal": 1756, "News": 1756}, "Korean": {"Journal": 1756, "Base": 1756, "News": 1756}, "ChineseSimplified": {"Base": 1756, "News": 1756, "Journal": 1756}, "Italian": {"Base": 1756, "News": 1756, "Journal": 1756}, "ChineseTraditional": {"Base": 1756, "Journal": 1756, "News": 1756}, "Russian": {"News": 1756, "Journal": 1756, "Base": 1756}, "German": {"News": 1756, "Base": 1756, "Journal": 1756}, "English": {"News": 1756, "Base": 1756, "Journal": 1756}, "Portuguese": {"Journal": 1756, "News": 1756, "Base": 1756}, "Turkish": {"Base": 1756, "Journal": 1756, "News": 1756}, "Thai": {"Journal": 1756, "Base": 1756, "News": 1756}, "Indonesian": {"Journal": 1756, "News": 1756, "Base": 1756}, "Japanese": {"News": 1756, "Journal": 1756, "Base": 1756}, "Hindi": {"News": 1756, "Base": 1756, "Journal": 1756}}, "baseUrl": "https://sf3assets.ne
06-19 16:23:24.532  4988  5079 I Unity   : [BCIOEFJGMMA] Init
06-19 16:23:24.532  4988  5079 I Unity   : [UserManager]; Load user. Is new: True
06-19 16:23:25.146  4988  5079 I Unity   : Create default server settings 
06-19 16:23:25.146  4988  5079 I Unity   :  System.Collections.Generic.Dictionary`2[System.String,System.Object]{
06-19 16:23:25.146  4988  5079 I Unity   :   "NTF": true,
06-19 16:23:25.146  4988  5079 I Unity   :   "LNG": 10,
06-19 16:23:25.146  4988  5079 I Unity   :   "TCTL": true,
06-19 16:23:25.146  4988  5079 I Unity   :   "QLT": "high",
06-19 16:23:25.146  4988  5079 I Unity   :   "SNDV": 0.0,
06-19 16:23:25.146  4988  5079 I Unity   :   "SNDM": false,
06-19 16:23:25.146  4988  5079 I Unity   :   "MSCV": 0.0,
06-19 16:23:25.146  4988  5079 I Unity   :   "MSCM": false,
06-19 16:23:25.146  4988  5079 I Unity   :   "CNTR": "joystick_small",
06-19 16:23:25.146  4988  5079 I Unity   :   "SLMO": true,
06-19 16:23:25.146  4988  5079 I Unity   :   "cjoy": "",
06-19 16:23:25.146  4988  5079 I Unity   :   "cmag": "",
06-19 16:23:25.146  4988  5079 I Unity   :   "ckic": "",
06-19 16:23:25.146  4988  5079 I Unity   :   "cpun": "",
06-19 16:23:25.146  4988  5079 I Unity   :   "cmis": "",
06-19 16:23:25.146  4988  5079 I Unity   :   "ccon": "",
06-19 16:23:25.146  4988  5079 I Unity   :   "cadd": "",
06-19 16:23:25.146  4988  5079 I Unity   :   "cad2": ""
06-19 16:23:25.146  4988  5079 I Unity   : }
06-19 16:23:25.168  4988  5079 I Unity   : Load current preset: [joystick_small]
06-19 16:23:25.180  4988  5079 I Unity   : [BattlePass] Scheduling BP end: ID=10080211, EndDate=06/29/2026 05:30:00
06-19 16:23:25.380  4988  5079 W Unity   : Havnt any battle data to parse
06-19 16:23:25.385  4988  5079 W Unity   : [UserDataSaver] DataSaver BATTLES already added
06-19 16:23:25.390  4988  5079 I Unity   : [BMNNADNBPKN] Init
06-19 16:23:25.406  4988  5079 I Unity   : [DJBCNKBGEGH] ReInit
06-19 16:23:25.616  4988  5079 I Unity   : ***** log handler added
06-19 16:23:25.616  4988  4988 V Banzai  : UnityPlayerActivity called onResume
06-19 16:23:25.670  4988  5079 I Unity   : [BDINJAALCJK]; Input is blocked with condition: ActiveNetwork
06-19 16:23:25.672  4988  5079 I Unity   : [LoadingBlocker]; Start blocking layer: blocker priority: Preloader, blocker delay: 0.5
06-19 16:23:25.672  4988  5079 W GooglePlayServicesUtil: com.nekki.shadowfight3 requires Google Play services, but they are missing.
06-19 16:23:25.673  4988  5079 D Banzai  : Status of gaming service availability: 1
06-19 16:23:25.674  4988  5079 I Unity   : [NGLDMEPPJLD]; Create gaming service: NGLDMEPPJLD
06-19 16:23:25.869  4988  5079 I Unity   : ServerVersion - NetworkSettings.ConfigVersion [full version: 1.45.0.20.16672-prod] ---  CurrentVersion - NetworkSettings.ConfigVersion [full version: 1.45.0.20.16672-prod]
06-19 16:23:25.969  4988  5079 I Unity   : BundlesNetworkState Download succeeded
06-19 16:23:25.969  4988  5079 I Unity   : [MKPDMLJNNLC] Start
06-19 16:23:25.973  4988  5079 I Unity   : Start Connecting IP:ec2-52-66-28-201.ap-south-1.compute.amazonaws.com Port:443
06-19 16:23:25.982  4988  5079 I Unity   : [NEBU INFO] Connecting to ec2-52-66-28-201.ap-south-1.compute.amazonaws.com:443
06-19 16:23:26.032  4988  5079 I Unity   : [NEBU DEBUG] Reader task is started
06-19 16:23:26.032  4988  5079 I Unity   : [NEBU DEBUG] Writer task is started
06-19 16:23:26.065  4988  5079 I Unity   : OnConnectionSuccess
06-19 16:23:26.066  4988  5079 I Banzai  : Path: /storage/emulated/0/Android/data/top.niunaijun.blackbox/files/blackbox/storage/emulated/0/Android/data/com.nekki.shadowfight3/files/tou.file
06-19 16:23:26.070  4988  5079 D Banzai  : Send request on url https://sf3lb.nekki.com/clog?guid=96b1a4edeac872bc&e=SMARTFOX_CONNECT&ext=eyJSQU0iOiIzNjQyIiwiQVJDSCI6ImFybTY0LXY4YSIsIk9TIjoiMTYiLCJMQU5HIjoiRW5nbGlzaCIsIk5FVCI6IldJRkkiLCJPR0wiOiJPUEVOR0xFU18zXzAiLCJCTiI6IjE5MjA5IiwiUEwiOiJBbmRyb2lkIn0%3D
06-19 16:23:26.095  4988  5079 W Unity   : AndroidJNIHelper.GetSignature: using Byte parameters is obsolete, use SByte parameters instead
06-19 16:23:26.095  4988  5079 W Unity   : AndroidJNIHelper: converting from Byte array is obsolete, use SByte array instead
06-19 16:23:26.103  4988  5079 I Unity   : Banzai.Networking.Proto.LoginRequest{
06-19 16:23:26.103  4988  5079 I Unity   :   "Version": 6,
06-19 16:23:26.103  4988  5079 I Unity   :   "PrimaryAuthToken": {
06-19 16:23:26.103  4988  5079 I Unity   :     "Type": 1,
06-19 16:23:26.103  4988  5079 I Unity   :     "Data": "{\"login\":\"001ee0ba-054b-4cca-af44-87c6e8da4279\",\"password\":\"4c45d0e5b7c50efe5d495a788245aa6f\"}"
06-19 16:23:26.103  4988  5079 I Unity   :   },
06-19 16:23:26.103  4988  5079 I Unity   :   "SecondaryAuthToken": [
06-19 16:23:26.103  4988  5079 I Unity   :     {
06-19 16:23:26.103  4988  5079 I Unity   :       "Type": 6,
06-19 16:23:26.103  4988  5079 I Unity   :       "Data": "96b1a4edeac872bc"
06-19 16:23:26.103  4988  5079 I Unity   :     }
06-19 16:23:26.103  4988  5079 I Unity   :   ],
06-19 16:23:26.103  4988  5079 I Unity   :   "ExtData": "{\"platform\":\"Android\",\"v\":\"19209\",\"app_id\":\"com.nekki.shadowfight3\",\"f\":\"B7B91652FEEC24E8834AE1C24CF9F3A58ADFC115\",\"bnumber\":\"19209\",\"bname\":\"UnityClient_ShadowFight3_UnityClientShadowFight3Release_ConfigurationAndroid\"}"
06-19 16:23:26.103  4988  5079 I Unity   : }
06-19 16:23:26.106  4988  5079 I Unity   : [NEBU DEBUG] CompressionThreshold = 256
06-19 16:23:26.130  4988  5079 I Unity   : OnLogin - Guid:  
06-19 16:23:26.152  4988  5079 I Unity   : [Server Event] cmd:<b>join_zone</b> type:Banzai.Networking.Proto.JoinZoneEvent extensible:
06-19 16:23:26.152  4988  5079 I Unity   : Banzai.Networking.Proto.JoinZoneEvent{
