[Debugger] Attached to blackbox (PID 31710)
[Debugger] Logcat stream started (PID 31710)
--------- beginning of main
06-20 00:10:21.854 31710 31710 I libc    : SetHeapTaggingLevel: tag level set to 0
06-20 00:10:21.862 31710 31710 I jun.blackbox:p0: Using generational CollectorTypeCMC GC.
06-20 00:10:21.871 31710 31710 D nativeloader: Load libframework-connectivity-tiramisu-jni.so using APEX ns com_android_tethering for caller /apex/com.android.tethering/javalib/framework-connectivity-t.jar: ok
06-20 00:10:21.874 31710 31710 D ActivityThread: setConscryptValidator
06-20 00:10:21.874 31710 31710 D ActivityThread: setConscryptValidator - put
06-20 00:10:21.891 31710 31710 D ApplicationLoaders: Returning zygote-cached class loader: /system/framework/android.test.base.jar
06-20 00:10:21.894 31710 31710 D nativeloader: Configuring clns-9 for other apk /data/app/~~fUbQ78JRgSfAG_g9q0iiJQ==/top.niunaijun.blackbox-H3SokRk6XzB4US2Xi2Gwhg==/base.apk. target_sdk_version=28, uses_libraries=, library_path=/data/app/~~fUbQ78JRgSfAG_g9q0iiJQ==/top.niunaijun.blackbox-H3SokRk6XzB4US2Xi2Gwhg==/lib/arm64:/data/app/~~fUbQ78JRgSfAG_g9q0iiJQ==/top.niunaijun.blackbox-H3SokRk6XzB4US2Xi2Gwhg==/base.apk!/lib/arm64-v8a, permitted_path=/data:/mnt/expand:/data/user/0/top.niunaijun.blackbox
06-20 00:10:21.894 31710 31710 D nativeloader: Extending system_exposed_libraries: libface_landmark.arcsoft.so:libaudiomirroring_jni.audiomirroring.samsung.so:libBeauty_v4.camera.samsung.so:libexifa.camera.samsung.so:libjpega.camera.samsung.so:libOpenCv.camera.samsung.so:libC2paDps.camera.samsung.so:libImageScreener.camera.samsung.so:libFace_Landmark_API.camera.samsung.so:libHpr_RecGAE_cvFeature_v1.0.camera.samsung.so:libHprFace_GAE_api.camera.samsung.so:libHprFace_GAE_jni.camera.samsung.so:libQREngine.camera.samsung.so:libInteractiveSegmentation.camera.samsung.so:libsmart_cropping.camera.samsung.so:libStride.camera.samsung.so:libStrideTensorflowLite.camera.samsung.so:libFacePreProcessing_jni.camera.samsung.so:libhumantracking_util.camera.samsung.so:libsecimaging.camera.samsung.so:libsurfaceutil.camera.samsung.so:libsce_v1.crypto.samsung.so:lib_vnd_client.dk.samsung.so:lib_native_client.dk.samsung.so:lib_nativeJni.dk.samsung.so:lib.engmodejni.samsung.so:libSFEffect.fonteffect.samsung.so:libknox_remotedesktopclient.knox.samsung.so:libheifcapture_jni.media
06-20 00:10:21.904 31710 31710 V GraphicsEnvironment: Currently set values for:
06-20 00:10:21.904 31710 31710 V GraphicsEnvironment:   angle_gl_driver_selection_pkgs=[]
06-20 00:10:21.904 31710 31710 V GraphicsEnvironment:   angle_gl_driver_selection_values=[]
06-20 00:10:21.904 31710 31710 V GraphicsEnvironment: top.niunaijun.blackbox is not listed in per-application setting
06-20 00:10:21.904 31710 31710 V GraphicsEnvironment: ANGLE allowlist from config: com.dreamgames.royalmatch com.dts.freefiremax com.dxx.firenow com.gramgames.mergedragons com.ludo.king com.mojang.minecraftpe com.my.defense com.nintendo.zaka com.os.airforce com.playrix.fishdomdd.gplay io.teslatech.callbreak jp.konami.prospia net.peakgames.toonblast
06-20 00:10:21.904 31710 31710 V GraphicsEnvironment: top.niunaijun.blackbox is not listed in ANGLE allowlist or settings, returning default
06-20 00:10:21.904 31710 31710 V GraphicsEnvironment: Neither updatable production driver nor prerelease driver is supported.
06-20 00:10:21.909 31710 31710 D SimpleCrashFix: Installing essential crash fix...
06-20 00:10:21.909 31710 31710 D SimpleCrashFix: Global exception handler installed successfully
06-20 00:10:21.909 31710 31710 D ContextWrapperHook: Installing ContextWrapper hook...
06-20 00:10:21.909 31710 31710 D ContextWrapperHook: ContextWrapper.getResources() method hooked successfully
06-20 00:10:21.909 31710 31710 D ContextWrapperHook: ContextWrapper hook installed successfully
06-20 00:10:21.909 31710 31710 D SimpleCrashFix: Context wrapper hook installed
06-20 00:10:21.909 31710 31710 D SimpleCrashFix: Essential crash fix installed successfully
06-20 00:10:21.909 31710 31710 D BlackBoxCore: Simple crash fix installed at class loading time
06-20 00:10:21.909 31710 31710 D BlackBoxCore: Stack trace filter installed at class loading time
06-20 00:10:21.909 31710 31710 D SocialMediaCrashPrevention: Initializing social media app crash prevention...
06-20 00:10:21.909 31710 31710 D SocialMediaCrashPrevention: WebView constructor hook prepared
06-20 00:10:21.909 31710 31710 D SocialMediaCrashPrevention: WebView crash prevention installed
06-20 00:10:21.909 31710 31710 D SocialMediaCrashPrevention: AttributionSource crash prevention installed
06-20 00:10:21.909 31710 31710 W SocialMediaCrashPrevention: Host context is null, attempting to recover
06-20 00:10:21.909 31710 31710 D SocialMediaCrashPrevention: Successfully recovered context
06-20 00:10:21.909 31710 31710 D SocialMediaCrashPrevention: Context crash prevention installed
06-20 00:10:21.909 31710 31710 D SocialMediaCrashPrevention: Permission crash prevention installed
06-20 00:10:21.909 31710 31710 D SocialMediaCrashPrevention: Media crash prevention installed
06-20 00:10:21.909 31710 31710 D SocialMediaCrashPrevention: Social media app crash prevention initialized successfully
06-20 00:10:21.909 31710 31710 D BlackBoxCore: Social media app crash prevention initialized at class loading time
06-20 00:10:21.909 31710 31710 D DexCrashPrevention: Initializing DEX crash prevention...
06-20 00:10:21.909 31710 31710 D DexCrashPrevention: Installing proactive DEX corruption prevention
06-20 00:10:21.909 31710 31710 D DexCrashPrevention: Installing DEX file validation
06-20 00:10:21.909 31710 31710 D DexCrashPrevention: DEX file validation hooks prepared
06-20 00:10:21.909 31710 31710 D DexCrashPrevention: Installing ClassLoader monitoring
06-20 00:10:21.910 31710 31710 D DexCrashPrevention: Monitoring ClassLoader: dalvik.system.PathClassLoader
06-20 00:10:21.910 31710 31710 D DexCrashPrevention: Installing APK integrity checks
06-20 00:10:21.910 31710 31710 D DexCrashPrevention: Periodic APK integrity checks prepared
06-20 00:10:21.910 31710 31710 D DexCrashPrevention: DEX crash prevention initialized successfully
06-20 00:10:21.910 31710 31710 D BlackBoxCore: DEX crash prevention initialized at class loading time
06-20 00:10:21.910 31710 31710 D NativeCrashPrevention: Initializing native crash prevention...
06-20 00:10:21.910 31710 31710 D NativeCrashPrevention: Signal handlers prepared (requires native implementation)
06-20 00:10:21.910 31710 31710 D NativeCrashPrevention: Installing native library monitoring
06-20 00:10:21.910 31710 31710 D NativeCrashPrevention: Native library monitoring prepared
06-20 00:10:21.910 31710 31710 D NativeCrashPrevention: Installing memory protection
06-20 00:10:21.910 31710 31710 D NativeCrashPrevention: Memory monitoring setup - Max: 268435456, Total: 268435456, Free: 262634976
06-20 00:10:21.910 31710 31710 D NativeCrashPrevention: Installing thread protection
06-20 00:10:21.910 31710 31710 D NativeCrashPrevention: Thread monitoring setup - Active threads: 11
06-20 00:10:21.910 31710 31710 D NativeCrashPrevention: Native crash prevention initialized successfully
06-20 00:10:21.910 31710 31710 D BlackBoxCore: Native crash prevention initialized at class loading time
06-20 00:10:21.910 31710 31710 D CrashMonitor: Initializing comprehensive crash monitoring system...
06-20 00:10:21.910 31710 31710 D CrashMonitor: Registered 5 recovery strategies
06-20 00:10:21.910 31710 31710 D CrashMonitor: System error handler prepared
06-20 00:10:21.910 31710 31710 D CrashMonitor: Global crash handlers installed
06-20 00:10:21.910 31710 31710 D CrashMonitor: Crash monitoring started
06-20 00:10:21.910 31710 31710 D CrashMonitor: Crash monitoring system initialized successfully
06-20 00:10:21.910 31710 31710 D BlackBoxCore: Comprehensive crash monitoring initialized at class loading time
06-20 00:10:21.910 31710 31710 D Lib Injection: Custom closed code initialized!
06-20 00:10:21.913 31710 31710 D VirtualSpoof: Spoof installed successfully
06-20 00:10:21.914 31710 31710 D VirtualSpoof: VirtualSpoof: __system_property_get hook loaded
06-20 00:10:21.914 31710 31710 D AntiDetection: Installing anti-detection hooks...
06-20 00:10:21.914 31710 31710 D AntiDetection: File system hooks installed
06-20 00:10:21.914 31710 31710 D AntiDetection: Anti-detection hooks installation complete
06-20 00:10:21.914 31710 31710 D nativeloader: Load /data/app/~~fUbQ78JRgSfAG_g9q0iiJQ==/top.niunaijun.blackbox-H3SokRk6XzB4US2Xi2Gwhg==/lib/arm64/libblackbox.so using class loader ns clns-9 (caller=/data/app/~~fUbQ78JRgSfAG_g9q0iiJQ==/top.niunaijun.blackbox-H3SokRk6XzB4US2Xi2Gwhg==/base.apk): ok
06-20 00:10:21.914 31710 31710 D NativeCore: set disableHiddenApi
06-20 00:10:21.915 31710 31710 D NativeCore: found: 75cb39d000-75cb551000 r--p 00000000 fe:35 85                             /apex/com.android.art/lib64/libart.so
06-20 00:10:21.915 31710 31710 D NativeCore: update path: /apex/com.android.art/lib64/libart.so
06-20 00:10:21.915 31710 31710 D NativeCore: get module base /apex/com.android.art/lib64/libart.so: 75cb39d000
06-20 00:10:21.915 31710 31710 E NativeCore: HiddenAPI: Didn't find setHiddenApiExemptions in any form
06-20 00:10:21.915 31710 31710 D NativeCore: set disableHiddenApi Fail!!!
06-20 00:10:21.915 31710 31710 D NativeCore: set disableResourceLoading
06-20 00:10:21.915 31710 31710 D NativeCore: ResourceLoading: Could not find ApkAssets.nativeLoad symbol
06-20 00:10:21.915 31710 31710 D NativeCore: ResourceLoading: Found open function at 0x7867082d80
06-20 00:10:21.915 31710 31710 D NativeCore: ResourceLoading: Native resource loading hooks initialized (without system properties)
06-20 00:10:21.915 31710 31710 W BlackBoxCore: Could not access ResourcesManager overlay field: No field mDisableOverlayLoading in class Landroid/app/ResourcesManager; (declaration of 'android.app.ResourcesManager' appears in /system/framework/framework.jar)
06-20 00:10:21.918 31710 31710 W BlackBoxCore: Could not access WindowManager leak field: No field mIgnoreWindowLeaks in class Landroid/view/WindowManager; (declaration of 'android.view.WindowManager' appears in /system/framework/framework.jar!classes4.dex)
06-20 00:10:21.918 31710 31710 D SimpleCrashFix: Simple crash fix already installed
06-20 00:10:21.918 31710 31710 D BlackBoxCore: System hooks installed successfully
06-20 00:10:21.927 31710 31710 D ClassLoaderProxy: Added host class loader as fallback
06-20 00:10:21.927 31710 31710 D ClassLoaderProxy: Added system class loader as fallback
06-20 00:10:21.927 31710 31710 D ClassLoaderProxy: Added boot class loader as fallback
06-20 00:10:21.938 31710 31710 D HookManager: hook: top.niunaijun.blackbox.fake.service.IPersistentDataBlockServiceProxy@ee6bde4
06-20 00:10:21.939 31710 31710 D HookManager: hook: top.niunaijun.blackbox.fake.service.IActivityClientProxy@871f649
06-20 00:10:21.941 31710 31710 D HookManager: hook: top.niunaijun.blackbox.fake.service.IDeviceIdentifiersPolicyProxy@89ceb2
06-20 00:10:21.941 31710 31710 D HookManager: hook: top.niunaijun.blackbox.fake.service.IVibratorServiceProxy@494e75f
06-20 00:10:21.944 31710 31710 D HookManager: hook: top.niunaijun.blackbox.fake.service.SystemLibraryProxy@df77098
06-20 00:10:21.944 31710 31710 D HookManager: hook: top.niunaijun.blackbox.fake.service.IFingerprintManagerProxy@43970f1
06-20 00:10:21.944 31710 31710 D HookManager: hook: top.niunaijun.blackbox.fake.hook.MethodTracer@83efe44
06-20 00:10:21.944 31710 31710 I MethodTracer: MethodTracer injected (API 36)
06-20 00:10:21.973 31710 31710 D HookManager: hook: top.niunaijun.blackbox.fake.service.IAlarmManagerProxy@e32b2d
06-20 00:10:21.974 31710 31710 D HookManager: hook: top.niunaijun.blackbox.fake.service.IAccessibilityManagerProxy@e3d88ae
06-20 00:10:21.975 31710 31710 D HookManager: hook: top.niunaijun.blackbox.fake.delegate.AppInstrumentation@f377861
06-20 00:10:21.975 31710 31710 D HookManager: hook: top.niunaijun.blackbox.fake.service.INotificationManagerProxy@d008074
06-20 00:10:21.980 31710 31710 D HookManager: hook: top.niunaijun.blackbox.fake.service.ISettingsProviderProxy@f5829e3
06-20 00:10:21.980 31710 31710 D HookManager: hook: top.niunaijun.blackbox.fake.service.ITelephonyRegistryProxy@ddf2fe0
06-20 00:10:21.981 31710 31710 D HookManager: hook: top.niunaijun.blackbox.fake.service.IPowerManagerProxy@d2fff55
06-20 00:10:21.981 31710 31710 D HookManager: hook: top.niunaijun.blackbox.fake.service.IWifiManagerProxy@d5f5636
06-20 00:10:21.990 31710 31710 D HookManager: hook: top.niunaijun.blackbox.fake.service.IPhoneSubInfoProxy@79751d3
06-20 00:10:21.990 31710 31710 D HookManager: hook: top.niunaijun.blackbox.fake.service.IActivityTaskManagerProxy@91ef60e
06-20 00:10:21.992 31710 31710 D HookManager: hook: top.niunaijun.blackbox.fake.service.IAutofillManagerProxy@f4bb41
06-20 00:10:21.993 31710 31710 D HookManager: hook: top.niunaijun.blackbox.fake.service.context.ContentServiceStub@b867d72
06-20 00:10:21.993 31710 31710 D HookManager: hook: top.niunaijun.blackbox.fake.service.IActivityManagerProxy@ab08b1f
06-20 00:10:21.997 31710 31710 D HookManager: hook: top.niunaijun.blackbox.fake.service.ISettingsSystemProxy@45b7558
06-20 00:10:21.997 31710 31710 D HookManager: hook: top.niunaijun.blackbox.fake.service.ITelephonyManagerProxy@2c1f6b1
06-20 00:10:22.001 31710 31710 D HookManager: hook: top.niunaijun.blackbox.fake.service.WebViewFactoryProxy@3952722
06-20 00:10:22.001 31710 31710 D HookManager: hook: top.niunaijun.blackbox.fake.service.ISensorPrivacyManagerProxy@eba35b3
06-20 00:10:22.001 31710 31710 D SensorPrivacyProxy: Failed Android 16+ path, trying alternative: Method was null!
06-20 00:10:22.001 31710 31710 D SensorPrivacyProxy: Failed alternative path: Method was null!
06-20 00:10:22.001 31710 31710 D SensorPrivacyProxy: Successfully obtained ISensorPrivacyManager interface
06-20 00:10:22.002 31710 31710 D HookManager: hook: top.niunaijun.blackbox.fake.service.IContextHubServiceProxy@882936e
06-20 00:10:22.002 31710 31710 D HookManager: hook: top.niunaijun.blackbox.fake.service.IXiaomiAttributionSourceProxy@c512ca5
06-20 00:10:22.002 31710 31710 D HookManager: hook: top.niunaijun.blackbox.fake.service.IDisplayManagerProxy@6c8787a
06-20 00:10:22.006 31710 31710 D HookManager: hook: top.niunaijun.blackbox.fake.service.IAppOpsManagerProxy@ee94b5d
06-20 00:10:22.008 31710 31710 D HookManager: hook: top.niunaijun.blackbox.fake.service.IAppWidgetManagerProxy@5ec02cc
06-20 00:10:22.009 31710 31710 D HookManager: hook: top.niunaijun.blackbox.fake.service.ApkAssetsProxy@dfca191
06-20 00:10:22.009 31710 31710 D HookManager: hook: top.niunaijun.blackbox.fake.service.GoogleAccountManagerProxy@4f128f6
06-20 00:10:22.009 31710 31710 D HookManager: hook: top.niunaijun.blackbox.fake.service.IVpnManagerProxy@35c8993
06-20 00:10:22.011 31710 31710 D HookManager: hook: top.niunaijun.blackbox.fake.service.IXiaomiMiuiServicesProxy@7dbb6fc
06-20 00:10:22.011 31710 31710 D HookManager: hook: top.niunaijun.blackbox.fake.service.ILauncherAppsProxy@d35e185
06-20 00:10:22.011 31710 31710 D HookManager: hook: top.niunaijun.blackbox.fake.service.IAudioServiceProxy@693bba6
06-20 00:10:22.011 31710 31710 D AudioServiceProxy: Failed Android 16+ path, trying alternative: Method was null!
06-20 00:10:22.011 31710 31710 D AudioServiceProxy: Failed alternative path: Method was null!
06-20 00:10:22.011 31710 31710 D AudioServiceProxy: Successfully obtained IAudioService interface
06-20 00:10:22.015 31710 31710 D HookManager: hook: top.niunaijun.blackbox.fake.service.WorkManagerProxy@b53bc3d
06-20 00:10:22.016 31710 31710 W WorkManagerProxy: Failed to get WorkManager instance
06-20 00:10:22.016 31710 31710 W WorkManagerProxy: java.lang.NoSuchMethodException: u0.s.getInstance [class android.content.Context]
06-20 00:10:22.016 31710 31710 W WorkManagerProxy: 	at java.lang.Class.getMethod(Class.java:2942)
06-20 00:10:22.016 31710 31710 W WorkManagerProxy: 	at java.lang.Class.getMethod(Class.java:2442)
06-20 00:10:22.016 31710 31710 W WorkManagerProxy: 	at top.niunaijun.blackbox.fake.service.WorkManagerProxy.getWho(SourceFile:20)
06-20 00:10:22.016 31710 31710 W WorkManagerProxy: 	at top.niunaijun.blackbox.fake.hook.ClassInvocationStub.injectHook(SourceFile:1)
06-20 00:10:22.016 31710 31710 W WorkManagerProxy: 	at top.niunaijun.blackbox.fake.hook.HookManager.injectAll(SourceFile:45)
06-20 00:10:22.016 31710 31710 W WorkManagerProxy: 	at top.niunaijun.blackbox.fake.hook.HookManager.init(SourceFile:744)
06-20 00:10:22.016 31710 31710 W WorkManagerProxy: 	at top.niunaijun.blackbox.BlackBoxCore.doAttachBaseContext(SourceFile:472)
06-20 00:10:22.016 31710 31710 W WorkManagerProxy: 	at t2.b.a(SourceFile:27)
06-20 00:10:22.016 31710 31710 W WorkManagerProxy: 	at top.niunaijun.blackboxa.app.App.attachBaseContext(SourceFile:75)
06-20 00:10:22.016 31710 31710 W WorkManagerProxy: 	at android.app.Application.attach(Application.java:365)
06-20 00:10:22.016 31710 31710 W WorkManagerProxy: 	at android.app.Instrumentation.newApplication(Instrumentation.java:1351)
06-20 00:10:22.016 31710 31710 W WorkManagerProxy: 	at android.app.LoadedApk.makeApplicationInner(LoadedApk.java:1601)
06-20 00:10:22.016 31710 31710 W WorkManagerProxy: 	at android.app.LoadedApk.makeApplicationInner(LoadedApk.java:1533)
06-20 00:10:22.016 31710 31710 W WorkManagerProxy: 	at android.app.ActivityThread.handleBindApplication(ActivityThread.java:8673)
06-20 00:10:22.016 31710 31710 W WorkManagerProxy: 	at android.app.ActivityThread.-$$Nest$mhandleBindApplication(ActivityThread.java:0)
06-20 00:10:22.016 31710 31710 W WorkManagerProxy: 	at android.app.ActivityThread$H.handleMessage(ActivityThread.java:2873)
06-20 00:10:22.016 31710 31710 W WorkManagerProxy: 	at android.os.Handler.dispatchMessage(Handler.java:110)
06-20 00:10:22.016 31710 31710 W WorkManagerProxy: 	at android.os.Looper.loopOnce(Looper.java:273)
06-20 00:10:22.016 31710 31710 W WorkManagerProxy: 	at android.os.Looper.loop(Looper.java:363)
06-20 00:10:22.016 31710 31710 W WorkManagerProxy: 	at android.app.ActivityThread.main(ActivityThread.java:10060)
06-20 00:10:22.016 31710 31710 W WorkManagerProxy: 	at java.lang.reflect.Method.invoke(Native Method)
06-20 00:10:22.016 31710 31710 W WorkManagerProxy: 	at com.android.internal.os.RuntimeInit$MethodAndArgsCaller.run(RuntimeInit.java:632)
06-20 00:10:22.016 31710 31710 W WorkManagerProxy: 	at com.android.internal.os.ZygoteInit.main(ZygoteInit.java:975)
06-20 00:10:22.016 31710 31710 D HookManager: hook: top.niunaijun.blackbox.fake.service.ClassLoaderProxy@10afd83
06-20 00:10:22.016 31710 31710 D HookManager: hook: top.niunaijun.blackbox.fake.service.ISystemUpdateProxy@13e0b00
06-20 00:10:22.017 31710 31710 D HookManager: hook: top.niunaijun.blackbox.fake.service.IWindowManagerProxy@c4df39
06-20 00:10:22.019 31710 31710 D HookManager: hook: top.niunaijun.blackbox.fake.service.LevelDbProxy@b23a18
06-20 00:10:22.019 31710 31710 D HookManager: hook: top.niunaijun.blackbox.fake.service.IMiuiSecurityManagerProxy@263c71
06-20 00:10:22.020 31710 31710 D HookManager: hook: top.niunaijun.blackbox.fake.service.AudioPermissionProxy@7185a56
06-20 00:10:22.020 31710 31710 D AudioPermissionProxy: Successfully obtained IAudioService interface
06-20 00:10:22.021 31710 31710 D HookManager: hook: top.niunaijun.blackbox.fake.service.IAccountManagerProxy@9912ead
06-20 00:10:22.023 31710 31710 D HookManager: hook: top.niunaijun.blackbox.fake.service.ILocationManagerProxy@4305e2e
06-20 00:10:22.024 31710 31710 D HookManager: hook: top.niunaijun.blackbox.fake.service.FileSystemProxy@c9bf7eb
06-20 00:10:22.024 31710 31710 D HookManager: hook: top.niunaijun.blackbox.fake.service.libcore.OsStub@eb45948
06-20 00:10:22.025 31710 31710 D HookManager: hook: top.niunaijun.blackbox.fake.service.context.RestrictionsManagerStub@64027c7
06-20 00:10:22.025 31710 31710 D HookManager: hook: top.niunaijun.blackbox.fake.service.ContentResolverProxy@74b0960
06-20 00:10:22.028 31710 31710 D HookManager: hook: top.niunaijun.blackbox.fake.service.MediaRecorderProxy@dd448bf
06-20 00:10:22.028 31710 31710 D HookManager: hook: top.niunaijun.blackbox.fake.service.AudioRecordProxy@4475b8c
06-20 00:10:22.028 31710 31710 D HookManager: hook: top.niunaijun.blackbox.fake.service.WebViewProxy@a8ed2d5
06-20 00:10:22.028 31710 31710 D HookManager: hook: top.niunaijun.blackbox.fake.service.IMediaSessionManagerProxy@8cadaea
06-20 00:10:22.028 31710 31710 D HookManager: hook: top.niunaijun.blackbox.fake.service.FeatureFlagUtilsProxy@ebc90b7
06-20 00:10:22.028 31710 31710 D HookManager: hook: top.niunaijun.blackbox.fake.service.ResourcesManagerProxy@eeb9024
06-20 00:10:22.028 31710 31710 D HookManager: hook: top.niunaijun.blackbox.fake.service.ISystemSensorManagerProxy@f878d
06-20 00:10:22.028 31710 31710 D HookManager: hook: top.niunaijun.blackbox.fake.service.IMediaRouterServiceProxy@5f7dd42
06-20 00:10:22.029 31710 31710 D HookManager: hook: top.niunaijun.blackbox.fake.service.GmsProxy@c76dfaf
06-20 00:10:22.030 31710 31710 E GmsProxy: Failed to get gms service binder
06-20 00:10:22.030 31710 31710 D HookManager: hook: top.niunaijun.blackbox.fake.service.IWebViewUpdateServiceProxy@71ebfbc
06-20 00:10:22.030 31710 31710 D HookManager: hook: top.niunaijun.blackbox.fake.service.IPermissionManagerProxy@deb1b45
06-20 00:10:22.031 31710 31710 D HookManager: hook: top.niunaijun.blackbox.fake.service.IPackageManagerProxy@bc07e66
06-20 00:10:22.033 31710 31710 D HookManager: hook: top.niunaijun.blackbox.fake.service.ReLinkerProxy@f88ecf9
06-20 00:10:22.033 31710 31710 D HookManager: hook: top.niunaijun.blackbox.fake.service.IAttributionSourceProxy@716f43e
06-20 00:10:22.033 31710 31710 D HookManager: hook: top.niunaijun.blackbox.fake.service.ISensitiveContentProtectionManagerProxy@925129f
06-20 00:10:22.033 31710 31710 D ISensitiveContentProtection: Hooked SensitiveContentProtectionManagerService
06-20 00:10:22.034 31710 31710 D HookManager: hook: top.niunaijun.blackbox.fake.service.IStorageManagerProxy@f8a164a
06-20 00:10:22.036 31710 31710 D HookManager: hook: top.niunaijun.blackbox.fake.service.IWifiScannerProxy@a60b697
06-20 00:10:22.036 31710 31710 D HookManager: hook: top.niunaijun.blackbox.fake.service.AuthenticationProxy@299f084
06-20 00:10:22.036 31710 31710 D HookManager: hook: top.niunaijun.blackbox.fake.service.IGraphicsStatsProxy@cebd06d
06-20 00:10:22.036 31710 31710 D HookManager: hook: top.niunaijun.blackbox.fake.service.INetworkManagementServiceProxy@c0790f0
06-20 00:10:22.038 31710 31710 D HookManager: hook: top.niunaijun.blackbox.fake.service.IStorageStatsManagerProxy@32ba025
06-20 00:10:22.038 31710 31710 D HookManager: hook: top.niunaijun.blackbox.fake.service.DeviceIdProxy@25f27c6
06-20 00:10:22.038 31710 31710 D HookManager: hook: top.niunaijun.blackbox.fake.service.IContentProviderProxy@9c67387
06-20 00:10:22.038 31710 31710 D HookManager: hook: top.niunaijun.blackbox.fake.service.AndroidIdProxy@21c82b4
06-20 00:10:22.038 31710 31710 D HookManager: hook: top.niunaijun.blackbox.fake.service.SQLiteDatabaseProxy@12eaedd
06-20 00:10:22.038 31710 31710 D HookManager: hook: top.niunaijun.blackbox.fake.service.IDevicePolicyManagerProxy@615fa52
06-20 00:10:22.041 31710 31710 D HookManager: hook: top.niunaijun.blackbox.fake.service.MediaRecorderClassProxy@2e04c7f
06-20 00:10:22.041 31710 31710 D HookManager: hook: top.niunaijun.blackbox.fake.service.HCallbackProxy@a09744c
06-20 00:10:22.043 31710 31710 D HookManager: hook: top.niunaijun.blackbox.fake.service.IUserManagerProxy@a37319b
06-20 00:10:22.044 31710 31710 D HookManager: hook: top.niunaijun.blackbox.fake.service.IConnectivityManagerProxy@e4000e4
06-20 00:10:22.046 31710 31710 D HookManager: hook: top.niunaijun.blackbox.fake.service.IDnsResolverProxy@e8eed49
06-20 00:10:22.046 31710 31710 D IDnsResolverProxy: IDnsResolverProxy: Returning null for getWho to avoid reflection issues
06-20 00:10:22.046 31710 31710 D HookManager: hook: top.niunaijun.blackbox.fake.service.IShortcutManagerProxy@e9d764e
06-20 00:10:22.046 31710 31710 D HookManager: hook: top.niunaijun.blackbox.fake.service.IXiaomiSettingsProxy@383b78b
06-20 00:10:22.047 31710 31710 D HookManager: hook: top.niunaijun.blackbox.fake.service.IJobServiceProxy@183b068
06-20 00:10:22.052 31710 31710 D SimpleCrashFix: Simple crash fix already installed
06-20 00:10:22.052 31710 31710 D BlackBoxCore: System hooks installed successfully
06-20 00:10:22.052 31710 31710 D BlackBoxCore: Ensuring proper initialization order...
06-20 00:10:22.052 31710 31710 D NativeCore: NativeCore init.
06-20 00:10:22.052 31710 31710 D BlackBoxCore: NativeCore initialized successfully
06-20 00:10:22.054 31710 31724 W System.err: java.io.IOException: Cannot run program "su": error=2, No such file or directory
06-20 00:10:22.054 31710 31724 W System.err: 	at java.lang.ProcessBuilder.start(ProcessBuilder.java:1050)
06-20 00:10:22.054 31710 31724 W System.err: 	at java.lang.Runtime.exec(Runtime.java:713)
06-20 00:10:22.054 31710 31724 W System.err: 	at java.lang.Runtime.exec(Runtime.java:537)
06-20 00:10:22.054 31710 31724 W System.err: 	at java.lang.Runtime.exec(Runtime.java:434)
06-20 00:10:22.054 31710 31724 W System.err: 	at top.niunaijun.blackbox.utils.ShellUtils.execCommand(SourceFile:8)
06-20 00:10:22.054 31710 31724 W System.err: 	at top.niunaijun.blackbox.utils.ShellUtils.execCommand(SourceFile:4)
06-20 00:10:22.054 31710 31724 W System.err: 	at top.niunaijun.blackbox.utils.ShellUtils.checkRootPermission(SourceFile:5)
06-20 00:10:22.054 31710 31724 W System.err: 	at G2.a.run(SourceFile:14)
06-20 00:10:22.054 31710 31724 W System.err: 	at java.lang.Thread.run(Thread.java:1572)
06-20 00:10:22.054 31710 31724 W System.err: Caused by: java.io.IOException: error=2, No such file or directory
06-20 00:10:22.054 31710 31724 W System.err: 	at java.lang.UNIXProcess.forkAndExec(Native Method)
06-20 00:10:22.054 31710 31724 W System.err: 	at java.lang.UNIXProcess.<init>(UNIXProcess.java:133)
06-20 00:10:22.054 31710 31724 W System.err: 	at java.lang.ProcessImpl.start(ProcessImpl.java:141)
06-20 00:10:22.054 31710 31724 W System.err: 	at java.lang.ProcessBuilder.start(ProcessBuilder.java:1029)
06-20 00:10:22.054 31710 31724 W System.err: 	... 8 more
06-20 00:10:22.055 31710 31724 D d       : Root access available: false
06-20 00:10:22.055 31710 31710 D BlackBoxCore: getService: activity_manager, android.os.BinderProxy@8594975
06-20 00:10:22.055 31710 31710 D BlackBoxCore: getService: package_manager, android.os.BinderProxy@7e41d0a
06-20 00:10:22.056 31710 31710 D BlackBoxCore: getService: storage_manager, android.os.BinderProxy@cb5997b
06-20 00:10:22.056 31710 31710 D BlackBoxCore: getService: user_manager, android.os.BinderProxy@e380398
06-20 00:10:22.057 31710 31710 D BlackBoxCore: getService: job_manager, android.os.BinderProxy@e8207f1
06-20 00:10:22.057 31710 31710 D BlackBoxCore: getService: account_manager, android.os.BinderProxy@12effd6
06-20 00:10:22.058 31710 31710 D BlackBoxCore: getService: location_manager, android.os.BinderProxy@87a5257
06-20 00:10:22.058 31710 31710 D BlackBoxCore: getService: notification_manager, android.os.BinderProxy@775c144
06-20 00:10:22.058 31710 31710 D BlackBoxCore: Services initialized successfully
06-20 00:10:22.058 31710 31710 D BlackBoxCore: ServiceManager initialized successfully
06-20 00:10:22.059 31710 31710 D BActivityThread: Found ActivityThread instrumentation, ensuring it's our AppInstrumentation
06-20 00:10:22.059 31710 31710 D BActivityThread: ActivityThread instrumentation is already our AppInstrumentation
06-20 00:10:22.059 31710 31710 D BlackBoxCore: BActivityThread hooks initialized successfully
06-20 00:10:22.059 31710 31710 D BlackBoxCore: Proper initialization order ensured
06-20 00:10:22.066 31710 31710 D TransactionThrottler: Reset transaction throttler
06-20 00:10:22.066 31710 31710 D BlackManager: Transaction throttler reset
06-20 00:10:22.066 31710 31710 D BlackBoxCore: BlackBox initialization completed in 14ms
06-20 00:10:22.066 31710 31710 D d       : Services became available, triggering app list refresh
06-20 00:10:22.066 31710 31710 D BlackManager: Creating service for: top.niunaijun.blackbox.core.system.pm.IBPackageManagerService$Stub
06-20 00:10:22.066 31710 31710 D BlackManager: Successfully created service: package_manager
06-20 00:10:22.124 31710 31710 D NativeCore: NativeCore init.
06-20 00:10:22.144 31710 31710 D NativeCore: set addIORule
06-20 00:10:22.144 31710 31710 D NativeCore: set addIORule
06-20 00:10:22.144 31710 31710 D NativeCore: set addIORule
06-20 00:10:22.144 31710 31710 D NativeCore: set addIORule
06-20 00:10:22.144 31710 31710 D NativeCore: set addIORule
06-20 00:10:22.144 31710 31710 D NativeCore: set addIORule
06-20 00:10:22.144 31710 31710 D NativeCore: set addIORule
06-20 00:10:22.144 31710 31710 D NativeCore: set addIORule
06-20 00:10:22.144 31710 31710 D NativeCore: set addIORule
06-20 00:10:22.145 31710 31710 D NativeCore: set addIORule
06-20 00:10:22.145 31710 31710 D NativeCore: set addIORule
06-20 00:10:22.145 31710 31710 D NativeCore: set addIORule
06-20 00:10:22.145 31710 31710 D NativeCore: set addIORule
06-20 00:10:22.146 31710 31710 D NativeCore: set addIORule
06-20 00:10:22.146 31710 31710 D NativeCore: set addIORule
06-20 00:10:22.147 31710 31710 D NativeCore: set addIORule
06-20 00:10:22.147 31710 31710 D NativeCore: set addIORule
06-20 00:10:22.148 31710 31710 D NativeCore: set addIORule
06-20 00:10:22.148 31710 31710 D NativeCore: set addIORule
06-20 00:10:22.148 31710 31710 D NativeCore: set addIORule
06-20 00:10:22.148 31710 31710 D NativeCore: set addIORule
06-20 00:10:22.148 31710 31710 D NativeCore: set enableIO
06-20 00:10:22.148 31710 31710 D NativeCore: AccessFlag:flags = 0x50380002,flag = 0x100
06-20 00:10:22.148 31710 31710 D NativeCore: Method is not native, skipping hook
06-20 00:10:22.148 31710 31710 D NativeCore: Skipping hook for non-native method: java/io/UnixFileSystem.canonicalize0
06-20 00:10:22.148 31710 31710 D NativeCore: AccessFlag:flags = 0x50200102,flag = 0x100
06-20 00:10:22.148 31710 31710 D NativeCore: register class：java/io/UnixFileSystem, method：getLastModifiedTime0 success!
06-20 00:10:22.148 31710 31710 D NativeCore: AccessFlag:flags = 0x50200102,flag = 0x100
06-20 00:10:22.148 31710 31710 D NativeCore: register class：java/io/UnixFileSystem, method：setPermission0 success!
06-20 00:10:22.148 31710 31710 D NativeCore: AccessFlag:flags = 0x50200102,flag = 0x100
06-20 00:10:22.148 31710 31710 D NativeCore: register class：java/io/UnixFileSystem, method：createFileExclusively0 success!
06-20 00:10:22.148 31710 31710 D NativeCore: AccessFlag:flags = 0x50200102,flag = 0x100
06-20 00:10:22.148 31710 31710 D NativeCore: register class：java/io/UnixFileSystem, method：list0 success!
06-20 00:10:22.148 31710 31710 D NativeCore: AccessFlag:flags = 0x50200102,flag = 0x100
06-20 00:10:22.148 31710 31710 D NativeCore: register class：java/io/UnixFileSystem, method：createDirectory0 success!
06-20 00:10:22.148 31710 31710 D NativeCore: AccessFlag:flags = 0x50000102,flag = 0x100
06-20 00:10:22.148 31710 31710 D NativeCore: register class：java/io/UnixFileSystem, method：setLastModifiedTime0 success!
06-20 00:10:22.148 31710 31710 D NativeCore: AccessFlag:flags = 0x50200102,flag = 0x100
06-20 00:10:22.148 31710 31710 D NativeCore: register class：java/io/UnixFileSystem, method：setReadOnly0 success!
06-20 00:10:22.148 31710 31710 D NativeCore: AccessFlag:flags = 0x50200102,flag = 0x100
06-20 00:10:22.148 31710 31710 D NativeCore: register class：java/io/UnixFileSystem, method：getSpace0 success!
06-20 00:10:22.148 31710 31710 D NativeCore: FileSystemHook: Initializing file system hooks
06-20 00:10:22.148 31710 31710 D NativeCore: FileSystemHook: Found open function at 0x7867082d80
06-20 00:10:22.148 31710 31710 D NativeCore: FileSystemHook: Found open64 function at 0x7867082d80
06-20 00:10:22.148 31710 31710 D NativeCore: AccessFlag:flags = 0x50280108,flag = 0x100
06-20 00:10:22.148 31710 31710 D NativeCore: register class：java/lang/VMClassLoader, method：findLoadedClass success!
06-20 00:10:22.148 31710 31710 D NativeCore: AccessFlag:flags = 0x50300119,flag = 0x100
06-20 00:10:22.148 31710 31710 D NativeCore: register class：android/os/Binder, method：getCallingUid success!
06-20 00:10:22.148 31710 31710 D NativeCore: AccessFlag:flags = 0x5020010a,flag = 0x100
06-20 00:10:22.148 31710 31710 D NativeCore: register class：dalvik/system/DexFile, method：openDexFileNative success!
06-20 00:10:22.149 31710 31710 D d       : beforeCreateApplication: pkg com.nekki.shadowfight3, processName com.nekki.shadowfight3,userID:0
06-20 00:10:22.150 31710 31710 D NativeCore: openDexFileNative: /data/app/~~b-kNTPL92oJmt3Gcmb6V-w==/com.nekki.shadowfight3-7kK4tjGugrQhSUVD9c6cmg==/base.apk
06-20 00:10:22.170 31710 31710 D NativeCore: openDexFileNative: /data/app/~~b-kNTPL92oJmt3Gcmb6V-w==/com.nekki.shadowfight3-7kK4tjGugrQhSUVD9c6cmg==/split_config.arm64_v8a.apk
06-20 00:10:22.170 31710 31710 W jun.blackbox:p0: Failed to find entry 'classes.dex': Entry not found
06-20 00:10:22.171 31710 31710 D nativeloader: Configuring clns-10 for other apk /data/app/~~b-kNTPL92oJmt3Gcmb6V-w==/com.nekki.shadowfight3-7kK4tjGugrQhSUVD9c6cmg==/base.apk:/data/app/~~b-kNTPL92oJmt3Gcmb6V-w==/com.nekki.shadowfight3-7kK4tjGugrQhSUVD9c6cmg==/split_config.arm64_v8a.apk. target_sdk_version=35, uses_libraries=, library_path=/data/app/~~b-kNTPL92oJmt3Gcmb6V-w==/com.nekki.shadowfight3-7kK4tjGugrQhSUVD9c6cmg==/lib/arm64:/data/app/~~b-kNTPL92oJmt3Gcmb6V-w==/com.nekki.shadowfight3-7kK4tjGugrQhSUVD9c6cmg==/base.apk!/lib/arm64-v8a:/data/app/~~b-kNTPL92oJmt3Gcmb6V-w==/com.nekki.shadowfight3-7kK4tjGugrQhSUVD9c6cmg==/split_config.arm64_v8a.apk!/lib/arm64-v8a, permitted_path=/data:/mnt/expand:/data/user/0/top.niunaijun.blackbox/blackbox/data/user/0/com.nekki.shadowfight3
06-20 00:10:22.181 31710 31710 I MultiDex: VM with version 2.1.0 has multidex support
06-20 00:10:22.181 31710 31710 I MultiDex: Installing application
06-20 00:10:22.181 31710 31710 I MultiDex: VM has multidex support, MultiDex support library is disabled.
06-20 00:10:22.188 31710 31710 W com.facebook.internal.Validate: No internet permissions granted for the app, please add <uses-permission android:name="android.permission.INTERNET" /> to your AndroidManifest.xml.
06-20 00:10:22.208 31710 31732 D PackageManagerStub: GetPackageInfo: Providing fake Google Play Services info
06-20 00:10:22.209 31710 31732 W GooglePlayServicesUtil: com.nekki.shadowfight3 requires Google Play services, but they are missing.
06-20 00:10:22.209 31710 31732 W GooglePlayServicesUtil: com.nekki.shadowfight3 requires Google Play services, but they are missing.
06-20 00:10:22.210 31710 31732 D TransactionThrottler: Reset transaction throttler
06-20 00:10:22.211 31710 31734 D TransactionThrottler: Reset transaction throttler
06-20 00:10:22.211 31710 31734 W com.facebook.internal.NativeProtocol: Apps that target Android API 30+ (Android 11+) cannot call Facebook native apps unless the package visibility needs are declared. Please follow https://developers.facebook.com/docs/android/troubleshooting/#faq_267321845055988 to make the declaration.
06-20 00:10:22.211 31710 31732 D TransactionThrottler: Reset transaction throttler
06-20 00:10:22.212 31710 31734 D TransactionThrottler: Reset transaction throttler
06-20 00:10:22.217 31710 31710 D FirebaseSessions: Dependency to CRASHLYTICS added.
06-20 00:10:22.219 31710 31710 I FirebaseApp: Device unlocked: initializing all Firebase APIs for app [DEFAULT]
06-20 00:10:22.220 31710 31710 I FirebaseCrashlytics: Initializing Firebase Crashlytics 20.0.3 for com.nekki.shadowfight3
06-20 00:10:22.221 31710 31710 D BlackManager: Creating service for: top.niunaijun.blackbox.core.system.am.IBActivityManagerService$Stub
06-20 00:10:22.221 31710 31710 D BlackManager: Successfully created service: activity_manager
06-20 00:10:22.231 31710 31710 D nativeloader: Load /data/app/~~b-kNTPL92oJmt3Gcmb6V-w==/com.nekki.shadowfight3-7kK4tjGugrQhSUVD9c6cmg==/lib/arm64/libcrashlytics.so using class loader ns clns-10 (caller=/data/app/~~b-kNTPL92oJmt3Gcmb6V-w==/com.nekki.shadowfight3-7kK4tjGugrQhSUVD9c6cmg==/base.apk!classes5.dex): ok
06-20 00:10:22.234 31710 31710 D FirebaseSessions: Subscriber CRASHLYTICS registered.
06-20 00:10:22.235 31710 31749 D TransactionThrottler: Reset transaction throttler
06-20 00:10:22.236 31710 31749 W GooglePlayServicesUtil: com.nekki.shadowfight3 requires Google Play services, but they are missing.
06-20 00:10:22.238 31710 31749 E DynamiteModule: Invalid GmsCore APK, remote loading disabled.
06-20 00:10:22.238 31710 31749 I DynamiteModule: Considering local module com.google.android.gms.measurement.dynamite:155 and remote module com.google.android.gms.measurement.dynamite:0
06-20 00:10:22.238 31710 31749 I DynamiteModule: Selected local version of com.google.android.gms.measurement.dynamite
06-20 00:10:22.238 31710 31749 E DynamiteModule: Invalid GmsCore APK, remote loading disabled.
06-20 00:10:22.246 31710 31751 D AttributionSourceUtils: Fixed AttributionSource UID in method arguments
06-20 00:10:22.257 31710 31710 D nativeloader: Load /data/app/~~b-kNTPL92oJmt3Gcmb6V-w==/com.nekki.shadowfight3-7kK4tjGugrQhSUVD9c6cmg==/lib/arm64/libdatastore_shared_counter.so using class loader ns clns-10 (caller=/data/app/~~b-kNTPL92oJmt3Gcmb6V-w==/com.nekki.shadowfight3-7kK4tjGugrQhSUVD9c6cmg==/base.apk!classes5.dex): ok
06-20 00:10:22.259 31710 31751 E ashmem  : Pinning is deprecated since Android Q. Please use trim or other methods.
06-20 00:10:22.264 31710 31710 D FirebaseSessions: Initializing Firebase Sessions 3.0.3.
06-20 00:10:22.265 31710 31710 I FirebaseInitProvider: FirebaseApp initialization successful
06-20 00:10:22.274 31710 31756 D TransactionThrottler: Reset transaction throttler
06-20 00:10:22.274 31710 31710 D WM-WrkMgrInitializer: Initializing WorkManager with default configuration.
06-20 00:10:22.282 31710 31755 I FirebaseCrashlytics: Saved version control info
06-20 00:10:22.284 31710 31761 D TransactionThrottler: Reset transaction throttler
06-20 00:10:22.289 31710 31761 D TransactionThrottler: Reset transaction throttler
06-20 00:10:22.290 31710 31754 D FirebaseSessions: Notified CRASHLYTICS of new session 7f76eb847a5648dfa09668735b808fd6
06-20 00:10:22.291 31710 31778 D AdvertisingIdClient: Creating AdvertisingIdClient
06-20 00:10:22.291 31710 31778 D AdvertisingIdClient: AdvertisingIdClient already created.
06-20 00:10:22.296 31710 31710 D AttributionSourceUtils: Fixed AttributionSource UID in method arguments
06-20 00:10:22.297 31710 31781 W GooglePlayServicesUtil: com.nekki.shadowfight3 requires Google Play services, but they are missing.
06-20 00:10:22.297 31710 31778 D AdvertisingIdClient: AdvertisingIdClient is not bounded. Starting to bind it...
06-20 00:10:22.297 31710 31778 D PackageManagerStub: GetPackageInfo: Providing fake Google Play Services info
06-20 00:10:22.298 31710 31778 W GooglePlayServicesUtil: com.nekki.shadowfight3 requires Google Play services, but they are missing.
06-20 00:10:22.298 31710 31761 D TransactionThrottler: Reset transaction throttler
06-20 00:10:22.299 31710 31710 D d       : beforeApplicationOnCreate: pkg com.nekki.shadowfight3, processName com.nekki.shadowfight3
06-20 00:10:22.299 31710 31710 D d       : afterApplicationOnCreate: pkg com.nekki.shadowfight3, processName com.nekki.shadowfight3
06-20 00:10:22.299 31710 31710 D ClassInvocationStub: AppOps invoke: Bypassing system for checkOperationRawForDevice, allowing operation
06-20 00:10:22.300 31710 31710 W RockerManager: Location permission not granted - RockerManager cannot access location
06-20 00:10:22.300 31710 31710 W RockerManager: Required permissions not granted, RockerManager cannot initialize
06-20 00:10:22.300 31710 31782 W GooglePlayServicesUtil: com.nekki.shadowfight3 requires Google Play services, but they are missing.
06-20 00:10:22.300 31710 31710 W RockerManager: Please grant: android.permission.SYSTEM_ALERT_WINDOW, android.permission.ACCESS_FINE_LOCATION, android.permission.ACCESS_COARSE_LOCATION
06-20 00:10:22.303 31710 31761 W Metadata: Failed to find package android.content.pm.PackageManager$NameNotFoundException: com.google.android.gms
06-20 00:10:22.303 31710 31781 E GooglePlayServicesUtil: GooglePlayServices not available due to error 1
--------- beginning of system
06-20 00:10:22.307 31710 31710 D ActivityThread: com.nekki.shadowfight3 will use render engine as GL
06-20 00:10:22.307 31710 31710 D HWUI    : HWUI - treat SMPTE_170M as sRGB
06-20 00:10:22.308 31710 31778 I AdvertisingIdClient: shouldSendLog -1
06-20 00:10:22.309 31710 31783 I DisplayManager: Choreographer implicitly registered for the refresh rate.
06-20 00:10:22.309 31710 31761 D TransactionThrottler: Reset transaction throttler
06-20 00:10:22.310 31710 31783 D HWUI    : CacheManager constructor. deviceInfo=(1080, 1920)
06-20 00:10:22.310 31710 31778 E AppLovinSdk: [DataCollector] Could not collect Google Advertising ID - this will negatively impact your eCPMs! Please integrate the Google Play Services SDK into your application. More info can be found online at http://developer.android.com/google/play-services/setup.html. If you're sure you've integrated the SDK and are still seeing this message, you may need to add a ProGuard exception: -keep public class com.google.android.gms.** { public protected *; }
06-20 00:10:22.310 31710 31778 E AppLovinSdk: java.io.IOException: AdvertisingIdClient cannot reconnect.
06-20 00:10:22.310 31710 31778 E AppLovinSdk: 	at com.google.android.gms.ads.identifier.AdvertisingIdClient.zzd(com.google.android.gms:play-services-ads-identifier@@18.2.0:4)
06-20 00:10:22.310 31710 31778 E AppLovinSdk: 	at com.google.android.gms.ads.identifier.AdvertisingIdClient.zzf(com.google.android.gms:play-services-ads-identifier@@18.2.0:2)
06-20 00:10:22.310 31710 31778 E AppLovinSdk: 	at com.google.android.gms.ads.identifier.AdvertisingIdClient.getAdvertisingIdInfo(com.google.android.gms:play-services-ads-identifier@@18.2.0:7)
06-20 00:10:22.310 31710 31778 E AppLovinSdk: 	at com.applovin.impl.v.collectGoogleAdvertisingInfo(SourceFile:9)
06-20 00:10:22.310 31710 31778 E AppLovinSdk: 	at com.applovin.impl.v.c(SourceFile:1)
06-20 00:10:22.310 31710 31778 E AppLovinSdk: 	at com.applovin.impl.v.a(SourceFile:30)
06-20 00:10:22.310 31710 31778 E AppLovinSdk: 	at com.applovin.impl.v.b(SourceFile:1)
06-20 00:10:22.310 31710 31778 E AppLovinSdk: 	at com.applovin.impl.i1.b(SourceFile:1)
06-20 00:10:22.310 31710 31778 E AppLovinSdk: 	at com.applovin.impl.i1.$r8$lambda$xn2WwahoRFu773QDNRYDV1UJzkw(SourceFile:0)
06-20 00:10:22.310 31710 31778 E AppLovinSdk: 	at com.applovin.impl.i1$$ExternalSyntheticLambda0.run(D8$$SyntheticClass:0)
06-20 00:10:22.310 31710 31778 E AppLovinSdk: 	at java.lang.Thread.run(Thread.java:1572)
06-20 00:10:22.310 31710 31778 E AppLovinSdk: Caused by: java.io.IOException: Google Play services not available
06-20 00:10:22.310 31710 31778 E AppLovinSdk: 	at com.google.android.gms.ads.identifier.AdvertisingIdClient.zzc(com.google.android.gms:play-services-ads-identifier@@18.2.0:21)
06-20 00:10:22.310 31710 31778 E AppLovinSdk: 	at com.google.android.gms.ads.identifier.AdvertisingIdClient.zzd(com.google.android.gms:play-services-ads-identifier@@18.2.0:2)
06-20 00:10:22.310 31710 31778 E AppLovinSdk: 	... 10 more
06-20 00:10:22.310 31710 31783 D libMEOW : meow new tls: 0x762e282090
06-20 00:10:22.310 31710 31761 W Metadata: Failed to find package android.content.pm.PackageManager$NameNotFoundException: com.google.android.gms
06-20 00:10:22.310 31710 31778 D AttributionSourceUtils: Fixed AttributionSource UID in method arguments
06-20 00:10:22.310 31710 31782 W GoogleApiManager: The service for com.google.android.gms.common.internal.service.zau is not available: ConnectionResult{statusCode=SERVICE_MISSING, resolution=null, message=null, clientMethodKey=null}
06-20 00:10:22.310 31710 31782 W GooglePlayServicesUtil: com.nekki.shadowfight3 requires Google Play services, but they are missing.
06-20 00:10:22.310 31710 31777 D TransactionThrottler: Reset transaction throttler
06-20 00:10:22.311 31710 31783 D libMEOW : meow reload base cfg path: na
06-20 00:10:22.311 31710 31783 D libMEOW : meow reload overlay cfg path: na
06-20 00:10:22.311 31710 31777 D TransactionThrottler: Reset transaction throttler
06-20 00:10:22.311 31710 31783 D libMEOW : applied 0 plugin for [com.nekki.shadowfight3].
06-20 00:10:22.313 31710 31783 I mali    : Successfully parsed 2 environment variable(s) from /vendor/etc/mali_platform.config.
06-20 00:10:22.314 31710 31783 I mali    : Successfully parsed 2 environment variable(s) from /vendor/etc/mali_platform.config.
06-20 00:10:22.315 31710 31777 D TransactionThrottler: Reset transaction throttler
06-20 00:10:22.316 31710 31710 D AttributionSourceUtils: Fixed AttributionSource UID in method arguments
06-20 00:10:22.318 31710 31778 D AttributionSourceUtils: Fixed AttributionSource UID in method arguments
06-20 00:10:22.319 31710 31710 D AttributionSourceUtils: Fixed AttributionSource UID in method arguments
06-20 00:10:22.320 31710 31777 D TransactionThrottler: Reset transaction throttler
06-20 00:10:22.322 31710 31778 E AppLovinSdk: [DataCollector] Unable to determine if Fire OS limited ad tracking is turned on
06-20 00:10:22.322 31710 31778 E AppLovinSdk: android.provider.Settings$SettingNotFoundException: limit_ad_tracking
06-20 00:10:22.322 31710 31778 E AppLovinSdk: 	at android.provider.Settings.parseIntSetting(Settings.java:4428)
06-20 00:10:22.322 31710 31778 E AppLovinSdk: 	at android.provider.Settings.-$$Nest$smparseIntSetting(Settings.java:0)
06-20 00:10:22.322 31710 31778 E AppLovinSdk: 	at android.provider.Settings$Secure.getIntForUser(Settings.java:10643)
06-20 00:10:22.322 31710 31778 E AppLovinSdk: 	at android.provider.Settings$Secure.getInt(Settings.java:10636)
06-20 00:10:22.322 31710 31778 E AppLovinSdk: 	at com.applovin.impl.v.collectFireOSAdvertisingInfo(SourceFile:11)
06-20 00:10:22.322 31710 31778 E AppLovinSdk: 	at com.applovin.impl.v.c(SourceFile:6)
06-20 00:10:22.322 31710 31778 E AppLovinSdk: 	at com.applovin.impl.v.a(SourceFile:30)
06-20 00:10:22.322 31710 31778 E AppLovinSdk: 	at com.applovin.impl.v.b(SourceFile:1)
06-20 00:10:22.322 31710 31778 E AppLovinSdk: 	at com.applovin.impl.i1.b(SourceFile:1)
06-20 00:10:22.322 31710 31778 E AppLovinSdk: 	at com.applovin.impl.i1.$r8$lambda$xn2WwahoRFu773QDNRYDV1UJzkw(SourceFile:0)
06-20 00:10:22.322 31710 31778 E AppLovinSdk: 	at com.applovin.impl.i1$$ExternalSyntheticLambda0.run(D8$$SyntheticClass:0)
06-20 00:10:22.322 31710 31778 E AppLovinSdk: 	at java.lang.Thread.run(Thread.java:1572)
06-20 00:10:22.323 31710 31782 W GoogleApiManager: The service for com.google.android.gms.common.internal.service.zau is not available: ConnectionResult{statusCode=SERVICE_MISSING, resolution=null, message=null, clientMethodKey=null}
06-20 00:10:22.324 31710 31710 D AppInstrumentation: callActivityOnCreate: com.nekki.unityplugins.NekkiNativeActivity
06-20 00:10:22.330 31710 31710 D AttributionSourceUtils: Fixed AttributionSource UID in method arguments
06-20 00:10:22.330 31710 31778 W GooglePlayServicesUtil: com.nekki.shadowfight3 requires Google Play services, but they are missing.
06-20 00:10:22.330 31710 31782 W GooglePlayServicesUtil: com.nekki.shadowfight3 requires Google Play services, but they are missing.
06-20 00:10:22.333 31710 31710 D AttributionSourceUtils: Fixed AttributionSource UID in method arguments
06-20 00:10:22.335 31710 31710 D AttributionSourceUtils: Fixed AttributionSource UID in method arguments
06-20 00:10:22.336 31710 31756 I FA      : App measurement initialized, version: 133005
06-20 00:10:22.336 31710 31756 I FA      : To enable debug logging run: adb shell setprop log.tag.FA VERBOSE
06-20 00:10:22.336 31710 31756 I FA      : To enable faster debug mode event logging run:
06-20 00:10:22.336 31710 31756 I FA      :   adb shell setprop debug.firebase.analytics.app com.nekki.shadowfight3
06-20 00:10:22.339 31710 31782 W GoogleApiManager: The service for com.google.android.gms.internal.appset.zzd is not available: ConnectionResult{statusCode=SERVICE_MISSING, resolution=null, message=null, clientMethodKey=null}
06-20 00:10:22.342 31710 31782 D TransactionThrottler: Reset transaction throttler
06-20 00:10:22.365 31710 31782 W GooglePlayServicesUtil: com.nekki.shadowfight3 requires Google Play services, but they are missing.
06-20 00:10:22.376 31710 31782 W GoogleApiManager: The service for com.google.android.gms.internal.games_v2.zzp is not available: ConnectionResult{statusCode=SERVICE_MISSING, resolution=null, message=null, clientMethodKey=null}
06-20 00:10:22.377 31710 31782 W GooglePlayServicesUtil: com.nekki.shadowfight3 requires Google Play services, but they are missing.
06-20 00:10:22.379 31710 31756 E FA      : App is missing INTERNET permission
06-20 00:10:22.379 31710 31774 D TransactionThrottler: Reset transaction throttler
06-20 00:10:22.380 31710 31782 W GoogleApiManager: The service for com.google.android.gms.internal.games_v2.zzp is not available: ConnectionResult{statusCode=SERVICE_MISSING, resolution=null, message=null, clientMethodKey=null}
06-20 00:10:22.381 31710 31756 E FA      : App is missing ACCESS_NETWORK_STATE permission
06-20 00:10:22.384 31710 31780 D FBAudienceNetwork: SDK dex loading time: 90
06-20 00:10:22.385 31710 31710 D AttributionSourceUtils: Fixed AttributionSource UID in method arguments
06-20 00:10:22.386 31710 31710 D DesktopModeFlags: Toggle override initialized to: OVERRIDE_UNSET
06-20 00:10:22.388 31710 31710 I DecorView: setWindowBackground: isPopOver=false color=ff000000 d=android.graphics.drawable.ColorDrawable@85c973
06-20 00:10:22.389 31710 31756 E FA      : Uploading is not possible. App measurement disabled
