06-20 20:22:08.297 13883 14923 D CCodecBuffers: [c2.android.aac.decoder#118:1D-Input.Impl[N]] codec released a buffer owned by client (index 1)
06-20 20:22:08.976 13883 14951 D CCodecBuffers: [c2.android.aac.decoder#118:1D-Input.Impl[N]] codec released a buffer owned by client (index 2)
06-20 20:22:09.131 13883 14755 D AidlBufferPool: bufferpool2 0x767e4572c8 : 8(25165984 size) total buffers - 8(25165984 size) used buffers - 2/10 (recycle/alloc) - 8/691 (fetch/transfer)
06-20 20:22:09.226 13883 14951 D CCodecBuffers: [c2.android.aac.decoder#118:1D-Input.Impl[N]] codec released a buffer owned by client (index 0)
06-20 20:22:10.971 13883 14752 D CCodecBuffers: [c2.android.aac.decoder#118:1D-Input.Impl[N]] codec released a buffer owned by client (index 3)
06-20 20:22:13.416 13883 14770 D AidlBufferPool: bufferpool2 0x767e41b318 : 4(2097232 size) total buffers - 4(2097232 size) used buffers - 1/6 (recycle/alloc) - 5/1496 (fetch/transfer)
06-20 20:22:14.008 13883 14951 D CCodecBuffers: [c2.android.aac.decoder#118:1D-Input.Impl[N]] codec released a buffer owned by client (index 0)
06-20 20:22:14.531 13883 14755 D AidlBufferPool: bufferpool2 0x767e4572c8 : 8(25165984 size) total buffers - 8(25165984 size) used buffers - 2/10 (recycle/alloc) - 8/826 (fetch/transfer)
06-20 20:22:14.662 13883 13892 D CCodecBuffers: [c2.android.aac.decoder#118:1D-Input.Impl[N]] codec released a buffer owned by client (index 2)
06-20 20:22:15.664 13883 13891 D CCodecBuffers: [c2.android.aac.decoder#118:1D-Input.Impl[N]] codec released a buffer owned by client (index 3)
06-20 20:22:17.358 13883 13883 D CrashMonitor: Performing periodic health check...
06-20 20:22:17.359 13883 13883 W CrashMonitor: High thread count detected: 136
06-20 20:22:17.360 13883 13883 D CrashMonitor: Health check completed - Memory: 3.5%, Threads: 136
06-20 20:22:18.449 13883 14770 D AidlBufferPool: bufferpool2 0x767e41b318 : 4(2097232 size) total buffers - 4(2097232 size) used buffers - 1/6 (recycle/alloc) - 5/1732 (fetch/transfer)
06-20 20:22:19.883 13883 14755 D AidlBufferPool: bufferpool2 0x767e4572c8 : 8(25165984 size) total buffers - 8(25165984 size) used buffers - 2/10 (recycle/alloc) - 8/960 (fetch/transfer)
06-20 20:22:20.208 13883 14923 D CCodecBuffers: [c2.android.aac.decoder#118:1D-Input.Impl[N]] codec released a buffer owned by client (index 3)
06-20 20:22:21.973 13883 13883 I VRI[NekkiNativeActivity]@1d2240a: ViewPostIme pointer 0
06-20 20:22:21.975 13883 13883 I VRI[NekkiNativeActivity]@1d2240a: call setFrameRateCategory for touch hint category=high hint, reason=touch, vri=VRI[NekkiNativeActivity]@1d2240a
06-20 20:22:22.415 13883 13883 I VRI[NekkiNativeActivity]@1d2240a: ViewPostIme pointer 1
06-20 20:22:23.453 13883 14770 D AidlBufferPool: bufferpool2 0x767e41b318 : 4(2097232 size) total buffers - 4(2097232 size) used buffers - 1/6 (recycle/alloc) - 5/1967 (fetch/transfer)
06-20 20:22:23.476 13883 14162 I FileSource: [Read time] time (13883) us > 10000 us, request_size (25521), read_size (25521) offset(9807562) mOffset(35754116)
06-20 20:22:24.017 13883 14951 D CCodecBuffers: [c2.android.aac.decoder#118:1D-Input.Impl[N]] codec released a buffer owned by client (index 2)
06-20 20:22:24.106 13883 13892 D CCodecBuffers: [c2.android.aac.decoder#118:1D-Input.Impl[N]] codec released a buffer owned by client (index 1)
06-20 20:22:25.205 13883 14755 D AidlBufferPool: bufferpool2 0x767e4572c8 : 8(25165984 size) total buffers - 8(25165984 size) used buffers - 2/10 (recycle/alloc) - 8/1093 (fetch/transfer)
06-20 20:22:25.417 13883 13883 I VRI[NekkiNativeActivity]@1d2240a: call setFrameRateCategory for touch hint category=no preference, reason=boost timeout, vri=VRI[NekkiNativeActivity]@1d2240a
06-20 20:22:28.188 13883 14923 D CCodecBuffers: [c2.android.aac.decoder#118:1D-Input.Impl[N]] codec released a buffer owned by client (index 3)
06-20 20:22:28.908 13883 14770 D AidlBufferPool: bufferpool2 0x767e41b318 : 4(2097232 size) total buffers - 4(2097232 size) used buffers - 1/6 (recycle/alloc) - 5/2223 (fetch/transfer)
06-20 20:22:30.569 13883 14755 D AidlBufferPool: bufferpool2 0x767e4572c8 : 8(25165984 size) total buffers - 8(25165984 size) used buffers - 2/10 (recycle/alloc) - 8/1227 (fetch/transfer)
06-20 20:22:34.275 13883 14770 D AidlBufferPool: bufferpool2 0x767e41b318 : 4(2097232 size) total buffers - 4(2097232 size) used buffers - 1/6 (recycle/alloc) - 5/2475 (fetch/transfer)
06-20 20:22:34.476 13883 13892 D CCodecBuffers: [c2.android.aac.decoder#118:1D-Input.Impl[N]] codec released a buffer owned by client (index 0)
06-20 20:22:35.923 13883 14755 D AidlBufferPool: bufferpool2 0x767e4572c8 : 8(25165984 size) total buffers - 8(25165984 size) used buffers - 2/10 (recycle/alloc) - 8/1361 (fetch/transfer)
06-20 20:22:39.459 13883 14770 D AidlBufferPool: bufferpool2 0x767e41b318 : 4(2097232 size) total buffers - 4(2097232 size) used buffers - 1/6 (recycle/alloc) - 5/2717 (fetch/transfer)
06-20 20:22:40.338 13883 13892 D CCodecBuffers: [c2.android.aac.decoder#118:1D-Input.Impl[N]] codec released a buffer owned by client (index 1)
06-20 20:22:40.780 13883 13883 I VRI[NekkiNativeActivity]@1d2240a: ViewPostIme pointer 0
06-20 20:22:40.781 13883 13883 I VRI[NekkiNativeActivity]@1d2240a: call setFrameRateCategory for touch hint category=high hint, reason=touch, vri=VRI[NekkiNativeActivity]@1d2240a
06-20 20:22:41.320 13883 14755 D AidlBufferPool: bufferpool2 0x767e4572c8 : 8(25165984 size) total buffers - 8(25165984 size) used buffers - 2/10 (recycle/alloc) - 8/1496 (fetch/transfer)
06-20 20:22:41.623 13883 13883 I VRI[NekkiNativeActivity]@1d2240a: ViewPostIme pointer 1
06-20 20:22:43.008 13883 13887 I jun.blackbox:p0: Background concurrent mark compact GC freed 6976KB AllocSpace bytes, 0(0B) LOS objects, 49% free, 6750KB/13MB, paused 1.666ms,4.522ms total 147.852ms
06-20 20:22:44.624 13883 13883 I VRI[NekkiNativeActivity]@1d2240a: call setFrameRateCategory for touch hint category=no preference, reason=boost timeout, vri=VRI[NekkiNativeActivity]@1d2240a
06-20 20:22:44.900 13883 14770 D AidlBufferPool: bufferpool2 0x767e41b318 : 4(2097232 size) total buffers - 4(2097232 size) used buffers - 1/6 (recycle/alloc) - 5/2972 (fetch/transfer)
06-20 20:22:46.655 13883 14755 D AidlBufferPool: bufferpool2 0x767e4572c8 : 8(25165984 size) total buffers - 8(25165984 size) used buffers - 2/10 (recycle/alloc) - 8/1629 (fetch/transfer)
06-20 20:22:46.909 13883 13981 I Unity   : [Client SFS.send] cmd:<b>log</b> type:sf3DTO.LogRequest session_request_id:38 extensible:
06-20 20:22:46.909 13883 13981 I Unity   : sf3DTO.LogRequest{
06-20 20:22:46.909 13883 13981 I Unity   :   "Events": [
06-20 20:22:46.909 13883 13981 I Unity   :     "{\"Errors\":{},\"TotalErrors\":0,\"TotalSuccess\":490,\"Finish\":false,\"TotalSize\":223.716171,\"TotalExtracted\":0,\"TotalExtractedSize\":0.0,\"TotalTime\":60.0090942,\"Speed\":3.72803783,\"CDN\":null,\"etype\":\"BUNDLE_DOWNLOAD\",\"cid\":5,\"pl\":1,\"cts\":1781967161159,\"plf\":\"Android\",\"v\":\"1.45.0.21\",\"fv\":\"1.45.0.21.16675-prod\",\"sid\":0,\"onl\":false,\"md\":\"VideoPlayer\",\"creg\":1781967055}"
06-20 20:22:46.909 13883 13981 I Unity   :   ]
06-20 20:22:46.909 13883 13981 I Unity   : }
06-20 20:22:46.959 13883 13981 I Unity   : [Server Response] cmd:<b>log</b> type:Google.Protobuf.WellKnownTypes.Empty session_request_id:38 extensible:
06-20 20:22:46.959 13883 13981 I Unity   : Google.Protobuf.WellKnownTypes.Empty{}
06-20 20:22:47.360 13883 13883 D CrashMonitor: Performing periodic health check...
06-20 20:22:47.360 13883 13883 W CrashMonitor: High thread count detected: 137
06-20 20:22:47.361 13883 13883 D CrashMonitor: Health check completed - Memory: 2.8%, Threads: 137
06-20 20:22:47.765 13883 13892 D CCodecBuffers: [c2.android.aac.decoder#118:1D-Input.Impl[N]] codec released a buffer owned by client (index 2)
06-20 20:22:48.484 13883 13892 E LoadedApk: performReceive() called targeting raw IIntentReceiver for Intent { act=android.intent.action.BATTERY_CHANGED flg=0x60000010 (has extras) }
06-20 20:22:50.291 13883 14770 D AidlBufferPool: bufferpool2 0x767e41b318 : 4(2097232 size) total buffers - 4(2097232 size) used buffers - 1/6 (recycle/alloc) - 5/3225 (fetch/transfer)
06-20 20:22:51.973 13883 14755 D AidlBufferPool: bufferpool2 0x767e4572c8 : 8(25165984 size) total buffers - 8(25165984 size) used buffers - 2/10 (recycle/alloc) - 8/1762 (fetch/transfer)
06-20 20:22:54.142 13883 13883 I VRI[NekkiNativeActivity]@1d2240a: ViewPostIme pointer 0
06-20 20:22:54.142 13883 13883 I VRI[NekkiNativeActivity]@1d2240a: call setFrameRateCategory for touch hint category=high hint, reason=touch, vri=VRI[NekkiNativeActivity]@1d2240a
06-20 20:22:55.216 13883 13883 I VRI[NekkiNativeActivity]@1d2240a: ViewPostIme pointer 1
06-20 20:22:55.319 13883 14770 D AidlBufferPool: bufferpool2 0x767e41b318 : 4(2097232 size) total buffers - 4(2097232 size) used buffers - 1/6 (recycle/alloc) - 5/3461 (fetch/transfer)
06-20 20:22:56.077 13883 13883 I VRI[NekkiNativeActivity]@1d2240a: ViewPostIme pointer 0
06-20 20:22:56.917 13883 13883 I VRI[NekkiNativeActivity]@1d2240a: ViewPostIme pointer 1
06-20 20:22:57.171 13883 14752 D CCodecBuffers: [c2.android.aac.decoder#118:1D-Input.Impl[N]] codec released a buffer owned by client (index 2)
06-20 20:22:57.176 13883 14752 D CCodecBuffers: [c2.android.aac.decoder#118:1D-Input.Impl[N]] codec released a buffer owned by client (index 1)
06-20 20:22:57.329 13883 14755 D AidlBufferPool: bufferpool2 0x767e4572c8 : 8(25165984 size) total buffers - 8(25165984 size) used buffers - 2/10 (recycle/alloc) - 8/1896 (fetch/transfer)
06-20 20:22:58.204 13883 13891 D CCodecBuffers: [c2.android.aac.decoder#118:1D-Input.Impl[N]] codec released a buffer owned by client (index 2)
06-20 20:22:59.460 13883 13883 I VRI[NekkiNativeActivity]@1d2240a: ViewPostIme pointer 0
06-20 20:22:59.917 13883 13883 I VRI[NekkiNativeActivity]@1d2240a: call setFrameRateCategory for touch hint category=no preference, reason=boost timeout, vri=VRI[NekkiNativeActivity]@1d2240a
06-20 20:23:00.065 13883 13883 I VRI[NekkiNativeActivity]@1d2240a: call setFrameRateCategory for touch hint category=high hint, reason=touch, vri=VRI[NekkiNativeActivity]@1d2240a
06-20 20:23:00.435 13883 13883 I VRI[NekkiNativeActivity]@1d2240a: ViewPostIme pointer 1
06-20 20:23:00.452 13883 14770 D AidlBufferPool: bufferpool2 0x767e41b318 : 4(2097232 size) total buffers - 4(2097232 size) used buffers - 1/6 (recycle/alloc) - 5/3703 (fetch/transfer)
06-20 20:23:00.493 13883 13981 I Unity   : [MANHDMLPKMH]; End loading bundles
06-20 20:23:00.632 13883 13883 I VRI[NekkiNativeActivity]@1d2240a: ViewPostIme pointer 0
06-20 20:23:00.926 13883 13981 I Unity   : [Client SFS.send] cmd:<b>log</b> type:sf3DTO.LogRequest session_request_id:43 extensible:
06-20 20:23:00.926 13883 13981 I Unity   : sf3DTO.LogRequest{
06-20 20:23:00.926 13883 13981 I Unity   :   "Events": [
06-20 20:23:00.926 13883 13981 I Unity   :     "{\"type\":\"BUNDLES_LOADED\",\"etype\":\"BUNDLE_EVENT\",\"cid\":6,\"pl\":1,\"cts\":1781967180611,\"plf\":\"Android\",\"v\":\"1.45.0.21\",\"fv\":\"1.45.0.21.16675-prod\",\"sid\":0,\"onl\":false,\"md\":\"VideoPlayer\",\"creg\":1781967055}"
06-20 20:23:00.926 13883 13981 I Unity   :   ]
06-20 20:23:00.926 13883 13981 I Unity   : }
06-20 20:23:00.959 13883 13981 I Unity   : [Server Response] cmd:<b>log</b> type:Google.Protobuf.WellKnownTypes.Empty session_request_id:43 extensible:
06-20 20:23:00.959 13883 13981 I Unity   : Google.Protobuf.WellKnownTypes.Empty{}
06-20 20:23:01.966 13883 13981 I Unity   : Frame:[7138], Type:[ListChange], Body:[Add  - TUTORIAL_INTRO_VIDEO_END], List:[5:SESSION_START_SPHINX,SESSION_CHECK_PENDING_QUICK_ACTIONS,SESSION_CHECK_RICH_NOTIFICATION_TRANSITION,SET_DOJO_1_1,NEW_PLAYERS_IN_NEW_LOBBY,]
06-20 20:23:01.967 13883 13883 I BLASTBufferQueue_Java: update, w= 1340 h= 800 mName = VRI[NekkiNativeActivity]@1d2240a mNativeObject= 0x778e245b50 sc.mNativeObject= 0x772e216310 format= -3 caller= android.view.ViewRootImpl.updateBlastSurfaceIfNeeded:3574 android.view.ViewRootImpl.relayoutWindow:11685 android.view.ViewRootImpl.performTraversals:4804 android.view.ViewRootImpl.doTraversal:3924 android.view.ViewRootImpl$TraversalRunnable.run:12903 android.view.Choreographer$CallbackRecord.run:1901 
06-20 20:23:01.967 13883 13883 I VRI[NekkiNativeActivity]@1d2240a: Relayout returned: old=(0,0,1340,800) new=(0,0,1340,800) relayoutAsync=true req=(1340,800)0 dur=3 res=0x0 s={true 0x775e256e60} ch=false seqId=0
06-20 20:23:01.969 13883 13883 I VRI[NekkiNativeActivity]@1d2240a: updateBoundsLayer: t=android.view.SurfaceControl$Transaction@2455a0a sc=Surface(name=Bounds for - com.nekki.shadowfight3/com.nekki.unityplugins.NekkiNativeActivity@0)/@0x6b2927b frame=11
06-20 20:23:01.971 13883 13883 I VRI[NekkiNativeActivity]@1d2240a: registerCallbackForPendingTransactions
06-20 20:23:01.972 13883 13981 I Unity   : Frame:[7138], Type:[ThrowEvent], Body:[Event: Type: VideoEnd | Data: [key:ClipName, value:video/intro/intro] 
06-20 20:23:01.972 13883 13981 I Unity   :  HasTrigger: True QueueCount: 6 - ], List:[6:SESSION_START_SPHINX,TUTORIAL_INTRO_VIDEO_END,SESSION_CHECK_PENDING_QUICK_ACTIONS,SESSION_CHECK_RICH_NOTIFICATION_TRANSITION,SET_DOJO_1_1,NEW_PLAYERS_IN_NEW_LOBBY,]
06-20 20:23:01.973 13883 13992 I VRI[NekkiNativeActivity]@1d2240a: mWNT: t=0x779e25ccd0 mBlastBufferQueue=0x778e245b50 fn= 11 HdrRenderState mRenderHdrSdrRatio=1.0 caller= android.view.ViewRootImpl$10.onFrameDraw:6536 android.view.ViewRootImpl$4.onFrameDraw:2489 android.view.ThreadedRenderer$1.onFrameDraw:718 
06-20 20:23:02.010 13883 13981 I Unity   : [MANHDMLPKMH]; Start Recompressing bundles
06-20 20:23:02.074 13883 14755 I CCodec  : [c2.mtk.avc.decoder] state->set(FLUSHING)
06-20 20:23:02.111 13883 14756 D PipelineWatcher: onWorkDone: frameIndex not found (18446744073709551615); ignored
06-20 20:23:02.111 13883 14756 D PipelineWatcher: onWorkDone: frameIndex not found (18446744073709551615); ignored
06-20 20:23:02.111 13883 14756 D PipelineWatcher: onWorkDone: frameIndex not found (18446744073709551615); ignored
06-20 20:23:02.111 13883 14756 D PipelineWatcher: onWorkDone: frameIndex not found (18446744073709551615); ignored
06-20 20:23:02.111 13883 14756 D PipelineWatcher: onWorkDone: frameIndex not found (18446744073709551615); ignored
06-20 20:23:02.111 13883 14756 I CCodec  : [c2.mtk.avc.decoder] state->set(FLUSHED)
06-20 20:23:02.111 13883 14755 I CCodec  : [c2.mtk.avc.decoder] state->set(RESUMING)
06-20 20:23:02.113 13883 14755 I CCodecConfig: query failed after returning 18 values (BAD_INDEX)
06-20 20:23:02.114 13883 14755 D CCodecConfig: c2 config diff is   c2::u32 coded.vui.color.matrix = 1
06-20 20:23:02.114 13883 14755 D CCodecConfig:   c2::u32 coded.vui.color.primaries = 1
06-20 20:23:02.114 13883 14755 D CCodecConfig:   c2::u32 coded.vui.color.range = 2
06-20 20:23:02.114 13883 14755 D CCodecConfig:   c2::u32 coded.vui.color.transfer = 3
06-20 20:23:02.115 13883 14755 I CCodecBufferChannel: [c2.mtk.avc.decoder#693] 8 initial input buffers available
06-20 20:23:02.116 13883 14755 I CCodec  : [c2.mtk.avc.decoder] state->set(RUNNING)
06-20 20:23:02.118 13883 14770 I CCodec  : [c2.android.aac.decoder] state->set(FLUSHING)
06-20 20:23:02.133 13883 14770 I CCodec  : [c2.android.aac.decoder] state->set(FLUSHED)
06-20 20:23:02.133 13883 14770 D CCodecBuffers: [c2.android.aac.decoder#118:1D-Output.Impl[N]] Client returned a buffer it does not own according to our record: 0
06-20 20:23:02.133 13883 14770 I CCodec  : [c2.android.aac.decoder] state->set(RESUMING)
06-20 20:23:02.134 13883 14770 I CCodecConfig: query failed after returning 21 values (BAD_INDEX)
06-20 20:23:02.134 13883 14770 I CCodecBufferChannel: [c2.android.aac.decoder#118] 4 initial input buffers available
06-20 20:23:02.134 13883 14770 I CCodec  : [c2.android.aac.decoder] state->set(RUNNING)
06-20 20:23:02.135 13883 14770 I CCodec  : [c2.android.aac.decoder] state->set(STOPPING)
06-20 20:23:02.135 13883 14770 D CCodecBufferChannel: [c2.android.aac.decoder#118] MediaCodec discarded an unknown buffer
06-20 20:23:02.135 13883 14770 D CCodecBufferChannel: [c2.android.aac.decoder#118] MediaCodec discarded an unknown buffer
06-20 20:23:02.135 13883 14770 D CCodecBufferChannel: [c2.android.aac.decoder#118] MediaCodec discarded an unknown buffer
06-20 20:23:02.135 13883 14770 D CCodecBufferChannel: [c2.android.aac.decoder#118] MediaCodec discarded an unknown buffer
06-20 20:23:02.135 13883 14770 I CCodec  : [stop][3271] component -> surface
06-20 20:23:02.137 13883 14770 I CCodec  : [c2.android.aac.decoder] state->set(ALLOCATED)
06-20 20:23:02.147 13883 14770 I CCodec  : [c2.android.aac.decoder] state->set(RELEASING)
06-20 20:23:02.149 13883 15352 I CCodec  : [release][3405] component -> surface
06-20 20:23:02.150 13883 15352 I CCodec  : [c2.android.aac.decoder] state->set(RELEASED)
06-20 20:23:02.150 13883 14770 I Codec2Client: Component destructing
06-20 20:23:02.160 13883 14770 I MediaCodec: Codec shutdown complete
06-20 20:23:02.165 13883 14770 I CCodecBufferChannel: CCodecBufferChannel destructing c2.android.aac.decoder#118
06-20 20:23:02.186 13883 14163 D MediaCodecList: codecHandlesFormat: no format, so no extra checks
06-20 20:23:02.229 13883 15353 I CCodec  : state->set(ALLOCATING)
06-20 20:23:02.229 13883 15353 I CCodec  : allocate(c2.android.aac.decoder)
06-20 20:23:02.229 13883 15353 D CCodec  : allocate(c2.android.aac.decoder)
06-20 20:23:02.230 13883 15353 I CCodec  : setting up 'default' as default (vendor) store
06-20 20:23:02.242 13883 14752 D AidlBufferPool: bufferpool2 0x767e3bb5e8 : 0(0 size) total buffers - 0(0 size) used buffers - 1/6 (recycle/alloc) - 5/8 (fetch/transfer)
06-20 20:23:02.242 13883 14752 D AidlBufferPool: Destruction - bufferpool2 0x767e3bb5e8 cached: 0/0M, 0/0% in use; allocs: 6, 17% recycled; transfers: 8, 38% unfetched
06-20 20:23:02.243 13883 15353 W jun.blackbox:p0: AIBinder_linkToDeath is being called with a non-null cookie and no onUnlink callback set. This might not be intended. AIBinder_DeathRecipient_setOnUnlinked should be called first.
06-20 20:23:02.243 13883 15353 I CCodec  : Created component [c2.android.aac.decoder] for [c2.android.aac.decoder]
06-20 20:23:02.243 13883 15353 I CCodec  : [c2.android.aac.decoder] state->set(ALLOCATED)
06-20 20:23:02.244 13883 15353 D CCodecConfig: read media type: audio/mp4a-latm
06-20 20:23:02.252 13883 15353 D ReflectedParamUpdater: extent() != 1 for single value type: algo.buffers.max-count.values
06-20 20:23:02.253 13883 15353 D ReflectedParamUpdater: extent() != 1 for single value type: output.subscribed-indices.values
06-20 20:23:02.253 13883 15353 D ReflectedParamUpdater: extent() != 1 for single value type: input.buffers.allocator-ids.values
06-20 20:23:02.253 13883 15353 D ReflectedParamUpdater: extent() != 1 for single value type: output.buffers.allocator-ids.values
06-20 20:23:02.253 13883 15353 D ReflectedParamUpdater: extent() != 1 for single value type: algo.buffers.allocator-ids.values
06-20 20:23:02.253 13883 15353 D ReflectedParamUpdater: extent() != 1 for single value type: output.buffers.pool-ids.values
06-20 20:23:02.253 13883 15353 D ReflectedParamUpdater: extent() != 1 for single value type: algo.buffers.pool-ids.values
06-20 20:23:02.258 13883 15353 I CCodec  : [c2.android.aac.decoder] config->initialize() : 0
06-20 20:23:02.260 13883 15353 I CCodecConfig: query failed after returning 21 values (BAD_INDEX)
06-20 20:23:02.260 13883 15353 D CCodecConfig: c2 config diff is Dict {
06-20 20:23:02.260 13883 15353 D CCodecConfig:   c2::u32 coded.aac-packaging.value = 0
06-20 20:23:02.260 13883 15353 D CCodecConfig:   c2::u32 coded.bitrate.value = 64000
06-20 20:23:02.260 13883 15353 D CCodecConfig:   c2::u32 coded.pl.level = 0
06-20 20:23:02.260 13883 15353 D CCodecConfig:   c2::u32 coded.pl.profile = 8192
06-20 20:23:02.260 13883 15353 D CCodecConfig:   c2::i32 coding.drc.album-mode.value = 0
06-20 20:23:02.260 13883 15353 D CCodecConfig:   c2::float coding.drc.attenuation-factor.value = 1
06-20 20:23:02.260 13883 15353 D CCodecConfig:   c2::float coding.drc.boost-factor.value = 1
06-20 20:23:02.260 13883 15353 D CCodecConfig:   c2::i32 coding.drc.compression-mode.value = 3
06-20 20:23:02.260 13883 15353 D CCodecConfig:   c2::i32 coding.drc.effect-type.value = 3
06-20 20:23:02.260 13883 15353 D CCodecConfig:   c2::float coding.drc.encoded-level.value = 0.25
06-20 20:23:02.260 13883 15353 D CCodecConfig:   c2::float coding.drc.reference-level.value = -16
06-20 20:23:02.260 13883 15353 D CCodecConfig:   c2::u32 input.buffers.max-size.value = 8192
06-20 20:23:02.260 13883 15353 D CCodecConfig:   c2::u32 input.delay.value = 0
06-20 20:23:02.260 13883 15353 D CCodecConfig:   string input.media-type.value = "audio/mp4a-latm"
06-20 20:23:02.260 13883 15353 D CCodecConfig:   c2::u32 output.delay.value = 2
06-20 20:23:02.260 13883 15353 D CCodecConfig:   c2::float output.drc.output-loudness.value = 0.25
06-20 20:23:02.260 13883 15353 D CCodecConfig:   c2::u32 output.large-frame.max-size = 0
06-20 20:23:02.260 13883 15353 D CCodecConfig:   c2::u32 output.large-frame.threshold-size = 0
06-20 20:23:02.260 13883 15353 D CCodecConfig:   string output.media-type.value = "audio/raw"
06-20 20:23:02.260 13883 15353 D CCodecConfig:   c2::u32 raw.channel-count.value = 1
06-20 20:23:02.260 13883 15353 D CCodecConfig:   c2::u32 raw.channel-mask.value = 0
06-20 20:23:02.260 13883 15353 D CCodecConfig:   c2::u32 raw.max-channel-count.value = 8
06-20 20:23:02.260 13883 15353 D CCodecConfig:   c2::u32 raw.sample-rate.value = 44100
06-20 20:23:02.260 13883 15353 D CCodecConfig: }
06-20 20:23:02.260 13883 15353 I CCodec  : [c2.android.aac.decoder] config->queryConfiguration()
06-20 20:23:02.260 13883 15353 I CCodec  : [c2.android.aac.decoder] mCallback->onComponentAllocated() IN
06-20 20:23:02.260 13883 15353 I CCodec  : [c2.android.aac.decoder] mCallback->onComponentAllocated() OUT
06-20 20:23:02.266 13883 14163 E MediaCodec: Media Quality Service not found.
06-20 20:23:02.266 13883 15353 D CCodec  : [c2.android.aac.decoder] buffers are bound to CCodec for this session
06-20 20:23:02.266 13883 15353 I CCodec  : appPid(13883) width(0) height(0)
06-20 20:23:02.266 13883 15353 D CCodecConfig: no c2 equivalents for durationUs
06-20 20:23:02.266 13883 15353 D CCodecConfig: no c2 equivalents for frame-count
06-20 20:23:02.266 13883 15353 D CCodecConfig: no c2 equivalents for track-id
06-20 20:23:02.266 13883 15353 D CCodecConfig: no c2 equivalents for track-fourcc
06-20 20:23:02.266 13883 15353 D CCodecConfig: no c2 equivalents for bits-per-sample
06-20 20:23:02.266 13883 15353 D CCodecConfig: no c2 equivalents for language
06-20 20:23:02.266 13883 15353 D CCodecConfig: no c2 equivalents for flags
06-20 20:23:02.267 13883 15353 D CCodecConfig: c2 config diff is   c2::u32 coded.bitrate.value = 125410
06-20 20:23:02.267 13883 15353 D CCodecConfig:   c2::u32 raw.channel-count.value = 2
06-20 20:23:02.267 13883 15353 D CCodecConfig:   c2::u32 raw.sample-rate.value = 48000
06-20 20:23:02.268 13883 15353 D CCodec  : encoding statistics level = 0
06-20 20:23:02.268 13883 15353 D CCodec  : setup formats input: AMessage(what = 0x00000000) = {
06-20 20:23:02.268 13883 15353 D CCodec  :   int32_t aac-drc-album-mode = 0
06-20 20:23:02.268 13883 15353 D CCodec  :   int32_t aac-drc-boost-level = 127
06-20 20:23:02.268 13883 15353 D CCodec  :   int32_t aac-drc-cut-level = 127
06-20 20:23:02.268 13883 15353 D CCodec  :   int32_t aac-drc-effect-type = 3
06-20 20:23:02.268 13883 15353 D CCodec  :   int32_t aac-encoded-target-level = -1
06-20 20:23:02.268 13883 15353 D CCodec  :   int32_t aac-max-output-channel_count = 8
06-20 20:23:02.268 13883 15353 D CCodec  :   int32_t aac-target-ref-level = 64
06-20 20:23:02.268 13883 15353 D CCodec  :   int32_t bitrate = 125410
06-20 20:23:02.268 13883 15353 D CCodec  :   int32_t channel-count = 2
06-20 20:23:02.268 13883 15353 D CCodec  :   int32_t channel-mask = 0
06-20 20:23:02.268 13883 15353 D CCodec  :   int32_t level = 0
06-20 20:23:02.268 13883 15353 D CCodec  :   int32_t max-input-size = 524308
06-20 20:23:02.268 13883 15353 D CCodec  :   int32_t max-output-channel-count = 8
06-20 20:23:02.268 13883 15353 D CCodec  :   string mime = "audio/mp4a-latm"
06-20 20:23:02.268 13883 15353 D CCodec  :   int32_t profile = 2
06-20 20:23:02.268 13883 15353 D CCodec  :   int32_t sample-rate = 48000
06-20 20:23:02.268 13883 15353 D CCodec  : }
06-20 20:23:02.268 13883 15353 D CCodec  : setup formats output: AMessage(what = 0x00000000) = {
06-20 20:23:02.268 13883 15353 D CCodec  :   int32_t aac-drc-album-mode = 0
06-20 20:23:02.268 13883 15353 D CCodec  :   int32_t aac-drc-boost-level = 127
06-20 20:23:02.268 13883 15353 D CCodec  :   int32_t aac-drc-cut-level = 127
06-20 20:23:02.268 13883 15353 D CCodec  :   int32_t aac-drc-effect-type = 3
06-20 20:23:02.268 13883 15353 D CCodec  :   int32_t aac-drc-output-loudness = -1
06-20 20:23:02.268 13883 15353 D CCodec  :   int32_t aac-encoded-target-level = -1
06-20 20:23:02.268 13883 15353 D CCodec  :   int32_t aac-max-output-channel_count = 8
06-20 20:23:02.268 13883 15353 D CCodec  :   int32_t aac-target-ref-level = 64
06-20 20:23:02.268 13883 15353 D CCodec  :   int32_t buffer-batch-max-output-size = 0
06-20 20:23:02.268 13883 15353 D CCodec  :   int32_t buffer-batch-threshold-output-size = 0
06-20 20:23:02.268 13883 15353 D CCodec  :   int32_t channel-count = 2
06-20 20:23:02.268 13883 15353 D CCodec  :   int32_t channel-mask = 0
06-20 20:23:02.268 13883 15353 D CCodec  :   int32_t max-output-channel-count = 8
06-20 20:23:02.268 13883 15353 D CCodec  :   string mime = "audio/raw"
06-20 20:23:02.268 13883 15353 D CCodec  :   int32_t sample-rate = 48000
06-20 20:23:02.268 13883 15353 D CCodec  :   int32_t android._config-pcm-encoding = 2
06-20 20:23:02.268 13883 15353 D CCodec  : }
06-20 20:23:02.269 13883 15353 I CCodecConfig: query failed after returning 21 values (BAD_INDEX)
06-20 20:23:02.269 13883 15353 E jun.blackbox:p0: Failed to query component interface for required system resources: 6
06-20 20:23:02.272 13883 15353 I CCodec  : [c2.android.aac.decoder] state->set(STARTING)
06-20 20:23:02.276 13883 15353 D CCodecBufferChannel: [c2.android.aac.decoder#12] Created input block pool with allocatorID 16 => poolID 21 - OK (0)
06-20 20:23:02.279 13883 15353 I CCodecBufferChannel: [c2.android.aac.decoder#12] Created output block pool with allocatorID 16 => poolID 615 - OK
06-20 20:23:02.279 13883 15353 D CCodecBufferChannel: [c2.android.aac.decoder#12] Configured output block pool ids 615 => OK
06-20 20:23:02.283 13883 15353 I CCodec  : [c2.android.aac.decoder] state->set(RUNNING)
06-20 20:23:02.284 13883 15353 I CCodecBufferChannel: [c2.android.aac.decoder#12] 4 initial input buffers available
06-20 20:23:02.288 13883 15353 W jun.blackbox:p0: AIBinder_linkToDeath is being called with a non-null cookie and no onUnlink callback set. This might not be intended. AIBinder_DeathRecipient_setOnUnlinked should be called first.
06-20 20:23:02.308 13883 14756 D CCodecBufferChannel: [c2.mtk.avc.decoder#693] Discard frames from previous generation.
06-20 20:23:02.308 13883 14756 I CCodecBufferChannel: [c2.mtk.avc.decoder#693] updating max output delay 20
06-20 20:23:02.308 13883 14756 D GraphicsTracker: maxDequeueCount is already 20
06-20 20:23:02.317 13883 15353 D CCodecConfig: c2 config diff is   c2::u32 raw.channel-mask.value = 12
06-20 20:23:02.318 13883 15353 D CCodecBuffers: [c2.android.aac.decoder#12:Output[N]] popFromStashAndRegister: at 0us, output format changed to AMessage(what = 0x00000000) = {
06-20 20:23:02.318 13883 15353 D CCodecBuffers:   int32_t aac-drc-album-mode = 0
06-20 20:23:02.318 13883 15353 D CCodecBuffers:   int32_t aac-drc-boost-level = 127
06-20 20:23:02.318 13883 15353 D CCodecBuffers:   int32_t aac-drc-cut-level = 127
06-20 20:23:02.318 13883 15353 D CCodecBuffers:   int32_t aac-drc-effect-type = 3
06-20 20:23:02.318 13883 15353 D CCodecBuffers:   int32_t aac-drc-output-loudness = -1
06-20 20:23:02.318 13883 15353 D CCodecBuffers:   int32_t aac-encoded-target-level = -1
06-20 20:23:02.318 13883 15353 D CCodecBuffers:   int32_t aac-max-output-channel_count = 8
06-20 20:23:02.318 13883 15353 D CCodecBuffers:   int32_t aac-target-ref-level = 64
06-20 20:23:02.318 13883 15353 D CCodecBuffers:   int32_t buffer-batch-max-output-size = 0
06-20 20:23:02.318 13883 15353 D CCodecBuffers:   int32_t buffer-batch-threshold-output-size = 0
06-20 20:23:02.318 13883 15353 D CCodecBuffers:   int32_t channel-count = 2
06-20 20:23:02.318 13883 15353 D CCodecBuffers:   int32_t channel-mask = 12
06-20 20:23:02.318 13883 15353 D CCodecBuffers:   int32_t max-output-channel-count = 8
06-20 20:23:02.318 13883 15353 D CCodecBuffers:   string mime = "audio/raw"
06-20 20:23:02.318 13883 15353 D CCodecBuffers:   int32_t sample-rate = 48000
06-20 20:23:02.318 13883 15353 D CCodecBuffers:   int32_t android._config-pcm-encoding = 2
06-20 20:23:02.318 13883 15353 D CCodecBuffers: }
06-20 20:23:02.319 13883 13891 D CCodecBufferChannel: [c2.mtk.avc.decoder#693] Ignoring stale input buffer done callback: last flush index = 2012, frameIndex = 2012
06-20 20:23:02.368 13883 13883 I VRI[NekkiNativeActivity]@1d2240a: ViewPostIme pointer 1
06-20 20:23:02.962 13883 13883 I ImeFocusController: onPreWindowFocus: skipped hasWindowFocus=false mHasImeFocus=true
06-20 20:23:02.962 13883 13883 I ImeFocusController: onPostWindowFocus: skipped hasWindowFocus=false mHasImeFocus=true
06-20 20:23:03.001 13883 13883 D InputTransport: Input channel destroyed: 'ClientS', fd=508
06-20 20:23:03.469 13883 14755 I MediaCodec: setCodecState state(0), called in 6, domain 1, 1
06-20 20:23:05.368 13883 13883 I VRI[NekkiNativeActivity]@1d2240a: call setFrameRateCategory for touch hint category=no preference, reason=boost timeout, vri=VRI[NekkiNativeActivity]@1d2240a
06-20 20:23:07.165 13883 14733 D AidlBufferPool: bufferpool2 0x767e41b318 : 0(0 size) total buffers - 0(0 size) used buffers - 1/6 (recycle/alloc) - 5/3779 (fetch/transfer)
06-20 20:23:07.165 13883 14733 D AidlBufferPoolAcc: evictor expired: 1, evicted: 1
06-20 20:23:07.402 13883 13887 I jun.blackbox:p0: Background concurrent mark compact GC freed 6820KB AllocSpace bytes, 0(0B) LOS objects, 49% free, 6750KB/13MB, paused 1.859ms,4.246ms total 106.939ms
06-20 20:23:07.938 13883 13981 I Unity   : [Client SFS.send] cmd:<b>log</b> type:sf3DTO.LogRequest session_request_id:46 extensible:
06-20 20:23:07.938 13883 13981 I Unity   : sf3DTO.LogRequest{
06-20 20:23:07.938 13883 13981 I Unity   :   "Events": [
06-20 20:23:07.938 13883 13981 I Unity   :     "{\"type\":\"START_EXTRACT_BUNDLES\",\"etype\":\"BUNDLE_EVENT\",\"cid\":7,\"pl\":1,\"cts\":1781967182126,\"plf\":\"Android\",\"v\":\"1.45.0.21\",\"fv\":\"1.45.0.21.16675-prod\",\"sid\":0,\"onl\":false,\"md\":\"VideoPlayer\",\"creg\":1781967055}"
06-20 20:23:07.938 13883 13981 I Unity   :   ]
06-20 20:23:07.938 13883 13981 I Unity   : }
06-20 20:23:07.989 13883 13981 I Unity   : [Server Response] cmd:<b>log</b> type:Google.Protobuf.WellKnownTypes.Empty session_request_id:46 extensible:
06-20 20:23:07.989 13883 13981 I Unity   : Google.Protobuf.WellKnownTypes.Empty{}
06-20 20:23:08.165 13883 14733 D AidlBufferPool: bufferpool2 0x767e3bb5e8 : 5(2621540 size) total buffers - 4(2097232 size) used buffers - 1/6 (recycle/alloc) - 5/62 (fetch/transfer)
06-20 20:23:08.165 13883 14733 D AidlBufferPoolAcc: evictor expired: 2, evicted: 1
06-20 20:23:13.477 13883 13887 I jun.blackbox:p0: Background concurrent mark compact GC freed 6248KB AllocSpace bytes, 0(0B) LOS objects, 49% free, 6874KB/13MB, paused 2.673ms,4.274ms total 116.548ms
06-20 20:23:17.362 13883 13883 D CrashMonitor: Performing periodic health check...
06-20 20:23:17.362 13883 13883 W CrashMonitor: High thread count detected: 137
06-20 20:23:17.362 13883 13883 D CrashMonitor: Health check completed - Memory: 4.9%, Threads: 137
06-20 20:23:20.737 13883 13883 D VRI[NekkiNativeActivity]@1d2240a: mThreadedRenderer.initializeIfNeeded()#2 mSurface={isValid=true 0x775e256e60}
06-20 20:23:20.737 13883 13883 D InputMethodManagerUtils: startInputInner - Id : 0
06-20 20:23:20.738 13883 13883 I InputMethodManager: startInputInner - IInputMethodManagerGlobalInvoker.startInputOrWindowGainedFocus
06-20 20:23:20.745 13883 13883 I InputMethodManager: handleMessage: setImeVisibility visible=false
06-20 20:23:20.745 13883 13883 D InsetsController: hide(ime(), fromIme=false)
06-20 20:23:20.745 13883 13883 I ImeTracker: top.niunaijun.blackbox:c717010a: onCancelled at PHASE_CLIENT_ALREADY_HIDDEN
06-20 20:23:20.750 13883 13892 D InputTransport: Input channel constructed: 'ClientS', fd=283
06-20 20:23:28.097 13883 13981 I Unity   : [MANHDMLPKMH]; End extracting bundles
06-20 20:23:28.489 13883 13981 I Unity   : Warmed up shaders from variant collection of a bundle (shader_bundle). Shaders: 0| Variants: 0
06-20 20:23:28.496 13883 13981 I Unity   : Frame:[8665], Type:[CloseAction], Body:[TUTORIAL_INTRO_VIDEO_BUNDLES_BACKGROUND_DOWNLOAD_IMMEDIATELY - DownloadBundlesInBackground], List:[6:SESSION_START_SPHINX,TUTORIAL_INTRO_VIDEO_END,SESSION_CHECK_PENDING_QUICK_ACTIONS,SESSION_CHECK_RICH_NOTIFICATION_TRANSITION,SET_DOJO_1_1,NEW_PLAYERS_IN_NEW_LOBBY,]
06-20 20:23:28.497 13883 13981 I Unity   : Frame:[8665], Type:[ListChange], Body:[Remove  - SESSION_START_SPHINX], List:[6:SESSION_START_SPHINX,TUTORIAL_INTRO_VIDEO_END,SESSION_CHECK_PENDING_QUICK_ACTIONS,SESSION_CHECK_RICH_NOTIFICATION_TRANSITION,SET_DOJO_1_1,NEW_PLAYERS_IN_NEW_LOBBY,]
06-20 20:23:28.497 13883 13981 I Unity   : Frame:[8665], Type:[RunAction], Body:[SESSION_START_SPHINX - Sphinx], List:[5:TUTORIAL_INTRO_VIDEO_END,SESSION_CHECK_PENDING_QUICK_ACTIONS,SESSION_CHECK_RICH_NOTIFICATION_TRANSITION,SET_DOJO_1_1,NEW_PLAYERS_IN_NEW_LOBBY,]
06-20 20:23:28.497 13883 13981 I Unity   : Frame:[8665], Type:[CloseAction], Body:[SESSION_START_SPHINX - Sphinx], List:[5:TUTORIAL_INTRO_VIDEO_END,SESSION_CHECK_PENDING_QUICK_ACTIONS,SESSION_CHECK_RICH_NOTIFICATION_TRANSITION,SET_DOJO_1_1,NEW_PLAYERS_IN_NEW_LOBBY,]
06-20 20:23:28.498 13883 13981 I Unity   : Frame:[8665], Type:[ListChange], Body:[Remove  - TUTORIAL_INTRO_VIDEO_END], List:[5:TUTORIAL_INTRO_VIDEO_END,SESSION_CHECK_PENDING_QUICK_ACTIONS,SESSION_CHECK_RICH_NOTIFICATION_TRANSITION,SET_DOJO_1_1,NEW_PLAYERS_IN_NEW_LOBBY,]
06-20 20:23:28.498 13883 13981 I Unity   : Frame:[8665], Type:[RunAction], Body:[TUTORIAL_INTRO_VIDEO_END - SetUserVariable], List:[4:SESSION_CHECK_PENDING_QUICK_ACTIONS,SESSION_CHECK_RICH_NOTIFICATION_TRANSITION,SET_DOJO_1_1,NEW_PLAYERS_IN_NEW_LOBBY,]
06-20 20:23:28.499 13883 13981 I Unity   : Frame:[8665], Type:[CloseAction], Body:[TUTORIAL_INTRO_VIDEO_END - SetUserVariable], List:[4:SESSION_CHECK_PENDING_QUICK_ACTIONS,SESSION_CHECK_RICH_NOTIFICATION_TRANSITION,SET_DOJO_1_1,NEW_PLAYERS_IN_NEW_LOBBY,]
06-20 20:23:28.499 13883 13981 I Unity   : Frame:[8665], Type:[RunAction], Body:[TUTORIAL_INTRO_VIDEO_END - SetUserVariable], List:[4:SESSION_CHECK_PENDING_QUICK_ACTIONS,SESSION_CHECK_RICH_NOTIFICATION_TRANSITION,SET_DOJO_1_1,NEW_PLAYERS_IN_NEW_LOBBY,]
06-20 20:23:28.499 13883 13981 I Unity   : Frame:[8665], Type:[CloseAction], Body:[TUTORIAL_INTRO_VIDEO_END - SetUserVariable], List:[4:SESSION_CHECK_PENDING_QUICK_ACTIONS,SESSION_CHECK_RICH_NOTIFICATION_TRANSITION,SET_DOJO_1_1,NEW_PLAYERS_IN_NEW_LOBBY,]
06-20 20:23:28.500 13883 13981 I Unity   : Frame:[8665], Type:[RunAction], Body:[TUTORIAL_INTRO_VIDEO_END - SetRestartProhibited], List:[4:SESSION_CHECK_PENDING_QUICK_ACTIONS,SESSION_CHECK_RICH_NOTIFICATION_TRANSITION,SET_DOJO_1_1,NEW_PLAYERS_IN_NEW_LOBBY,]
06-20 20:23:28.500 13883 13981 I Unity   : Remove restart blocker. Current blockers count: [1]
06-20 20:23:28.501 13883 13981 I Unity   : Frame:[8665], Type:[CloseAction], Body:[TUTORIAL_INTRO_VIDEO_END - SetRestartProhibited], List:[4:SESSION_CHECK_PENDING_QUICK_ACTIONS,SESSION_CHECK_RICH_NOTIFICATION_TRANSITION,SET_DOJO_1_1,NEW_PLAYERS_IN_NEW_LOBBY,]
06-20 20:23:28.501 13883 13981 I Unity   : Frame:[8665], Type:[ListChange], Body:[Remove  - SESSION_CHECK_PENDING_QUICK_ACTIONS], List:[4:SESSION_CHECK_PENDING_QUICK_ACTIONS,SESSION_CHECK_RICH_NOTIFICATION_TRANSITION,SET_DOJO_1_1,NEW_PLAYERS_IN_NEW_LOBBY,]
06-20 20:23:28.501 13883 13981 I Unity   : Frame:[8665], Type:[RunAction], Body:[SESSION_CHECK_PENDING_QUICK_ACTIONS - InitQuickActionsHandler], List:[3:SESSION_CHECK_RICH_NOTIFICATION_TRANSITION,SET_DOJO_1_1,NEW_PLAYERS_IN_NEW_LOBBY,]
06-20 20:23:28.502 13883 13981 I Unity   : Frame:[8665], Type:[CloseAction], Body:[SESSION_CHECK_PENDING_QUICK_ACTIONS - InitQuickActionsHandler], List:[3:SESSION_CHECK_RICH_NOTIFICATION_TRANSITION,SET_DOJO_1_1,NEW_PLAYERS_IN_NEW_LOBBY,]
06-20 20:23:28.502 13883 13981 I Unity   : Frame:[8665], Type:[ListChange], Body:[Remove  - SESSION_CHECK_RICH_NOTIFICATION_TRANSITION], List:[3:SESSION_CHECK_RICH_NOTIFICATION_TRANSITION,SET_DOJO_1_1,NEW_PLAYERS_IN_NEW_LOBBY,]
06-20 20:23:28.503 13883 13981 I Unity   : Frame:[8665], Type:[RunAction], Body:[SESSION_CHECK_RICH_NOTIFICATION_TRANSITION - InitRichNotificationsHandler], List:[2:SET_DOJO_1_1,NEW_PLAYERS_IN_NEW_LOBBY,]
06-20 20:23:28.503 13883 13981 I Unity   : Frame:[8665], Type:[CloseAction], Body:[SESSION_CHECK_RICH_NOTIFICATION_TRANSITION - InitRichNotificationsHandler], List:[2:SET_DOJO_1_1,NEW_PLAYERS_IN_NEW_LOBBY,]
06-20 20:23:28.503 13883 13981 I Unity   : Frame:[8665], Type:[ListChange], Body:[Remove  - SET_DOJO_1_1], List:[2:SET_DOJO_1_1,NEW_PLAYERS_IN_NEW_LOBBY,]
06-20 20:23:28.504 13883 13981 I Unity   : Frame:[8665], Type:[RunAction], Body:[SET_DOJO_1_1 - SetDojo], List:[1:NEW_PLAYERS_IN_NEW_LOBBY,]
06-20 20:23:28.504 13883 13981 I Unity   : Frame:[8665], Type:[CloseAction], Body:[SET_DOJO_1_1 - SetDojo], List:[1:NEW_PLAYERS_IN_NEW_LOBBY,]
06-20 20:23:28.505 13883 13981 I Unity   : Frame:[8665], Type:[ListChange], Body:[Remove  - NEW_PLAYERS_IN_NEW_LOBBY], List:[1:NEW_PLAYERS_IN_NEW_LOBBY,]
06-20 20:23:28.505 13883 13981 I Unity   : Frame:[8665], Type:[RunAction], Body:[NEW_PLAYERS_IN_NEW_LOBBY - SetUserVariable], List:[0:]
06-20 20:23:28.506 13883 13981 I Unity   : Frame:[8665], Type:[CloseAction], Body:[NEW_PLAYERS_IN_NEW_LOBBY - SetUserVariable], List:[0:]
06-20 20:23:28.520 13883 13981 I Unity   : [LoadingBlocker]; Start blocking layer: blocker priority: Preloader, blocker delay: 0.5
06-20 20:23:28.521 13883 13981 I Unity   : [BDINJAALCJK]; Input is blocked manual: 2
06-20 20:23:28.577 13883 13981 I Unity   : [Client SFS.send] cmd:<b>create_player</b> type:sf3DTO.CreatePlayerRequest session_request_id:53 extensible:
06-20 20:23:28.577 13883 13981 I Unity   : sf3DTO.CreatePlayerRequest{
06-20 20:23:28.577 13883 13981 I Unity   :   "DisplayName": "677HB",
06-20 20:23:28.577 13883 13981 I Unity   :   "Appearance": {
06-20 20:23:28.577 13883 13981 I Unity   :     "Gender": 1,
06-20 20:23:28.577 13883 13981 I Unity   :     "HeadId": 2,
06-20 20:23:28.577 13883 13981 I Unity   :     "HairColor": {
06-20 20:23:28.577 13883 13981 I Unity   :       "ColorId": 33,
06-20 20:23:28.577 13883 13981 I Unity   :       "Value": 0.05
06-20 20:23:28.577 13883 13981 I Unity   :     },
06-20 20:23:28.577 13883 13981 I Unity   :     "SkinColor": {
06-20 20:23:28.577 13883 13981 I Unity   :       "ColorId": 1,
06-20 20:23:28.577 13883 13981 I Unity   :       "Value": 0.15
06-20 20:23:28.577 13883 13981 I Unity   :     },
06-20 20:23:28.577 13883 13981 I Unity   :     "HairId": 7
06-20 20:23:28.577 13883 13981 I Unity   :   },
06-20 20:23:28.577 13883 13981 I Unity   :   "Version": "1.45.0.21.16675-prod",
06-20 20:23:28.577 13883 13981 I Unity   :   "Vars": [
06-20 20:23:28.577 13883 13981 I Unity   :     {
06-20 20:23:28.577 13883 13981 I Unity   :       "Key": "dojo",
06-20 20:23:28.577 13883 13981 I Unity   :       "Val": "1.1"
06-20 20:23:28.577 13883 13981 I Unity   :     },
06-20 20:23:28.577 13883 13981 I Unity   :     {
06-20 20:23:28.577 13883 13981 I Unity   :       "Key": "CREG",
06-20 20:23:28.577 13883 13981 I Unity   :       "Val": "1781967055"
06-20 20:23:28.577 13883 13981 I Unity   :     }
06-20 20:23:28.577 13883 13981 I Unity   :   ],
06-20 20:23:28.577 13883 13981 I Unity   :   "Hashes": {
06-20 20:23:28.577 13883 13981 I Unity   :     "sum": "84711C99657731C51405C71DF49D5D0F0E584F09"
06-20 20:23:28.577 13883 13981 I Unity   :   },
06-20 20:23:28.577 13883 13981 I Unity   :   "AppVersion": "1.45.2"
06-20 20:23:28.577 13883 13981 I Unity   : }
06-20 20:23:29.316 13883 13981 I Unity   : [Server Response] cmd:<b>create_player</b> type:sf3DTO.ExtendedPlayer session_request_id:53 extensible:
06-20 20:23:29.316 13883 13981 I Unity   : sf3DTO.ExtendedPlayer{
06-20 20:23:29.316 13883 13981 I Unity   :   "PrimaryPlayer": {
06-20 20:23:29.316 13883 13981 I Unity   :     "ShortPlayer": {
06-20 20:23:29.316 13883 13981 I Unity   :       "PlayerId": 70007229,
06-20 20:23:29.316 13883 13981 I Unity   :       "Nickname": "677HB#70007229",
06-20 20:23:29.316 13883 13981 I Unity   :       "DisplayName": "677HB",
06-20 20:23:29.316 13883 13981 I Unity   :       "Level": 1
06-20 20:23:29.316 13883 13981 I Unity   :     },
06-20 20:23:29.316 13883 13981 I Unity   :     "Permissions": 0,
06-20 20:23:29.316 13883 13981 I Unity   :     "Experience": 0,
06-20 20:23:29.316 13883 13981 I Unity   :     "Currencies": [
06-20 20:23:29.316 13883 13981 I Unity   :       {
06-20 20:23:29.316 13883 13981 I Unity   :         "CurrencyId": 2,
06-20 20:23:29.316 13883 13981 I Unity   :         "Value": 100,
06-20 20:23:29.316 13883 13981 I Unity   :         "EventId": 0
06-20 20:23:29.316 13883 13981 I Unity   :       },
06-20 20:23:29.316 13883 13981 I Unity   :       {
06-20 20:23:29.316 13883 13981 I Unity   :         "CurrencyId": 5,
06-20 20:23:29.316 13883 13981 I Unity   :         "Value": 28,
06-20 20:23:29.316 13883 13981 I Unity   :         "EventId": 0
06-20 20:23:29.316 13883 13981 I Unity   :       },
06-20 20:23:29.316 13883 13981 I Unity   :       {
06-20 20:23:29.316 13883 13981 I Unity   :         "CurrencyId": 3,
06-20 20:23:29.316 13883 13981 I Unity   :         "Value": 149,
06-20 20:23:29.316 13883 13981 I Unity   :         "EventId": 0
06-20 20:23:29.316 13883 13981 I Unity   :       },
06-20 20:23:29.316 13883 13981 I Unity   :       {
06-20 20:23:29.316 13883 13981 I Unity   :         "CurrencyId": 1,
06-20 20:23:29.316 13883 13981 I Unity   :         "Value": 350,
06-20 20:23:29.316 13883 13981 I Unity   :         "EventId": 0
06-20 20:23:29.316 13883 13981 I Unity   :       }
06-20 20:23:29.316 13883 13981 I Unity   :     ],
06-20 20:23:29.316 13883 13981 I Unity   :     "Appearance": {
06-20 20:23:29.316 13883 13981 I Unity   :       "Gender": 1,
06-20 20:23:29.316 13883 13981 I Unity   :       "HeadId": 2,
06-20 20:23:29.316 13883 13981 I Unity   :       "HairColor": {
06-20 20:23:29.316 13883 13981 I Unity   :         "ColorId": 33,
06-20 20:23:29.316 13883 13981 I Unity   :         "Value": 0.05
06-20 20:23:29.316 13883 13981 I Unity   :       },
06-20 20:23:29.316 13883 13981 I Unity   :       "SkinColor": {
06-20 20:23:29.316 13883 13981 I Unity   :         "ColorId": 1,
06-20 20:23:29.316 13883 13981 I Unity   :         "Value": 0.15
06-20 20:23:29.316 13883 13981 I Unity   :       },
06-20 20:23:29.316 13883 13981 I Unity   :       "HairId": 7
06-20 20:23:29.316 13883 13981 I Unity   :     },
06-20 20:23:29.316 13883 13981 I Unity   :     "Inventory": {
06-20 20:23:29.316 13883 13981 I Unity   :       "Items": [
06-20 20:23:29.316 13883 13981 I Unity   :         {
06-20 20:23:29.316 13883 13981 I Unity   :           "ModelId": 1000000,
06-20 20:23:29.316 13883 13981 I Unity   :           "StackLeve
06-20 20:23:29.320 13883 13981 I Unity   : <color=red>Player ID set to 70007229</color>
06-20 20:23:29.323 13883 13981 I Unity   : C#: User ID: 70007229
06-20 20:23:29.327 13883 13981 I Unity   : C#: Fyber User ID: 70007229
06-20 20:23:29.341 13883 14480 D AudioPermissionProxy: AudioPermission: getStreamVolume called, allowing
06-20 20:23:29.351 13883 14480 D AudioPermissionProxy: AudioPermission: getStreamMaxVolume called, allowing
06-20 20:23:29.375 13883 14480 D AudioPermissionProxy: AudioPermission: getStreamVolume called, allowing
06-20 20:23:29.376 13883 14480 D AudioPermissionProxy: AudioPermission: getStreamMaxVolume called, allowing
06-20 20:23:29.397 13883 13981 W PrivacySettings: Stored IAB US Privacy string = null
06-20 20:23:29.407 13883 13981 D AdvertisingIdClient: AdvertisingIdClient already created.
06-20 20:23:29.408 13883 13981 D AdvertisingIdClient: AdvertisingIdClient is not bounded. Starting to bind it...
06-20 20:23:29.413 13883 13981 W GooglePlayServicesUtil: com.nekki.shadowfight3 requires Google Play services, but they are missing.
06-20 20:23:29.435 13883 13981 I AdvertisingIdClient: shouldSendLog -1
06-20 20:23:29.444 13883 13981 D AttributionSourceUtils: Fixed AttributionSource UID in method arguments
06-20 20:23:29.444 13883 13961 W GooglePlayServicesUtil: com.nekki.shadowfight3 requires Google Play services, but they are missing.
06-20 20:23:29.445 13883 13981 D ContentProviderStub: android_id intercepted (call) for top.niunaijun.blackbox -> f10ec6ad6e9ee2da
06-20 20:23:29.449 13883 13961 W GoogleApiManager: The service for com.google.android.gms.common.internal.service.zau is not available: ConnectionResult{statusCode=SERVICE_MISSING, resolution=null, message=null, clientMethodKey=null}
06-20 20:23:29.457 13883 13883 I AdvertisingIdClient: getting error as 17: API: ClientTelemetry.API is not available on this device. Connection failed with: ConnectionResult{statusCode=SERVICE_MISSING, resolution=null, message=null, clientMethodKey=null}
06-20 20:23:29.475 13883 13981 I Unity   : Parsing player...
06-20 20:23:29.476 13883 13981 I Unity   : GamingService: SaveLoginIdentifier call: newLoginIdentifier:  loginIdentifier:
06-20 20:23:29.478 13883 13981 I Unity   : Switched offline_state_id to: 2
06-20 20:23:29.688 13883 13981 I Unity   : Frame:[8666], Type:[ThrowEvent], Body:[Event: Type: ItemAddedToInventory | Data: [key:ID, value:1000000] [key:Rarity, value:Common] 
06-20 20:23:29.688 13883 13981 I Unity   :  HasTrigger: False QueueCount: 0 - ], List:[0:]
06-20 20:23:29.694 13883 13981 I Unity   : UserInventory: SameItem:1000000  0 0 excepetItem:1000000 10 0  pt:Resistance pv:0
06-20 20:23:29.703 13883 13981 I Unity   : Frame:[8666], Type:[ThrowEvent], Body:[Event: Type: ItemAddedToInventory | Data: [key:ID, value:1000002] [key:Rarity, value:Common] 
06-20 20:23:29.703 13883 13981 I Unity   :  HasTrigger: False QueueCount: 0 - ], List:[0:]
06-20 20:23:29.704 13883 13981 I Unity   : UserInventory: SameItem:1000002  0 0 excepetItem:1000002 10 0  pt:Resistance pv:0
06-20 20:23:29.712 13883 13981 I Unity   : Frame:[8666], Type:[ThrowEvent], Body:[Event: Type: ItemAddedToInventory | Data: [key:ID, value:1000003] [key:Rarity, value:Common] 
06-20 20:23:29.712 13883 13981 I Unity   :  HasTrigger: False QueueCount: 0 - ], List:[0:]
06-20 20:23:29.712 13883 13981 I Unity   : UserInventory: SameItem:1000003  0 0 excepetItem:1000003 10 0  pt:Resistance pv:0
06-20 20:23:30.687 13883 13981 I Unity   : [BattlePass] Input blocked, refresh check delayed
06-20 20:23:30.899 13883 13981 I Unity   : Remove restart blocker. Current blockers count: [0]
06-20 20:23:30.900 13883 13981 I Unity   : Restarting the game, reason: bundles_downloaded_successful restart_game
06-20 20:23:30.902 13883 13981 I Unity   : [LevelPlayHandler] Load interstitial
06-20 20:23:30.902 13883 13981 I Unity   : [InterstitialAd] enabled: True, enabledInConfig: True
06-20 20:23:30.903 13883 13981 I Unity   : [IHBEPIEEIJG] State set: UserExist
06-20 20:23:30.906 13883 13981 I Unity   : Hide loading icon. Lock: KLEBKOBNENM
06-20 20:23:30.907 13883 13981 I Unity   : NativeScreenTexture: Clear; from=[LoadingIcon]; delayed=[False]; callers=[2]
06-20 20:23:30.907 13883 13981 I Unity   : [LoadingBlocker]; Stop blocking layer: blocker priority: Preloader
06-20 20:23:30.907 13883 13981 I Unity   : [BDINJAALCJK]; Input unblocked for condition: ActiveNetwork
06-20 20:23:30.925 13883 13981 I Unity   : Frame:[8666], Type:[ThrowEvent], Body:[Event: Type: NetworkEstablished | Data: 
06-20 20:23:30.925 13883 13981 I Unity   :  HasTrigger: False QueueCount: 0 - ], List:[0:]
06-20 20:23:30.929 13883 13981 I Unity   : [Client SFS.send] cmd:<b>log</b> type:sf3DTO.LogRequest session_request_id:54 extensible:
06-20 20:23:30.929 13883 13981 I Unity   : sf3DTO.LogRequest{
06-20 20:23:30.929 13883 13981 I Unity   :   "Events": [
06-20 20:23:30.929 13883 13981 I Unity   :     "{\"type\":\"END_EXTRACT_BUNDLES\",\"etype\":\"BUNDLE_EVENT\",\"cid\":8,\"pl\":1,\"cts\":1781967208206,\"plf\":\"Android\",\"v\":\"1.45.0.21\",\"fv\":\"1.45.0.21.16675-prod\",\"sid\":0,\"onl\":false,\"md\":\"VideoPlayer\",\"creg\":1781967055}",
06-20 20:23:30.929 13883 13981 I Unity   :     "{\"Errors\":{},\"TotalErrors\":0,\"TotalSuccess\":608,\"Finish\":true,\"TotalSize\":379.579865,\"TotalExtracted\":608,\"TotalExtractedSize\":379.579865,\"TotalTime\":107.064529,\"Speed\":3.5453372,\"CDN\":null,\"etype\":\"BUNDLE_DOWNLOAD\",\"cid\":9,\"pl\":1,\"cts\":1781967208208,\"plf\":\"Android\",\"v\":\"1.45.0.21\",\"fv\":\"1.45.0.21.16675-prod\",\"sid\":0,\"onl\":false,\"md\":\"VideoPlayer\",\"creg\":1781967055}"
06-20 20:23:30.929 13883 13981 I Unity   :   ]
06-20 20:23:30.929 13883 13981 I Unity   : }
06-20 20:23:30.930 13883 13981 I Unity   : [BDINJAALCJK]; Input unblocked manual: 2
06-20 20:23:30.930 13883 13981 I Unity   : [LoadingBlocker]; Stop blocking layer: blocker priority: Preloader
06-20 20:23:30.931 13883 13981 I Unity   : [BattlePass] Refreshing active BP: ID=10080211
06-20 20:23:30.932 13883 13981 I Unity   : [BattlePass] Feature locked, refresh won't be sent
06-20 20:23:30.942 13883 13981 I Unity   : C#: HandleSetUserIDSuccess
06-20 20:23:30.968 13883 13981 I Unity   : [Server Response] cmd:<b>log</b> type:Google.Protobuf.WellKnownTypes.Empty session_request_id:54 extensible:
