06-20 00:10:32.711 31710 31803 I Unity   : [LOJMGBEJJGO] Init
06-20 00:10:32.718 31710 31953 I UserMessagingPlatform: Use new ConsentDebugSettings.Builder().addTestDeviceHashedId("1654883292BEA2952023B0AF6A4DAB83") to set this as a debug device.
06-20 00:10:32.718 31710 31803 I Unity   : [JOKOBCPEOPJ] Init
06-20 00:10:32.719 31710 31803 I Unity   : [DHEDEFLIDPP] Init
06-20 00:10:32.721 31710 31953 D UserMessagingPlatform: Stored info not exists: IABTCF_TCString
06-20 00:10:32.721 31710 31953 D UserMessagingPlatform: Stored info not exists: IABGPP_HDR_GppString
06-20 00:10:32.721 31710 31953 D UserMessagingPlatform: Stored info not exists: IABGPP_GppSID
06-20 00:10:32.721 31710 31953 D UserMessagingPlatform: Stored info not exists: IABUSPrivacy_String
06-20 00:10:32.726 31710 31953 I WebViewFactory: Loading com.google.android.webview version 149.0.7827.91 (code 782709103)
06-20 00:10:32.729 31710 31953 V ResourcesManager: The following library key has been added: ResourcesKey{ mHash=577b64ab mResDir=null mSplitDirs=[] mOverlayDirs=[] mLibDirs=[/data/app/~~Le3hgXek_hNQMhl1CO1F4g==/com.google.android.webview-2XJ4JQhZFpZKWJuOrRbbBA==/base.apk,/system/framework/android.test.base.jar,/system_ext/framework/androidx.window.extensions.jar] mDisplayId=0 mOverrideConfig=v36 mCompatInfo={213dpi always-compat} mLoaders=[]}
06-20 00:10:32.730 31710 31953 D ApplicationLoaders: Returning zygote-cached class loader: /system/framework/android.test.base.jar
06-20 00:10:32.730 31710 31953 D ApplicationLoaders: Returning zygote-cached class loader: /system_ext/framework/androidx.window.extensions.jar
06-20 00:10:32.730 31710 31953 D NativeCore: openDexFileNative: /data/app/~~Le3hgXek_hNQMhl1CO1F4g==/com.google.android.webview-2XJ4JQhZFpZKWJuOrRbbBA==/base.apk
06-20 00:10:32.736 31710 31953 D nativeloader: Configuring clns-11 for other apk /data/app/~~Le3hgXek_hNQMhl1CO1F4g==/com.google.android.webview-2XJ4JQhZFpZKWJuOrRbbBA==/base.apk. target_sdk_version=36, uses_libraries=, library_path=/data/app/~~Le3hgXek_hNQMhl1CO1F4g==/com.google.android.webview-2XJ4JQhZFpZKWJuOrRbbBA==/lib/arm64:/data/app/~~Le3hgXek_hNQMhl1CO1F4g==/com.google.android.webview-2XJ4JQhZFpZKWJuOrRbbBA==/base.apk!/lib/arm64-v8a, permitted_path=/data:/mnt/expand
06-20 00:10:32.755 31710 31953 I cr_WVCFactoryProvider: version=149.0.7827.91 (782709103) minSdkVersion=29 multiprocess=true packageId=2 splits=config.arm64_v8a
06-20 00:10:32.759 31710 31953 D nativeloader: Load /data/app/~~Le3hgXek_hNQMhl1CO1F4g==/com.google.android.webview-2XJ4JQhZFpZKWJuOrRbbBA==/base.apk!/lib/arm64-v8a/libwebviewchromium.so using class loader ns clns-11 (caller=/data/app/~~Le3hgXek_hNQMhl1CO1F4g==/com.google.android.webview-2XJ4JQhZFpZKWJuOrRbbBA==/base.apk): ok
06-20 00:10:32.764 31710 31953 D nativeloader: Load /system/lib64/libwebviewchromium_plat_support.so using class loader ns clns-11 (caller=/data/app/~~Le3hgXek_hNQMhl1CO1F4g==/com.google.android.webview-2XJ4JQhZFpZKWJuOrRbbBA==/base.apk): ok
06-20 00:10:32.768 31710 31956 I chromium: [0620/001032.768093:INFO:android_webview/browser/variations/variations_seed_loader.cc:67] Failed to open file for reading.: No such file or directory (2)
06-20 00:10:32.768 31710 31956 I chromium: [0620/001032.768936:INFO:android_webview/browser/variations/variations_seed_loader.cc:67] Failed to open file for reading.: No such file or directory (2)
06-20 00:10:32.775 31710 31710 I cr_LibraryLoader: Successfully loaded native library
06-20 00:10:32.777 31710 31710 I cr_CachingUmaRecorder: Flushed 44 samples from 22 histograms, 0 samples were dropped.
06-20 00:10:32.784 31710 31710 I cr_ChildProcLH: ScopedServiceBindingBatch.tryActivate: false
06-20 00:10:32.787 31710 31710 I cr_CombinedPProvider: #registerProvider() provider:WV.wk@ae774d2 isPolicyCacheEnabled:false policyProvidersSize:0
06-20 00:10:32.787 31710 31710 I cr_PolicyProvider: #setManagerAndSource() 0
06-20 00:10:32.788 31710 31955 D TransactionThrottler: Reset transaction throttler
06-20 00:10:32.788 31710 31955 D TransactionThrottler: Reset transaction throttler
06-20 00:10:32.789 31710 31955 I cr_policy: registerReceiver succeeded after 2ms
06-20 00:10:32.790 31710 31710 I cr_DisplayManager: Is Display Topology available: false
06-20 00:10:32.792 31710 31958 D TransactionThrottler: Reset transaction throttler
06-20 00:10:32.800 31710 31958 D TransactionThrottler: Reset transaction throttler
06-20 00:10:32.810 31710 31710 I cr_CombinedPProvider: #linkNativeInternal() 1
06-20 00:10:32.813 31710 31710 I cr_AppResProvider: #getApplicationRestrictionsFromUserManager() Only system may: get application restrictions for other user/app com.nekki.shadowfight3
06-20 00:10:32.813 31710 31710 I cr_PolicyProvider: #notifySettingsAvailable() 0
06-20 00:10:32.813 31710 31710 I cr_CombinedPProvider: #onSettingsAvailable() 0
06-20 00:10:32.813 31710 31710 I cr_CombinedPProvider: #flushPolicies()
06-20 00:10:32.817 31710 31710 D VirtualSpoof: [spoof] ro.build.version.release = 12
06-20 00:10:32.817 31710 31710 D VirtualSpoof: [spoof] ro.product.model = Pixel 6
06-20 00:10:32.827 31710 31963 D TransactionThrottler: Reset transaction throttler
06-20 00:10:32.827 31710 31963 D TransactionThrottler: Reset transaction throttler
06-20 00:10:32.832 31710 31963 D TransactionThrottler: Reset transaction throttler
06-20 00:10:32.833 31710 31963 D TransactionThrottler: Reset transaction throttler
06-20 00:10:32.838 31710 31710 I BLASTBufferQueue_Java: update, w= 1340 h= 800 mName = VRI[NekkiNativeActivity]@4280dc mNativeObject= 0x778e25a070 sc.mNativeObject= 0x772e214e10 format= -3 caller= android.view.ViewRootImpl.updateBlastSurfaceIfNeeded:3574 android.view.ViewRootImpl.relayoutWindow:11685 android.view.ViewRootImpl.performTraversals:4804 android.view.ViewRootImpl.doTraversal:3924 android.view.ViewRootImpl$TraversalRunnable.run:12903 android.view.Choreographer$CallbackRecord.run:1901 
06-20 00:10:32.838 31710 31710 I VRI[NekkiNativeActivity]@4280dc: Relayout returned: old=(0,0,1340,800) new=(0,0,1340,800) relayoutAsync=true req=(1340,800)0 dur=0 res=0x0 s={true 0x775e2317b0} ch=false seqId=0
06-20 00:10:32.838 31710 31710 I VRI[NekkiNativeActivity]@4280dc: updateBoundsLayer: t=android.view.SurfaceControl$Transaction@de38a67 sc=Surface(name=Bounds for - com.nekki.shadowfight3/com.nekki.unityplugins.NekkiNativeActivity@0)/@0xb78014 frame=5
06-20 00:10:32.839 31710 31710 I VRI[NekkiNativeActivity]@4280dc: registerCallbackForPendingTransactions
06-20 00:10:32.840 31710 31811 I VRI[NekkiNativeActivity]@4280dc: mWNT: t=0x779e2f4110 mBlastBufferQueue=0x778e25a070 fn= 5 HdrRenderState mRenderHdrSdrRatio=1.0 caller= android.view.ViewRootImpl$10.onFrameDraw:6536 android.view.ViewRootImpl$4.onFrameDraw:2489 android.view.ThreadedRenderer$1.onFrameDraw:718 
06-20 00:10:32.849 31710 31965 W chromium: [WARNING:net/dns/dns_config_service_android.cc:69] Failed to read DnsConfig.
06-20 00:10:32.857 31710 31710 W cr_PlatformSer-Internal: Unable to find GMS package on device
06-20 00:10:32.867 31710 31710 D VirtualSpoof: [spoof] ro.build.version.release = 12
06-20 00:10:32.867 31710 31710 D VirtualSpoof: [spoof] ro.product.model = Pixel 6
06-20 00:10:32.867 31710 31710 W chromium: [WARNING:android_webview/browser/network_service/net_helpers.cc:137] HTTP Cache size is: 20971520
06-20 00:10:32.872 31710 31710 D TransactionThrottler: Reset transaction throttler
06-20 00:10:32.873 31710 31710 D TransactionThrottler: Reset transaction throttler
06-20 00:10:32.876 31710 31710 D TransactionThrottler: Reset transaction throttler
06-20 00:10:32.877 31710 31710 D TransactionThrottler: Reset transaction throttler
06-20 00:10:32.879 31710 31719 E LoadedApk: performReceive() called targeting raw IIntentReceiver for Intent { act=android.intent.action.PROXY_CHANGE flg=0x24000010 xflg=0x4 (has extras) }
06-20 00:10:32.894 31710 31953 D VirtualSpoof: [spoof] ro.build.version.release = 12
06-20 00:10:32.894 31710 31953 D VirtualSpoof: [spoof] ro.product.model = Pixel 6
06-20 00:10:32.910 31710 31710 I cr_AppResProvider: #getApplicationRestrictionsFromUserManager() Only system may: get application restrictions for other user/app com.nekki.shadowfight3
06-20 00:10:32.910 31710 31710 I cr_PolicyProvider: #notifySettingsAvailable() 0
06-20 00:10:32.911 31710 31710 I cr_CombinedPProvider: #onSettingsAvailable() 0
06-20 00:10:32.911 31710 31710 I cr_CombinedPProvider: #flushPolicies()
06-20 00:10:32.914 31710 31991 I CameraManagerGlobal: Connecting to camera service
06-20 00:10:32.917 31710 31991 D VendorTagDescriptor: addVendorDescriptor: vendor tag id 8932615658386372252 added
06-20 00:10:32.922 31710 31803 D BanzaiLogcat: Starting Logcat process with command line: logcat -f /storage/emulated/0/Android/data/top.niunaijun.blackbox/files/blackbox/storage/emulated/0/Android/data/com.nekki.shadowfight3/files/gamedata/Logs/NativeLog_20-06-26_00-10-32.log *:S UnityIAP:V BillingClient:V BillingHelper:V BanzaiLogcat:V BanzaiExceptions:V BanzaiGpgTokens:V NativeBridgeActivity:V TokenFragment:V TokenPendingResult:V BanzaiBackups:V
06-20 00:10:32.924 31710 31720 I CameraManagerGlobal: Camera 0 facing CAMERA_FACING_BACK state now CAMERA_STATE_CLOSED for client com.sec.android.app.camera API Level 2 User Id 0Device Id 0
06-20 00:10:32.924 31710 31720 I CameraManagerGlobal: Camera 1 facing CAMERA_FACING_FRONT state now CAMERA_STATE_CLOSED for client android.system API Level 2 User Id 0Device Id 0
06-20 00:10:32.924 31710 31991 I CameraManager: registerAvailabilityCallback: Is device callback = false
06-20 00:10:32.924 31710 31720 I CameraManagerGlobal: Camera 2 facing CAMERA_FACING_FRONT state now CAMERA_STATE_CLOSED for client client.pid<1100> API Level 2 User Id 0Device Id 0
06-20 00:10:32.924 31710 31991 I CameraManagerGlobal: postSingleUpdate device: camera id 0 status STATUS_PRESENT
06-20 00:10:32.925 31710 31991 I CameraManagerGlobal: postSingleUpdate device: camera id 1 status STATUS_PRESENT
06-20 00:10:32.985 31710 31803 W Unity   : Client time was used instead of server time.
06-20 00:10:32.986 31710 31803 I Unity   : GcUtils_SetFreeSpaceDivisor(3)
06-20 00:10:32.986 31710 31803 W GooglePlayServicesUtil: com.nekki.shadowfight3 requires Google Play services, but they are missing.
06-20 00:10:32.987 31710 31803 D Banzai  : Status of gaming service availability: 1
06-20 00:10:32.988 31710 31803 I Unity   : GC Configuration:
06-20 00:10:32.988 31710 31803 I Unity   : Adaptivity=1
06-20 00:10:32.988 31710 31803 I Unity   : CrashMemoryLimit=1821
06-20 00:10:32.988 31710 31803 I Unity   : MinFreeSpaceDivisor=3
06-20 00:10:32.988 31710 31803 I Unity   : MaxFreeSpaceDivisor=8
06-20 00:10:32.989 31710 31999 I jun.blackbox:p0: Using smaps_rollup for pss collection
06-20 00:10:33.094 31710 31803 I Unity   : Initializing localization..
06-20 00:10:33.119 31710 31953 D UserMessagingPlatform: Action[clear]: {"keys":["UMP_eids"]}
06-20 00:10:33.120 31710 31953 D UserMessagingPlatform: Action[write]: {"UMP_consentModeValues":"3334","IABTCF_CmpSdkID":300,"IABTCF_gdprApplies":0}
06-20 00:10:33.120 31710 31953 D UserMessagingPlatform: Writing to storage: [UMP_consentModeValues] 3334
06-20 00:10:33.120 31710 31953 D UserMessagingPlatform: Writing to storage: [IABTCF_CmpSdkID] 300
06-20 00:10:33.120 31710 31953 D UserMessagingPlatform: Writing to storage: [IABTCF_gdprApplies] 0
06-20 00:10:33.482 31710 31803 I Unity   : Localization initialized: [English] []
06-20 00:10:33.483 31710 31710 I ImeFocusController: onPreWindowFocus: skipped hasWindowFocus=false mHasImeFocus=true
06-20 00:10:33.484 31710 31710 I ImeFocusController: onPostWindowFocus: skipped hasWindowFocus=false mHasImeFocus=true
06-20 00:10:33.485 31710 31803 I Unity   : [LOJMGBEJJGO] Update. Success. Status: NotRequired True
06-20 00:10:33.490 31710 31803 I Unity   : [GAPLKBELEIG]; Get internet accessibility response: [Available]
06-20 00:10:33.504 31710 31710 D InputTransport: Input channel destroyed: 'ClientS', fd=173
06-20 00:10:34.082 31710 31803 I Unity   : Audio configuration:
06-20 00:10:34.082 31710 31803 I Unity   :   DSP buffer size: 512
06-20 00:10:34.082 31710 31803 I Unity   :   Number real voices: 32
06-20 00:10:34.082 31710 31803 I Unity   :   Number virtual voices: 512
06-20 00:10:34.082 31710 31803 I Unity   :   Sample rate: 24000
06-20 00:10:34.082 31710 31803 I Unity   :   Speaker mode: Stereo
06-20 00:10:34.123 31710 31803 I Unity   : NativeScreenTexture: SetTexture; caller=[TermsOfUse]; layer=[990] camera=[Both]; filter=[Blur]; current callers=[empty]
06-20 00:10:34.124 31710 31803 I Unity   : NativeScreenTexture: TakeScreenshot; autoSet=[True]; camera=[Both]; filter=[Blur]
06-20 00:10:34.128 31710 31803 W Unity   : DontDestroyOnLoad only works for root GameObjects or components on root GameObjects.
06-20 00:10:34.226 31710 31803 I Unity   : World changed: IN
06-20 00:10:34.227 31710 31803 I Banzai  : Path: /storage/emulated/0/Android/data/top.niunaijun.blackbox/files/blackbox/storage/emulated/0/Android/data/com.nekki.shadowfight3/files/tou.file
06-20 00:10:34.227 31710 31803 W Banzai  : SendLog Terms of use not confirm!
06-20 00:10:34.380 31710 31803 I Unity   : Own config version (NetworkSettings.ConfigVersion [full version: 1.45.0.0.16655-prod]) need update to : NetworkSettings.ConfigVersion [full version: 1.45.0.21.16675-prod]
06-20 00:10:34.389 31710 31803 D ConnectivityManager: StackLog: [android.net.ConnectivityManager.sendRequestForNetwork(ConnectivityManager.java:4744)] [android.net.ConnectivityManager.registerDefaultNetworkCallbackForUid(ConnectivityManager.java:5469)] [android.net.ConnectivityManager.registerDefaultNetworkCallback(ConnectivityManager.java:5436)] [android.net.ConnectivityManager.registerDefaultNetworkCallback(ConnectivityManager.java:5410)] [com.unity3d.player.a.v.<init>(SourceFile:64)] [com.unity3d.player.UnityPlayer.getNetworkConnectivity(SourceFile:855)] [com.unity3d.player.UnityPlayerForActivityOrService.nativeRender(Native Method)] [com.unity3d.player.V.handleMessage(SourceFile:93)]
06-20 00:10:34.389 31710 31803 D IConnectivityManagerProxy: Intercepting requestNetwork call for internet access
06-20 00:10:34.391 31710 31803 D IConnectivityManagerProxy: requestNetwork succeeded via original method
06-20 00:10:34.540 31710 31803 I Unity   : Localization download meta: {"langs": {"Turkish": {"Journal": 1758, "Base": 1758, "News": 1758}, "Japanese": {"News": 1758, "Base": 1758, "Journal": 1758}, "English": {"Journal": 1758, "Base": 1758, "News": 1758}, "Russian": {"Base": 1758, "News": 1758, "Journal": 1758}, "Korean": {"News": 1758, "Base": 1758, "Journal": 1758}, "French": {"Journal": 1758, "News": 1758, "Base": 1758}, "Vietnamese": {"Journal": 1758, "Base": 1758, "News": 1758}, "Hindi": {"News": 1758, "Journal": 1758, "Base": 1758}, "ChineseSimplified": {"Base": 1758, "News": 1758, "Journal": 1758}, "Indonesian": {"Base": 1758, "Journal": 1758, "News": 1758}, "Spanish": {"Base": 1758, "News": 1758, "Journal": 1758}, "Portuguese": {"Journal": 1758, "News": 1758, "Base": 1758}, "ChineseTraditional": {"News": 1758, "Journal": 1758, "Base": 1758}, "Italian": {"Journal": 1758, "News": 1758, "Base": 1758}, "Thai": {"Base": 1758, "News": 1758, "Journal": 1758}, "German": {"News": 1758, "Base": 1758, "Journal": 1758}}, "baseUrl": "https://sf3assets.ne
06-20 00:10:35.309 31710 31963 D TransactionThrottler: Reset transaction throttler
06-20 00:10:35.321 31710 31963 D TransactionThrottler: Reset transaction throttler
06-20 00:10:35.363 31710 31710 I VRI[NekkiNativeActivity]@4280dc: call setFrameRateCategory for touch hint category=no preference, reason=boost timeout, vri=VRI[NekkiNativeActivity]@4280dc
06-20 00:10:42.453 31710 31710 D VRI[NekkiNativeActivity]@4280dc: mThreadedRenderer.initializeIfNeeded()#2 mSurface={isValid=true 0x775e2317b0}
06-20 00:10:42.453 31710 31710 D InputMethodManagerUtils: startInputInner - Id : 0
06-20 00:10:42.454 31710 31710 I InputMethodManager: startInputInner - IInputMethodManagerGlobalInvoker.startInputOrWindowGainedFocus
06-20 00:10:42.457 31710 31710 I InputMethodManager: handleMessage: setImeVisibility visible=false
06-20 00:10:42.457 31710 31710 D InsetsController: hide(ime(), fromIme=false)
06-20 00:10:42.458 31710 31710 I ImeTracker: top.niunaijun.blackbox:57abec63: onCancelled at PHASE_CLIENT_ALREADY_HIDDEN
06-20 00:10:42.459 31710 31720 D InputTransport: Input channel constructed: 'ClientS', fd=336
06-20 00:10:42.697 31710 31710 V FA      : AppMeasurementService is shutting down.
06-20 00:10:43.840 31710 31710 I VRI[NekkiNativeActivity]@4280dc: ViewPostIme pointer 0
06-20 00:10:43.840 31710 31710 I VRI[NekkiNativeActivity]@4280dc: call setFrameRateCategory for touch hint category=high hint, reason=touch, vri=VRI[NekkiNativeActivity]@4280dc
06-20 00:10:43.906 31710 31710 I VRI[NekkiNativeActivity]@4280dc: ViewPostIme pointer 1
06-20 00:10:44.450 31710 31710 I VRI[NekkiNativeActivity]@4280dc: ViewPostIme pointer 0
06-20 00:10:44.534 31710 31710 I VRI[NekkiNativeActivity]@4280dc: ViewPostIme pointer 1
06-20 00:10:44.548 31710 31803 W Unity   : Client time was used instead of server time.
06-20 00:10:44.548 31710 31803 I Unity   : NativeScreenTexture: Clear; from=[TermsOfUse]; delayed=[False]; callers=[1]
06-20 00:10:44.587 31710 31803 I Unity   : $<color=blue><b>CreateNativeJsEngine: PlatformDefault</b></color>
06-20 00:10:44.590 31710 31803 D nativeloader: Load /data/app/~~b-kNTPL92oJmt3Gcmb6V-w==/com.nekki.shadowfight3-7kK4tjGugrQhSUVD9c6cmg==/lib/arm64/libbanzai-v8.so using class loader ns clns-10 (caller=/data/app/~~b-kNTPL92oJmt3Gcmb6V-w==/com.nekki.shadowfight3-7kK4tjGugrQhSUVD9c6cmg==/base.apk!classes7.dex): ok
06-20 00:10:44.596 31710 31803 I Unity   : [V8 JS] Msg: [V8] Initialized
06-20 00:10:44.599 31710 31803 I Unity   : [V8 JS] Msg: [V8] Isolate initialized
06-20 00:10:44.600 31710 31803 I Unity   : [JS] Init params: chapterId=100, debug=False, allChapters=False, loadFromSnapshot=True, createSnapshot=False
06-20 00:10:45.474 31710 31710 I ImeFocusController: onPreWindowFocus: skipped hasWindowFocus=false mHasImeFocus=true
06-20 00:10:45.474 31710 31710 I ImeFocusController: onPostWindowFocus: skipped hasWindowFocus=false mHasImeFocus=true
06-20 00:10:45.490 31710 31710 D InputTransport: Input channel destroyed: 'ClientS', fd=336
06-20 00:10:47.536 31710 31710 I VRI[NekkiNativeActivity]@4280dc: call setFrameRateCategory for touch hint category=no preference, reason=boost timeout, vri=VRI[NekkiNativeActivity]@4280dc
06-20 00:10:49.518 31710 31803 W Unity   : Client time was used instead of server time.
06-20 00:10:49.518 31710 31803 I Unity   : [JS] Init stats: exec 4588 ms, total 4912 ms
06-20 00:10:49.538 31710 31803 I Unity   : [FB] Init
06-20 00:10:49.594 31710 31803 V com.facebook.unity.FB: SetUserAgentSuffix(Unity.18.0.0)
06-20 00:10:49.595 31710 31803 V com.facebook.unity.FB: Init({"appId":"647386682120764","clientToken":"1fc47ffc09d4802ddba691bc6fde9479"})
06-20 00:10:49.595 31710 31803 D com.facebook.unity.FB: KeyHash: 1hEJ12jtqjrS76nvNXvRrjPV8Ks=
06-20 00:10:49.597 31710 31731 W GooglePlayServicesUtil: com.nekki.shadowfight3 requires Google Play services, but they are missing.
06-20 00:10:49.597 31710 31803 V com.facebook.unity.FB: sending to Unity OnInitComplete({"key_hash":"1hEJ12jtqjrS76nvNXvRrjPV8Ks=\n"})
06-20 00:10:49.597 31710 31731 W GooglePlayServicesUtil: com.nekki.shadowfight3 requires Google Play services, but they are missing.
06-20 00:10:49.597 31710 31803 I Unity   : Using Facebook Unity SDK v18.0.0 with FBAndroidSDK/18.2.3
06-20 00:10:49.607 31710 32079 D TransactionThrottler: Reset transaction throttler
06-20 00:10:49.621 31710 31803 I Unity   : [FB] ActivateApp
06-20 00:10:49.621 31710 31803 W com.facebook.unity.FB: Activite app only needs to be called once
06-20 00:10:49.625 31710 31803 I Unity   : [BCIOEFJGMMA] Init
06-20 00:10:49.628 31710 31803 I Unity   : [UserManager]; Load user. Is new: True
06-20 00:10:49.647 31710 32079 E adservices: Failed binding to measurement service: com.android.adservices.shared.common.exception.ServiceUnavailableException: Service is not available.
06-20 00:10:49.648 31710 31731 D class com.facebook.appevents.gps.ara.GpsAraTriggersManager: OUTCOME_RECEIVER_TRIGGER_FAILURE
06-20 00:10:50.298 31710 31710 D VRI[NekkiNativeActivity]@4280dc: mThreadedRenderer.initializeIfNeeded()#2 mSurface={isValid=true 0x775e2317b0}
06-20 00:10:50.299 31710 31710 D InputMethodManagerUtils: startInputInner - Id : 0
06-20 00:10:50.299 31710 31710 I InputMethodManager: startInputInner - IInputMethodManagerGlobalInvoker.startInputOrWindowGainedFocus
06-20 00:10:50.302 31710 31710 I InputMethodManager: handleMessage: setImeVisibility visible=false
06-20 00:10:50.302 31710 31710 D InsetsController: hide(ime(), fromIme=false)
06-20 00:10:50.303 31710 31710 I ImeTracker: top.niunaijun.blackbox:58d85d42: onCancelled at PHASE_CLIENT_ALREADY_HIDDEN
06-20 00:10:50.305 31710 31993 D InputTransport: Input channel constructed: 'ClientS', fd=335
06-20 00:10:50.414 31710 31803 I Unity   : Create default server settings 
06-20 00:10:50.414 31710 31803 I Unity   :  System.Collections.Generic.Dictionary`2[System.String,System.Object]{
06-20 00:10:50.414 31710 31803 I Unity   :   "NTF": true,
06-20 00:10:50.414 31710 31803 I Unity   :   "LNG": 10,
06-20 00:10:50.414 31710 31803 I Unity   :   "TCTL": true,
06-20 00:10:50.414 31710 31803 I Unity   :   "QLT": "high",
06-20 00:10:50.414 31710 31803 I Unity   :   "SNDV": 0.0,
06-20 00:10:50.414 31710 31803 I Unity   :   "SNDM": false,
06-20 00:10:50.414 31710 31803 I Unity   :   "MSCV": 0.0,
06-20 00:10:50.414 31710 31803 I Unity   :   "MSCM": false,
06-20 00:10:50.414 31710 31803 I Unity   :   "CNTR": "joystick_small",
06-20 00:10:50.414 31710 31803 I Unity   :   "SLMO": true,
06-20 00:10:50.414 31710 31803 I Unity   :   "cjoy": "",
06-20 00:10:50.414 31710 31803 I Unity   :   "cmag": "",
06-20 00:10:50.414 31710 31803 I Unity   :   "ckic": "",
06-20 00:10:50.414 31710 31803 I Unity   :   "cpun": "",
06-20 00:10:50.414 31710 31803 I Unity   :   "cmis": "",
06-20 00:10:50.414 31710 31803 I Unity   :   "ccon": "",
06-20 00:10:50.414 31710 31803 I Unity   :   "cadd": "",
06-20 00:10:50.414 31710 31803 I Unity   :   "cad2": ""
06-20 00:10:50.414 31710 31803 I Unity   : }
06-20 00:10:50.461 31710 31803 I Unity   : Load current preset: [joystick_small]
06-20 00:10:50.485 31710 31803 I Unity   : [BattlePass] Scheduling BP end: ID=10080209, EndDate=06/29/2026 05:30:00
06-20 00:10:50.873 31710 31803 W Unity   : Havnt any battle data to parse
06-20 00:10:50.883 31710 31803 W Unity   : [UserDataSaver] DataSaver BATTLES already added
06-20 00:10:50.893 31710 31803 I Unity   : [BMNNADNBPKN] Init
06-20 00:10:50.903 31710 31803 I Unity   : [DJBCNKBGEGH] Init
06-20 00:10:50.903 31710 31803 I Unity   : [DJBCNKBGEGH] InitInternal: False
06-20 00:10:50.919 31710 32084 W GooglePlayServicesUtil: com.nekki.shadowfight3 requires Google Play services, but they are missing.
06-20 00:10:50.921 31710 32084 D ConnectivityManager: StackLog: [android.net.ConnectivityManager.sendRequestForNetwork(ConnectivityManager.java:4744)] [android.net.ConnectivityManager.sendRequestForNetwork(ConnectivityManager.java:4912)] [android.net.ConnectivityManager.registerNetworkCallback(ConnectivityManager.java:5329)] [android.net.ConnectivityManager.registerNetworkCallback(ConnectivityManager.java:5299)] [com.appsflyer.internal.AFi1oSDK.<init>(:34)] [com.appsflyer.internal.AFa1uSDK.copy(:51047)] [com.appsflyer.internal.AFa1uSDK.$r8$lambda$afiUCNXcbaeS-eqsPnXdGJMH2qE(:0)] [com.appsflyer.internal.AFa1uSDK$$ExternalSyntheticLambda4.run(D8$$SyntheticClass:0)] [java.util.concurrent.ThreadPoolExecutor.runWorker(ThreadPoolExecutor.java:1100)] [java.util.concurrent.ThreadPoolExecutor$Worker.run(ThreadPoolExecutor.java:624)] [java.lang.Thread.run(Thread.java:1572)]
06-20 00:10:50.928 31710 32088 W GooglePlayServicesUtil: com.nekki.shadowfight3 requires Google Play services, but they are missing.
06-20 00:10:50.929 31710 32084 W ContextImpl: Failed to ensure /data/user/0/top.niunaijun.blackbox/blackbox/data/user/0/com.nekki.shadowfight3/code_cache: chown failed: EPERM (Operation not permitted)
06-20 00:10:50.930 31710 31803 D TransactionThrottler: Reset transaction throttler
06-20 00:10:50.931 31710 31803 D TransactionThrottler: Reset transaction throttler
06-20 00:10:50.932 31710 31803 D TransactionThrottler: Reset transaction throttler
06-20 00:10:50.932 31710 32088 D AdvertisingIdClient: AdvertisingIdClient already created.
06-20 00:10:50.932 31710 32088 D AdvertisingIdClient: AdvertisingIdClient is not bounded. Starting to bind it...
06-20 00:10:50.932 31710 32088 W GooglePlayServicesUtil: com.nekki.shadowfight3 requires Google Play services, but they are missing.
06-20 00:10:50.933 31710 32088 I AdvertisingIdClient: shouldSendLog -1
06-20 00:10:50.934 31710 31803 D TransactionThrottler: Reset transaction throttler
06-20 00:10:50.934 31710 31782 W GooglePlayServicesUtil: com.nekki.shadowfight3 requires Google Play services, but they are missing.
06-20 00:10:50.934 31710 32086 D TransactionThrottler: Reset transaction throttler
06-20 00:10:50.934 31710 32086 E ActivityThread: Failed to find provider info for com.samsung.android.mapsagent.providers.apptracking
06-20 00:10:50.935 31710 32088 D TransactionThrottler: Reset transaction throttler
06-20 00:10:50.936 31710 31803 D TransactionThrottler: Reset transaction throttler
06-20 00:10:50.938 31710 31782 W GoogleApiManager: The service for com.google.android.gms.common.internal.service.zau is not available: ConnectionResult{statusCode=SERVICE_MISSING, resolution=null, message=null, clientMethodKey=null}
06-20 00:10:50.938 31710 31710 I AdvertisingIdClient: getting error as 17: API: ClientTelemetry.API is not available on this device. Connection failed with: ConnectionResult{statusCode=SERVICE_MISSING, resolution=null, message=null, clientMethodKey=null}
06-20 00:10:50.938 31710 31803 D TransactionThrottler: Reset transaction throttler
06-20 00:10:50.942 31710 32084 W GooglePlayServicesUtil: com.nekki.shadowfight3 requires Google Play services, but they are missing.
06-20 00:10:50.944 31710 32096 D TransactionThrottler: Reset transaction throttler
06-20 00:10:50.944 31710 32096 E ActivityThread: Failed to find provider info for com.aura.oobe.samsung.attributionreferrerprovider
06-20 00:10:50.947 31710 32084 E PlayCore: UID: [10009]  PID: [31710] IntegrityService : Phonesky is not installed.
06-20 00:10:50.957 31710 31803 I Unity   : ***** log handler added
06-20 00:10:50.960 31710 31710 V Banzai  : UnityPlayerActivity called onResume
06-20 00:10:50.962 31710 32100 D SensorManager: registerListener :: 1, bma2xy_acc, 20000, 0, 
06-20 00:10:50.967 31710 32100 D SensorManager: registerListener :: 2, qmc6308_mag, 20000, 0, 
06-20 00:10:50.971 31710 31803 I Unity   : [DJBCNKBGEGH] OnDeepLink
06-20 00:10:50.982 31710 31803 E Unity   : [DJBCNKBGEGH] Deep link error NETWORK
06-20 00:10:50.982 31710 31803 E Unity   : UnityEngine.DebugLogHandler:Internal_Log(LogType, LogOption, String, Object)
06-20 00:10:50.982 31710 31803 E Unity   : DJBCNKBGEGH:EKEEAMEJFKL(Object, EventArgs)
06-20 00:10:50.982 31710 31803 E Unity   : 
06-20 00:10:51.020 31710 31803 W GooglePlayServicesUtil: com.nekki.shadowfight3 requires Google Play services, but they are missing.
06-20 00:10:51.021 31710 31803 D Banzai  : Status of gaming service availability: 1
06-20 00:10:51.021 31710 31803 I Unity   : [NGLDMEPPJLD]; Create gaming service: NGLDMEPPJLD
06-20 00:10:51.027 31710 32085 W libc    : Access denied finding property "ro.chipname"
06-20 00:10:51.028 31710 32085 W libc    : Access denied finding property "vzw.os.rooted"
06-20 00:10:51.109 31710 32100 D SensorManager: unregisterListener
06-20 00:10:51.111 31710 32100 D SensorManager: unregisterListener
06-20 00:10:51.225 31710 31803 I Unity   : ServerVersion - NetworkSettings.ConfigVersion [full version: 1.45.0.21.16675-prod] ---  CurrentVersion - NetworkSettings.ConfigVersion [full version: 1.45.0.0.16655-prod]
06-20 00:10:51.238 31710 31803 I Unity   : [MKPDMLJNNLC] Start
06-20 00:10:51.238 31710 31710 I ImeFocusController: onPreWindowFocus: skipped hasWindowFocus=false mHasImeFocus=true
06-20 00:10:51.238 31710 31710 I ImeFocusController: onPostWindowFocus: skipped hasWindowFocus=false mHasImeFocus=true
06-20 00:10:51.269 31710 31710 D InputTransport: Input channel destroyed: 'ClientS', fd=335
06-20 00:10:51.354 31710 31714 I jun.blackbox:p0: Background concurrent mark compact GC freed 6460KB AllocSpace bytes, 4(80KB) LOS objects, 50% free, 6086KB/11MB, paused 2.188ms,7.419ms total 99.539ms
06-20 00:10:51.379 31710 32105 W libc    : Access denied finding property "ro.chipname"
06-20 00:10:51.379 31710 32105 W libc    : Access denied finding property "vzw.os.rooted"
06-20 00:10:51.531 31710 31803 W Unity   : Client time was used instead of server time.
06-20 00:10:51.531 31710 31803 W Unity   : Client time was used instead of server time.
06-20 00:10:51.588 31710 31803 I Unity   : BundlesNetworkState Download succeeded
06-20 00:10:51.589 31710 31803 I Unity   : Start Connecting IP:ec2-52-66-28-201.ap-south-1.compute.amazonaws.com Port:443
06-20 00:10:51.601 31710 31803 I Unity   : [NEBU INFO] Connecting to ec2-52-66-28-201.ap-south-1.compute.amazonaws.com:443
06-20 00:10:51.612 31710 31803 I Unity   : [MKPDMLJNNLC] Done in 374.074 ms
06-20 00:10:51.662 31710 31803 I Unity   : [NEBU DEBUG] Reader task is started
06-20 00:10:51.662 31710 31803 I Unity   : [NEBU DEBUG] Writer task is started
06-20 00:10:51.694 31710 31803 I Unity   : AppsFlyer_Unity_v6.17.72 AppsFlyerTrackerCallbacks:: didReceiveConversionDataWithError called with Launch exception: Failed to connect to xsj9qt.conversions.appsflyersdk.com/0.0.0.0:443
06-20 00:10:51.696 31710 31803 I Unity   : OnConnectionSuccess
06-20 00:10:51.697 31710 31803 I Banzai  : Path: /storage/emulated/0/Android/data/top.niunaijun.blackbox/files/blackbox/storage/emulated/0/Android/data/com.nekki.shadowfight3/files/tou.file
06-20 00:10:51.699 31710 32088 W libc    : Access denied finding property "ro.chipname"
06-20 00:10:51.699 31710 32088 W libc    : Access denied finding property "vzw.os.rooted"
06-20 00:10:51.700 31710 31803 D Banzai  : Send request on url https://sf3lb.nekki.com/clog?guid=96b1a4edeac872bc&e=SMARTFOX_CONNECT&ext=eyJSQU0iOiIzNjQyIiwiQVJDSCI6ImFybTY0LXY4YSIsIk9TIjoiMTYiLCJMQU5HIjoiRW5nbGlzaCIsIk5FVCI6IldJRkkiLCJPR0wiOiJPUEVOR0xFU18zXzAiLCJCTiI6IjE5MjA5IiwiUEwiOiJBbmRyb2lkIn0%3D
06-20 00:10:51.709 31710 31803 W Unity   : AndroidJNIHelper.GetSignature: using Byte parameters is obsolete, use SByte parameters instead
06-20 00:10:51.709 31710 31803 W Unity   : AndroidJNIHelper: converting from Byte array is obsolete, use SByte array instead
06-20 00:10:51.716 31710 31803 I Unity   : Banzai.Networking.Proto.LoginRequest{
06-20 00:10:51.716 31710 31803 I Unity   :   "Version": 6,
06-20 00:10:51.716 31710 31803 I Unity   :   "PrimaryAuthToken": {
06-20 00:10:51.716 31710 31803 I Unity   :     "Type": 1,
06-20 00:10:51.716 31710 31803 I Unity   :     "Data": "{\"login\":\"f87f2dd4-1e29-4525-ae27-643f8c4741f3\",\"password\":\"e5a18c0118eab08af0eb1441846ea5b9\"}"
06-20 00:10:51.716 31710 31803 I Unity   :   },
06-20 00:10:51.716 31710 31803 I Unity   :   "SecondaryAuthToken": [
06-20 00:10:51.716 31710 31803 I Unity   :     {
06-20 00:10:51.716 31710 31803 I Unity   :       "Type": 6,
06-20 00:10:51.716 31710 31803 I Unity   :       "Data": "96b1a4edeac872bc"
06-20 00:10:51.716 31710 31803 I Unity   :     }
06-20 00:10:51.716 31710 31803 I Unity   :   ],
06-20 00:10:51.716 31710 31803 I Unity   :   "ExtData": "{\"platform\":\"Android\",\"v\":\"19209\",\"app_id\":\"com.nekki.shadowfight3\",\"f\":\"656E1143E0E5129DFD1E9AFF62585157A49A92BA\",\"bnumber\":\"19209\",\"bname\":\"UnityClient_ShadowFight3_UnityClientShadowFight3Release_ConfigurationAndroid\"}"
06-20 00:10:51.716 31710 31803 I Unity   : }
06-20 00:10:51.721 31710 31803 I Unity   : [NEBU DEBUG] CompressionThreshold = 256
06-20 00:10:51.744 31710 31803 I Unity   : OnLogin - Guid:  
06-20 00:10:51.754 31710 32109 W Unity   : Reader task was aborted by System.IO.EndOfStreamException : Attempted to read past the end of the stream.; StackTrace:   at LCDDJOIFKME.FIAPGJLMAPC (System.IO.Stream OIIELOMCEBN, System.Byte[] NCJFLFIKFHD) [0x00000] in <00000000000000000000000000000000>:0 
06-20 00:10:51.754 31710 32109 W Unity   :   at KKEGDLFDJJI.OKLIGPHLBNB (System.Net.Sockets.NetworkStream LNCPNLNPMAG) [0x00000] in <00000000000000000000000000000000>:0 
06-20 00:10:51.754 31710 32109 W Unity   :   at DDOPPLDBKIB.GAACDLDPBDC () [0x00000] in <00000000000000000000000000000000>:0 
06-20 00:10:51.754 31710 32109 W Unity   :   at System.Threading.Tasks.Task.Execute () [0x00000] in <00000000000000000000000000000000>:0 
06-20 00:10:51.754 31710 32109 W Unity   :   at System.Threading.ExecutionContext.RunInternal (System.Threading.ExecutionContext executionContext, System.Threading.ContextCallback callback, System.Object state, System.Boolean preserveSyncCtx) [0x00000] in <00000000000000000000000000000000>:0 
06-20 00:10:51.754 31710 32109 W Unity   :   at System.Threading.Tasks.Task.ExecuteWithThreadLocal (System.Threading.Tasks.Task& currentTaskSlot) [0x00000] in <00000000000000000000000000000000>:0 
06-20 00:10:51.754 31710 32109 W Unity   :   at System.Threading.Tasks.Task.ExecuteEntry (System.Bo
06-20 00:10:51.768 31710 31803 I Unity   : [Server Event] cmd:<b>ban_event</b> type:sfDTO.BanEventData extensible:
06-20 00:10:51.768 31710 31803 I Unity   : sfDTO.BanEventData{
06-20 00:10:51.768 31710 31803 I Unity   :   "Type": 1,
06-20 00:10:51.768 31710 31803 I Unity   :   "Reason": "Violation of the rules of the game",
06-20 00:10:51.768 31710 31803 I Unity   :   "MillisLeft": 84125258,
06-20 00:10:51.768 31710 31803 I Unity   :   "PlayerId": 69994873
06-20 00:10:51.768 31710 31803 I Unity   : }
06-20 00:10:51.768 31710 31803 I Unity   : [DarkPocket] entering to 'NetworkConnection'
06-20 00:10:51.768 31710 31803 W Unity   : Restarting Connection. Reason: EnterDarkPocket: can't remain connection
06-20 00:10:51.769 31710 31803 I Unity   : StopCurrentState
06-20 00:10:51.769 31710 31803 W Unity   : Dispose nebu tasks
06-20 00:10:51.774 31710 31803 I Unity   : [MILMDPBPDDF]; Network initialize finished with active state = [False]
06-20 00:10:51.775 31710 31803 W Unity   : BlockInput was called, but we cannot block input yet
06-20 00:10:51.776 31710 31803 W Unity   : Restarting Connection. Reason: ban
06-20 00:10:51.776 31710 31803 I Unity   : StopCurrentState
06-20 00:10:51.787 31710 31803 I Unity   : Showing alert with title: title_you_are_banned and message: message_you_are_banned
06-20 00:10:51.800 31710 31803 I Unity   : Showing alert with title: title_you_are_banned and message: message_you_are_banned
06-20 00:10:51.802 31710 31803 W Unity   : [NEBU WARN] Reader task was aborted by System.IO.EndOfStreamException : Attempted to read past the end of the stream.; StackTrace:   at LCDDJOIFKME.FIAPGJLMAPC (System.IO.Stream OIIELOMCEBN, System.Byte[] NCJFLFIKFHD) [0x00000] in <00000000000000000000000000000000>:0 
06-20 00:10:51.802 31710 31803 W Unity   :   at KKEGDLFDJJI.OKLIGPHLBNB (System.Net.Sockets.NetworkStream LNCPNLNPMAG) [0x00000] in <00000000000000000000000000000000>:0 
06-20 00:10:51.802 31710 31803 W Unity   :   at DDOPPLDBKIB.GAACDLDPBDC () [0x00000] in <00000000000000000000000000000000>:0 
06-20 00:10:51.802 31710 31803 W Unity   :   at System.Threading.Tasks.Task.Execute () [0x00000] in <00000000000000000000000000000000>:0 
06-20 00:10:51.802 31710 31803 W Unity   :   at System.Threading.ExecutionContext.RunInternal (System.Threading.ExecutionContext executionContext, System.Threading.ContextCallback callback, System.Object state, System.Boolean preserveSyncCtx) [0x00000] in <00000000000000000000000000000000>:0 
06-20 00:10:51.802 31710 31803 W Unity   :   at System.Threading.Tasks.Task.ExecuteWithThreadLocal (System.Threading.Tasks.Task& currentTaskSlot) [0x00000] in <00000000000000000000000000000000>:0 
06-20 00:10:51.802 31710 31803 W Unity   :   at System.Threading.Tasks.Task.ExecuteEntr
06-20 00:10:51.802 31710 31803 I Unity   : [NEBU DEBUG] Reader task terminated
06-20 00:10:51.803 31710 31803 I Unity   : NativeScreenTexture: SetTexture; caller=[SystemAlert]; layer=[994] camera=[Both]; filter=[Blur]; current callers=[empty]
06-20 00:10:51.803 31710 31803 I Unity   : NativeScreenTexture: TakeScreenshot; autoSet=[True]; camera=[Both]; filter=[Blur]
06-20 00:10:51.818 31710 31803 I Unity   : [NEBU DEBUG] Writer task was cancelled
06-20 00:10:51.818 31710 31803 I Unity   : [NEBU DEBUG] Writer task terminated
06-20 00:10:51.911 31710 31710 D CrashMonitor: Performing periodic health check...
06-20 00:10:51.912 31710 31710 W CrashMonitor: High thread count detected: 128
06-20 00:10:51.912 31710 31710 D CrashMonitor: Health check completed - Memory: 5.0%, Threads: 128
06-20 00:10:51.917 31710 31803 I Unity   : CurrentQualityPreset: [high], CurrentDeviceType: [TABLET]
06-20 00:10:51.941 31710 31803 I Unity   : [GAPLKBELEIG]; Get internet accessibility response: [Available]
06-20 00:10:52.419 31710 31731 D Banzai  : Request code: 200
06-20 00:10:52.419 31710 31710 D Banzai  : Request result: 
06-20 00:10:52.706 31710 31832 D TransactionThrottler: Reset transaction throttler
06-20 00:10:52.722 31710 31710 D TransactionThrottler: Reset transaction throttler
06-20 00:10:52.723 31710 31710 D TransactionThrottler: Reset transaction throttler
06-20 00:10:52.728 31710 31720 E LoadedApk: performReceive() called targeting raw IIntentReceiver for Intent { act=android.intent.action.BATTERY_CHANGED flg=0x60000010 (has extras) }
06-20 00:10:53.449 31710 31803 I Unity   : ServerVersion - NetworkSettings.ConfigVersion [full version: 1.45.0.21.16675-prod] ---  CurrentVersion - NetworkSettings.ConfigVersion [full version: 1.45.0.0.16655-prod]
06-20 00:10:53.449 31710 31803 I Unity   : [MKPDMLJNNLC] Start
06-20 00:10:53.450 31710 31803 I Unity   : [MKPDMLJNNLC] Done in 0.024 ms
06-20 00:10:53.451 31710 31803 I Unity   : Sf3BundlesController init
06-20 00:10:53.578 31710 31803 W Unity   : Client time was used instead of server time.
06-20 00:10:53.578 31710 31803 W Unity   : [StringHash] Keeping only hash
06-20 00:10:54.162 31710 31710 D VRI[NekkiNativeActivity]@4280dc: mThreadedRenderer.initializeIfNeeded()#2 mSurface={isValid=true 0x775e2317b0}
06-20 00:10:54.162 31710 31710 D InputMethodManagerUtils: startInputInner - Id : 0
06-20 00:10:54.162 31710 31710 I InputMethodManager: startInputInner - IInputMethodManagerGlobalInvoker.startInputOrWindowGainedFocus
06-20 00:10:54.164 31710 31710 I InputMethodManager: handleMessage: setImeVisibility visible=false
06-20 00:10:54.165 31710 31710 D InsetsController: hide(ime(), fromIme=false)
06-20 00:10:54.165 31710 31710 I ImeTracker: top.niunaijun.blackbox:9b37de0f: onCancelled at PHASE_CLIENT_ALREADY_HIDDEN
06-20 00:10:54.168 31710 31720 D InputTransport: Input channel constructed: 'ClientS', fd=346
06-20 00:10:54.393 31710 31803 W Unity   : AndroidJNIHelper.GetSignature: using Byte parameters is obsolete, use SByte parameters instead
06-20 00:10:54.393 31710 31803 W Unity   : AndroidJNIHelper: converting from Byte array is obsolete, use SByte array instead
06-20 00:10:54.399 31710 31803 I Unity   : Initialize android haptic feedback
06-20 00:10:54.519 31710 31803 I Unity   : Preload quests triggers by locks [INIT]
06-20 00:10:54.520 31710 31803 I Unity   : [Achievements] Not supported platform
06-20 00:10:54.822 31710 31803 I Unity   : Load triggers by locks. Loaded splits=[69]
06-20 00:10:54.829 31710 31803 I Unity   : Showing alert with title: title_you_are_banned and message: message_you_are_banned
06-20 00:10:54.865 31710 31803 I Unity   : Set mute volume on mixer [MasterMixer] to [False]
06-20 00:10:54.865 31710 31803 I Unity   : Initialize mixers volume:
06-20 00:10:54.865 31710 31803 I Unity   : Ambient: 0
06-20 00:10:54.865 31710 31803 I Unity   : Battle: 0
06-20 00:10:54.865 31710 31803 I Unity   : MasterMixer: 0
06-20 00:10:54.865 31710 31803 I Unity   : Music: 0
06-20 00:10:54.865 31710 31803 I Unity   : UI: 0
06-20 00:10:54.871 31710 31803 I Unity   : BundlesNetworkState Download succeeded
06-20 00:10:54.871 31710 31803 I Unity   : Start Connecting IP:ec2-13-126-233-176.ap-south-1.compute.amazonaws.com Port:443
06-20 00:10:54.882 31710 31803 I Unity   : [NEBU INFO] Connecting to ec2-13-126-233-176.ap-south-1.compute.amazonaws.com:443
06-20 00:10:54.915 31710 31803 I Unity   : [NEBU DEBUG] Reader task is started
06-20 00:10:54.915 31710 31803 I Unity   : [NEBU DEBUG] Writer task is started
06-20 00:10:54.938 31710 32137 D AdvertisingIdClient: AdvertisingIdClient already created.
06-20 00:10:54.938 31710 32137 D AdvertisingIdClient: AdvertisingIdClient is not bounded. Starting to bind it...
06-20 00:10:54.939 31710 32137 W GooglePlayServicesUtil: com.nekki.shadowfight3 requires Google Play services, but they are missing.
06-20 00:10:54.940 31710 32137 I AdvertisingIdClient: shouldSendLog -1
06-20 00:10:54.941 31710 31782 W GooglePlayServicesUtil: com.nekki.shadowfight3 requires Google Play services, but they are missing.
06-20 00:10:54.943 31710 31782 W GoogleApiManager: The service for com.google.android.gms.common.internal.service.zau is not available: ConnectionResult{statusCode=SERVICE_MISSING, resolution=null, message=null, clientMethodKey=null}
06-20 00:10:54.952 31710 31803 I Unity   : Frame:[711], Type:[ThrowEvent], Body:[Event: Type: NetworkConnection | Data: 
06-20 00:10:54.952 31710 31803 I Unity   :  HasTrigger: False QueueCount: 0 - ], List:[0:]
06-20 00:10:54.953 31710 31803 I Unity   : OnConnectionSuccess
06-20 00:10:54.953 31710 31803 I Banzai  : Path: /storage/emulated/0/Android/data/top.niunaijun.blackbox/files/blackbox/storage/emulated/0/Android/data/com.nekki.shadowfight3/files/tou.file
06-20 00:10:54.955 31710 31803 D Banzai  : Send request on url https://sf3lb.nekki.com/clog?guid=96b1a4edeac872bc&e=SMARTFOX_CONNECT&ext=eyJSQU0iOiIzNjQyIiwiQVJDSCI6ImFybTY0LXY4YSIsIk9TIjoiMTYiLCJMQU5HIjoiRW5nbGlzaCIsIk5FVCI6IldJRkkiLCJPR0wiOiJPUEVOR0xFU18zXzAiLCJCTiI6IjE5MjA5IiwiUEwiOiJBbmRyb2lkIn0%3D
06-20 00:10:54.956 31710 31803 W Unity   : AndroidJNIHelper.GetSignature: using Byte parameters is obsolete, use SByte parameters instead
06-20 00:10:54.956 31710 31803 W Unity   : AndroidJNIHelper: converting from Byte array is obsolete, use SByte array instead
06-20 00:10:54.956 31710 31803 I Unity   : Banzai.Networking.Proto.LoginRequest{
06-20 00:10:54.956 31710 31803 I Unity   :   "Version": 6,
06-20 00:10:54.956 31710 31803 I Unity   :   "PrimaryAuthToken": {
06-20 00:10:54.956 31710 31803 I Unity   :     "Type": 1,
06-20 00:10:54.956 31710 31803 I Unity   :     "Data": "{\"login\":\"f87f2dd4-1e29-4525-ae27-643f8c4741f3\",\"password\":\"a66d4a1ed29c9b7ffe0def09c315064e\"}"
06-20 00:10:54.956 31710 31803 I Unity   :   },
06-20 00:10:54.956 31710 31803 I Unity   :   "SecondaryAuthToken": [
06-20 00:10:54.956 31710 31803 I Unity   :     {
06-20 00:10:54.956 31710 31803 I Unity   :       "Type": 6,
06-20 00:10:54.956 31710 31803 I Unity   :       "Data": "96b1a4edeac872bc"
06-20 00:10:54.956 31710 31803 I Unity   :     }
06-20 00:10:54.956 31710 31803 I Unity   :   ],
06-20 00:10:54.956 31710 31803 I Unity   :   "ExtData": "{\"platform\":\"Android\",\"v\":\"19209\",\"app_id\":\"com.nekki.shadowfight3\",\"f\":\"83B0D4A4D4F807F43894DA205FDD9522E53DFA45\",\"bnumber\":\"19209\",\"bname\":\"UnityClient_ShadowFight3_UnityClientShadowFight3Release_ConfigurationAndroid\"}"
06-20 00:10:54.956 31710 31803 I Unity   : }
06-20 00:10:54.965 31710 31803 I Unity   : [NEBU DEBUG] CompressionThreshold = 256
06-20 00:10:54.981 31710 31803 I Unity   : OnLogin - Guid:  
06-20 00:10:54.985 31710 31803 I Unity   : [BMNNADNBPKN] Init shop data from null
06-20 00:10:54.989 31710 32132 W Unity   : Reader task was aborted by System.IO.EndOfStreamException : Attempted to read past the end of the stream.; StackTrace:   at LCDDJOIFKME.FIAPGJLMAPC (System.IO.Stream OIIELOMCEBN, System.Byte[] NCJFLFIKFHD) [0x00000] in <00000000000000000000000000000000>:0 
06-20 00:10:54.989 31710 32132 W Unity   :   at KKEGDLFDJJI.OKLIGPHLBNB (System.Net.Sockets.NetworkStream LNCPNLNPMAG) [0x00000] in <00000000000000000000000000000000>:0 
06-20 00:10:54.989 31710 32132 W Unity   :   at DDOPPLDBKIB.GAACDLDPBDC () [0x00000] in <00000000000000000000000000000000>:0 
06-20 00:10:54.989 31710 32132 W Unity   :   at System.Threading.Tasks.Task.Execute () [0x00000] in <00000000000000000000000000000000>:0 
06-20 00:10:54.989 31710 32132 W Unity   :   at System.Threading.ExecutionContext.RunInternal (System.Threading.ExecutionContext executionContext, System.Threading.ContextCallback callback, System.Object state, System.Boolean preserveSyncCtx) [0x00000] in <00000000000000000000000000000000>:0 
06-20 00:10:54.989 31710 32132 W Unity   :   at System.Threading.Tasks.Task.ExecuteWithThreadLocal (System.Threading.Tasks.Task& currentTaskSlot) [0x00000] in <00000000000000000000000000000000>:0 
06-20 00:10:54.989 31710 32132 W Unity   :   at System.Threading.Tasks.Task.ExecuteEntry (System.Bo
06-20 00:10:54.993 31710 31710 I AdvertisingIdClient: getting error as 17: API: ClientTelemetry.API is not available on this device. Connection failed with: ConnectionResult{statusCode=SERVICE_MISSING, resolution=null, message=null, clientMethodKey=null}
06-20 00:10:54.993 31710 32137 W GooglePlayServicesUtil: com.nekki.shadowfight3 requires Google Play services, but they are missing.
06-20 00:10:54.993 31710 31782 W GooglePlayServicesUtil: com.nekki.shadowfight3 requires Google Play services, but they are missing.
06-20 00:10:54.995 31710 31782 W GoogleApiManager: The service for com.google.android.gms.internal.appset.zzd is not available: ConnectionResult{statusCode=SERVICE_MISSING, resolution=null, message=null, clientMethodKey=null}
06-20 00:10:55.015 31710 31803 I Unity   : Preloading in-apps...
06-20 00:10:55.031 31710 31803 I Unity   : [Server Event] cmd:<b>ban_event</b> type:sfDTO.BanEventData extensible:
06-20 00:10:55.031 31710 31803 I Unity   : sfDTO.BanEventData{
06-20 00:10:55.031 31710 31803 I Unity   :   "Type": 1,
06-20 00:10:55.031 31710 31803 I Unity   :   "Reason": "Violation of the rules of the game",
06-20 00:10:55.031 31710 31803 I Unity   :   "MillisLeft": 84122007,
06-20 00:10:55.031 31710 31803 I Unity   :   "PlayerId": 69994873
06-20 00:10:55.031 31710 31803 I Unity   : }
06-20 00:10:55.032 31710 31803 I Unity   : [DarkPocket] entering to 'NetworkConnection'
06-20 00:10:55.032 31710 31803 W Unity   : BlockInput was called, but we cannot block input yet
06-20 00:10:55.032 31710 31803 W Unity   : Restarting Connection. Reason: ban
06-20 00:10:55.032 31710 31803 I Unity   : StopCurrentState
06-20 00:10:55.032 31710 31803 W Unity   : Dispose nebu tasks
06-20 00:10:55.033 31710 31803 I Unity   : C#: Fyber User ID: 69994873
06-20 00:10:55.043 31710 31803 W PrivacySettings: Stored IAB US Privacy string = null
06-20 00:10:55.043 31710 31803 D AdvertisingIdClient: AdvertisingIdClient already created.
06-20 00:10:55.043 31710 31803 D AdvertisingIdClient: AdvertisingIdClient is not bounded. Starting to bind it...
06-20 00:10:55.043 31710 31803 W GooglePlayServicesUtil: com.nekki.shadowfight3 requires Google Play services, but they are missing.
06-20 00:10:55.044 31710 31803 I AdvertisingIdClient: shouldSendLog -1
06-20 00:10:55.045 31710 31782 W GooglePlayServicesUtil: com.nekki.shadowfight3 requires Google Play services, but they are missing.
06-20 00:10:55.045 31710 32137 D AudioPermissionProxy: AudioPermission: getStreamVolume called, allowing
06-20 00:10:55.046 31710 32137 D AudioPermissionProxy: AudioPermission: getStreamMaxVolume called, allowing
06-20 00:10:55.047 31710 31782 W GoogleApiManager: The service for com.google.android.gms.common.internal.service.zau is not available: ConnectionResult{statusCode=SERVICE_MISSING, resolution=null, message=null, clientMethodKey=null}
06-20 00:10:55.048 31710 31803 W Unity   : [NEBU WARN] Reader task was aborted by System.IO.EndOfStreamException : Attempted to read past the end of the stream.; StackTrace:   at LCDDJOIFKME.FIAPGJLMAPC (System.IO.Stream OIIELOMCEBN, System.Byte[] NCJFLFIKFHD) [0x00000] in <00000000000000000000000000000000>:0 
06-20 00:10:55.048 31710 31803 W Unity   :   at KKEGDLFDJJI.OKLIGPHLBNB (System.Net.Sockets.NetworkStream LNCPNLNPMAG) [0x00000] in <00000000000000000000000000000000>:0 
06-20 00:10:55.048 31710 31803 W Unity   :   at DDOPPLDBKIB.GAACDLDPBDC () [0x00000] in <00000000000000000000000000000000>:0 
06-20 00:10:55.048 31710 31803 W Unity   :   at System.Threading.Tasks.Task.Execute () [0x00000] in <00000000000000000000000000000000>:0 
06-20 00:10:55.048 31710 31803 W Unity   :   at System.Threading.ExecutionContext.RunInternal (System.Threading.ExecutionContext executionContext, System.Threading.ContextCallback callback, System.Object state, System.Boolean preserveSyncCtx) [0x00000] in <00000000000000000000000000000000>:0 
06-20 00:10:55.048 31710 31803 W Unity   :   at System.Threading.Tasks.Task.ExecuteWithThreadLocal (System.Threading.Tasks.Task& currentTaskSlot) [0x00000] in <00000000000000000000000000000000>:0 
06-20 00:10:55.048 31710 31803 W Unity   :   at System.Threading.Tasks.Task.ExecuteEntr
06-20 00:10:55.048 31710 31803 I Unity   : [NEBU DEBUG] Reader task terminated
06-20 00:10:55.048 31710 31710 I AdvertisingIdClient: getting error as 17: API: ClientTelemetry.API is not available on this device. Connection failed with: ConnectionResult{statusCode=SERVICE_MISSING, resolution=null, message=null, clientMethodKey=null}
06-20 00:10:55.051 31710 31803 I Unity   : [NEBU DEBUG] Writer task was cancelled
06-20 00:10:55.051 31710 31803 I Unity   : [NEBU DEBUG] Writer task terminated
06-20 00:10:55.051 31710 32137 D AttributionSourceUtils: Fixed AttributionSource UID in method arguments
