06-20 12:00:18.213 15989 16101 W Unity   :   at KKEGDLFDJJI.OKLIGPHLBNB (System.Net.Sockets.NetworkStream LNCPNLNPMAG) [0x00000] in <00000000000000000000000000000000>:0 
06-20 12:00:18.213 15989 16101 W Unity   :   at DDOPPLDBKIB.GAACDLDPBDC () [0x00000] in <00000000000000000000000000000000>:0 
06-20 12:00:18.213 15989 16101 W Unity   :   at System.Threading.Tasks.Task.Execute () [0x00000] in <00000000000000000000000000000000>:0 
06-20 12:00:18.213 15989 16101 W Unity   :   at System.Threading.ExecutionContext.RunInternal (System.Threading.ExecutionContext executionContext, System.Threading.ContextCallback callback, System.Object state, System.Boolean preserveSyncCtx) [0x00000] in <00000000000000000000000000000000>:0 
06-20 12:00:18.213 15989 16101 W Unity   :   at System.Threading.Tasks.Task.ExecuteWithThreadLocal (System.Threading.Tasks.Task& currentTaskSlot) [0x00000] in <00000000000000000000000000000000>:0 
06-20 12:00:18.213 15989 16101 W Unity   :   at System.Threading.Tasks.Task.ExecuteEntr
06-20 12:00:18.213 15989 16101 I Unity   : [NEBU DEBUG] Reader task terminated
06-20 12:00:18.219 15989 16101 I Unity   : C#: HandleSetUserIDSuccess
06-20 12:00:18.223 15989 16101 I Unity   : [NEBU DEBUG] Writer task was cancelled
06-20 12:00:18.223 15989 16101 I Unity   : [NEBU DEBUG] Writer task terminated
06-20 12:00:18.322 15989 16520 D Banzai  : Request code: 200
06-20 12:00:18.323 15989 15989 D Banzai  : Request result: 
06-20 12:00:18.376 15989 16101 I Unity   : [GAPLKBELEIG]; Get internet accessibility response: [Available]
06-20 12:00:18.423 15989 16101 I Unity   : ServerVersion - NetworkSettings.ConfigVersion [full version: 1.45.0.21.16675-prod] ---  CurrentVersion - NetworkSettings.ConfigVersion [full version: 1.45.0.0.16655-prod]
06-20 12:00:18.423 15989 16101 I Unity   : [MKPDMLJNNLC] Start
06-20 12:00:18.424 15989 16101 I Unity   : [MKPDMLJNNLC] Done in 0.027 ms
06-20 12:00:18.678 15989 16101 I Unity   : BundlesNetworkState Download succeeded
06-20 12:00:18.679 15989 16101 I Unity   : Start Connecting IP:ec2-52-66-28-201.ap-south-1.compute.amazonaws.com Port:443
06-20 12:00:18.682 15989 16101 I Unity   : [NEBU INFO] Connecting to ec2-52-66-28-201.ap-south-1.compute.amazonaws.com:443
06-20 12:00:18.732 15989 16101 I Unity   : [NEBU DEBUG] Reader task is started
06-20 12:00:18.732 15989 16101 I Unity   : [NEBU DEBUG] Writer task is started
06-20 12:00:18.769 15989 16101 I Unity   : Frame:[4987], Type:[ThrowEvent], Body:[Event: Type: NetworkConnection | Data: 
06-20 12:00:18.769 15989 16101 I Unity   :  HasTrigger: False QueueCount: 0 - ], List:[0:]
06-20 12:00:18.770 15989 16101 I Unity   : OnConnectionSuccess
06-20 12:00:18.770 15989 16101 I Banzai  : Path: /storage/emulated/0/Android/data/top.niunaijun.blackbox/files/blackbox/storage/emulated/0/Android/data/com.nekki.shadowfight3/files/tou.file
06-20 12:00:18.771 15989 16101 D Banzai  : Send request on url https://sf3lb.nekki.com/clog?guid=96b1a4edeac872bc&e=SMARTFOX_CONNECT&ext=eyJSQU0iOiIzNjQyIiwiQVJDSCI6ImFybTY0LXY4YSIsIk9TIjoiMTYiLCJMQU5HIjoiRW5nbGlzaCIsIk5FVCI6IldJRkkiLCJPR0wiOiJPUEVOR0xFU18zXzAiLCJCTiI6IjE5MjA5IiwiUEwiOiJBbmRyb2lkIn0%3D
06-20 12:00:18.773 15989 16101 W Unity   : AndroidJNIHelper.GetSignature: using Byte parameters is obsolete, use SByte parameters instead
06-20 12:00:18.773 15989 16101 W Unity   : AndroidJNIHelper: converting from Byte array is obsolete, use SByte array instead
06-20 12:00:18.774 15989 16101 I Unity   : Banzai.Networking.Proto.LoginRequest{
06-20 12:00:18.774 15989 16101 I Unity   :   "Version": 6,
06-20 12:00:18.774 15989 16101 I Unity   :   "PrimaryAuthToken": {
06-20 12:00:18.774 15989 16101 I Unity   :     "Type": 1,
06-20 12:00:18.774 15989 16101 I Unity   :     "Data": "{\"login\":\"bf79b85a-01e4-49c9-92ec-a17edd7516ab\",\"password\":\"b3d9727fa5c53b9847e222797efbbb3c\"}"
06-20 12:00:18.774 15989 16101 I Unity   :   },
06-20 12:00:18.774 15989 16101 I Unity   :   "SecondaryAuthToken": [
06-20 12:00:18.774 15989 16101 I Unity   :     {
06-20 12:00:18.774 15989 16101 I Unity   :       "Type": 6,
06-20 12:00:18.774 15989 16101 I Unity   :       "Data": "96b1a4edeac872bc"
06-20 12:00:18.774 15989 16101 I Unity   :     }
06-20 12:00:18.774 15989 16101 I Unity   :   ],
06-20 12:00:18.774 15989 16101 I Unity   :   "ExtData": "{\"platform\":\"Android\",\"v\":\"19209\",\"app_id\":\"com.nekki.shadowfight3\",\"f\":\"D41BB821674B618B79A496F51EAF8CEBC098514D\",\"bnumber\":\"19209\",\"bname\":\"UnityClient_ShadowFight3_UnityClientShadowFight3Release_ConfigurationAndroid\"}"
06-20 12:00:18.774 15989 16101 I Unity   : }
06-20 12:00:18.784 15989 16101 I Unity   : [NEBU DEBUG] CompressionThreshold = 256
06-20 12:00:18.806 15989 16802 W Unity   : Reader task was aborted by System.IO.EndOfStreamException : Attempted to read past the end of the stream.; StackTrace:   at LCDDJOIFKME.FIAPGJLMAPC (System.IO.Stream OIIELOMCEBN, System.Byte[] NCJFLFIKFHD) [0x00000] in <00000000000000000000000000000000>:0 
06-20 12:00:18.806 15989 16802 W Unity   :   at KKEGDLFDJJI.OKLIGPHLBNB (System.Net.Sockets.NetworkStream LNCPNLNPMAG) [0x00000] in <00000000000000000000000000000000>:0 
06-20 12:00:18.806 15989 16802 W Unity   :   at DDOPPLDBKIB.GAACDLDPBDC () [0x00000] in <00000000000000000000000000000000>:0 
06-20 12:00:18.806 15989 16802 W Unity   :   at System.Threading.Tasks.Task.Execute () [0x00000] in <00000000000000000000000000000000>:0 
06-20 12:00:18.806 15989 16802 W Unity   :   at System.Threading.ExecutionContext.RunInternal (System.Threading.ExecutionContext executionContext, System.Threading.ContextCallback callback, System.Object state, System.Boolean preserveSyncCtx) [0x00000] in <00000000000000000000000000000000>:0 
06-20 12:00:18.806 15989 16802 W Unity   :   at System.Threading.Tasks.Task.ExecuteWithThreadLocal (System.Threading.Tasks.Task& currentTaskSlot) [0x00000] in <00000000000000000000000000000000>:0 
06-20 12:00:18.806 15989 16802 W Unity   :   at System.Threading.Tasks.Task.ExecuteEntry (System.Bo
06-20 12:00:18.815 15989 16101 I Unity   : OnLogin - Guid:  
06-20 12:00:18.816 15989 16101 I Unity   : [Server Event] cmd:<b>ban_event</b> type:sfDTO.BanEventData extensible:
06-20 12:00:18.816 15989 16101 I Unity   : sfDTO.BanEventData{
06-20 12:00:18.816 15989 16101 I Unity   :   "Type": 1,
06-20 12:00:18.816 15989 16101 I Unity   :   "Reason": "Violation of the rules of the game",
06-20 12:00:18.816 15989 16101 I Unity   :   "MillisLeft": 41558206,
06-20 12:00:18.816 15989 16101 I Unity   :   "PlayerId": 69994873
06-20 12:00:18.816 15989 16101 I Unity   : }
06-20 12:00:18.816 15989 16101 I Unity   : [DarkPocket] entering to 'NetworkConnection'
06-20 12:00:18.816 15989 16101 W Unity   : BlockInput was called, but we cannot block input yet
06-20 12:00:18.816 15989 16101 W Unity   : Restarting Connection. Reason: ban
06-20 12:00:18.816 15989 16101 I Unity   : StopCurrentState
06-20 12:00:18.816 15989 16101 W Unity   : Dispose nebu tasks
06-20 12:00:18.818 15989 16101 I Unity   : C#: User ID: 69994873
06-20 12:00:18.819 15989 16101 I Unity   : C#: Fyber User ID: 69994873
06-20 12:00:18.820 15989 16101 W Unity   : [NEBU WARN] Reader task was aborted by System.IO.EndOfStreamException : Attempted to read past the end of the stream.; StackTrace:   at LCDDJOIFKME.FIAPGJLMAPC (System.IO.Stream OIIELOMCEBN, System.Byte[] NCJFLFIKFHD) [0x00000] in <00000000000000000000000000000000>:0 
06-20 12:00:18.820 15989 16101 W Unity   :   at KKEGDLFDJJI.OKLIGPHLBNB (System.Net.Sockets.NetworkStream LNCPNLNPMAG) [0x00000] in <00000000000000000000000000000000>:0 
06-20 12:00:18.820 15989 16101 W Unity   :   at DDOPPLDBKIB.GAACDLDPBDC () [0x00000] in <00000000000000000000000000000000>:0 
06-20 12:00:18.820 15989 16101 W Unity   :   at System.Threading.Tasks.Task.Execute () [0x00000] in <00000000000000000000000000000000>:0 
06-20 12:00:18.820 15989 16101 W Unity   :   at System.Threading.ExecutionContext.RunInternal (System.Threading.ExecutionContext executionContext, System.Threading.ContextCallback callback, System.Object state, System.Boolean preserveSyncCtx) [0x00000] in <00000000000000000000000000000000>:0 
06-20 12:00:18.820 15989 16101 W Unity   :   at System.Threading.Tasks.Task.ExecuteWithThreadLocal (System.Threading.Tasks.Task& currentTaskSlot) [0x00000] in <00000000000000000000000000000000>:0 
06-20 12:00:18.820 15989 16101 W Unity   :   at System.Threading.Tasks.Task.ExecuteEntr
06-20 12:00:18.820 15989 16101 I Unity   : [NEBU DEBUG] Reader task terminated
06-20 12:00:18.831 15989 16101 I Unity   : C#: HandleSetUserIDSuccess
06-20 12:00:18.832 15989 16101 I Unity   : [NEBU DEBUG] Writer task was cancelled
06-20 12:00:18.833 15989 16101 I Unity   : [NEBU DEBUG] Writer task terminated
06-20 12:00:18.933 15989 16520 D Banzai  : Request code: 200
06-20 12:00:18.934 15989 15989 D Banzai  : Request result: 
06-20 12:00:18.986 15989 16101 I Unity   : [GAPLKBELEIG]; Get internet accessibility response: [Available]
06-20 12:00:19.025 15989 16101 I Unity   : ServerVersion - NetworkSettings.ConfigVersion [full version: 1.45.0.21.16675-prod] ---  CurrentVersion - NetworkSettings.ConfigVersion [full version: 1.45.0.0.16655-prod]
06-20 12:00:19.025 15989 16101 I Unity   : [MKPDMLJNNLC] Start
06-20 12:00:19.026 15989 16101 I Unity   : [MKPDMLJNNLC] Done in 0.028 ms
06-20 12:00:19.067 15989 16101 W Unity   : AndroidJNIHelper.GetSignature: using Byte parameters is obsolete, use SByte parameters instead
06-20 12:00:19.067 15989 16101 W Unity   : AndroidJNIHelper: converting from Byte array is obsolete, use SByte array instead
06-20 12:00:19.207 15989 15989 E IronSource AdQuality: RemoteConfig: Error getting config from server: -1
06-20 12:00:19.303 15989 16101 I Unity   : BundlesNetworkState Download succeeded
06-20 12:00:19.304 15989 16101 I Unity   : Start Connecting IP:ec2-52-66-28-201.ap-south-1.compute.amazonaws.com Port:443
06-20 12:00:19.310 15989 16101 I Unity   : [NEBU INFO] Connecting to ec2-52-66-28-201.ap-south-1.compute.amazonaws.com:443
06-20 12:00:19.343 15989 16101 I Unity   : [NEBU DEBUG] Reader task is started
06-20 12:00:19.343 15989 16101 I Unity   : [NEBU DEBUG] Writer task is started
06-20 12:00:19.380 15989 16101 I Unity   : Frame:[5024], Type:[ThrowEvent], Body:[Event: Type: NetworkConnection | Data: 
06-20 12:00:19.380 15989 16101 I Unity   :  HasTrigger: False QueueCount: 0 - ], List:[0:]
06-20 12:00:19.380 15989 16101 I Unity   : OnConnectionSuccess
06-20 12:00:19.381 15989 16101 I Banzai  : Path: /storage/emulated/0/Android/data/top.niunaijun.blackbox/files/blackbox/storage/emulated/0/Android/data/com.nekki.shadowfight3/files/tou.file
06-20 12:00:19.382 15989 16101 D Banzai  : Send request on url https://sf3lb.nekki.com/clog?guid=96b1a4edeac872bc&e=SMARTFOX_CONNECT&ext=eyJSQU0iOiIzNjQyIiwiQVJDSCI6ImFybTY0LXY4YSIsIk9TIjoiMTYiLCJMQU5HIjoiRW5nbGlzaCIsIk5FVCI6IldJRkkiLCJPR0wiOiJPUEVOR0xFU18zXzAiLCJCTiI6IjE5MjA5IiwiUEwiOiJBbmRyb2lkIn0%3D
06-20 12:00:19.384 15989 16101 W Unity   : AndroidJNIHelper.GetSignature: using Byte parameters is obsolete, use SByte parameters instead
06-20 12:00:19.384 15989 16101 W Unity   : AndroidJNIHelper: converting from Byte array is obsolete, use SByte array instead
06-20 12:00:19.385 15989 16101 I Unity   : Banzai.Networking.Proto.LoginRequest{
06-20 12:00:19.385 15989 16101 I Unity   :   "Version": 6,
06-20 12:00:19.385 15989 16101 I Unity   :   "PrimaryAuthToken": {
06-20 12:00:19.385 15989 16101 I Unity   :     "Type": 1,
06-20 12:00:19.385 15989 16101 I Unity   :     "Data": "{\"login\":\"bf79b85a-01e4-49c9-92ec-a17edd7516ab\",\"password\":\"58ba2dc997f6ca61eebd566511558bc4\"}"
06-20 12:00:19.385 15989 16101 I Unity   :   },
06-20 12:00:19.385 15989 16101 I Unity   :   "SecondaryAuthToken": [
06-20 12:00:19.385 15989 16101 I Unity   :     {
06-20 12:00:19.385 15989 16101 I Unity   :       "Type": 6,
06-20 12:00:19.385 15989 16101 I Unity   :       "Data": "96b1a4edeac872bc"
06-20 12:00:19.385 15989 16101 I Unity   :     }
06-20 12:00:19.385 15989 16101 I Unity   :   ],
06-20 12:00:19.385 15989 16101 I Unity   :   "ExtData": "{\"platform\":\"Android\",\"v\":\"19209\",\"app_id\":\"com.nekki.shadowfight3\",\"f\":\"C695B79174554F04B7BD65DA5377DA63DF6D585D\",\"bnumber\":\"19209\",\"bname\":\"UnityClient_ShadowFight3_UnityClientShadowFight3Release_ConfigurationAndroid\"}"
06-20 12:00:19.385 15989 16101 I Unity   : }
06-20 12:00:19.393 15989 16101 I Unity   : [NEBU DEBUG] CompressionThreshold = 256
06-20 12:00:19.416 15989 16830 W Unity   : Reader task was aborted by System.IO.EndOfStreamException : Attempted to read past the end of the stream.; StackTrace:   at LCDDJOIFKME.FIAPGJLMAPC (System.IO.Stream OIIELOMCEBN, System.Byte[] NCJFLFIKFHD) [0x00000] in <00000000000000000000000000000000>:0 
06-20 12:00:19.416 15989 16830 W Unity   :   at KKEGDLFDJJI.OKLIGPHLBNB (System.Net.Sockets.NetworkStream LNCPNLNPMAG) [0x00000] in <00000000000000000000000000000000>:0 
06-20 12:00:19.416 15989 16830 W Unity   :   at DDOPPLDBKIB.GAACDLDPBDC () [0x00000] in <00000000000000000000000000000000>:0 
06-20 12:00:19.416 15989 16830 W Unity   :   at System.Threading.Tasks.Task.Execute () [0x00000] in <00000000000000000000000000000000>:0 
06-20 12:00:19.416 15989 16830 W Unity   :   at System.Threading.ExecutionContext.RunInternal (System.Threading.ExecutionContext executionContext, System.Threading.ContextCallback callback, System.Object state, System.Boolean preserveSyncCtx) [0x00000] in <00000000000000000000000000000000>:0 
06-20 12:00:19.416 15989 16830 W Unity   :   at System.Threading.Tasks.Task.ExecuteWithThreadLocal (System.Threading.Tasks.Task& currentTaskSlot) [0x00000] in <00000000000000000000000000000000>:0 
06-20 12:00:19.416 15989 16830 W Unity   :   at System.Threading.Tasks.Task.ExecuteEntry (System.Bo
06-20 12:00:19.426 15989 16101 I Unity   : OnLogin - Guid:  
06-20 12:00:19.427 15989 16101 I Unity   : [Server Event] cmd:<b>ban_event</b> type:sfDTO.BanEventData extensible:
06-20 12:00:19.427 15989 16101 I Unity   : sfDTO.BanEventData{
06-20 12:00:19.427 15989 16101 I Unity   :   "Type": 1,
06-20 12:00:19.427 15989 16101 I Unity   :   "Reason": "Violation of the rules of the game",
06-20 12:00:19.427 15989 16101 I Unity   :   "MillisLeft": 41557597,
06-20 12:00:19.427 15989 16101 I Unity   :   "PlayerId": 69994873
06-20 12:00:19.427 15989 16101 I Unity   : }
06-20 12:00:19.427 15989 16101 I Unity   : [DarkPocket] entering to 'NetworkConnection'
06-20 12:00:19.427 15989 16101 W Unity   : BlockInput was called, but we cannot block input yet
06-20 12:00:19.427 15989 16101 W Unity   : Restarting Connection. Reason: ban
06-20 12:00:19.427 15989 16101 I Unity   : StopCurrentState
06-20 12:00:19.428 15989 16101 W Unity   : Dispose nebu tasks
06-20 12:00:19.430 15989 16101 I Unity   : C#: User ID: 69994873
06-20 12:00:19.430 15989 16101 I Unity   : C#: Fyber User ID: 69994873
06-20 12:00:19.431 15989 16101 W Unity   : [NEBU WARN] Reader task was aborted by System.IO.EndOfStreamException : Attempted to read past the end of the stream.; StackTrace:   at LCDDJOIFKME.FIAPGJLMAPC (System.IO.Stream OIIELOMCEBN, System.Byte[] NCJFLFIKFHD) [0x00000] in <00000000000000000000000000000000>:0 
06-20 12:00:19.431 15989 16101 W Unity   :   at KKEGDLFDJJI.OKLIGPHLBNB (System.Net.Sockets.NetworkStream LNCPNLNPMAG) [0x00000] in <00000000000000000000000000000000>:0 
06-20 12:00:19.431 15989 16101 W Unity   :   at DDOPPLDBKIB.GAACDLDPBDC () [0x00000] in <00000000000000000000000000000000>:0 
06-20 12:00:19.431 15989 16101 W Unity   :   at System.Threading.Tasks.Task.Execute () [0x00000] in <00000000000000000000000000000000>:0 
06-20 12:00:19.431 15989 16101 W Unity   :   at System.Threading.ExecutionContext.RunInternal (System.Threading.ExecutionContext executionContext, System.Threading.ContextCallback callback, System.Object state, System.Boolean preserveSyncCtx) [0x00000] in <00000000000000000000000000000000>:0 
06-20 12:00:19.431 15989 16101 W Unity   :   at System.Threading.Tasks.Task.ExecuteWithThreadLocal (System.Threading.Tasks.Task& currentTaskSlot) [0x00000] in <00000000000000000000000000000000>:0 
06-20 12:00:19.431 15989 16101 W Unity   :   at System.Threading.Tasks.Task.ExecuteEntr
06-20 12:00:19.431 15989 16101 I Unity   : [NEBU DEBUG] Reader task terminated
06-20 12:00:19.441 15989 16101 I Unity   : C#: HandleSetUserIDSuccess
06-20 12:00:19.443 15989 16101 I Unity   : [NEBU DEBUG] Writer task was cancelled
06-20 12:00:19.443 15989 16101 I Unity   : [NEBU DEBUG] Writer task terminated
06-20 12:00:19.545 15989 16520 D Banzai  : Request code: 200
06-20 12:00:19.546 15989 15989 D Banzai  : Request result: 
06-20 12:00:19.598 15989 16101 I Unity   : [GAPLKBELEIG]; Get internet accessibility response: [Available]
06-20 12:00:19.651 15989 16101 I Unity   : ServerVersion - NetworkSettings.ConfigVersion [full version: 1.45.0.21.16675-prod] ---  CurrentVersion - NetworkSettings.ConfigVersion [full version: 1.45.0.0.16655-prod]
06-20 12:00:19.651 15989 16101 I Unity   : [MKPDMLJNNLC] Start
06-20 12:00:19.652 15989 16101 I Unity   : [MKPDMLJNNLC] Done in 0.036 ms
06-20 12:00:19.807 15989 16101 W Unity   : AndroidJNIHelper.GetSignature: using Byte parameters is obsolete, use SByte parameters instead
06-20 12:00:19.808 15989 16101 W Unity   : AndroidJNIHelper: converting from Byte array is obsolete, use SByte array instead
06-20 12:00:19.959 15989 16101 I Unity   : BundlesNetworkState Download succeeded
06-20 12:00:19.960 15989 16101 I Unity   : Start Connecting IP:ec2-52-66-28-201.ap-south-1.compute.amazonaws.com Port:443
06-20 12:00:19.971 15989 16101 I Unity   : [NEBU INFO] Connecting to ec2-52-66-28-201.ap-south-1.compute.amazonaws.com:443
06-20 12:00:20.004 15989 16101 I Unity   : [NEBU DEBUG] Reader task is started
06-20 12:00:20.004 15989 16101 I Unity   : [NEBU DEBUG] Writer task is started
06-20 12:00:20.040 15989 16101 I Unity   : Frame:[5064], Type:[ThrowEvent], Body:[Event: Type: NetworkConnection | Data: 
06-20 12:00:20.040 15989 16101 I Unity   :  HasTrigger: False QueueCount: 0 - ], List:[0:]
06-20 12:00:20.040 15989 16101 I Unity   : OnConnectionSuccess
06-20 12:00:20.040 15989 16101 I Banzai  : Path: /storage/emulated/0/Android/data/top.niunaijun.blackbox/files/blackbox/storage/emulated/0/Android/data/com.nekki.shadowfight3/files/tou.file
06-20 12:00:20.042 15989 16101 D Banzai  : Send request on url https://sf3lb.nekki.com/clog?guid=96b1a4edeac872bc&e=SMARTFOX_CONNECT&ext=eyJSQU0iOiIzNjQyIiwiQVJDSCI6ImFybTY0LXY4YSIsIk9TIjoiMTYiLCJMQU5HIjoiRW5nbGlzaCIsIk5FVCI6IldJRkkiLCJPR0wiOiJPUEVOR0xFU18zXzAiLCJCTiI6IjE5MjA5IiwiUEwiOiJBbmRyb2lkIn0%3D
06-20 12:00:20.044 15989 16101 W Unity   : AndroidJNIHelper.GetSignature: using Byte parameters is obsolete, use SByte parameters instead
06-20 12:00:20.044 15989 16101 W Unity   : AndroidJNIHelper: converting from Byte array is obsolete, use SByte array instead
06-20 12:00:20.045 15989 16101 I Unity   : Banzai.Networking.Proto.LoginRequest{
06-20 12:00:20.045 15989 16101 I Unity   :   "Version": 6,
06-20 12:00:20.045 15989 16101 I Unity   :   "PrimaryAuthToken": {
06-20 12:00:20.045 15989 16101 I Unity   :     "Type": 1,
06-20 12:00:20.045 15989 16101 I Unity   :     "Data": "{\"login\":\"bf79b85a-01e4-49c9-92ec-a17edd7516ab\",\"password\":\"087b402a700c0bcd841ef154992e30fb\"}"
06-20 12:00:20.045 15989 16101 I Unity   :   },
06-20 12:00:20.045 15989 16101 I Unity   :   "SecondaryAuthToken": [
06-20 12:00:20.045 15989 16101 I Unity   :     {
06-20 12:00:20.045 15989 16101 I Unity   :       "Type": 6,
06-20 12:00:20.045 15989 16101 I Unity   :       "Data": "96b1a4edeac872bc"
06-20 12:00:20.045 15989 16101 I Unity   :     }
06-20 12:00:20.045 15989 16101 I Unity   :   ],
06-20 12:00:20.045 15989 16101 I Unity   :   "ExtData": "{\"platform\":\"Android\",\"v\":\"19209\",\"app_id\":\"com.nekki.shadowfight3\",\"f\":\"801881FBF0F5F501481D4369A5A977F9FE1B03A4\",\"bnumber\":\"19209\",\"bname\":\"UnityClient_ShadowFight3_UnityClientShadowFight3Release_ConfigurationAndroid\"}"
06-20 12:00:20.045 15989 16101 I Unity   : }
06-20 12:00:20.054 15989 16101 I Unity   : [NEBU DEBUG] CompressionThreshold = 256
06-20 12:00:20.069 15989 16101 W Unity   : Client time was used instead of server time.
06-20 12:00:20.069 15989 16101 W Unity   : Client time was used instead of server time.
06-20 12:00:20.074 15989 16854 W Unity   : Reader task was aborted by System.IO.EndOfStreamException : Attempted to read past the end of the stream.; StackTrace:   at LCDDJOIFKME.FIAPGJLMAPC (System.IO.Stream OIIELOMCEBN, System.Byte[] NCJFLFIKFHD) [0x00000] in <00000000000000000000000000000000>:0 
06-20 12:00:20.074 15989 16854 W Unity   :   at KKEGDLFDJJI.OKLIGPHLBNB (System.Net.Sockets.NetworkStream LNCPNLNPMAG) [0x00000] in <00000000000000000000000000000000>:0 
06-20 12:00:20.074 15989 16854 W Unity   :   at DDOPPLDBKIB.GAACDLDPBDC () [0x00000] in <00000000000000000000000000000000>:0 
06-20 12:00:20.074 15989 16854 W Unity   :   at System.Threading.Tasks.Task.Execute () [0x00000] in <00000000000000000000000000000000>:0 
06-20 12:00:20.074 15989 16854 W Unity   :   at System.Threading.ExecutionContext.RunInternal (System.Threading.ExecutionContext executionContext, System.Threading.ContextCallback callback, System.Object state, System.Boolean preserveSyncCtx) [0x00000] in <00000000000000000000000000000000>:0 
06-20 12:00:20.074 15989 16854 W Unity   :   at System.Threading.Tasks.Task.ExecuteWithThreadLocal (System.Threading.Tasks.Task& currentTaskSlot) [0x00000] in <00000000000000000000000000000000>:0 
06-20 12:00:20.074 15989 16854 W Unity   :   at System.Threading.Tasks.Task.ExecuteEntry (System.Bo
06-20 12:00:20.087 15989 16101 I Unity   : OnLogin - Guid:  
06-20 12:00:20.088 15989 16101 I Unity   : [Server Event] cmd:<b>ban_event</b> type:sfDTO.BanEventData extensible:
06-20 12:00:20.088 15989 16101 I Unity   : sfDTO.BanEventData{
06-20 12:00:20.088 15989 16101 I Unity   :   "Type": 1,
06-20 12:00:20.088 15989 16101 I Unity   :   "Reason": "Violation of the rules of the game",
06-20 12:00:20.088 15989 16101 I Unity   :   "MillisLeft": 41556938,
06-20 12:00:20.088 15989 16101 I Unity   :   "PlayerId": 69994873
06-20 12:00:20.088 15989 16101 I Unity   : }
06-20 12:00:20.089 15989 16101 I Unity   : [DarkPocket] entering to 'NetworkConnection'
06-20 12:00:20.089 15989 16101 W Unity   : BlockInput was called, but we cannot block input yet
06-20 12:00:20.089 15989 16101 W Unity   : Restarting Connection. Reason: ban
06-20 12:00:20.089 15989 16101 I Unity   : StopCurrentState
06-20 12:00:20.089 15989 16101 W Unity   : Dispose nebu tasks
06-20 12:00:20.092 15989 16101 I Unity   : C#: User ID: 69994873
06-20 12:00:20.093 15989 16101 I Unity   : C#: Fyber User ID: 69994873
06-20 12:00:20.095 15989 16101 W Unity   : [NEBU WARN] Reader task was aborted by System.IO.EndOfStreamException : Attempted to read past the end of the stream.; StackTrace:   at LCDDJOIFKME.FIAPGJLMAPC (System.IO.Stream OIIELOMCEBN, System.Byte[] NCJFLFIKFHD) [0x00000] in <00000000000000000000000000000000>:0 
06-20 12:00:20.095 15989 16101 W Unity   :   at KKEGDLFDJJI.OKLIGPHLBNB (System.Net.Sockets.NetworkStream LNCPNLNPMAG) [0x00000] in <00000000000000000000000000000000>:0 
06-20 12:00:20.095 15989 16101 W Unity   :   at DDOPPLDBKIB.GAACDLDPBDC () [0x00000] in <00000000000000000000000000000000>:0 
06-20 12:00:20.095 15989 16101 W Unity   :   at System.Threading.Tasks.Task.Execute () [0x00000] in <00000000000000000000000000000000>:0 
06-20 12:00:20.095 15989 16101 W Unity   :   at System.Threading.ExecutionContext.RunInternal (System.Threading.ExecutionContext executionContext, System.Threading.ContextCallback callback, System.Object state, System.Boolean preserveSyncCtx) [0x00000] in <00000000000000000000000000000000>:0 
06-20 12:00:20.095 15989 16101 W Unity   :   at System.Threading.Tasks.Task.ExecuteWithThreadLocal (System.Threading.Tasks.Task& currentTaskSlot) [0x00000] in <00000000000000000000000000000000>:0 
06-20 12:00:20.095 15989 16101 W Unity   :   at System.Threading.Tasks.Task.ExecuteEntr
06-20 12:00:20.095 15989 16101 I Unity   : [NEBU DEBUG] Reader task terminated
06-20 12:00:20.102 15989 16101 I Unity   : C#: HandleSetUserIDSuccess
06-20 12:00:20.107 15989 16101 I Unity   : [NEBU DEBUG] Writer task was cancelled
06-20 12:00:20.108 15989 16101 I Unity   : [NEBU DEBUG] Writer task terminated
06-20 12:00:20.204 15989 16520 D Banzai  : Request code: 200
06-20 12:00:20.205 15989 15989 D Banzai  : Request result: 
