06-20 12:00:14.579 15989 16101 W Unity   : Bundle not found, bundleName: 1691038791, bundlePath: /storage/emulated/0/Android/data/top.niunaijun.blackbox/files/blackbox/storage/emulated/0/Android/data/com.nekki.shadowfight3/files/gamedata/Resources/Bundles/49c106143b9311ea2228c7e72cb79abb
06-20 12:00:14.614 15989 15989 I ImeFocusController: onPreWindowFocus: skipped hasWindowFocus=false mHasImeFocus=true
06-20 12:00:14.614 15989 15989 I ImeFocusController: onPostWindowFocus: skipped hasWindowFocus=false mHasImeFocus=true
06-20 12:00:14.632 15989 15989 D InputTransport: Input channel destroyed: 'ClientS', fd=339
06-20 12:00:14.637 15989 16101 I Unity   : [GPGv2Support] !!!-> False || False
06-20 12:00:14.642 15989 16520 D Banzai  : Request code: 200
06-20 12:00:14.642 15989 15989 D Banzai  : Request result: 
06-20 12:00:14.657 15989 16642 D AudioPermissionProxy: AudioPermission: getStreamVolume called, allowing
06-20 12:00:14.657 15989 16642 D AudioPermissionProxy: AudioPermission: getStreamMaxVolume called, allowing
06-20 12:00:14.659 15989 16642 D AudioPermissionProxy: AudioPermission: getStreamVolume called, allowing
06-20 12:00:14.660 15989 16642 D AudioPermissionProxy: AudioPermission: getStreamMaxVolume called, allowing
06-20 12:00:14.664 15989 16101 I Unity   : NativeScreenTexture: Clear; from=[reloadTexture]; delayed=[False]; callers=[1]
06-20 12:00:14.665 15989 16101 W Unity   : NativeScreenTexture: Can't find caller's name [reloadTexture] to remove from list 
06-20 12:00:14.671 15989 16101 I Unity   : C#: HandleSetUserIDSuccess
06-20 12:00:14.727 15989 16101 I Unity   : [NEBU DEBUG] Writer task was cancelled
06-20 12:00:14.727 15989 16101 I Unity   : [NEBU DEBUG] Writer task terminated
06-20 12:00:14.795 15989 16101 I Unity   : Current camera aspect [_16X9]
06-20 12:00:14.797 15989 16101 I Unity   : [NCJAHEJBHAN]; Load location [dojo_inventory/dojo_inventory] at position [(34.70, 26.00, -43.82)]
06-20 12:00:14.944 15989 16101 I Unity   : Load moves for [PLAYER]
06-20 12:00:14.946 15989 16101 I Unity   : Load battle triggers by locks
06-20 12:00:14.953 15989 16101 I Unity   : Load triggers by locks. Loaded splits=[1]
06-20 12:00:15.024 15989 16101 I Unity   : FakeCursorInput. initialized: True
06-20 12:00:15.025 15989 16101 I Unity   : InputModuleManager initialized
06-20 12:00:15.031 15989 15989 I BLASTBufferQueue_Java: update, w= 1340 h= 800 mName = VRI[NekkiNativeActivity]@4894582 mNativeObject= 0x778e247f70 sc.mNativeObject= 0x772e216010 format= -3 caller= android.view.ViewRootImpl.updateBlastSurfaceIfNeeded:3574 android.view.ViewRootImpl.relayoutWindow:11685 android.view.ViewRootImpl.performTraversals:4804 android.view.ViewRootImpl.doTraversal:3924 android.view.ViewRootImpl$TraversalRunnable.run:12903 android.view.Choreographer$CallbackRecord.run:1901 
06-20 12:00:15.032 15989 15989 I VRI[NekkiNativeActivity]@4894582: Relayout returned: old=(0,0,1340,800) new=(0,0,1340,800) relayoutAsync=true req=(1340,800)0 dur=0 res=0x0 s={true 0x775e23df40} ch=false seqId=0
06-20 12:00:15.032 15989 15989 I VRI[NekkiNativeActivity]@4894582: updateBoundsLayer: t=android.view.SurfaceControl$Transaction@4946603 sc=Surface(name=Bounds for - com.nekki.shadowfight3/com.nekki.unityplugins.NekkiNativeActivity@0)/@0x3968980 frame=7
06-20 12:00:15.034 15989 15989 I VRI[NekkiNativeActivity]@4894582: registerCallbackForPendingTransactions
06-20 12:00:15.035 15989 16132 I VRI[NekkiNativeActivity]@4894582: mWNT: t=0x779e2f1fd0 mBlastBufferQueue=0x778e247f70 fn= 7 HdrRenderState mRenderHdrSdrRatio=1.0 caller= android.view.ViewRootImpl$10.onFrameDraw:6536 android.view.ViewRootImpl$4.onFrameDraw:2489 android.view.ThreadedRenderer$1.onFrameDraw:718 
06-20 12:00:15.112 15989 16101 I Unity   : Frame:[4775], Type:[CloseAction], Body:[TUTORIAL_SKIP - GoToModule], List:[5:SESSION_START_SPHINX,SESSION_CHECK_PENDING_QUICK_ACTIONS,SESSION_CHECK_RICH_NOTIFICATION_TRANSITION,SET_DOJO_1_1,NEW_PLAYERS_IN_NEW_LOBBY,]
06-20 12:00:15.112 15989 16101 I Unity   : Frame:[4775], Type:[RunAction], Body:[TUTORIAL_SKIP - SetUserVariable], List:[5:SESSION_START_SPHINX,SESSION_CHECK_PENDING_QUICK_ACTIONS,SESSION_CHECK_RICH_NOTIFICATION_TRANSITION,SET_DOJO_1_1,NEW_PLAYERS_IN_NEW_LOBBY,]
06-20 12:00:15.113 15989 16101 I Unity   : Frame:[4775], Type:[CloseAction], Body:[TUTORIAL_SKIP - SetUserVariable], List:[5:SESSION_START_SPHINX,SESSION_CHECK_PENDING_QUICK_ACTIONS,SESSION_CHECK_RICH_NOTIFICATION_TRANSITION,SET_DOJO_1_1,NEW_PLAYERS_IN_NEW_LOBBY,]
06-20 12:00:15.113 15989 16101 I Unity   : Frame:[4775], Type:[RunAction], Body:[TUTORIAL_SKIP - Call], List:[5:SESSION_START_SPHINX,SESSION_CHECK_PENDING_QUICK_ACTIONS,SESSION_CHECK_RICH_NOTIFICATION_TRANSITION,SET_DOJO_1_1,NEW_PLAYERS_IN_NEW_LOBBY,]
06-20 12:00:15.122 15989 16101 I Unity   : Frame:[4775], Type:[ListChange], Body:[Add  - BUNDLE_PUSH_GENERAL], List:[5:SESSION_START_SPHINX,SESSION_CHECK_PENDING_QUICK_ACTIONS,SESSION_CHECK_RICH_NOTIFICATION_TRANSITION,SET_DOJO_1_1,NEW_PLAYERS_IN_NEW_LOBBY,]
06-20 12:00:15.124 15989 16101 I Unity   : Frame:[4775], Type:[ThrowEvent], Body:[Event: Type: Call | Data: [key:CallData, value:BUNDLE_PUSH] 
06-20 12:00:15.124 15989 16101 I Unity   :  HasTrigger: True QueueCount: 6 - ], List:[6:SESSION_START_SPHINX,BUNDLE_PUSH_GENERAL,SESSION_CHECK_PENDING_QUICK_ACTIONS,SESSION_CHECK_RICH_NOTIFICATION_TRANSITION,SET_DOJO_1_1,NEW_PLAYERS_IN_NEW_LOBBY,]
06-20 12:00:15.124 15989 16101 I Unity   : Frame:[4775], Type:[CloseAction], Body:[TUTORIAL_SKIP - Call], List:[6:SESSION_START_SPHINX,BUNDLE_PUSH_GENERAL,SESSION_CHECK_PENDING_QUICK_ACTIONS,SESSION_CHECK_RICH_NOTIFICATION_TRANSITION,SET_DOJO_1_1,NEW_PLAYERS_IN_NEW_LOBBY,]
06-20 12:00:15.124 15989 16101 I Unity   : Frame:[4775], Type:[ListChange], Body:[Remove  - SESSION_START_SPHINX], List:[6:SESSION_START_SPHINX,BUNDLE_PUSH_GENERAL,SESSION_CHECK_PENDING_QUICK_ACTIONS,SESSION_CHECK_RICH_NOTIFICATION_TRANSITION,SET_DOJO_1_1,NEW_PLAYERS_IN_NEW_LOBBY,]
06-20 12:00:15.124 15989 16101 I Unity   : Frame:[4775], Type:[RunAction], Body:[SESSION_START_SPHINX - Sphinx], List:[5:BUNDLE_PUSH_GENERAL,SESSION_CHECK_PENDING_QUICK_ACTIONS,SESSION_CHECK_RICH_NOTIFICATION_TRANSITION,SET_DOJO_1_1,NEW_PLAYERS_IN_NEW_LOBBY,]
06-20 12:00:15.124 15989 16101 I Unity   : Frame:[4775], Type:[CloseAction], Body:[SESSION_START_SPHINX - Sphinx], List:[5:BUNDLE_PUSH_GENERAL,SESSION_CHECK_PENDING_QUICK_ACTIONS,SESSION_CHECK_RICH_NOTIFICATION_TRANSITION,SET_DOJO_1_1,NEW_PLAYERS_IN_NEW_LOBBY,]
06-20 12:00:15.125 15989 16101 I Unity   : Frame:[4775], Type:[ListChange], Body:[Remove  - BUNDLE_PUSH_GENERAL], List:[5:BUNDLE_PUSH_GENERAL,SESSION_CHECK_PENDING_QUICK_ACTIONS,SESSION_CHECK_RICH_NOTIFICATION_TRANSITION,SET_DOJO_1_1,NEW_PLAYERS_IN_NEW_LOBBY,]
06-20 12:00:15.126 15989 16101 I Unity   : Frame:[4775], Type:[RunAction], Body:[BUNDLE_PUSH_GENERAL - SendPush], List:[4:SESSION_CHECK_PENDING_QUICK_ACTIONS,SESSION_CHECK_RICH_NOTIFICATION_TRANSITION,SET_DOJO_1_1,NEW_PLAYERS_IN_NEW_LOBBY,]
06-20 12:00:15.133 15989 16606 D TransactionThrottler: Reset transaction throttler
06-20 12:00:15.133 15989 16101 I Unity   : Frame:[4775], Type:[CloseAction], Body:[BUNDLE_PUSH_GENERAL - SendPush], List:[4:SESSION_CHECK_PENDING_QUICK_ACTIONS,SESSION_CHECK_RICH_NOTIFICATION_TRANSITION,SET_DOJO_1_1,NEW_PLAYERS_IN_NEW_LOBBY,]
06-20 12:00:15.133 15989 16101 I Unity   : Frame:[4775], Type:[RunAction], Body:[BUNDLE_PUSH_GENERAL - SetUserVariable], List:[4:SESSION_CHECK_PENDING_QUICK_ACTIONS,SESSION_CHECK_RICH_NOTIFICATION_TRANSITION,SET_DOJO_1_1,NEW_PLAYERS_IN_NEW_LOBBY,]
06-20 12:00:15.134 15989 16101 I Unity   : Frame:[4775], Type:[CloseAction], Body:[BUNDLE_PUSH_GENERAL - SetUserVariable], List:[4:SESSION_CHECK_PENDING_QUICK_ACTIONS,SESSION_CHECK_RICH_NOTIFICATION_TRANSITION,SET_DOJO_1_1,NEW_PLAYERS_IN_NEW_LOBBY,]
06-20 12:00:15.134 15989 16101 I Unity   : Frame:[4775], Type:[ListChange], Body:[Remove  - SESSION_CHECK_PENDING_QUICK_ACTIONS], List:[4:SESSION_CHECK_PENDING_QUICK_ACTIONS,SESSION_CHECK_RICH_NOTIFICATION_TRANSITION,SET_DOJO_1_1,NEW_PLAYERS_IN_NEW_LOBBY,]
06-20 12:00:15.134 15989 16101 I Unity   : Frame:[4775], Type:[RunAction], Body:[SESSION_CHECK_PENDING_QUICK_ACTIONS - InitQuickActionsHandler], List:[3:SESSION_CHECK_RICH_NOTIFICATION_TRANSITION,SET_DOJO_1_1,NEW_PLAYERS_IN_NEW_LOBBY,]
06-20 12:00:15.134 15989 16101 I Unity   : Frame:[4775], Type:[CloseAction], Body:[SESSION_CHECK_PENDING_QUICK_ACTIONS - InitQuickActionsHandler], List:[3:SESSION_CHECK_RICH_NOTIFICATION_TRANSITION,SET_DOJO_1_1,NEW_PLAYERS_IN_NEW_LOBBY,]
06-20 12:00:15.135 15989 16101 I Unity   : Frame:[4775], Type:[ListChange], Body:[Remove  - SESSION_CHECK_RICH_NOTIFICATION_TRANSITION], List:[3:SESSION_CHECK_RICH_NOTIFICATION_TRANSITION,SET_DOJO_1_1,NEW_PLAYERS_IN_NEW_LOBBY,]
06-20 12:00:15.135 15989 16101 I Unity   : Frame:[4775], Type:[RunAction], Body:[SESSION_CHECK_RICH_NOTIFICATION_TRANSITION - InitRichNotificationsHandler], List:[2:SET_DOJO_1_1,NEW_PLAYERS_IN_NEW_LOBBY,]
06-20 12:00:15.137 15989 16101 I Unity   : Frame:[4775], Type:[CloseAction], Body:[SESSION_CHECK_RICH_NOTIFICATION_TRANSITION - InitRichNotificationsHandler], List:[2:SET_DOJO_1_1,NEW_PLAYERS_IN_NEW_LOBBY,]
06-20 12:00:15.137 15989 16101 I Unity   : Frame:[4775], Type:[ListChange], Body:[Remove  - SET_DOJO_1_1], List:[2:SET_DOJO_1_1,NEW_PLAYERS_IN_NEW_LOBBY,]
06-20 12:00:15.137 15989 16101 I Unity   : Frame:[4775], Type:[RunAction], Body:[SET_DOJO_1_1 - SetDojo], List:[1:NEW_PLAYERS_IN_NEW_LOBBY,]
06-20 12:00:15.137 15989 16606 D TransactionThrottler: Reset transaction throttler
06-20 12:00:15.137 15989 16101 I Unity   : Frame:[4775], Type:[CloseAction], Body:[SET_DOJO_1_1 - SetDojo], List:[1:NEW_PLAYERS_IN_NEW_LOBBY,]
06-20 12:00:15.138 15989 16101 I Unity   : Frame:[4775], Type:[ListChange], Body:[Remove  - NEW_PLAYERS_IN_NEW_LOBBY], List:[1:NEW_PLAYERS_IN_NEW_LOBBY,]
06-20 12:00:15.138 15989 16101 I Unity   : Frame:[4775], Type:[RunAction], Body:[NEW_PLAYERS_IN_NEW_LOBBY - SetUserVariable], List:[0:]
06-20 12:00:15.138 15989 16101 I Unity   : Frame:[4775], Type:[CloseAction], Body:[NEW_PLAYERS_IN_NEW_LOBBY - SetUserVariable], List:[0:]
06-20 12:00:15.139 15989 16606 D TransactionThrottler: Reset transaction throttler
06-20 12:00:15.142 15989 16101 I Unity   : C#: HandleSetUserIDSuccess
06-20 12:00:15.146 15989 16606 D TransactionThrottler: Reset transaction throttler
06-20 12:00:15.156 15989 16606 D TransactionThrottler: Reset transaction throttler
06-20 12:00:15.297 15989 16101 I Unity   : [GAPLKBELEIG]; Get internet accessibility response: [Available]
06-20 12:00:15.320 15989 16101 I Unity   : ServerVersion - NetworkSettings.ConfigVersion [full version: 1.45.0.21.16675-prod] ---  CurrentVersion - NetworkSettings.ConfigVersion [full version: 1.45.0.0.16655-prod]
06-20 12:00:15.320 15989 16101 I Unity   : [MKPDMLJNNLC] Start
06-20 12:00:15.320 15989 16101 I Unity   : [MKPDMLJNNLC] Done in 0.022 ms
06-20 12:00:15.566 15989 16101 I Unity   : BundlesNetworkState Download succeeded
06-20 12:00:15.567 15989 16101 I Unity   : Start Connecting IP:ec2-52-66-28-201.ap-south-1.compute.amazonaws.com Port:443
06-20 12:00:15.577 15989 16101 I Unity   : [NEBU INFO] Connecting to ec2-52-66-28-201.ap-south-1.compute.amazonaws.com:443
06-20 12:00:15.611 15989 16101 I Unity   : [NEBU DEBUG] Reader task is started
06-20 12:00:15.611 15989 16101 I Unity   : [NEBU DEBUG] Writer task is started
06-20 12:00:15.646 15989 16101 I Unity   : Frame:[4798], Type:[ThrowEvent], Body:[Event: Type: NetworkConnection | Data: 
06-20 12:00:15.646 15989 16101 I Unity   :  HasTrigger: False QueueCount: 0 - ], List:[0:]
06-20 12:00:15.647 15989 16101 I Unity   : OnConnectionSuccess
06-20 12:00:15.647 15989 16101 I Banzai  : Path: /storage/emulated/0/Android/data/top.niunaijun.blackbox/files/blackbox/storage/emulated/0/Android/data/com.nekki.shadowfight3/files/tou.file
06-20 12:00:15.648 15989 16101 D Banzai  : Send request on url https://sf3lb.nekki.com/clog?guid=96b1a4edeac872bc&e=SMARTFOX_CONNECT&ext=eyJSQU0iOiIzNjQyIiwiQVJDSCI6ImFybTY0LXY4YSIsIk9TIjoiMTYiLCJMQU5HIjoiRW5nbGlzaCIsIk5FVCI6IldJRkkiLCJPR0wiOiJPUEVOR0xFU18zXzAiLCJCTiI6IjE5MjA5IiwiUEwiOiJBbmRyb2lkIn0%3D
06-20 12:00:15.649 15989 16101 W Unity   : AndroidJNIHelper.GetSignature: using Byte parameters is obsolete, use SByte parameters instead
06-20 12:00:15.649 15989 16101 W Unity   : AndroidJNIHelper: converting from Byte array is obsolete, use SByte array instead
06-20 12:00:15.650 15989 16101 I Unity   : Banzai.Networking.Proto.LoginRequest{
06-20 12:00:15.650 15989 16101 I Unity   :   "Version": 6,
06-20 12:00:15.650 15989 16101 I Unity   :   "PrimaryAuthToken": {
06-20 12:00:15.650 15989 16101 I Unity   :     "Type": 1,
06-20 12:00:15.650 15989 16101 I Unity   :     "Data": "{\"login\":\"bf79b85a-01e4-49c9-92ec-a17edd7516ab\",\"password\":\"aa75226633b513e5e3259e0e1dbdb204\"}"
06-20 12:00:15.650 15989 16101 I Unity   :   },
06-20 12:00:15.650 15989 16101 I Unity   :   "SecondaryAuthToken": [
06-20 12:00:15.650 15989 16101 I Unity   :     {
06-20 12:00:15.650 15989 16101 I Unity   :       "Type": 6,
06-20 12:00:15.650 15989 16101 I Unity   :       "Data": "96b1a4edeac872bc"
06-20 12:00:15.650 15989 16101 I Unity   :     }
06-20 12:00:15.650 15989 16101 I Unity   :   ],
06-20 12:00:15.650 15989 16101 I Unity   :   "ExtData": "{\"platform\":\"Android\",\"v\":\"19209\",\"app_id\":\"com.nekki.shadowfight3\",\"f\":\"E1DAD54383D2E15D58E3376719157188B8353915\",\"bnumber\":\"19209\",\"bname\":\"UnityClient_ShadowFight3_UnityClientShadowFight3Release_ConfigurationAndroid\"}"
06-20 12:00:15.650 15989 16101 I Unity   : }
06-20 12:00:15.660 15989 16101 I Unity   : [NEBU DEBUG] CompressionThreshold = 256
06-20 12:00:15.677 15989 16101 I Unity   : OnLogin - Guid:  
06-20 12:00:15.681 15989 16674 W Unity   : Reader task was aborted by System.IO.EndOfStreamException : Attempted to read past the end of the stream.; StackTrace:   at LCDDJOIFKME.FIAPGJLMAPC (System.IO.Stream OIIELOMCEBN, System.Byte[] NCJFLFIKFHD) [0x00000] in <00000000000000000000000000000000>:0 
06-20 12:00:15.681 15989 16674 W Unity   :   at KKEGDLFDJJI.OKLIGPHLBNB (System.Net.Sockets.NetworkStream LNCPNLNPMAG) [0x00000] in <00000000000000000000000000000000>:0 
06-20 12:00:15.681 15989 16674 W Unity   :   at DDOPPLDBKIB.GAACDLDPBDC () [0x00000] in <00000000000000000000000000000000>:0 
06-20 12:00:15.681 15989 16674 W Unity   :   at System.Threading.Tasks.Task.Execute () [0x00000] in <00000000000000000000000000000000>:0 
06-20 12:00:15.681 15989 16674 W Unity   :   at System.Threading.ExecutionContext.RunInternal (System.Threading.ExecutionContext executionContext, System.Threading.ContextCallback callback, System.Object state, System.Boolean preserveSyncCtx) [0x00000] in <00000000000000000000000000000000>:0 
06-20 12:00:15.681 15989 16674 W Unity   :   at System.Threading.Tasks.Task.ExecuteWithThreadLocal (System.Threading.Tasks.Task& currentTaskSlot) [0x00000] in <00000000000000000000000000000000>:0 
06-20 12:00:15.681 15989 16674 W Unity   :   at System.Threading.Tasks.Task.ExecuteEntry (System.Bo
06-20 12:00:15.693 15989 16101 I Unity   : [Server Event] cmd:<b>ban_event</b> type:sfDTO.BanEventData extensible:
06-20 12:00:15.693 15989 16101 I Unity   : sfDTO.BanEventData{
06-20 12:00:15.693 15989 16101 I Unity   :   "Type": 1,
06-20 12:00:15.693 15989 16101 I Unity   :   "Reason": "Violation of the rules of the game",
06-20 12:00:15.693 15989 16101 I Unity   :   "MillisLeft": 41561330,
06-20 12:00:15.693 15989 16101 I Unity   :   "PlayerId": 69994873
06-20 12:00:15.693 15989 16101 I Unity   : }
06-20 12:00:15.693 15989 16101 I Unity   : [DarkPocket] entering to 'NetworkConnection'
06-20 12:00:15.694 15989 16101 W Unity   : BlockInput was called, but we cannot block input yet
06-20 12:00:15.694 15989 16101 W Unity   : Restarting Connection. Reason: ban
06-20 12:00:15.694 15989 16101 I Unity   : StopCurrentState
06-20 12:00:15.694 15989 16101 W Unity   : Dispose nebu tasks
06-20 12:00:15.698 15989 16101 I Unity   : C#: User ID: 69994873
06-20 12:00:15.698 15989 16101 I Unity   : C#: Fyber User ID: 69994873
06-20 12:00:15.699 15989 16101 W Unity   : [NEBU WARN] Reader task was aborted by System.IO.EndOfStreamException : Attempted to read past the end of the stream.; StackTrace:   at LCDDJOIFKME.FIAPGJLMAPC (System.IO.Stream OIIELOMCEBN, System.Byte[] NCJFLFIKFHD) [0x00000] in <00000000000000000000000000000000>:0 
06-20 12:00:15.699 15989 16101 W Unity   :   at KKEGDLFDJJI.OKLIGPHLBNB (System.Net.Sockets.NetworkStream LNCPNLNPMAG) [0x00000] in <00000000000000000000000000000000>:0 
06-20 12:00:15.699 15989 16101 W Unity   :   at DDOPPLDBKIB.GAACDLDPBDC () [0x00000] in <00000000000000000000000000000000>:0 
06-20 12:00:15.699 15989 16101 W Unity   :   at System.Threading.Tasks.Task.Execute () [0x00000] in <00000000000000000000000000000000>:0 
06-20 12:00:15.699 15989 16101 W Unity   :   at System.Threading.ExecutionContext.RunInternal (System.Threading.ExecutionContext executionContext, System.Threading.ContextCallback callback, System.Object state, System.Boolean preserveSyncCtx) [0x00000] in <00000000000000000000000000000000>:0 
06-20 12:00:15.699 15989 16101 W Unity   :   at System.Threading.Tasks.Task.ExecuteWithThreadLocal (System.Threading.Tasks.Task& currentTaskSlot) [0x00000] in <00000000000000000000000000000000>:0 
06-20 12:00:15.699 15989 16101 W Unity   :   at System.Threading.Tasks.Task.ExecuteEntr
06-20 12:00:15.699 15989 16101 I Unity   : [NEBU DEBUG] Reader task terminated
06-20 12:00:15.708 15989 16101 I Unity   : C#: HandleSetUserIDSuccess
06-20 12:00:15.709 15989 16101 I Unity   : [NEBU DEBUG] Writer task was cancelled
06-20 12:00:15.709 15989 16101 I Unity   : [NEBU DEBUG] Writer task terminated
06-20 12:00:15.731 15989 16101 I Unity   : Frame:[4803], Type:[ThrowEvent], Body:[Event: Type: PostSceneChange | Data: [key:ModuleFrom, value:None] [key:TabFrom, value:] [key:ModuleTo, value:CharacterCreator] [key:TabTo, value:] 
06-20 12:00:15.731 15989 16101 I Unity   :  HasTrigger: False QueueCount: 0 - ], List:[0:]
06-20 12:00:15.810 15989 16520 D Banzai  : Request code: 200
06-20 12:00:15.811 15989 15989 D Banzai  : Request result: 
06-20 12:00:15.862 15989 16101 I Unity   : [GAPLKBELEIG]; Get internet accessibility response: [Available]
06-20 12:00:15.899 15989 16101 I Unity   : ServerVersion - NetworkSettings.ConfigVersion [full version: 1.45.0.21.16675-prod] ---  CurrentVersion - NetworkSettings.ConfigVersion [full version: 1.45.0.0.16655-prod]
06-20 12:00:15.900 15989 16101 I Unity   : [MKPDMLJNNLC] Start
06-20 12:00:15.900 15989 16101 I Unity   : [MKPDMLJNNLC] Done in 0.029 ms
06-20 12:00:16.056 15989 16101 W Unity   : Client time was used instead of server time.
06-20 12:00:16.056 15989 16101 W Unity   : Client time was used instead of server time.
06-20 12:00:16.128 15989 16101 I Unity   : BundlesNetworkState Download succeeded
06-20 12:00:16.128 15989 16101 I Unity   : Start Connecting IP:ec2-52-66-28-201.ap-south-1.compute.amazonaws.com Port:443
06-20 12:00:16.139 15989 16101 I Unity   : [NEBU INFO] Connecting to ec2-52-66-28-201.ap-south-1.compute.amazonaws.com:443
06-20 12:00:16.173 15989 16101 I Unity   : [NEBU DEBUG] Reader task is started
06-20 12:00:16.173 15989 16101 I Unity   : [NEBU DEBUG] Writer task is started
06-20 12:00:16.208 15989 16101 I Unity   : Frame:[4832], Type:[ThrowEvent], Body:[Event: Type: NetworkConnection | Data: 
06-20 12:00:16.208 15989 16101 I Unity   :  HasTrigger: False QueueCount: 0 - ], List:[0:]
06-20 12:00:16.208 15989 16101 I Unity   : OnConnectionSuccess
06-20 12:00:16.208 15989 16101 I Banzai  : Path: /storage/emulated/0/Android/data/top.niunaijun.blackbox/files/blackbox/storage/emulated/0/Android/data/com.nekki.shadowfight3/files/tou.file
06-20 12:00:16.209 15989 16101 D Banzai  : Send request on url https://sf3lb.nekki.com/clog?guid=96b1a4edeac872bc&e=SMARTFOX_CONNECT&ext=eyJSQU0iOiIzNjQyIiwiQVJDSCI6ImFybTY0LXY4YSIsIk9TIjoiMTYiLCJMQU5HIjoiRW5nbGlzaCIsIk5FVCI6IldJRkkiLCJPR0wiOiJPUEVOR0xFU18zXzAiLCJCTiI6IjE5MjA5IiwiUEwiOiJBbmRyb2lkIn0%3D
06-20 12:00:16.210 15989 16101 W Unity   : AndroidJNIHelper.GetSignature: using Byte parameters is obsolete, use SByte parameters instead
06-20 12:00:16.210 15989 16101 W Unity   : AndroidJNIHelper: converting from Byte array is obsolete, use SByte array instead
06-20 12:00:16.210 15989 16101 I Unity   : Banzai.Networking.Proto.LoginRequest{
06-20 12:00:16.210 15989 16101 I Unity   :   "Version": 6,
06-20 12:00:16.210 15989 16101 I Unity   :   "PrimaryAuthToken": {
06-20 12:00:16.210 15989 16101 I Unity   :     "Type": 1,
06-20 12:00:16.210 15989 16101 I Unity   :     "Data": "{\"login\":\"bf79b85a-01e4-49c9-92ec-a17edd7516ab\",\"password\":\"289589b2dd2c77a70e4e8414bdc9de7c\"}"
06-20 12:00:16.210 15989 16101 I Unity   :   },
06-20 12:00:16.210 15989 16101 I Unity   :   "SecondaryAuthToken": [
06-20 12:00:16.210 15989 16101 I Unity   :     {
06-20 12:00:16.210 15989 16101 I Unity   :       "Type": 6,
06-20 12:00:16.210 15989 16101 I Unity   :       "Data": "96b1a4edeac872bc"
06-20 12:00:16.210 15989 16101 I Unity   :     }
06-20 12:00:16.210 15989 16101 I Unity   :   ],
06-20 12:00:16.210 15989 16101 I Unity   :   "ExtData": "{\"platform\":\"Android\",\"v\":\"19209\",\"app_id\":\"com.nekki.shadowfight3\",\"f\":\"E7957B9B9C51BD28493C617B3CECDADC0CF42E43\",\"bnumber\":\"19209\",\"bname\":\"UnityClient_ShadowFight3_UnityClientShadowFight3Release_ConfigurationAndroid\"}"
06-20 12:00:16.210 15989 16101 I Unity   : }
06-20 12:00:16.221 15989 16101 I Unity   : [NEBU DEBUG] CompressionThreshold = 256
06-20 12:00:16.238 15989 16101 I Unity   : OnLogin - Guid:  
06-20 12:00:16.244 15989 16684 W Unity   : Reader task was aborted by System.IO.EndOfStreamException : Attempted to read past the end of the stream.; StackTrace:   at LCDDJOIFKME.FIAPGJLMAPC (System.IO.Stream OIIELOMCEBN, System.Byte[] NCJFLFIKFHD) [0x00000] in <00000000000000000000000000000000>:0 
06-20 12:00:16.244 15989 16684 W Unity   :   at KKEGDLFDJJI.OKLIGPHLBNB (System.Net.Sockets.NetworkStream LNCPNLNPMAG) [0x00000] in <00000000000000000000000000000000>:0 
06-20 12:00:16.244 15989 16684 W Unity   :   at DDOPPLDBKIB.GAACDLDPBDC () [0x00000] in <00000000000000000000000000000000>:0 
06-20 12:00:16.244 15989 16684 W Unity   :   at System.Threading.Tasks.Task.Execute () [0x00000] in <00000000000000000000000000000000>:0 
06-20 12:00:16.244 15989 16684 W Unity   :   at System.Threading.ExecutionContext.RunInternal (System.Threading.ExecutionContext executionContext, System.Threading.ContextCallback callback, System.Object state, System.Boolean preserveSyncCtx) [0x00000] in <00000000000000000000000000000000>:0 
06-20 12:00:16.244 15989 16684 W Unity   :   at System.Threading.Tasks.Task.ExecuteWithThreadLocal (System.Threading.Tasks.Task& currentTaskSlot) [0x00000] in <00000000000000000000000000000000>:0 
06-20 12:00:16.244 15989 16684 W Unity   :   at System.Threading.Tasks.Task.ExecuteEntry (System.Bo
06-20 12:00:16.255 15989 16101 I Unity   : [Server Event] cmd:<b>ban_event</b> type:sfDTO.BanEventData extensible:
06-20 12:00:16.255 15989 16101 I Unity   : sfDTO.BanEventData{
06-20 12:00:16.255 15989 16101 I Unity   :   "Type": 1,
06-20 12:00:16.255 15989 16101 I Unity   :   "Reason": "Violation of the rules of the game",
06-20 12:00:16.255 15989 16101 I Unity   :   "MillisLeft": 41560771,
06-20 12:00:16.255 15989 16101 I Unity   :   "PlayerId": 69994873
06-20 12:00:16.255 15989 16101 I Unity   : }
06-20 12:00:16.256 15989 16101 I Unity   : [DarkPocket] entering to 'NetworkConnection'
06-20 12:00:16.256 15989 16101 W Unity   : BlockInput was called, but we cannot block input yet
06-20 12:00:16.256 15989 16101 W Unity   : Restarting Connection. Reason: ban
06-20 12:00:16.256 15989 16101 I Unity   : StopCurrentState
06-20 12:00:16.256 15989 16101 W Unity   : Dispose nebu tasks
06-20 12:00:16.258 15989 16101 I Unity   : C#: User ID: 69994873
06-20 12:00:16.258 15989 16101 I Unity   : C#: Fyber User ID: 69994873
06-20 12:00:16.259 15989 16101 W Unity   : [NEBU WARN] Reader task was aborted by System.IO.EndOfStreamException : Attempted to read past the end of the stream.; StackTrace:   at LCDDJOIFKME.FIAPGJLMAPC (System.IO.Stream OIIELOMCEBN, System.Byte[] NCJFLFIKFHD) [0x00000] in <00000000000000000000000000000000>:0 
06-20 12:00:16.259 15989 16101 W Unity   :   at KKEGDLFDJJI.OKLIGPHLBNB (System.Net.Sockets.NetworkStream LNCPNLNPMAG) [0x00000] in <00000000000000000000000000000000>:0 
06-20 12:00:16.259 15989 16101 W Unity   :   at DDOPPLDBKIB.GAACDLDPBDC () [0x00000] in <00000000000000000000000000000000>:0 
06-20 12:00:16.259 15989 16101 W Unity   :   at System.Threading.Tasks.Task.Execute () [0x00000] in <00000000000000000000000000000000>:0 
06-20 12:00:16.259 15989 16101 W Unity   :   at System.Threading.ExecutionContext.RunInternal (System.Threading.ExecutionContext executionContext, System.Threading.ContextCallback callback, System.Object state, System.Boolean preserveSyncCtx) [0x00000] in <00000000000000000000000000000000>:0 
06-20 12:00:16.259 15989 16101 W Unity   :   at System.Threading.Tasks.Task.ExecuteWithThreadLocal (System.Threading.Tasks.Task& currentTaskSlot) [0x00000] in <00000000000000000000000000000000>:0 
06-20 12:00:16.259 15989 16101 W Unity   :   at System.Threading.Tasks.Task.ExecuteEntr
06-20 12:00:16.259 15989 16101 I Unity   : [NEBU DEBUG] Reader task terminated
06-20 12:00:16.270 15989 16101 I Unity   : C#: HandleSetUserIDSuccess
06-20 12:00:16.271 15989 16101 I Unity   : [NEBU DEBUG] Writer task was cancelled
06-20 12:00:16.272 15989 16101 I Unity   : [NEBU DEBUG] Writer task terminated
06-20 12:00:16.373 15989 16520 D Banzai  : Request code: 200
06-20 12:00:16.373 15989 15989 D Banzai  : Request result: 
06-20 12:00:16.426 15989 16101 I Unity   : [GAPLKBELEIG]; Get internet accessibility response: [Available]
06-20 12:00:16.475 15989 16101 I Unity   : ServerVersion - NetworkSettings.ConfigVersion [full version: 1.45.0.21.16675-prod] ---  CurrentVersion - NetworkSettings.ConfigVersion [full version: 1.45.0.0.16655-prod]
06-20 12:00:16.477 15989 16101 I Unity   : [MKPDMLJNNLC] Start
06-20 12:00:16.477 15989 16101 I Unity   : [MKPDMLJNNLC] Done in 0.026 ms
06-20 12:00:16.765 15989 16259 E LoadedApk: performReceive() called targeting raw IIntentReceiver for Intent { act=android.media.VOLUME_CHANGED_ACTION flg=0x14000010 xflg=0x4 (has extras) }
06-20 12:00:16.807 15989 16101 I Unity   : BundlesNetworkState Download succeeded
06-20 12:00:16.808 15989 16101 I Unity   : Start Connecting IP:ec2-52-66-28-201.ap-south-1.compute.amazonaws.com Port:443
06-20 12:00:16.816 15989 16101 I Unity   : [NEBU INFO] Connecting to ec2-52-66-28-201.ap-south-1.compute.amazonaws.com:443
06-20 12:00:16.849 15989 16101 I Unity   : [NEBU DEBUG] Reader task is started
06-20 12:00:16.849 15989 16101 I Unity   : [NEBU DEBUG] Writer task is started
06-20 12:00:16.888 15989 16101 I Unity   : Frame:[4873], Type:[ThrowEvent], Body:[Event: Type: NetworkConnection | Data: 
06-20 12:00:16.888 15989 16101 I Unity   :  HasTrigger: False QueueCount: 0 - ], List:[0:]
06-20 12:00:16.888 15989 16101 I Unity   : OnConnectionSuccess
06-20 12:00:16.888 15989 16101 I Banzai  : Path: /storage/emulated/0/Android/data/top.niunaijun.blackbox/files/blackbox/storage/emulated/0/Android/data/com.nekki.shadowfight3/files/tou.file
06-20 12:00:16.889 15989 16101 D Banzai  : Send request on url https://sf3lb.nekki.com/clog?guid=96b1a4edeac872bc&e=SMARTFOX_CONNECT&ext=eyJSQU0iOiIzNjQyIiwiQVJDSCI6ImFybTY0LXY4YSIsIk9TIjoiMTYiLCJMQU5HIjoiRW5nbGlzaCIsIk5FVCI6IldJRkkiLCJPR0wiOiJPUEVOR0xFU18zXzAiLCJCTiI6IjE5MjA5IiwiUEwiOiJBbmRyb2lkIn0%3D
06-20 12:00:16.890 15989 16101 W Unity   : AndroidJNIHelper.GetSignature: using Byte parameters is obsolete, use SByte parameters instead
06-20 12:00:16.890 15989 16101 W Unity   : AndroidJNIHelper: converting from Byte array is obsolete, use SByte array instead
06-20 12:00:16.891 15989 16101 I Unity   : Banzai.Networking.Proto.LoginRequest{
06-20 12:00:16.891 15989 16101 I Unity   :   "Version": 6,
06-20 12:00:16.891 15989 16101 I Unity   :   "PrimaryAuthToken": {
06-20 12:00:16.891 15989 16101 I Unity   :     "Type": 1,
06-20 12:00:16.891 15989 16101 I Unity   :     "Data": "{\"login\":\"bf79b85a-01e4-49c9-92ec-a17edd7516ab\",\"password\":\"514fce5f11c6f6bde0614334154140fa\"}"
06-20 12:00:16.891 15989 16101 I Unity   :   },
06-20 12:00:16.891 15989 16101 I Unity   :   "SecondaryAuthToken": [
06-20 12:00:16.891 15989 16101 I Unity   :     {
06-20 12:00:16.891 15989 16101 I Unity   :       "Type": 6,
06-20 12:00:16.891 15989 16101 I Unity   :       "Data": "96b1a4edeac872bc"
06-20 12:00:16.891 15989 16101 I Unity   :     }
06-20 12:00:16.891 15989 16101 I Unity   :   ],
06-20 12:00:16.891 15989 16101 I Unity   :   "ExtData": "{\"platform\":\"Android\",\"v\":\"19209\",\"app_id\":\"com.nekki.shadowfight3\",\"f\":\"BB96ABEE0ABFB51B26DF42764DACC28DEA60BB17\",\"bnumber\":\"19209\",\"bname\":\"UnityClient_ShadowFight3_UnityClientShadowFight3Release_ConfigurationAndroid\"}"
06-20 12:00:16.891 15989 16101 I Unity   : }
06-20 12:00:16.899 15989 16101 I Unity   : [NEBU DEBUG] CompressionThreshold = 256
06-20 12:00:16.925 15989 16698 W Unity   : Reader task was aborted by System.IO.EndOfStreamException : Attempted to read past the end of the stream.; StackTrace:   at LCDDJOIFKME.FIAPGJLMAPC (System.IO.Stream OIIELOMCEBN, System.Byte[] NCJFLFIKFHD) [0x00000] in <00000000000000000000000000000000>:0 
06-20 12:00:16.925 15989 16698 W Unity   :   at KKEGDLFDJJI.OKLIGPHLBNB (System.Net.Sockets.NetworkStream LNCPNLNPMAG) [0x00000] in <00000000000000000000000000000000>:0 
06-20 12:00:16.925 15989 16698 W Unity   :   at DDOPPLDBKIB.GAACDLDPBDC () [0x00000] in <00000000000000000000000000000000>:0 
06-20 12:00:16.925 15989 16698 W Unity   :   at System.Threading.Tasks.Task.Execute () [0x00000] in <00000000000000000000000000000000>:0 
06-20 12:00:16.925 15989 16698 W Unity   :   at System.Threading.ExecutionContext.RunInternal (System.Threading.ExecutionContext executionContext, System.Threading.ContextCallback callback, System.Object state, System.Boolean preserveSyncCtx) [0x00000] in <00000000000000000000000000000000>:0 
06-20 12:00:16.925 15989 16698 W Unity   :   at System.Threading.Tasks.Task.ExecuteWithThreadLocal (System.Threading.Tasks.Task& currentTaskSlot) [0x00000] in <00000000000000000000000000000000>:0 
06-20 12:00:16.925 15989 16698 W Unity   :   at System.Threading.Tasks.Task.ExecuteEntry (System.Bo
06-20 12:00:16.934 15989 16101 I Unity   : OnLogin - Guid:  
06-20 12:00:16.934 15989 16101 I Unity   : [Server Event] cmd:<b>ban_event</b> type:sfDTO.BanEventData extensible:
06-20 12:00:16.934 15989 16101 I Unity   : sfDTO.BanEventData{
06-20 12:00:16.934 15989 16101 I Unity   :   "Type": 1,
06-20 12:00:16.934 15989 16101 I Unity   :   "Reason": "Violation of the rules of the game",
06-20 12:00:16.934 15989 16101 I Unity   :   "MillisLeft": 41560089,
06-20 12:00:16.934 15989 16101 I Unity   :   "PlayerId": 69994873
06-20 12:00:16.934 15989 16101 I Unity   : }
06-20 12:00:16.935 15989 16101 I Unity   : [DarkPocket] entering to 'NetworkConnection'
06-20 12:00:16.935 15989 16101 W Unity   : BlockInput was called, but we cannot block input yet
06-20 12:00:16.935 15989 16101 W Unity   : Restarting Connection. Reason: ban
06-20 12:00:16.935 15989 16101 I Unity   : StopCurrentState
06-20 12:00:16.936 15989 16101 W Unity   : Dispose nebu tasks
06-20 12:00:16.940 15989 15999 E LoadedApk: performReceive() called targeting raw IIntentReceiver for Intent { act=android.media.VOLUME_CHANGED_ACTION flg=0x14000010 xflg=0x4 (has extras) }
06-20 12:00:16.943 15989 16101 I Unity   : C#: User ID: 69994873
06-20 12:00:16.943 15989 16101 I Unity   : C#: Fyber User ID: 69994873
06-20 12:00:16.944 15989 16101 W Unity   : [NEBU WARN] Reader task was aborted by System.IO.EndOfStreamException : Attempted to read past the end of the stream.; StackTrace:   at LCDDJOIFKME.FIAPGJLMAPC (System.IO.Stream OIIELOMCEBN, System.Byte[] NCJFLFIKFHD) [0x00000] in <00000000000000000000000000000000>:0 
06-20 12:00:16.944 15989 16101 W Unity   :   at KKEGDLFDJJI.OKLIGPHLBNB (System.Net.Sockets.NetworkStream LNCPNLNPMAG) [0x00000] in <00000000000000000000000000000000>:0 
06-20 12:00:16.944 15989 16101 W Unity   :   at DDOPPLDBKIB.GAACDLDPBDC () [0x00000] in <00000000000000000000000000000000>:0 
06-20 12:00:16.944 15989 16101 W Unity   :   at System.Threading.Tasks.Task.Execute () [0x00000] in <00000000000000000000000000000000>:0 
06-20 12:00:16.944 15989 16101 W Unity   :   at System.Threading.ExecutionContext.RunInternal (System.Threading.ExecutionContext executionContext, System.Threading.ContextCallback callback, System.Object state, System.Boolean preserveSyncCtx) [0x00000] in <00000000000000000000000000000000>:0 
06-20 12:00:16.944 15989 16101 W Unity   :   at System.Threading.Tasks.Task.ExecuteWithThreadLocal (System.Threading.Tasks.Task& currentTaskSlot) [0x00000] in <00000000000000000000000000000000>:0 
06-20 12:00:16.944 15989 16101 W Unity   :   at System.Threading.Tasks.Task.ExecuteEntr
06-20 12:00:16.944 15989 16101 I Unity   : [NEBU DEBUG] Reader task terminated
06-20 12:00:16.951 15989 16101 I Unity   : C#: HandleSetUserIDSuccess
06-20 12:00:16.953 15989 16101 I Unity   : [NEBU DEBUG] Writer task was cancelled
06-20 12:00:16.954 15989 16101 I Unity   : [NEBU DEBUG] Writer task terminated
06-20 12:00:16.984 15989 15999 E LoadedApk: performReceive() called targeting raw IIntentReceiver for Intent { act=android.media.VOLUME_CHANGED_ACTION flg=0x14000010 xflg=0x4 (has extras) }
06-20 12:00:17.053 15989 16520 D Banzai  : Request code: 200
06-20 12:00:17.053 15989 15989 D Banzai  : Request result: 
06-20 12:00:17.072 15989 16259 E LoadedApk: performReceive() called targeting raw IIntentReceiver for Intent { act=android.media.VOLUME_CHANGED_ACTION flg=0x14000010 xflg=0x4 (has extras) }
06-20 12:00:17.101 15989 16259 E LoadedApk: performReceive() called targeting raw IIntentReceiver for Intent { act=android.media.VOLUME_CHANGED_ACTION flg=0x14000010 xflg=0x4 (has extras) }
06-20 12:00:17.118 15989 16101 I Unity   : [GAPLKBELEIG]; Get internet accessibility response: [Available]
06-20 12:00:17.129 15989 16259 E LoadedApk: performReceive() called targeting raw IIntentReceiver for Intent { act=android.media.VOLUME_CHANGED_ACTION flg=0x14000010 xflg=0x4 (has extras) }
06-20 12:00:17.157 15989 16101 I Unity   : ServerVersion - NetworkSettings.ConfigVersion [full version: 1.45.0.21.16675-prod] ---  CurrentVersion - NetworkSettings.ConfigVersion [full version: 1.45.0.0.16655-prod]
06-20 12:00:17.157 15989 16101 I Unity   : [MKPDMLJNNLC] Start
06-20 12:00:17.157 15989 16101 I Unity   : [MKPDMLJNNLC] Done in 0.036 ms
06-20 12:00:17.172 15989 15989 I Unity   : [ISAdQualityHandler] Init failed: CONFIG_LOAD_TIMEOUT, message: ISAdQuality SDK config load timeout
06-20 12:00:17.253 15989 15999 E LoadedApk: performReceive() called targeting raw IIntentReceiver for Intent { act=android.media.VOLUME_CHANGED_ACTION flg=0x14000010 xflg=0x4 (has extras) }
06-20 12:00:17.341 15989 15999 E LoadedApk: performReceive() called targeting raw IIntentReceiver for Intent { act=android.media.VOLUME_CHANGED_ACTION flg=0x14000010 xflg=0x4 (has extras) }
06-20 12:00:17.372 15989 15999 E LoadedApk: performReceive() called targeting raw IIntentReceiver for Intent { act=android.media.VOLUME_CHANGED_ACTION flg=0x14000010 xflg=0x4 (has extras) }
06-20 12:00:17.398 15989 15999 E LoadedApk: performReceive() called targeting raw IIntentReceiver for Intent { act=android.media.VOLUME_CHANGED_ACTION flg=0x14000010 xflg=0x4 (has extras) }
06-20 12:00:17.428 15989 16101 I Unity   : BundlesNetworkState Download succeeded
06-20 12:00:17.429 15989 16101 I Unity   : Start Connecting IP:ec2-52-66-28-201.ap-south-1.compute.amazonaws.com Port:443
06-20 12:00:17.437 15989 16101 I Unity   : [NEBU INFO] Connecting to ec2-52-66-28-201.ap-south-1.compute.amazonaws.com:443
06-20 12:00:17.461 15989 15999 E LoadedApk: performReceive() called targeting raw IIntentReceiver for Intent { act=android.media.VOLUME_CHANGED_ACTION flg=0x14000010 xflg=0x4 (has extras) }
06-20 12:00:17.481 15989 16101 I Unity   : [NEBU DEBUG] Reader task is started
06-20 12:00:17.481 15989 16101 I Unity   : [NEBU DEBUG] Writer task is started
06-20 12:00:17.484 15989 16101 W Unity   : AndroidJNIHelper.GetSignature: using Byte parameters is obsolete, use SByte parameters instead
06-20 12:00:17.485 15989 16101 W Unity   : AndroidJNIHelper: converting from Byte array is obsolete, use SByte array instead
06-20 12:00:17.516 15989 16101 I Unity   : Frame:[4911], Type:[ThrowEvent], Body:[Event: Type: NetworkConnection | Data: 
06-20 12:00:17.516 15989 16101 I Unity   :  HasTrigger: False QueueCount: 0 - ], List:[0:]
06-20 12:00:17.517 15989 16101 I Unity   : OnConnectionSuccess
06-20 12:00:17.517 15989 16101 I Banzai  : Path: /storage/emulated/0/Android/data/top.niunaijun.blackbox/files/blackbox/storage/emulated/0/Android/data/com.nekki.shadowfight3/files/tou.file
06-20 12:00:17.520 15989 16101 D Banzai  : Send request on url https://sf3lb.nekki.com/clog?guid=96b1a4edeac872bc&e=SMARTFOX_CONNECT&ext=eyJSQU0iOiIzNjQyIiwiQVJDSCI6ImFybTY0LXY4YSIsIk9TIjoiMTYiLCJMQU5HIjoiRW5nbGlzaCIsIk5FVCI6IldJRkkiLCJPR0wiOiJPUEVOR0xFU18zXzAiLCJCTiI6IjE5MjA5IiwiUEwiOiJBbmRyb2lkIn0%3D
06-20 12:00:17.521 15989 16101 W Unity   : AndroidJNIHelper.GetSignature: using Byte parameters is obsolete, use SByte parameters instead
06-20 12:00:17.521 15989 16101 W Unity   : AndroidJNIHelper: converting from Byte array is obsolete, use SByte array instead
06-20 12:00:17.522 15989 16101 I Unity   : Banzai.Networking.Proto.LoginRequest{
06-20 12:00:17.522 15989 16101 I Unity   :   "Version": 6,
06-20 12:00:17.522 15989 16101 I Unity   :   "PrimaryAuthToken": {
06-20 12:00:17.522 15989 16101 I Unity   :     "Type": 1,
06-20 12:00:17.522 15989 16101 I Unity   :     "Data": "{\"login\":\"bf79b85a-01e4-49c9-92ec-a17edd7516ab\",\"password\":\"1f272572684ae46541bbbbb166a4301a\"}"
06-20 12:00:17.522 15989 16101 I Unity   :   },
06-20 12:00:17.522 15989 16101 I Unity   :   "SecondaryAuthToken": [
06-20 12:00:17.522 15989 16101 I Unity   :     {
06-20 12:00:17.522 15989 16101 I Unity   :       "Type": 6,
06-20 12:00:17.522 15989 16101 I Unity   :       "Data": "96b1a4edeac872bc"
06-20 12:00:17.522 15989 16101 I Unity   :     }
06-20 12:00:17.522 15989 16101 I Unity   :   ],
06-20 12:00:17.522 15989 16101 I Unity   :   "ExtData": "{\"platform\":\"Android\",\"v\":\"19209\",\"app_id\":\"com.nekki.shadowfight3\",\"f\":\"41883A89F780B45DE20E7896C7921917B3E76B2A\",\"bnumber\":\"19209\",\"bname\":\"UnityClient_ShadowFight3_UnityClientShadowFight3Release_ConfigurationAndroid\"}"
06-20 12:00:17.522 15989 16101 I Unity   : }
06-20 12:00:17.523 15989 15999 E LoadedApk: performReceive() called targeting raw IIntentReceiver for Intent { act=android.media.VOLUME_CHANGED_ACTION flg=0x14000010 xflg=0x4 (has extras) }
06-20 12:00:17.532 15989 16101 I Unity   : [NEBU DEBUG] CompressionThreshold = 256
06-20 12:00:17.553 15989 16753 W Unity   : Reader task was aborted by System.IO.EndOfStreamException : Attempted to read past the end of the stream.; StackTrace:   at LCDDJOIFKME.FIAPGJLMAPC (System.IO.Stream OIIELOMCEBN, System.Byte[] NCJFLFIKFHD) [0x00000] in <00000000000000000000000000000000>:0 
06-20 12:00:17.553 15989 16753 W Unity   :   at KKEGDLFDJJI.OKLIGPHLBNB (System.Net.Sockets.NetworkStream LNCPNLNPMAG) [0x00000] in <00000000000000000000000000000000>:0 
06-20 12:00:17.553 15989 16753 W Unity   :   at DDOPPLDBKIB.GAACDLDPBDC () [0x00000] in <00000000000000000000000000000000>:0 
06-20 12:00:17.553 15989 16753 W Unity   :   at System.Threading.Tasks.Task.Execute () [0x00000] in <00000000000000000000000000000000>:0 
06-20 12:00:17.553 15989 16753 W Unity   :   at System.Threading.ExecutionContext.RunInternal (System.Threading.ExecutionContext executionContext, System.Threading.ContextCallback callback, System.Object state, System.Boolean preserveSyncCtx) [0x00000] in <00000000000000000000000000000000>:0 
06-20 12:00:17.553 15989 16753 W Unity   :   at System.Threading.Tasks.Task.ExecuteWithThreadLocal (System.Threading.Tasks.Task& currentTaskSlot) [0x00000] in <00000000000000000000000000000000>:0 
06-20 12:00:17.553 15989 16753 W Unity   :   at System.Threading.Tasks.Task.ExecuteEntry (System.Bo
06-20 12:00:17.560 15989 16101 I Unity   : OnLogin - Guid:  
06-20 12:00:17.560 15989 16101 I Unity   : [Server Event] cmd:<b>ban_event</b> type:sfDTO.BanEventData extensible:
06-20 12:00:17.560 15989 16101 I Unity   : sfDTO.BanEventData{
06-20 12:00:17.560 15989 16101 I Unity   :   "Type": 1,
06-20 12:00:17.560 15989 16101 I Unity   :   "Reason": "Violation of the rules of the game",
06-20 12:00:17.560 15989 16101 I Unity   :   "MillisLeft": 41559460,
06-20 12:00:17.560 15989 16101 I Unity   :   "PlayerId": 69994873
06-20 12:00:17.560 15989 16101 I Unity   : }
06-20 12:00:17.562 15989 16101 I Unity   : [DarkPocket] entering to 'NetworkConnection'
06-20 12:00:17.562 15989 16101 W Unity   : BlockInput was called, but we cannot block input yet
06-20 12:00:17.564 15989 16101 W Unity   : Restarting Connection. Reason: ban
06-20 12:00:17.565 15989 16101 I Unity   : StopCurrentState
06-20 12:00:17.565 15989 16101 W Unity   : Dispose nebu tasks
06-20 12:00:17.569 15989 16101 I Unity   : C#: User ID: 69994873
06-20 12:00:17.569 15989 16101 I Unity   : C#: Fyber User ID: 69994873
06-20 12:00:17.570 15989 16101 W Unity   : [NEBU WARN] Reader task was aborted by System.IO.EndOfStreamException : Attempted to read past the end of the stream.; StackTrace:   at LCDDJOIFKME.FIAPGJLMAPC (System.IO.Stream OIIELOMCEBN, System.Byte[] NCJFLFIKFHD) [0x00000] in <00000000000000000000000000000000>:0 
06-20 12:00:17.570 15989 16101 W Unity   :   at KKEGDLFDJJI.OKLIGPHLBNB (System.Net.Sockets.NetworkStream LNCPNLNPMAG) [0x00000] in <00000000000000000000000000000000>:0 
06-20 12:00:17.570 15989 16101 W Unity   :   at DDOPPLDBKIB.GAACDLDPBDC () [0x00000] in <00000000000000000000000000000000>:0 
06-20 12:00:17.570 15989 16101 W Unity   :   at System.Threading.Tasks.Task.Execute () [0x00000] in <00000000000000000000000000000000>:0 
06-20 12:00:17.570 15989 16101 W Unity   :   at System.Threading.ExecutionContext.RunInternal (System.Threading.ExecutionContext executionContext, System.Threading.ContextCallback callback, System.Object state, System.Boolean preserveSyncCtx) [0x00000] in <00000000000000000000000000000000>:0 
06-20 12:00:17.570 15989 16101 W Unity   :   at System.Threading.Tasks.Task.ExecuteWithThreadLocal (System.Threading.Tasks.Task& currentTaskSlot) [0x00000] in <00000000000000000000000000000000>:0 
06-20 12:00:17.570 15989 16101 W Unity   :   at System.Threading.Tasks.Task.ExecuteEntr
06-20 12:00:17.570 15989 16101 I Unity   : [NEBU DEBUG] Reader task terminated
06-20 12:00:17.579 15989 16101 I Unity   : C#: HandleSetUserIDSuccess
06-20 12:00:17.582 15989 16101 I Unity   : [NEBU DEBUG] Writer task was cancelled
06-20 12:00:17.583 15989 16101 I Unity   : [NEBU DEBUG] Writer task terminated
06-20 12:00:17.591 15989 16259 E LoadedApk: performReceive() called targeting raw IIntentReceiver for Intent { act=android.media.VOLUME_CHANGED_ACTION flg=0x14000010 xflg=0x4 (has extras) }
06-20 12:00:17.685 15989 16520 D Banzai  : Request code: 200
06-20 12:00:17.685 15989 15989 D Banzai  : Request result: 
06-20 12:00:17.709 15989 16101 W Unity   : AndroidJNIHelper.GetSignature: using Byte parameters is obsolete, use SByte parameters instead
06-20 12:00:17.710 15989 16101 W Unity   : AndroidJNIHelper: converting from Byte array is obsolete, use SByte array instead
06-20 12:00:17.747 15989 16101 I Unity   : [GAPLKBELEIG]; Get internet accessibility response: [Available]
06-20 12:00:17.785 15989 16101 I Unity   : ServerVersion - NetworkSettings.ConfigVersion [full version: 1.45.0.21.16675-prod] ---  CurrentVersion - NetworkSettings.ConfigVersion [full version: 1.45.0.0.16655-prod]
06-20 12:00:17.786 15989 16101 I Unity   : [MKPDMLJNNLC] Start
06-20 12:00:17.786 15989 16101 I Unity   : [MKPDMLJNNLC] Done in 0.033 ms
06-20 12:00:18.055 15989 16101 W Unity   : AndroidJNIHelper.GetSignature: using Byte parameters is obsolete, use SByte parameters instead
06-20 12:00:18.056 15989 16101 W Unity   : Client time was used instead of server time.
06-20 12:00:18.056 15989 16101 W Unity   : AndroidJNIHelper: converting from Byte array is obsolete, use SByte array instead
06-20 12:00:18.081 15989 16101 I Unity   : BundlesNetworkState Download succeeded
06-20 12:00:18.082 15989 16101 I Unity   : Start Connecting IP:ec2-52-66-28-201.ap-south-1.compute.amazonaws.com Port:443
06-20 12:00:18.087 15989 16101 I Unity   : [NEBU INFO] Connecting to ec2-52-66-28-201.ap-south-1.compute.amazonaws.com:443
06-20 12:00:18.121 15989 16101 I Unity   : [NEBU DEBUG] Reader task is started
06-20 12:00:18.121 15989 16101 I Unity   : [NEBU DEBUG] Writer task is started
06-20 12:00:18.157 15989 16101 I Unity   : Frame:[4950], Type:[ThrowEvent], Body:[Event: Type: NetworkConnection | Data: 
06-20 12:00:18.157 15989 16101 I Unity   :  HasTrigger: False QueueCount: 0 - ], List:[0:]
06-20 12:00:18.158 15989 16101 I Unity   : OnConnectionSuccess
06-20 12:00:18.158 15989 16101 I Banzai  : Path: /storage/emulated/0/Android/data/top.niunaijun.blackbox/files/blackbox/storage/emulated/0/Android/data/com.nekki.shadowfight3/files/tou.file
06-20 12:00:18.159 15989 16101 D Banzai  : Send request on url https://sf3lb.nekki.com/clog?guid=96b1a4edeac872bc&e=SMARTFOX_CONNECT&ext=eyJSQU0iOiIzNjQyIiwiQVJDSCI6ImFybTY0LXY4YSIsIk9TIjoiMTYiLCJMQU5HIjoiRW5nbGlzaCIsIk5FVCI6IldJRkkiLCJPR0wiOiJPUEVOR0xFU18zXzAiLCJCTiI6IjE5MjA5IiwiUEwiOiJBbmRyb2lkIn0%3D
06-20 12:00:18.160 15989 16101 W Unity   : AndroidJNIHelper.GetSignature: using Byte parameters is obsolete, use SByte parameters instead
06-20 12:00:18.160 15989 16101 W Unity   : AndroidJNIHelper: converting from Byte array is obsolete, use SByte array instead
06-20 12:00:18.161 15989 16101 I Unity   : Banzai.Networking.Proto.LoginRequest{
06-20 12:00:18.161 15989 16101 I Unity   :   "Version": 6,
06-20 12:00:18.161 15989 16101 I Unity   :   "PrimaryAuthToken": {
06-20 12:00:18.161 15989 16101 I Unity   :     "Type": 1,
06-20 12:00:18.161 15989 16101 I Unity   :     "Data": "{\"login\":\"bf79b85a-01e4-49c9-92ec-a17edd7516ab\",\"password\":\"d8b861ff8789e2b140b2f2519d33222d\"}"
06-20 12:00:18.161 15989 16101 I Unity   :   },
06-20 12:00:18.161 15989 16101 I Unity   :   "SecondaryAuthToken": [
06-20 12:00:18.161 15989 16101 I Unity   :     {
06-20 12:00:18.161 15989 16101 I Unity   :       "Type": 6,
06-20 12:00:18.161 15989 16101 I Unity   :       "Data": "96b1a4edeac872bc"
06-20 12:00:18.161 15989 16101 I Unity   :     }
06-20 12:00:18.161 15989 16101 I Unity   :   ],
06-20 12:00:18.161 15989 16101 I Unity   :   "ExtData": "{\"platform\":\"Android\",\"v\":\"19209\",\"app_id\":\"com.nekki.shadowfight3\",\"f\":\"4F050E1CB443EBADF2958735E5E61FAD46B859BC\",\"bnumber\":\"19209\",\"bname\":\"UnityClient_ShadowFight3_UnityClientShadowFight3Release_ConfigurationAndroid\"}"
06-20 12:00:18.161 15989 16101 I Unity   : }
06-20 12:00:18.171 15989 16101 I Unity   : [NEBU DEBUG] CompressionThreshold = 256
06-20 12:00:18.187 15989 16101 I Unity   : OnLogin - Guid:  
06-20 12:00:18.192 15989 16779 W Unity   : Reader task was aborted by System.IO.EndOfStreamException : Attempted to read past the end of the stream.; StackTrace:   at LCDDJOIFKME.FIAPGJLMAPC (System.IO.Stream OIIELOMCEBN, System.Byte[] NCJFLFIKFHD) [0x00000] in <00000000000000000000000000000000>:0 
06-20 12:00:18.192 15989 16779 W Unity   :   at KKEGDLFDJJI.OKLIGPHLBNB (System.Net.Sockets.NetworkStream LNCPNLNPMAG) [0x00000] in <00000000000000000000000000000000>:0 
06-20 12:00:18.192 15989 16779 W Unity   :   at DDOPPLDBKIB.GAACDLDPBDC () [0x00000] in <00000000000000000000000000000000>:0 
06-20 12:00:18.192 15989 16779 W Unity   :   at System.Threading.Tasks.Task.Execute () [0x00000] in <00000000000000000000000000000000>:0 
06-20 12:00:18.192 15989 16779 W Unity   :   at System.Threading.ExecutionContext.RunInternal (System.Threading.ExecutionContext executionContext, System.Threading.ContextCallback callback, System.Object state, System.Boolean preserveSyncCtx) [0x00000] in <00000000000000000000000000000000>:0 
06-20 12:00:18.192 15989 16779 W Unity   :   at System.Threading.Tasks.Task.ExecuteWithThreadLocal (System.Threading.Tasks.Task& currentTaskSlot) [0x00000] in <00000000000000000000000000000000>:0 
06-20 12:00:18.192 15989 16779 W Unity   :   at System.Threading.Tasks.Task.ExecuteEntry (System.Bo
06-20 12:00:18.206 15989 16101 I Unity   : [Server Event] cmd:<b>ban_event</b> type:sfDTO.BanEventData extensible:
06-20 12:00:18.206 15989 16101 I Unity   : sfDTO.BanEventData{
06-20 12:00:18.206 15989 16101 I Unity   :   "Type": 1,
06-20 12:00:18.206 15989 16101 I Unity   :   "Reason": "Violation of the rules of the game",
06-20 12:00:18.206 15989 16101 I Unity   :   "MillisLeft": 41558821,
06-20 12:00:18.206 15989 16101 I Unity   :   "PlayerId": 69994873
06-20 12:00:18.206 15989 16101 I Unity   : }
06-20 12:00:18.206 15989 16101 I Unity   : [DarkPocket] entering to 'NetworkConnection'
06-20 12:00:18.206 15989 16101 W Unity   : BlockInput was called, but we cannot block input yet
06-20 12:00:18.207 15989 16101 W Unity   : Restarting Connection. Reason: ban
06-20 12:00:18.207 15989 16101 I Unity   : StopCurrentState
06-20 12:00:18.207 15989 16101 W Unity   : Dispose nebu tasks
06-20 12:00:18.210 15989 16101 I Unity   : C#: User ID: 69994873
06-20 12:00:18.212 15989 16101 I Unity   : C#: Fyber User ID: 69994873
06-20 12:00:18.213 15989 16101 W Unity   : [NEBU WARN] Reader task was aborted by System.IO.EndOfStreamException : Attempted to read past the end of the stream.; StackTrace:   at LCDDJOIFKME.FIAPGJLMAPC (System.IO.Stream OIIELOMCEBN, System.Byte[] NCJFLFIKFHD) [0x00000] in <00000000000000000000000000000000>:0 
