06-19 08:25:51.967 30539 30539 D HookManager: hook: top.niunaijun.blackbox.fake.service.context.ContentServiceStub@c4df39
06-19 08:25:51.968 30539 30539 D HookManager: hook: top.niunaijun.blackbox.fake.service.IMediaSessionManagerProxy@134cf8a
06-19 08:25:51.970 30539 30539 D HookManager: hook: top.niunaijun.blackbox.fake.service.WebViewProxy@568dad7
06-19 08:25:51.970 30539 30539 D HookManager: hook: top.niunaijun.blackbox.fake.service.WebViewFactoryProxy@99cdfc4
06-19 08:25:51.970 30539 30539 D HookManager: hook: top.niunaijun.blackbox.fake.service.IWebViewUpdateServiceProxy@9912ead
06-19 08:25:51.970 30539 30539 D HookManager: hook: top.niunaijun.blackbox.fake.service.IWindowManagerProxy@5d7c5e2
06-19 08:25:51.973 30539 30539 D HookManager: hook: top.niunaijun.blackbox.fake.service.IGraphicsStatsProxy@ed68665
06-19 08:25:51.974 30539 30539 D HookManager: hook: top.niunaijun.blackbox.fake.service.AudioRecordProxy@eb45948
06-19 08:25:51.974 30539 30539 D HookManager: hook: top.niunaijun.blackbox.fake.service.IWifiScannerProxy@bae23e1
06-19 08:25:51.974 30539 30539 D HookManager: hook: top.niunaijun.blackbox.fake.service.IAttributionSourceProxy@91a0506
06-19 08:25:51.974 30539 30539 D HookManager: hook: top.niunaijun.blackbox.fake.service.SQLiteDatabaseProxy@64027c7
06-19 08:25:51.974 30539 30539 D HookManager: hook: top.niunaijun.blackbox.fake.service.ITelephonyManagerProxy@59c1f4
06-19 08:25:51.981 30539 30539 D HookManager: hook: top.niunaijun.blackbox.fake.service.IAudioServiceProxy@80e6e19
06-19 08:25:51.981 30539 30539 D AudioServiceProxy: Failed Android 16+ path, trying alternative: Method was null!
06-19 08:25:51.981 30539 30539 D AudioServiceProxy: Failed alternative path: Method was null!
06-19 08:25:51.981 30539 30539 D AudioServiceProxy: Successfully obtained IAudioService interface
06-19 08:25:51.982 30539 30539 D HookManager: hook: top.niunaijun.blackbox.fake.service.libcore.OsStub@4475b8c
06-19 08:25:51.983 30539 30539 D HookManager: hook: top.niunaijun.blackbox.fake.service.IVpnManagerProxy@80eb1db
06-19 08:25:51.985 30539 30539 D HookManager: hook: top.niunaijun.blackbox.fake.service.IActivityManagerProxy@eeb9024
06-19 08:25:51.988 30539 30539 D HookManager: hook: top.niunaijun.blackbox.fake.service.ContentResolverProxy@efa0f89
06-19 08:25:51.988 30539 30539 D HookManager: hook: top.niunaijun.blackbox.fake.service.IAccountManagerProxy@71ebfbc
06-19 08:25:51.989 30539 30539 D HookManager: hook: top.niunaijun.blackbox.fake.service.IActivityClientProxy@f2726c1
06-19 08:25:51.991 30539 30539 D HookManager: hook: top.niunaijun.blackbox.fake.service.AndroidIdProxy@cf6b7c0
06-19 08:25:51.991 30539 30539 D HookManager: hook: top.niunaijun.blackbox.fake.service.IXiaomiSettingsProxy@f88ecf9
06-19 08:25:51.991 30539 30539 D HookManager: hook: top.niunaijun.blackbox.fake.service.IXiaomiAttributionSourceProxy@716f43e
06-19 08:25:51.991 30539 30539 D HookManager: hook: top.niunaijun.blackbox.fake.delegate.AppInstrumentation@925129f
06-19 08:25:51.991 30539 30539 D HookManager: hook: top.niunaijun.blackbox.fake.service.LevelDbProxy@66f8fec
06-19 08:25:51.991 30539 30539 D HookManager: hook: top.niunaijun.blackbox.fake.service.IXiaomiMiuiServicesProxy@7e25fb5
06-19 08:25:51.991 30539 30539 D HookManager: hook: top.niunaijun.blackbox.fake.service.INetworkManagementServiceProxy@f8a164a
06-19 08:25:51.992 30539 30539 D HookManager: hook: top.niunaijun.blackbox.fake.service.IStorageStatsManagerProxy@a60b697
06-19 08:25:51.992 30539 30539 D HookManager: hook: top.niunaijun.blackbox.fake.service.IAutofillManagerProxy@c0790f0
06-19 08:25:51.993 30539 30539 D HookManager: hook: top.niunaijun.blackbox.fake.service.FileSystemProxy@bfde18f
06-19 08:25:51.993 30539 30539 D HookManager: hook: top.niunaijun.blackbox.fake.service.IConnectivityManagerProxy@96ccc1c
06-19 08:25:51.994 30539 30539 D HookManager: hook: top.niunaijun.blackbox.fake.service.DeviceIdProxy@79b19a1
06-19 08:25:51.994 30539 30539 D HookManager: hook: top.niunaijun.blackbox.fake.service.ISettingsProviderProxy@25f27c6
06-19 08:25:51.994 30539 30539 D HookManager: hook: top.niunaijun.blackbox.fake.service.IJobServiceProxy@9c67387
06-19 08:25:51.995 30539 30539 D HookManager: hook: top.niunaijun.blackbox.fake.service.IMiuiSecurityManagerProxy@7591620
06-19 08:25:51.995 30539 30539 D HookManager: hook: top.niunaijun.blackbox.fake.service.HCallbackProxy@26c5bd9
06-19 08:25:51.996 30539 30539 D HookManager: hook: top.niunaijun.blackbox.fake.service.IAppWidgetManagerProxy@a09744c
06-19 08:25:51.998 30539 30539 D HookManager: hook: top.niunaijun.blackbox.fake.service.ITelephonyRegistryProxy@26cad11
06-19 08:25:52.000 30539 30539 D HookManager: hook: top.niunaijun.blackbox.fake.service.IDevicePolicyManagerProxy@4ed9c02
06-19 08:25:52.003 30539 30539 D HookManager: hook: top.niunaijun.blackbox.fake.service.IDeviceIdentifiersPolicyProxy@16b536f
06-19 08:25:52.004 30539 30539 D HookManager: hook: top.niunaijun.blackbox.fake.service.ISettingsSystemProxy@183b068
06-19 08:25:52.004 30539 30539 D HookManager: hook: top.niunaijun.blackbox.fake.service.ILocationManagerProxy@d41fc81
06-19 08:25:52.010 30539 30539 D SimpleCrashFix: Simple crash fix already installed
06-19 08:25:52.010 30539 30539 D BlackBoxCore: System hooks installed successfully
06-19 08:25:52.010 30539 30539 D BlackBoxCore: Ensuring proper initialization order...
06-19 08:25:52.010 30539 30539 D NativeCore: NativeCore init.
06-19 08:25:52.010 30539 30539 D BlackBoxCore: NativeCore initialized successfully
06-19 08:25:52.012 25338 25355 D SystemCallProvider: call: VM, Bundle[mParcelledData.dataSize=88]
06-19 08:25:52.012 25338 25355 D SystemCallProvider: Requesting service: activity_manager
06-19 08:25:52.012 25338 25355 D SystemCallProvider: Service activity_manager provided successfully
06-19 08:25:52.012 30539 30539 D BlackBoxCore: getService: activity_manager, android.os.BinderProxy@78a2480
06-19 08:25:52.012 25338 25355 D SystemCallProvider: call: VM, Bundle[mParcelledData.dataSize=84]
06-19 08:25:52.012 25338 25355 D SystemCallProvider: Requesting service: package_manager
06-19 08:25:52.012 25338 25355 D SystemCallProvider: Service package_manager provided successfully
06-19 08:25:52.012 30539 30539 D BlackBoxCore: getService: package_manager, android.os.BinderProxy@7f0bab9
06-19 08:25:52.012 25338 25355 D SystemCallProvider: call: VM, Bundle[mParcelledData.dataSize=84]
06-19 08:25:52.012 25338 25355 D SystemCallProvider: Requesting service: storage_manager
06-19 08:25:52.012 25338 25355 D SystemCallProvider: Service storage_manager provided successfully
06-19 08:25:52.013 30539 30539 D BlackBoxCore: getService: storage_manager, android.os.BinderProxy@e7a0efe
06-19 08:25:52.013 25338 25355 D SystemCallProvider: call: VM, Bundle[mParcelledData.dataSize=80]
06-19 08:25:52.013 25338 25355 D SystemCallProvider: Requesting service: user_manager
06-19 08:25:52.013 25338 25355 D SystemCallProvider: Service user_manager provided successfully
06-19 08:25:52.013 30539 30539 D BlackBoxCore: getService: user_manager, android.os.BinderProxy@9ad08ac
06-19 08:25:52.013 30539 30552 W System.err: java.io.IOException: Cannot run program "su": error=2, No such file or directory
06-19 08:25:52.013 30539 30552 W System.err: 	at java.lang.ProcessBuilder.start(ProcessBuilder.java:1050)
06-19 08:25:52.013 25338 25355 D SystemCallProvider: call: VM, Bundle[mParcelledData.dataSize=76]
06-19 08:25:52.013 30539 30552 W System.err: 	at java.lang.Runtime.exec(Runtime.java:713)
06-19 08:25:52.013 25338 25355 D SystemCallProvider: Requesting service: job_manager
06-19 08:25:52.013 30539 30552 W System.err: 	at java.lang.Runtime.exec(Runtime.java:537)
06-19 08:25:52.013 25338 25355 D SystemCallProvider: Service job_manager provided successfully
06-19 08:25:52.013 30539 30552 W System.err: 	at java.lang.Runtime.exec(Runtime.java:434)
06-19 08:25:52.013 30539 30552 W System.err: 	at top.niunaijun.blackbox.utils.ShellUtils.execCommand(SourceFile:8)
06-19 08:25:52.013 30539 30539 D BlackBoxCore: getService: job_manager, android.os.BinderProxy@8594975
06-19 08:25:52.013 30539 30552 W System.err: 	at top.niunaijun.blackbox.utils.ShellUtils.execCommand(SourceFile:4)
06-19 08:25:52.013 30539 30552 W System.err: 	at top.niunaijun.blackbox.utils.ShellUtils.checkRootPermission(SourceFile:5)
06-19 08:25:52.013 30539 30552 W System.err: 	at G2.a.run(SourceFile:14)
06-19 08:25:52.013 30539 30552 W System.err: 	at java.lang.Thread.run(Thread.java:1572)
06-19 08:25:52.013 25338 25355 D SystemCallProvider: call: VM, Bundle[mParcelledData.dataSize=84]
06-19 08:25:52.013 30539 30552 W System.err: Caused by: java.io.IOException: error=2, No such file or directory
06-19 08:25:52.013 30539 30552 W System.err: 	at java.lang.UNIXProcess.forkAndExec(Native Method)
06-19 08:25:52.013 25338 25355 D SystemCallProvider: Requesting service: account_manager
06-19 08:25:52.013 30539 30552 W System.err: 	at java.lang.UNIXProcess.<init>(UNIXProcess.java:133)
06-19 08:25:52.013 25338 25355 D SystemCallProvider: Service account_manager provided successfully
06-19 08:25:52.013 30539 30552 W System.err: 	at java.lang.ProcessImpl.start(ProcessImpl.java:141)
06-19 08:25:52.013 30539 30552 W System.err: 	at java.lang.ProcessBuilder.start(ProcessBuilder.java:1029)
06-19 08:25:52.014 30539 30552 W System.err: 	... 8 more
06-19 08:25:52.014 30539 30552 D d       : Root access available: false
06-19 08:25:52.014 30539 30539 D BlackBoxCore: getService: account_manager, android.os.BinderProxy@cb5997b
06-19 08:25:52.014 25338 25355 D SystemCallProvider: call: VM, Bundle[mParcelledData.dataSize=88]
06-19 08:25:52.014 25338 25355 D SystemCallProvider: Requesting service: location_manager
06-19 08:25:52.014 25338 25355 D SystemCallProvider: Service location_manager provided successfully
06-19 08:25:52.014 30539 30539 D BlackBoxCore: getService: location_manager, android.os.BinderProxy@e380398
06-19 08:25:52.014 25338 25355 D SystemCallProvider: call: VM, Bundle[mParcelledData.dataSize=96]
06-19 08:25:52.014 25338 25355 D SystemCallProvider: Requesting service: notification_manager
06-19 08:25:52.014 25338 25355 D SystemCallProvider: Service notification_manager provided successfully
06-19 08:25:52.014 30539 30539 D BlackBoxCore: getService: notification_manager, android.os.BinderProxy@e8207f1
06-19 08:25:52.014 30539 30539 D BlackBoxCore: Services initialized successfully
06-19 08:25:52.014 30539 30539 D BlackBoxCore: ServiceManager initialized successfully
06-19 08:25:52.015 30539 30539 D BActivityThread: Found ActivityThread instrumentation, ensuring it's our AppInstrumentation
06-19 08:25:52.015 30539 30539 D BActivityThread: ActivityThread instrumentation is already our AppInstrumentation
06-19 08:25:52.015 30539 30539 D BlackBoxCore: BActivityThread hooks initialized successfully
06-19 08:25:52.015 30539 30539 D BlackBoxCore: Proper initialization order ensured
06-19 08:25:52.022 30539 30539 D TransactionThrottler: Reset transaction throttler
06-19 08:25:52.022 30539 30539 D BlackManager: Transaction throttler reset
06-19 08:25:52.022 30539 30539 D BlackBoxCore: BlackBox initialization completed in 12ms
06-19 08:25:52.022 30539 30539 D d       : Services became available, triggering app list refresh
06-19 08:25:52.022 30539 30539 D BlackManager: Creating service for: top.niunaijun.blackbox.core.system.pm.IBPackageManagerService$Stub
06-19 08:25:52.022 30539 30539 D BlackManager: Successfully created service: package_manager
06-19 08:25:52.030 25338 25412 D ActivityStack: ActivityInfo{1e9ffb4 com.psoffritti.video.speed.ui.MainActivity}, windowIsTranslucent: false
06-19 08:25:52.046 30442 30535 D SplashScreen: App launch initiated successfully
06-19 08:25:52.070 30539 30539 D NativeCore: NativeCore init.
06-19 08:25:52.088 30442 30442 I ImeFocusController: onPreWindowFocus: skipped hasWindowFocus=false mHasImeFocus=true
06-19 08:25:52.088 30442 30442 I ImeFocusController: onPostWindowFocus: skipped hasWindowFocus=false mHasImeFocus=true
06-19 08:25:52.100 30539 30539 D NativeCore: set addIORule
06-19 08:25:52.100 30539 30539 D NativeCore: set addIORule
06-19 08:25:52.102 30539 30539 D NativeCore: set addIORule
06-19 08:25:52.102 30539 30539 D NativeCore: set addIORule
06-19 08:25:52.102 30539 30539 D NativeCore: set addIORule
06-19 08:25:52.102 30539 30539 D NativeCore: set addIORule
06-19 08:25:52.102 30539 30539 D NativeCore: set addIORule
06-19 08:25:52.103 30539 30539 D NativeCore: set addIORule
06-19 08:25:52.103 30539 30539 D NativeCore: set addIORule
06-19 08:25:52.104 30539 30539 D NativeCore: set addIORule
06-19 08:25:52.104 30539 30539 D NativeCore: set addIORule
06-19 08:25:52.105 30539 30539 D NativeCore: set addIORule
06-19 08:25:52.105 30539 30539 D NativeCore: set addIORule
06-19 08:25:52.106 30539 30539 D NativeCore: set addIORule
06-19 08:25:52.106 30539 30539 D NativeCore: set addIORule
06-19 08:25:52.107 30539 30539 D NativeCore: set addIORule
06-19 08:25:52.107 30539 30539 D NativeCore: set addIORule
06-19 08:25:52.108 30539 30539 D NativeCore: set addIORule
06-19 08:25:52.108 30539 30539 D NativeCore: set addIORule
06-19 08:25:52.108 30539 30539 D NativeCore: set addIORule
06-19 08:25:52.108 30539 30539 D NativeCore: set addIORule
06-19 08:25:52.108 30539 30539 D NativeCore: set enableIO
06-19 08:25:52.108 30539 30539 D NativeCore: AccessFlag:flags = 0x50380002,flag = 0x100
06-19 08:25:52.108 30539 30539 D NativeCore: Method is not native, skipping hook
06-19 08:25:52.108 30539 30539 D NativeCore: Skipping hook for non-native method: java/io/UnixFileSystem.canonicalize0
06-19 08:25:52.108 30539 30539 D NativeCore: AccessFlag:flags = 0x50200102,flag = 0x100
06-19 08:25:52.108 30539 30539 D NativeCore: register class：java/io/UnixFileSystem, method：getLastModifiedTime0 success!
06-19 08:25:52.108 30539 30539 D NativeCore: AccessFlag:flags = 0x50200102,flag = 0x100
06-19 08:25:52.108 30539 30539 D NativeCore: register class：java/io/UnixFileSystem, method：setPermission0 success!
06-19 08:25:52.108 30539 30539 D NativeCore: AccessFlag:flags = 0x50200102,flag = 0x100
06-19 08:25:52.108 30539 30539 D NativeCore: register class：java/io/UnixFileSystem, method：createFileExclusively0 success!
06-19 08:25:52.108 30539 30539 D NativeCore: AccessFlag:flags = 0x50200102,flag = 0x100
06-19 08:25:52.108 30539 30539 D NativeCore: register class：java/io/UnixFileSystem, method：list0 success!
06-19 08:25:52.108 30539 30539 D NativeCore: AccessFlag:flags = 0x50200102,flag = 0x100
06-19 08:25:52.108 30539 30539 D NativeCore: register class：java/io/UnixFileSystem, method：createDirectory0 success!
06-19 08:25:52.109 30539 30539 D NativeCore: AccessFlag:flags = 0x50000102,flag = 0x100
06-19 08:25:52.109 30539 30539 D NativeCore: register class：java/io/UnixFileSystem, method：setLastModifiedTime0 success!
06-19 08:25:52.109 30539 30539 D NativeCore: AccessFlag:flags = 0x50200102,flag = 0x100
06-19 08:25:52.109 30539 30539 D NativeCore: register class：java/io/UnixFileSystem, method：setReadOnly0 success!
06-19 08:25:52.109 30539 30539 D NativeCore: AccessFlag:flags = 0x50200102,flag = 0x100
06-19 08:25:52.109 30539 30539 D NativeCore: register class：java/io/UnixFileSystem, method：getSpace0 success!
06-19 08:25:52.109 30539 30539 D NativeCore: FileSystemHook: Initializing file system hooks
06-19 08:25:52.109 30539 30539 D NativeCore: FileSystemHook: Found open function at 0x7867082d80
06-19 08:25:52.109 30539 30539 D NativeCore: FileSystemHook: Found open64 function at 0x7867082d80
06-19 08:25:52.109 30539 30539 D NativeCore: AccessFlag:flags = 0x50280108,flag = 0x100
06-19 08:25:52.109 30539 30539 D NativeCore: register class：java/lang/VMClassLoader, method：findLoadedClass success!
06-19 08:25:52.109 30539 30539 D NativeCore: AccessFlag:flags = 0x50300119,flag = 0x100
06-19 08:25:52.109 30539 30539 D NativeCore: register class：android/os/Binder, method：getCallingUid success!
06-19 08:25:52.109 30539 30539 D NativeCore: AccessFlag:flags = 0x5020010a,flag = 0x100
06-19 08:25:52.109 30539 30539 D NativeCore: register class：dalvik/system/DexFile, method：openDexFileNative success!
06-19 08:25:52.112 30539 30539 D d       : beforeCreateApplication: pkg com.psoffritti.video.speed, processName com.psoffritti.video.speed,userID:0
06-19 08:25:52.112 30539 30539 D ApplicationLoaders: Returning zygote-cached class loader: /system_ext/framework/androidx.window.extensions.jar
06-19 08:25:52.112 30539 30539 D ApplicationLoaders: Returning zygote-cached class loader: /system_ext/framework/androidx.window.sidecar.jar
06-19 08:25:52.112 30539 30539 D NativeCore: openDexFileNative: /data/app/~~N65428LH5EFJIW1h97MKGw==/com.psoffritti.video.speed-McEEqMMlkxHCT9d4rMF4gQ==/base.apk
06-19 08:25:52.122 30539 30539 I jun.blackbox:p0: Failed to open image dex files: Dex cache count and dex file count mismatch while trying to initialize from image
06-19 08:25:52.123 30539 30539 D NativeCore: openDexFileNative: /data/app/~~N65428LH5EFJIW1h97MKGw==/com.psoffritti.video.speed-McEEqMMlkxHCT9d4rMF4gQ==/split_config.arm64_v8a.apk
06-19 08:25:52.123 30539 30539 W jun.blackbox:p0: Failed to find entry 'classes.dex': Entry not found
06-19 08:25:52.123 30539 30539 D NativeCore: openDexFileNative: /data/app/~~N65428LH5EFJIW1h97MKGw==/com.psoffritti.video.speed-McEEqMMlkxHCT9d4rMF4gQ==/split_config.bn.apk
06-19 08:25:52.124 30539 30539 W jun.blackbox:p0: Failed to find entry 'classes.dex': Entry not found
06-19 08:25:52.124 30539 30539 D NativeCore: openDexFileNative: /data/app/~~N65428LH5EFJIW1h97MKGw==/com.psoffritti.video.speed-McEEqMMlkxHCT9d4rMF4gQ==/split_config.en.apk
06-19 08:25:52.124 30539 30539 W jun.blackbox:p0: Failed to find entry 'classes.dex': Entry not found
06-19 08:25:52.124 30539 30539 D NativeCore: openDexFileNative: /data/app/~~N65428LH5EFJIW1h97MKGw==/com.psoffritti.video.speed-McEEqMMlkxHCT9d4rMF4gQ==/split_config.gu.apk
06-19 08:25:52.125 30539 30539 W jun.blackbox:p0: Failed to find entry 'classes.dex': Entry not found
06-19 08:25:52.125 30539 30539 D NativeCore: openDexFileNative: /data/app/~~N65428LH5EFJIW1h97MKGw==/com.psoffritti.video.speed-McEEqMMlkxHCT9d4rMF4gQ==/split_config.kn.apk
06-19 08:25:52.125 30539 30539 W jun.blackbox:p0: Failed to find entry 'classes.dex': Entry not found
06-19 08:25:52.125 30539 30539 D NativeCore: openDexFileNative: /data/app/~~N65428LH5EFJIW1h97MKGw==/com.psoffritti.video.speed-McEEqMMlkxHCT9d4rMF4gQ==/split_config.mr.apk
06-19 08:25:52.125 30539 30539 W jun.blackbox:p0: Failed to find entry 'classes.dex': Entry not found
06-19 08:25:52.126 30539 30539 D NativeCore: openDexFileNative: /data/app/~~N65428LH5EFJIW1h97MKGw==/com.psoffritti.video.speed-McEEqMMlkxHCT9d4rMF4gQ==/split_config.ta.apk
06-19 08:25:52.126 30539 30539 W jun.blackbox:p0: Failed to find entry 'classes.dex': Entry not found
06-19 08:25:52.126 30539 30539 D NativeCore: openDexFileNative: /data/app/~~N65428LH5EFJIW1h97MKGw==/com.psoffritti.video.speed-McEEqMMlkxHCT9d4rMF4gQ==/split_config.te.apk
06-19 08:25:52.126 30539 30539 W jun.blackbox:p0: Failed to find entry 'classes.dex': Entry not found
06-19 08:25:52.126 30539 30539 D NativeCore: openDexFileNative: /data/app/~~N65428LH5EFJIW1h97MKGw==/com.psoffritti.video.speed-McEEqMMlkxHCT9d4rMF4gQ==/split_config.tvdpi.apk
06-19 08:25:52.127 30539 30539 W jun.blackbox:p0: Failed to find entry 'classes.dex': Entry not found
06-19 08:25:52.129 30539 30539 D nativeloader: Configuring clns-10 for other apk /data/app/~~N65428LH5EFJIW1h97MKGw==/com.psoffritti.video.speed-McEEqMMlkxHCT9d4rMF4gQ==/base.apk:/data/app/~~N65428LH5EFJIW1h97MKGw==/com.psoffritti.video.speed-McEEqMMlkxHCT9d4rMF4gQ==/split_config.arm64_v8a.apk:/data/app/~~N65428LH5EFJIW1h97MKGw==/com.psoffritti.video.speed-McEEqMMlkxHCT9d4rMF4gQ==/split_config.bn.apk:/data/app/~~N65428LH5EFJIW1h97MKGw==/com.psoffritti.video.speed-McEEqMMlkxHCT9d4rMF4gQ==/split_config.en.apk:/data/app/~~N65428LH5EFJIW1h97MKGw==/com.psoffritti.video.speed-McEEqMMlkxHCT9d4rMF4gQ==/split_config.gu.apk:/data/app/~~N65428LH5EFJIW1h97MKGw==/com.psoffritti.video.speed-McEEqMMlkxHCT9d4rMF4gQ==/split_config.kn.apk:/data/app/~~N65428LH5EFJIW1h97MKGw==/com.psoffritti.video.speed-McEEqMMlkxHCT9d4rMF4gQ==/split_config.mr.apk:/data/app/~~N65428LH5EFJIW1h97MKGw==/com.psoffritti.video.speed-McEEqMMlkxHCT9d4rMF4gQ==/split_config.ta.apk:/data/app/~~N65428LH5EFJIW1h97MKGw==/com.psoffritti.video.speed-McEEqMMlkxHCT9d4rMF4gQ==/split_config.te.apk:/data/app/~~
06-19 08:25:52.198 30442 30442 I VRI[MainActivity]@c686f1b: handleAppVisibility mAppVisible = true visible = false
06-19 08:25:52.198 30442 30442 D VRI[MainActivity]@c686f1b: visibilityChanged oldVisibility=true newVisibility=false
06-19 08:25:52.218 30442 30442 D BLASTBufferQueue: [VRI[MainActivity]@c686f1b#3](f:0,a:1) destructor()
06-19 08:25:52.218 30442 30442 D BufferQueueConsumer: [VRI[MainActivity]@c686f1b#3(BLAST Consumer)3](id:76ea00000003,api:0,p:-1,c:30442) disconnect
06-19 08:25:52.219 30442 30442 I VRI[MainActivity]@c686f1b: Relayout returned: old=(0,0,1340,800) new=(0,0,1340,800) relayoutAsync=false req=(1340,800)8 dur=5 res=0x2 s={false 0x0} ch=true seqId=0
06-19 08:25:52.219 30442 30442 D VRI[MainActivity]@c686f1b: Not drawing due to not visible. Reason=!mAppVisible && !mForceDecorViewVisibility
06-19 08:25:52.267 30539 30539 D FirebaseSessions: Dependency to CRASHLYTICS added.
06-19 08:25:52.275 30539 30539 I FirebaseApp: Device unlocked: initializing all Firebase APIs for app [DEFAULT]
06-19 08:25:52.292 30539 30539 D nativeloader: Load /data/app/~~N65428LH5EFJIW1h97MKGw==/com.psoffritti.video.speed-McEEqMMlkxHCT9d4rMF4gQ==/split_config.arm64_v8a.apk!/lib/arm64-v8a/libcrashlytics.so using class loader ns clns-10 (caller=/data/app/~~N65428LH5EFJIW1h97MKGw==/com.psoffritti.video.speed-McEEqMMlkxHCT9d4rMF4gQ==/base.apk!classes2.dex): ok
06-19 08:25:52.293 30539 30539 D BlackManager: Creating service for: top.niunaijun.blackbox.core.system.am.IBActivityManagerService$Stub
06-19 08:25:52.293 30539 30539 D BlackManager: Successfully created service: activity_manager
06-19 08:25:52.293 30539 30556 D TransactionThrottler: Reset transaction throttler
06-19 08:25:52.301 30539 30556 D PackageManagerStub: GetPackageInfo: Providing fake Google Play Services info
06-19 08:25:52.302 30539 30556 W GooglePlayServicesUtil: com.psoffritti.video.speed requires Google Play services, but they are missing.
06-19 08:25:52.304 30539 30556 E DynamiteModule: Invalid GmsCore APK, remote loading disabled.
06-19 08:25:52.304 30539 30556 I DynamiteModule: Considering local module com.google.android.gms.measurement.dynamite:155 and remote module com.google.android.gms.measurement.dynamite:0
06-19 08:25:52.304 30539 30556 I DynamiteModule: Selected local version of com.google.android.gms.measurement.dynamite
06-19 08:25:52.307 30539 30556 E DynamiteModule: Invalid GmsCore APK, remote loading disabled.
06-19 08:25:52.317 30539 30539 D nativeloader: Load /data/app/~~N65428LH5EFJIW1h97MKGw==/com.psoffritti.video.speed-McEEqMMlkxHCT9d4rMF4gQ==/split_config.arm64_v8a.apk!/lib/arm64-v8a/libdatastore_shared_counter.so using class loader ns clns-10 (caller=/data/app/~~N65428LH5EFJIW1h97MKGw==/com.psoffritti.video.speed-McEEqMMlkxHCT9d4rMF4gQ==/base.apk!classes2.dex): ok
06-19 08:25:52.330 30539 30539 D FirebaseSessions: Initializing Firebase Sessions 3.0.4.
06-19 08:25:52.332 30539 30539 I FirebaseCrashlytics: Initializing Firebase Crashlytics 20.0.4 for com.psoffritti.video.speed
06-19 08:25:52.344 30539 30539 D FirebaseSessions: Subscriber CRASHLYTICS registered.
06-19 08:25:52.344 30539 30557 D TransactionThrottler: Reset transaction throttler
06-19 08:25:52.357 30539 30557 I FA      : App measurement initialized, version: 133005
06-19 08:25:52.357 30539 30557 I FA      : To enable debug logging run: adb shell setprop log.tag.FA VERBOSE
06-19 08:25:52.357 30539 30557 I FA      : To enable faster debug mode event logging run:
06-19 08:25:52.357 30539 30557 I FA      :   adb shell setprop debug.firebase.analytics.app com.psoffritti.video.speed
06-19 08:25:52.360 30539 30569 D AttributionSourceUtils: Fixed AttributionSource UID in method arguments
06-19 08:25:52.361 30539 30539 I FirebaseInitProvider: FirebaseApp initialization successful
06-19 08:25:52.362 30539 30569 E ashmem  : Pinning is deprecated since Android Q. Please use trim or other methods.
06-19 08:25:52.366 30539 30539 D WM-WrkMgrInitializer: Initializing WorkManager with default configuration.
06-19 08:25:52.368 30539 30568 D FirebaseSessions: Notified CRASHLYTICS of new session 32a0db0eb5154c2e868c20ea47d8c537
06-19 08:25:52.373 30539 30569 W JobServiceStub: Schedule: args[0] is null, returning RESULT_FAILURE
06-19 08:25:52.374 30539 30539 D AttributionSourceUtils: Fixed AttributionSource UID in method arguments
06-19 08:25:52.374 30539 30569 W JobServiceStub: Schedule: args[0] is null, returning RESULT_FAILURE
06-19 08:25:52.375 30539 30569 W JobServiceStub: Schedule: args[0] is null, returning RESULT_FAILURE
06-19 08:25:52.375 30539 30539 D d       : beforeApplicationOnCreate: pkg com.psoffritti.video.speed, processName com.psoffritti.video.speed
06-19 08:25:52.379 30539 30559 D libcrashlytics: Initializing libcrashlytics version 3.2.0
06-19 08:25:52.381 30539 30539 D d       : afterApplicationOnCreate: pkg com.psoffritti.video.speed, processName com.psoffritti.video.speed
06-19 08:25:52.381 30539 30539 D ClassInvocationStub: AppOps invoke: Bypassing system for checkOperationRawForDevice, allowing operation
06-19 08:25:52.382 30539 30539 W RockerManager: Location permission not granted - RockerManager cannot access location
06-19 08:25:52.382 30539 30539 W RockerManager: Required permissions not granted, RockerManager cannot initialize
06-19 08:25:52.382 30539 30539 W RockerManager: Please grant: android.permission.SYSTEM_ALERT_WINDOW, android.permission.ACCESS_FINE_LOCATION, android.permission.ACCESS_COARSE_LOCATION
06-19 08:25:52.384 25338 28078 D ActivityStack: onActivityCreated : ComponentInfo{com.psoffritti.video.speed/com.psoffritti.video.speed.ui.MainActivity}
06-19 08:25:52.386 30539 30539 D ActivityThread: com.psoffritti.video.speed will use render engine as GL
06-19 08:25:52.386 30539 30539 D HWUI    : HWUI - treat SMPTE_170M as sRGB
06-19 08:25:52.388 30539 30557 E FA      : App is missing INTERNET permission
06-19 08:25:52.389 30539 30557 E FA      : App is missing ACCESS_NETWORK_STATE permission
06-19 08:25:52.392 30539 30575 I DisplayManager: Choreographer implicitly registered for the refresh rate.
06-19 08:25:52.393 30539 30539 D AttributionSourceUtils: Fixed AttributionSource UID in method arguments
06-19 08:25:52.393 30539 30575 D HWUI    : CacheManager constructor. deviceInfo=(1080, 1920)
06-19 08:25:52.393 30539 30575 D libMEOW : meow new tls: 0x762e272080
06-19 08:25:52.394 30539 30539 D AttributionSourceUtils: Fixed AttributionSource UID in method arguments
06-19 08:25:52.395 30539 30575 D libMEOW : meow reload base cfg path: na
06-19 08:25:52.395 30539 30575 D libMEOW : meow reload overlay cfg path: na
06-19 08:25:52.395 30539 30575 D libMEOW : applied 0 plugin for [com.psoffritti.video.speed].
06-19 08:25:52.396 30539 30575 I mali    : Successfully parsed 2 environment variable(s) from /vendor/etc/mali_platform.config.
06-19 08:25:52.397 30539 30575 I mali    : Successfully parsed 2 environment variable(s) from /vendor/etc/mali_platform.config.
06-19 08:25:52.397 30539 30559 D libcrashlytics: Initializing native crash handling successful.
06-19 08:25:52.398 30539 30557 E FA      : Uploading is not possible. App measurement disabled
06-19 08:25:52.400 30539 30539 D AppInstrumentation: callActivityOnCreate: com.psoffritti.video.speed.ui.MainActivity
06-19 08:25:52.400 30539 30570 D TransactionThrottler: Reset transaction throttler
06-19 08:25:52.406 30539 30539 D AttributionSourceUtils: Fixed AttributionSource UID in method arguments
06-19 08:25:52.407 30539 30539 D AttributionSourceUtils: Fixed AttributionSource UID in method arguments
06-19 08:25:52.409 30539 30539 D AttributionSourceUtils: Fixed AttributionSource UID in method arguments
06-19 08:25:52.411 30539 30559 I FirebaseCrashlytics: Saved version control info
06-19 08:25:52.423 30539 30539 D AttributionSourceUtils: Fixed AttributionSource UID in method arguments
06-19 08:25:52.424 30539 30539 D DesktopModeFlags: Toggle override initialized to: OVERRIDE_UNSET
06-19 08:25:52.425 30539 30539 I DecorView: setWindowBackground: isPopOver=false color=ff141218 d=android.graphics.drawable.ColorDrawable@73fb7a4
06-19 08:25:52.436 30539 30539 D AttributionSourceUtils: Fixed AttributionSource UID in method arguments
06-19 08:25:52.439 30539 30590 I UserMessagingPlatform: Use new ConsentDebugSettings.Builder().addTestDeviceHashedId("1654883292BEA2952023B0AF6A4DAB83") to set this as a debug device.
06-19 08:25:52.441 30539 30571 D TransactionThrottler: Reset transaction throttler
06-19 08:25:52.441 30539 30590 D UserMessagingPlatform: Stored info not exists: IDFA_freqCapNumViews
06-19 08:25:52.441 30539 30590 D UserMessagingPlatform: Stored info not exists: UMP_CoMoAdStoragePurposeConsentStatus
06-19 08:25:52.441 30539 30590 D UserMessagingPlatform: Stored info not exists: IABTCF_TCString
06-19 08:25:52.441 30539 30590 D UserMessagingPlatform: Stored info not exists: UMP_CoMoAnalyticsStoragePurposeConsentStatus
06-19 08:25:52.441 30539 30590 D UserMessagingPlatform: Stored info not exists: UMP_CoMoAdPersonalizationPurposeConsentStatus
06-19 08:25:52.441 30539 30590 D UserMessagingPlatform: Stored info not exists: UMP_CoMoAdUserDataPurposeConsentStatus
06-19 08:25:52.441 30539 30590 D UserMessagingPlatform: Stored info not exists: IABTCF_AddtlConsent
06-19 08:25:52.441 30539 30590 D UserMessagingPlatform: Stored info not exists: IABTCF_idfaFlowControl
06-19 08:25:52.446 30539 30539 D FirebaseSessions: App foregrounded on com.psoffritti.video.speed
06-19 08:25:52.446 30539 30539 D FirebaseSessions: Session 32a0db0eb5154c2e868c20ea47d8c537 is expired
06-19 08:25:52.447 30539 30539 D AttributionSourceUtils: Fixed AttributionSource UID in method arguments
06-19 08:25:52.448 30539 30539 D AttributionSourceUtils: Fixed AttributionSource UID in method arguments
06-19 08:25:52.449 30539 30568 D FirebaseSessions: Session 32a0db0eb5154c2e868c20ea47d8c537 is expired
06-19 08:25:52.453 30539 30539 D TransactionThrottler: Reset transaction throttler
06-19 08:25:52.454 30539 30568 D FirebaseSessions: Cold app start detected
06-19 08:25:52.454 30539 30568 D FirebaseSessions: Process com.psoffritti.video.speed is stale
06-19 08:25:52.454 30539 30569 W JobServiceStub: Schedule: args[0] is null, returning RESULT_FAILURE
06-19 08:25:52.463 30539 30590 I WebViewFactory: Loading com.google.android.webview version 149.0.7827.91 (code 782709103)
06-19 08:25:52.464 30539 30559 D FirebaseSessions: Notified CRASHLYTICS of new session b5b1b9be7eef436d86ff3fbf7de51644
06-19 08:25:52.466 30539 30568 D FirebaseSessions: Session Event Type: SESSION_START
06-19 08:25:52.466 30539 30568 D FirebaseSessions: Successfully logged Session Start event.
06-19 08:25:52.469 30539 30596 I TRuntime.CctTransportBackend: Making request to: https://crashlyticsreports-pa.googleapis.com/v1/firelog/legacy/batchlog
06-19 08:25:52.471 30539 30539 I ViewRootImpl: dVRR is disabled
06-19 08:25:52.471 30539 30539 D HardwareRenderer: onDisplayChanged. displayId=0 current wxh=1340x800 mLargest wxh=0x0
06-19 08:25:52.471 30539 30539 W HWUI    : Unknown dataspace 0
06-19 08:25:52.471 30539 30539 D HardwareRenderer: Set largestWidth and largestHeight as logical resolution. (1340x800)
06-19 08:25:52.471 30539 30575 D HWUI    : setMaxSurfaceArea requested wxh=(1340,800) requestedSurfaceArea(1072000) is smaller than defaultSurfaceArea(2073600). Use default.
06-19 08:25:52.471 30539 30590 V ResourcesManager: The following library key has been added: ResourcesKey{ mHash=577b64ab mResDir=null mSplitDirs=[] mOverlayDirs=[] mLibDirs=[/data/app/~~Le3hgXek_hNQMhl1CO1F4g==/com.google.android.webview-2XJ4JQhZFpZKWJuOrRbbBA==/base.apk,/system/framework/android.test.base.jar,/system_ext/framework/androidx.window.extensions.jar] mDisplayId=0 mOverrideConfig=v36 mCompatInfo={213dpi always-compat} mLoaders=[]}
06-19 08:25:52.473 30539 30575 D NativeCustomFrequencyManager: [NativeCFMS] BpCustomFrequencyManager::BpCustomFrequencyManager()
06-19 08:25:52.474 30539 30539 D TransactionThrottler: Reset transaction throttler
06-19 08:25:52.476 30539 30590 D ApplicationLoaders: Returning zygote-cached class loader: /system/framework/android.test.base.jar
06-19 08:25:52.476 30539 30590 D ApplicationLoaders: Returning zygote-cached class loader: /system_ext/framework/androidx.window.extensions.jar
06-19 08:25:52.476 30539 30590 D NativeCore: openDexFileNative: /data/app/~~Le3hgXek_hNQMhl1CO1F4g==/com.google.android.webview-2XJ4JQhZFpZKWJuOrRbbBA==/base.apk
06-19 08:25:52.478 30539 30557 I FA      : Tag Manager is not found and thus will not be used
06-19 08:25:52.478 30539 30539 D InputTransport: Input channel constructed: '1d47f8e', fd=145
06-19 08:25:52.479 30539 30539 I InsetsController: onStateChanged: host=com.psoffritti.video.speed/com.psoffritti.video.speed.ui.MainActivity, from=android.view.ViewRootImpl.onInsetsStateChanged:3026, state=InsetsState: {mDisplayFrame=Rect(0, 0 - 1340, 800), mDisplayCutout=DisplayCutout{insets=Rect(0, 0 - 0, 0) waterfall=Insets{left=0, top=0, right=0, bottom=0} boundingRect={Bounds=[Rect(0, 0 - 0, 0), Rect(0, 0 - 0, 0), Rect(0, 0 - 0, 0), Rect(0, 0 - 0, 0)]} cutoutPathParserInfo={CutoutPathParserInfo{displayWidth=0 displayHeight=0 physicalDisplayWidth=0 physicalDisplayHeight=0 density={0.0} cutoutSpec={} rotation={0} scale={0.0} physicalPixelDisplaySizeRatio={0.0}}} sideOverrides=null}, mRoundedCorners=RoundedCorners{[RoundedCorner{position=TopLeft, radius=9, center=Point(9, 9)}, RoundedCorner{position=TopRight, radius=9, center=Point(1331, 9)}, RoundedCorner{position=BottomRight, radius=9, center=Point(1331, 791)}, RoundedCorner{position=BottomLeft, radius=9, center=Point(9, 791)}]}  mRoundedCornerFrame=Rect(0, 0 - 1340, 800), mPrivacyIndicatorBounds=PrivacyIndicatorBounds {static bounds=Rect(1282, 0 - 1340, 39) rotation=1}, mDisplayShape=DisplayShape{ spec=-311912193 displayWidth=800 displayHeight=1340 physicalPixelDisplaySizeRatio=1.0 rotation=1 offsetX=0 offsetY=0 scale=1.0}, mSources= { InsetsSource: {887e0000 mType=statusBars mFrame=[0,0][1340,39] mVisible=true mFlags= mSideHint=TOP mBoundingRects=null}, InsetsSource: {887e0005 mType=mandatorySystemGestures mFrame=[0,0][1340,39] mVisible=true mFlags= mSideHint=TOP mBoundingRects=null}, InsetsSource: {887e0006 mType=tappableElement mFrame=[0,0][1340,39] mVisible=true mFlags= mSideHint=TOP mBoundingRects=null}, InsetsSource: {3 mType=ime mFrame=[0,0][0,0] mVisible=false mFlags= mSideHint=NONE mBoundingRects=null}, InsetsSource: {292c0001 mType=navigationBars mFrame=[0,737][1340,800] mVisible=true mFlags= mSideHint=BOTTOM mBoundingRects=null}, InsetsSource: {292c0004 mType=systemGestures mFrame=[0,0][0,0] mVisible=true mFlags= mSideHint=NONE mBoundingRects=null}, InsetsSource: {292c0005 mType=mandatorySystemGestures mFrame=[0,737][1340,800] mVisible=true mFlags= mSideHint=BOTTOM mBoundingRects=null}, InsetsSource: {292c0006 mType=tappableElement mFrame=[0,737][1340,800] mVisible=true mFlags= mSideHint=BOTTOM mBoundingRects=null}, InsetsSource: {292c0024 mType=systemGestures mFrame=[0,0][0,0] mVisible=true mFlags= mSideHint=NONE mBoundingRects=null} }
06-19 08:25:52.480 30539 30539 I VRI[MainActivity]@b7fe9ee: synced displayState. AttachInfo displayState=2
06-19 08:25:52.481 30539 30539 I VRI[MainActivity]@b7fe9ee: setView = com.android.internal.policy.DecorView@e84b6fa IsHRR=false mFlingFrameRateChange=0 TM=true
06-19 08:25:52.481 30539 30539 I IDS_TAG : Starting IDS observe window
06-19 08:25:52.481 30539 30539 I IDS_TAG : Getting Shared Preference for com.psoffritti.video.speed.VideoSpeedApplication@39ca476 uid = 10002
06-19 08:25:52.483 30539 30539 I IDS_TAG : App com.psoffritti.video.speed.VideoSpeedApplication@39ca476 has not finished training
06-19 08:25:52.484 25338 25412 D ActivityStack: onActivityResumed : ComponentInfo{com.psoffritti.video.speed/com.psoffritti.video.speed.ui.MainActivity}
06-19 08:25:52.485 30539 30539 I IDS_TAG : Closing IDS observe window
06-19 08:25:52.485 30539 30539 I IDS_TAG : Getting Shared Preference for com.psoffritti.video.speed.VideoSpeedApplication@39ca476 uid = 10002
06-19 08:25:52.485 30539 30539 I IDS_TAG : IDS count updated to 4 for com.psoffritti.video.speed.VideoSpeedApplication@39ca476
06-19 08:25:52.485 30539 30557 W GooglePlayServicesUtil: com.psoffritti.video.speed requires Google Play services, but they are missing.
06-19 08:25:52.486 30539 30557 E FA      : Unable to use remote or local measurement implementation. Please register the AppMeasurementService service in the app manifest
06-19 08:25:52.487 30539 30539 D AttributionSourceUtils: Fixed AttributionSource UID in method arguments
06-19 08:25:52.500 30539 30590 D nativeloader: Configuring clns-11 for other apk /data/app/~~Le3hgXek_hNQMhl1CO1F4g==/com.google.android.webview-2XJ4JQhZFpZKWJuOrRbbBA==/base.apk. target_sdk_version=36, uses_libraries=, library_path=/data/app/~~Le3hgXek_hNQMhl1CO1F4g==/com.google.android.webview-2XJ4JQhZFpZKWJuOrRbbBA==/lib/arm64:/data/app/~~Le3hgXek_hNQMhl1CO1F4g==/com.google.android.webview-2XJ4JQhZFpZKWJuOrRbbBA==/base.apk!/lib/arm64-v8a, permitted_path=/data:/mnt/expand
06-19 08:25:52.566 30539 30539 E jun.blackbox:p0: [perfctl] 30539 30539 FPSGO ver:0
06-19 08:25:52.566 30539 30539 E jun.blackbox:p0: [perfctl] 0 0 0 0
06-19 08:25:52.566 30539 30539 D BufferQueueConsumer: [](id:774b00000000,api:0,p:-1,c:30539) connect: controlledByApp=false
06-19 08:25:52.567 30539 30539 D BLASTBufferQueue: [VRI[MainActivity]@b7fe9ee#0](f:0,a:0) constructor()
06-19 08:25:52.567 30539 30539 I BLASTBufferQueue_Java: new BLASTBufferQueue, mName= VRI[MainActivity]@b7fe9ee mNativeObject= 0x778e23b8c0 caller= android.view.ViewRootImpl.updateBlastSurfaceIfNeeded:3585 android.view.ViewRootImpl.relayoutWindow:11685 android.view.ViewRootImpl.performTraversals:4804 android.view.ViewRootImpl.doTraversal:3924 android.view.ViewRootImpl$TraversalRunnable.run:12903 android.view.Choreographer$CallbackRecord.run:1901 android.view.Choreographer$CallbackRecord.run:1910 android.view.Choreographer.doCallbacks:1367 android.view.Choreographer.doFrame:1292 android.view.Choreographer$FrameDisplayEventReceiver.run:1870 
06-19 08:25:52.567 30539 30539 I BLASTBufferQueue_Java: update, w= 1340 h= 800 mName = VRI[MainActivity]@b7fe9ee mNativeObject= 0x778e23b8c0 sc.mNativeObject= 0x772e2184d0 format= -1 caller= android.view.ViewRootImpl.updateBlastSurfaceIfNeeded:3590 android.view.ViewRootImpl.relayoutWindow:11685 android.view.ViewRootImpl.performTraversals:4804 android.view.ViewRootImpl.doTraversal:3924 android.view.ViewRootImpl$TraversalRunnable.run:12903 android.view.Choreographer$CallbackRecord.run:1901 
06-19 08:25:52.567 30539 30539 D BLASTBufferQueue: [VRI[MainActivity]@b7fe9ee#0](f:0,a:0) update width=1340 height=800 format=-1 mTransformHint=4
06-19 08:25:52.568 30539 30539 I VRI[MainActivity]@b7fe9ee: Relayout returned: old=(0,0,1340,800) new=(0,0,1340,800) relayoutAsync=false req=(1340,800)0 dur=6 res=0x3 s={true 0x775e2344c0} ch=true seqId=0
06-19 08:25:52.569 30539 30539 D VRI[MainActivity]@b7fe9ee: mThreadedRenderer.initialize() mSurface={isValid=true 0x775e2344c0} hwInitialized=true
06-19 08:25:52.573 30539 30539 D VRI[MainActivity]@b7fe9ee: reportNextDraw android.view.ViewRootImpl.performTraversals:5443 android.view.ViewRootImpl.doTraversal:3924 android.view.ViewRootImpl$TraversalRunnable.run:12903 android.view.Choreographer$CallbackRecord.run:1901 android.view.Choreographer$CallbackRecord.run:1910 
06-19 08:25:52.573 30539 30539 D VRI[MainActivity]@b7fe9ee: Setup new sync=wmsSync-VRI[MainActivity]@b7fe9ee#0
06-19 08:25:52.573 30539 30539 I VRI[MainActivity]@b7fe9ee: Creating new active sync group VRI[MainActivity]@b7fe9ee#1
06-19 08:25:52.574 30539 30539 D VRI[MainActivity]@b7fe9ee: registerCallbacksForSync syncBuffer=false
06-19 08:25:52.574 30539 30590 I cr_WVCFactoryProvider: version=149.0.7827.91 (782709103) minSdkVersion=29 multiprocess=true packageId=2 splits=config.arm64_v8a,config.bn,config.en,config.gu,config.kn,config.mr,config.ta,config.te,config.tvdpi
06-19 08:25:52.581 30539 30539 I View    : setRequestedFrameRate frameRate=0.0, this=mb{e1c717c VFED..... ........ 0,0-1340,698 aid=1073741824}, caller=android.view.ViewGroup.setRequestedFrameRate:9952 sj.a:1 mb.dispatchDraw:98 android.view.View.draw:26345 android.view.View.updateDisplayListIfDirty:25175 
06-19 08:25:52.581 30539 30539 I View    : setRequestedFrameRate frameRate=-4.0, this=android.view.View{8d07b2a V.ED..... ......I. 0,0-0,0}, caller=sj.a:1 mb.dispatchDraw:107 android.view.View.draw:26345 android.view.View.updateDisplayListIfDirty:25175 android.view.View.draw:26072 
06-19 08:25:52.582 30539 30599 D VRI[MainActivity]@b7fe9ee: Received frameDrawingCallback syncResult=0 frameNum=1.
06-19 08:25:52.582 30539 30599 I VRI[MainActivity]@b7fe9ee: mWNT: t=0x779e2501d0 mBlastBufferQueue=0x778e23b8c0 fn= 1 HdrRenderState mRenderHdrSdrRatio=1.0 caller= android.view.ViewRootImpl$12.onFrameDraw:15441 android.view.ThreadedRenderer$1.onFrameDraw:718 <bottom of call stack> 
06-19 08:25:52.582 30539 30599 I VRI[MainActivity]@b7fe9ee: Setting up sync and frameCommitCallback
06-19 08:25:52.584 30539 30590 D nativeloader: Load /data/app/~~Le3hgXek_hNQMhl1CO1F4g==/com.google.android.webview-2XJ4JQhZFpZKWJuOrRbbBA==/base.apk!/lib/arm64-v8a/libwebviewchromium.so using class loader ns clns-11 (caller=/data/app/~~Le3hgXek_hNQMhl1CO1F4g==/com.google.android.webview-2XJ4JQhZFpZKWJuOrRbbBA==/base.apk): ok
06-19 08:25:52.584 30539 30575 D jun.blackbox:p0: Can't load libmbrainSDK
06-19 08:25:52.584 30539 30575 D jun.blackbox:p0: initMbrain failed
06-19 08:25:52.588 30539 30590 D nativeloader: Load /system/lib64/libwebviewchromium_plat_support.so using class loader ns clns-11 (caller=/data/app/~~Le3hgXek_hNQMhl1CO1F4g==/com.google.android.webview-2XJ4JQhZFpZKWJuOrRbbBA==/base.apk): ok
06-19 08:25:52.595 30539 30616 I chromium: [0619/082552.595018:INFO:android_webview/browser/variations/variations_seed_loader.cc:67] Failed to open file for reading.: No such file or directory (2)
06-19 08:25:52.605 30539 30575 I GrallocExtra: gralloc_extra_query:is_SW3D 0
06-19 08:25:52.605 30539 30575 I GrallocExtra: gralloc_extra_query:is_SW3D 0
06-19 08:25:52.606 30539 30575 D BLASTBufferQueue: [VRI[MainActivity]@b7fe9ee#0](f:0,a:1) acquireNextBufferLocked size=1340x800 mFrameNumber=1 applyTransaction=true mTimestamp=247769566143689(auto) mPendingTransactions.size=0 graphicBufferId=131164006252547 transform=7
06-19 08:25:52.606 30539 30575 D jun.blackbox:p0: Can't load libmbrainSDK
06-19 08:25:52.606 30539 30575 D jun.blackbox:p0: initMbrain failed
06-19 08:25:52.606 30539 30575 I VRI[MainActivity]@b7fe9ee: Received frameCommittedCallback lastAttemptedDrawFrameNum=1 didProduceBuffer=true
06-19 08:25:52.607 30539 30575 D HWUI    : CFMS:: SetUp Pid : 30539    Tid : 30575
06-19 08:25:52.607 30539 30539 D VRI[MainActivity]@b7fe9ee: reportDrawFinished seqId=0
06-19 08:25:52.607 30539 30539 D LicenseClient: Connecting to the licensing service...
06-19 08:25:52.608 30539 30539 D TransactionThrottler: Reset transaction throttler
06-19 08:25:52.609 30539 30575 D HWUI    : HWUI - treat SMPTE_170M as sRGB
06-19 08:25:52.628 30539 30539 I View    : setRequestedFrameRate frameRate=NaN, this=mb{e1c717c VFED..... ........ 0,0-1340,698 aid=1073741824}, caller=android.view.ViewGroup.setRequestedFrameRate:9952 sj.a:1 mb.dispatchDraw:98 android.view.View.draw:26345 android.view.View.updateDisplayListIfDirty:25175 
06-19 08:25:52.629 30539 30539 I View    : setRequestedFrameRate frameRate=NaN, this=android.view.View{8d07b2a V.ED..... ........ 0,0-0,0}, caller=sj.a:1 mb.dispatchDraw:107 android.view.View.draw:26345 android.view.View.updateDisplayListIfDirty:25175 android.view.View.draw:26072 
06-19 08:25:52.634 30539 30539 I InsetsSourceConsumer: applyRequestedVisibilityToControl: visible=true, type=navigationBars, host=com.psoffritti.video.speed/com.psoffritti.video.speed.ui.MainActivity
06-19 08:25:52.634 30539 30539 I InsetsSourceConsumer: applyRequestedVisibilityToControl: visible=true, type=statusBars, host=com.psoffritti.video.speed/com.psoffritti.video.speed.ui.MainActivity
06-19 08:25:52.641 30539 30539 I cr_LibraryLoader: Successfully loaded native library
06-19 08:25:52.642 30539 30539 I cr_CachingUmaRecorder: Flushed 44 samples from 22 histograms, 0 samples were dropped.
06-19 08:25:52.643 30442 30442 I VRI[MainActivity]@c686f1b: stopped(true) old = false
06-19 08:25:52.643 30442 30442 D VRI[MainActivity]@c686f1b: WindowStopped on top.niunaijun.blackbox/top.niunaijun.blackboxa.view.main.MainActivity set to true
06-19 08:25:52.645 30539 30539 I cr_ChildProcLH: ScopedServiceBindingBatch.tryActivate: false
06-19 08:25:52.645 30442 30442 I AutofillManager: onInvisibleForAutofill(): expiringResponse
06-19 08:25:52.645 30539 30539 D LicenseClient: Connected to the licensing service.
06-19 08:25:52.649 30539 30623 D LicenseClient: Sending request to license reporting service...
06-19 08:25:52.649 30539 30539 I cr_CombinedPProvider: #registerProvider() provider:WV.wk@2ea92c7 isPolicyCacheEnabled:false policyProvidersSize:0
06-19 08:25:52.649 30539 30539 I cr_PolicyProvider: #setManagerAndSource() 0
06-19 08:25:52.650 30539 30539 I cr_DisplayManager: Is Display Topology available: false
06-19 08:25:52.651 30539 30623 D LicenseClient: Request to licensing reporting service sent.
06-19 08:25:52.652 30539 30614 D TransactionThrottler: Reset transaction throttler
06-19 08:25:52.652 30539 30614 D TransactionThrottler: Reset transaction throttler
06-19 08:25:52.656 30539 30622 D TransactionThrottler: Reset transaction throttler
06-19 08:25:52.660 30442 30442 I VRI[MainActivity]@c686f1b: Relayout returned: old=(0,0,1340,800) new=(0,0,1340,800) relayoutAsync=false req=(1340,800)8 dur=4 res=0x2 s={false 0x0} ch=false seqId=0
06-19 08:25:52.661 30539 30614 I cr_policy: registerReceiver succeeded after 11ms
06-19 08:25:52.669 30539 30622 D TransactionThrottler: Reset transaction throttler
06-19 08:25:52.681 30539 30539 I cr_CombinedPProvider: #linkNativeInternal() 1
06-19 08:25:52.685 30539 30539 I cr_AppResProvider: #getApplicationRestrictionsFromUserManager() Only system may: get application restrictions for other user/app com.psoffritti.video.speed
06-19 08:25:52.685 30539 30539 I cr_PolicyProvider: #notifySettingsAvailable() 0
06-19 08:25:52.685 30539 30539 I cr_CombinedPProvider: #onSettingsAvailable() 0
06-19 08:25:52.685 30539 30539 I cr_CombinedPProvider: #flushPolicies()
06-19 08:25:52.700 30539 30539 D VirtualSpoof: [spoof] ro.build.version.release = 12
06-19 08:25:52.700 30539 30539 D VirtualSpoof: [spoof] ro.product.model = Pixel 6
06-19 08:25:52.716 30539 30630 D TransactionThrottler: Reset transaction throttler
06-19 08:25:52.719 30539 30630 D TransactionThrottler: Reset transaction throttler
06-19 08:25:52.724 30539 30630 D TransactionThrottler: Reset transaction throttler
06-19 08:25:52.724 30539 30630 D TransactionThrottler: Reset transaction throttler
06-19 08:25:52.736 30539 30646 W chromium: [WARNING:net/dns/dns_config_service_android.cc:69] Failed to read DnsConfig.
06-19 08:25:52.736 30539 30539 D VRI[MainActivity]@b7fe9ee: mThreadedRenderer.initializeIfNeeded()#2 mSurface={isValid=true 0x775e2344c0}
06-19 08:25:52.737 30539 30539 D InputMethodManagerUtils: startInputInner - Id : 0
06-19 08:25:52.737 30539 30539 I InputMethodManager: startInputInner - IInputMethodManagerGlobalInvoker.startInputOrWindowGainedFocus
06-19 08:25:52.740 30539 30539 W cr_PlatformSer-Internal: Unable to find GMS package on device
06-19 08:25:52.742 30442 30442 D InputTransport: Input channel destroyed: 'ClientS', fd=212
06-19 08:25:52.747 30539 30539 D VirtualSpoof: [spoof] ro.build.version.release = 12
06-19 08:25:52.747 30539 30539 D VirtualSpoof: [spoof] ro.product.model = Pixel 6
06-19 08:25:52.747 30539 30539 W chromium: [WARNING:android_webview/browser/network_service/net_helpers.cc:137] HTTP Cache size is: 20971520
06-19 08:25:52.750 30539 30539 D TransactionThrottler: Reset transaction throttler
06-19 08:25:52.750 30539 30539 D TransactionThrottler: Reset transaction throttler
06-19 08:25:52.753 30539 30539 D TransactionThrottler: Reset transaction throttler
06-19 08:25:52.753 30539 30539 D TransactionThrottler: Reset transaction throttler
06-19 08:25:52.757 30539 30549 E LoadedApk: performReceive() called targeting raw IIntentReceiver for Intent { act=android.intent.action.PROXY_CHANGE flg=0x24000010 xflg=0x4 (has extras) }
06-19 08:25:52.757 30539 30613 D InputTransport: Input channel constructed: 'ClientS', fd=202
06-19 08:25:52.768 30539 30590 D VirtualSpoof: [spoof] ro.build.version.release = 12
06-19 08:25:52.768 30539 30590 D VirtualSpoof: [spoof] ro.product.model = Pixel 6
06-19 08:25:52.776 30539 30539 I cr_AppResProvider: #getApplicationRestrictionsFromUserManager() Only system may: get application restrictions for other user/app com.psoffritti.video.speed
06-19 08:25:52.776 30539 30539 I cr_PolicyProvider: #notifySettingsAvailable() 0
06-19 08:25:52.776 30539 30539 I cr_CombinedPProvider: #onSettingsAvailable() 0
06-19 08:25:52.776 30539 30539 I cr_CombinedPProvider: #flushPolicies()
06-19 08:25:52.778 30539 30539 I InputMethodManager: handleMessage: setImeVisibility visible=false
06-19 08:25:52.778 30539 30658 I CameraManagerGlobal: Connecting to camera service
06-19 08:25:52.778 30539 30539 D InsetsController: hide(ime(), fromIme=false)
06-19 08:25:52.778 30539 30539 I ImeTracker: top.niunaijun.blackbox:d5c628b3: onCancelled at PHASE_CLIENT_ALREADY_HIDDEN
