06-18 15:44:23.215 12265 12343 I VRI[LauncherActivity]@e8cbeab: mWNT: t=0x779e2fb810 mBlastBufferQueue=0x778e277610 fn= 1 HdrRenderState mRenderHdrSdrRatio=1.0 caller= android.view.ViewRootImpl$12.onFrameDraw:15441 android.view.ThreadedRenderer$1.onFrameDraw:718 <bottom of call stack> 
06-18 15:44:23.215 12265 12343 I VRI[LauncherActivity]@e8cbeab: Setting up sync and frameCommitCallback
06-18 15:44:23.227 12265 12306 D BLASTBufferQueue: [VRI[LauncherActivity]@e8cbeab#7](f:0,a:1) acquireNextBufferLocked size=1340x800 mFrameNumber=1 applyTransaction=true mTimestamp=235377054100028(auto) mPendingTransactions.size=0 graphicBufferId=52677773885480 transform=7
06-18 15:44:23.227 12265 12306 I VRI[LauncherActivity]@e8cbeab: Received frameCommittedCallback lastAttemptedDrawFrameNum=1 didProduceBuffer=true
06-18 15:44:23.228 12265 12306 D HWUI    : CFMS:: SetUp Pid : 12265    Tid : 12306
06-18 15:44:23.228 12265 12265 D VRI[LauncherActivity]@e8cbeab: reportDrawFinished seqId=0
06-18 15:44:23.265 12265 12265 I InsetsSourceConsumer: applyRequestedVisibilityToControl: visible=true, type=navigationBars, host=top.niunaijun.blackbox/top.niunaijun.blackbox.app.LauncherActivity
06-18 15:44:23.266 12265 12265 I InsetsSourceConsumer: applyRequestedVisibilityToControl: visible=true, type=statusBars, host=top.niunaijun.blackbox/top.niunaijun.blackbox.app.LauncherActivity
06-18 15:44:23.272 12265 12265 D VRI[LauncherActivity]@e8cbeab: mThreadedRenderer.initializeIfNeeded()#2 mSurface={isValid=true 0x775e2e0e70}
06-18 15:44:23.272 12265 12265 D InputMethodManagerUtils: startInputInner - Id : 0
06-18 15:44:23.272 12265 12265 I InputMethodManager: startInputInner - IInputMethodManagerGlobalInvoker.startInputOrWindowGainedFocus
06-18 15:44:23.274 12265 12265 I InputMethodManager: handleMessage: setImeVisibility visible=false
06-18 15:44:23.274 12265 12265 D InsetsController: hide(ime(), fromIme=false)
06-18 15:44:23.274 12265 12265 I ImeTracker: top.niunaijun.blackbox:1ec9f2cd: onCancelled at PHASE_CLIENT_ALREADY_HIDDEN
06-18 15:44:23.276 12265 12561 D InputTransport: Input channel constructed: 'ClientS', fd=175
06-18 15:44:23.278 12265 12265 I GestureDetector: handleMessage TAP
06-18 15:44:23.289 12265 12621 D BlackManager: Creating service for: top.niunaijun.blackbox.core.system.am.IBActivityManagerService$Stub
06-18 15:44:23.290 12265 12621 D BlackManager: Successfully created service: activity_manager
06-18 15:44:23.294 12283 12296 D ActivityStack: startActivityLocked : ActivityInfo{e42093e com.nexora.hammerscale.MainActivity}
06-18 15:44:23.295 12283 12296 D BProcessManager: init bUid = 10001, bPid = 0
06-18 15:44:23.295 12283 12296 D BProcessManager: initProcess: com.nexora.hammerscale
06-18 15:44:23.316 12624 12624 I libc    : SetHeapTaggingLevel: tag level set to 0
06-18 15:44:23.323 12624 12624 I jun.blackbox:p0: Using generational CollectorTypeCMC GC.
06-18 15:44:23.330 12624 12624 D nativeloader: Load libframework-connectivity-tiramisu-jni.so using APEX ns com_android_tethering for caller /apex/com.android.tethering/javalib/framework-connectivity-t.jar: ok
06-18 15:44:23.332 12624 12624 D ActivityThread: setConscryptValidator
06-18 15:44:23.332 12624 12624 D ActivityThread: setConscryptValidator - put
06-18 15:44:23.348 12624 12624 D ApplicationLoaders: Returning zygote-cached class loader: /system/framework/android.test.base.jar
06-18 15:44:23.353 12624 12624 D nativeloader: Configuring clns-9 for other apk /data/app/~~kogFi8d_fxV4ny-xM0H_nA==/top.niunaijun.blackbox-n09lhqQnj6TOUR1eXL7U3A==/base.apk. target_sdk_version=28, uses_libraries=, library_path=/data/app/~~kogFi8d_fxV4ny-xM0H_nA==/top.niunaijun.blackbox-n09lhqQnj6TOUR1eXL7U3A==/lib/arm64:/data/app/~~kogFi8d_fxV4ny-xM0H_nA==/top.niunaijun.blackbox-n09lhqQnj6TOUR1eXL7U3A==/base.apk!/lib/arm64-v8a, permitted_path=/data:/mnt/expand:/data/user/0/top.niunaijun.blackbox
06-18 15:44:23.353 12624 12624 D nativeloader: Extending system_exposed_libraries: libface_landmark.arcsoft.so:libaudiomirroring_jni.audiomirroring.samsung.so:libBeauty_v4.camera.samsung.so:libexifa.camera.samsung.so:libjpega.camera.samsung.so:libOpenCv.camera.samsung.so:libC2paDps.camera.samsung.so:libImageScreener.camera.samsung.so:libFace_Landmark_API.camera.samsung.so:libHpr_RecGAE_cvFeature_v1.0.camera.samsung.so:libHprFace_GAE_api.camera.samsung.so:libHprFace_GAE_jni.camera.samsung.so:libQREngine.camera.samsung.so:libInteractiveSegmentation.camera.samsung.so:libsmart_cropping.camera.samsung.so:libStride.camera.samsung.so:libStrideTensorflowLite.camera.samsung.so:libFacePreProcessing_jni.camera.samsung.so:libhumantracking_util.camera.samsung.so:libsecimaging.camera.samsung.so:libsurfaceutil.camera.samsung.so:libsce_v1.crypto.samsung.so:lib_vnd_client.dk.samsung.so:lib_native_client.dk.samsung.so:lib_nativeJni.dk.samsung.so:lib.engmodejni.samsung.so:libSFEffect.fonteffect.samsung.so:libknox_remotedesktopclient.knox.samsung.so:libheifcapture_jni.media
06-18 15:44:23.361 12624 12624 V GraphicsEnvironment: Currently set values for:
06-18 15:44:23.361 12624 12624 V GraphicsEnvironment:   angle_gl_driver_selection_pkgs=[]
06-18 15:44:23.361 12624 12624 V GraphicsEnvironment:   angle_gl_driver_selection_values=[]
06-18 15:44:23.361 12624 12624 V GraphicsEnvironment: top.niunaijun.blackbox is not listed in per-application setting
06-18 15:44:23.361 12624 12624 V GraphicsEnvironment: ANGLE allowlist from config: com.dreamgames.royalmatch com.dts.freefiremax com.dxx.firenow com.gramgames.mergedragons com.ludo.king com.mojang.minecraftpe com.my.defense com.nintendo.zaka com.os.airforce com.playrix.fishdomdd.gplay io.teslatech.callbreak jp.konami.prospia net.peakgames.toonblast
06-18 15:44:23.361 12624 12624 V GraphicsEnvironment: top.niunaijun.blackbox is not listed in ANGLE allowlist or settings, returning default
06-18 15:44:23.361 12624 12624 V GraphicsEnvironment: Neither updatable production driver nor prerelease driver is supported.
06-18 15:44:23.366 12624 12624 D SimpleCrashFix: Installing essential crash fix...
06-18 15:44:23.366 12624 12624 D SimpleCrashFix: Global exception handler installed successfully
06-18 15:44:23.366 12624 12624 D ContextWrapperHook: Installing ContextWrapper hook...
06-18 15:44:23.366 12624 12624 D ContextWrapperHook: ContextWrapper.getResources() method hooked successfully
06-18 15:44:23.366 12624 12624 D ContextWrapperHook: ContextWrapper hook installed successfully
06-18 15:44:23.366 12624 12624 D SimpleCrashFix: Context wrapper hook installed
06-18 15:44:23.366 12624 12624 D SimpleCrashFix: Essential crash fix installed successfully
06-18 15:44:23.366 12624 12624 D BlackBoxCore: Simple crash fix installed at class loading time
06-18 15:44:23.366 12624 12624 D BlackBoxCore: Stack trace filter installed at class loading time
06-18 15:44:23.366 12624 12624 D SocialMediaCrashPrevention: Initializing social media app crash prevention...
06-18 15:44:23.366 12624 12624 D SocialMediaCrashPrevention: WebView constructor hook prepared
06-18 15:44:23.366 12624 12624 D SocialMediaCrashPrevention: WebView crash prevention installed
06-18 15:44:23.366 12624 12624 D SocialMediaCrashPrevention: AttributionSource crash prevention installed
06-18 15:44:23.366 12624 12624 W SocialMediaCrashPrevention: Host context is null, attempting to recover
06-18 15:44:23.366 12624 12624 D SocialMediaCrashPrevention: Successfully recovered context
06-18 15:44:23.366 12624 12624 D SocialMediaCrashPrevention: Context crash prevention installed
06-18 15:44:23.366 12624 12624 D SocialMediaCrashPrevention: Permission crash prevention installed
06-18 15:44:23.366 12624 12624 D SocialMediaCrashPrevention: Media crash prevention installed
06-18 15:44:23.366 12624 12624 D SocialMediaCrashPrevention: Social media app crash prevention initialized successfully
06-18 15:44:23.366 12624 12624 D BlackBoxCore: Social media app crash prevention initialized at class loading time
06-18 15:44:23.366 12624 12624 D DexCrashPrevention: Initializing DEX crash prevention...
06-18 15:44:23.366 12624 12624 D DexCrashPrevention: Installing proactive DEX corruption prevention
06-18 15:44:23.366 12624 12624 D DexCrashPrevention: Installing DEX file validation
06-18 15:44:23.366 12624 12624 D DexCrashPrevention: DEX file validation hooks prepared
06-18 15:44:23.366 12624 12624 D DexCrashPrevention: Installing ClassLoader monitoring
06-18 15:44:23.366 12624 12624 D DexCrashPrevention: Monitoring ClassLoader: dalvik.system.PathClassLoader
06-18 15:44:23.366 12624 12624 D DexCrashPrevention: Installing APK integrity checks
06-18 15:44:23.366 12624 12624 D DexCrashPrevention: Periodic APK integrity checks prepared
06-18 15:44:23.366 12624 12624 D DexCrashPrevention: DEX crash prevention initialized successfully
06-18 15:44:23.366 12624 12624 D BlackBoxCore: DEX crash prevention initialized at class loading time
06-18 15:44:23.366 12624 12624 D NativeCrashPrevention: Initializing native crash prevention...
06-18 15:44:23.366 12624 12624 D NativeCrashPrevention: Signal handlers prepared (requires native implementation)
06-18 15:44:23.366 12624 12624 D NativeCrashPrevention: Installing native library monitoring
06-18 15:44:23.366 12624 12624 D NativeCrashPrevention: Native library monitoring prepared
06-18 15:44:23.366 12624 12624 D NativeCrashPrevention: Installing memory protection
06-18 15:44:23.366 12624 12624 D NativeCrashPrevention: Memory monitoring setup - Max: 268435456, Total: 268435456, Free: 251123184
06-18 15:44:23.366 12624 12624 D NativeCrashPrevention: Installing thread protection
06-18 15:44:23.366 12624 12624 D NativeCrashPrevention: Thread monitoring setup - Active threads: 11
06-18 15:44:23.366 12624 12624 D NativeCrashPrevention: Native crash prevention initialized successfully
06-18 15:44:23.366 12624 12624 D BlackBoxCore: Native crash prevention initialized at class loading time
06-18 15:44:23.366 12624 12624 D CrashMonitor: Initializing comprehensive crash monitoring system...
06-18 15:44:23.366 12624 12624 D CrashMonitor: Registered 5 recovery strategies
06-18 15:44:23.367 12624 12624 D CrashMonitor: System error handler prepared
06-18 15:44:23.367 12624 12624 D CrashMonitor: Global crash handlers installed
06-18 15:44:23.367 12624 12624 D CrashMonitor: Crash monitoring started
06-18 15:44:23.367 12624 12624 D CrashMonitor: Crash monitoring system initialized successfully
06-18 15:44:23.367 12624 12624 D BlackBoxCore: Comprehensive crash monitoring initialized at class loading time
06-18 15:44:23.367 12624 12624 D Lib Injection: Custom closed code initialized!
06-18 15:44:23.368 12624 12624 D VirtualSpoof: Spoof installed successfully
06-18 15:44:23.368 12624 12624 D VirtualSpoof: VirtualSpoof: __system_property_get hook loaded
06-18 15:44:23.368 12624 12624 D AntiDetection: Installing anti-detection hooks...
06-18 15:44:23.368 12624 12624 D AntiDetection: File system hooks installed
06-18 15:44:23.368 12624 12624 D AntiDetection: Anti-detection hooks installation complete
06-18 15:44:23.368 12624 12624 D nativeloader: Load /data/app/~~kogFi8d_fxV4ny-xM0H_nA==/top.niunaijun.blackbox-n09lhqQnj6TOUR1eXL7U3A==/lib/arm64/libblackbox.so using class loader ns clns-9 (caller=/data/app/~~kogFi8d_fxV4ny-xM0H_nA==/top.niunaijun.blackbox-n09lhqQnj6TOUR1eXL7U3A==/base.apk): ok
06-18 15:44:23.369 12624 12624 D NativeCore: set disableHiddenApi
06-18 15:44:23.369 12624 12624 D NativeCore: found: 75cb39d000-75cb551000 r--p 00000000 fe:35 85                             /apex/com.android.art/lib64/libart.so
06-18 15:44:23.369 12624 12624 D NativeCore: update path: /apex/com.android.art/lib64/libart.so
06-18 15:44:23.370 12624 12624 D NativeCore: get module base /apex/com.android.art/lib64/libart.so: 75cb39d000
06-18 15:44:23.370 12624 12624 E NativeCore: HiddenAPI: Didn't find setHiddenApiExemptions in any form
06-18 15:44:23.370 12624 12624 D NativeCore: set disableHiddenApi Fail!!!
06-18 15:44:23.370 12624 12624 D NativeCore: set disableResourceLoading
06-18 15:44:23.370 12624 12624 D NativeCore: ResourceLoading: Could not find ApkAssets.nativeLoad symbol
06-18 15:44:23.370 12624 12624 D NativeCore: ResourceLoading: Found open function at 0x7867082d80
06-18 15:44:23.370 12624 12624 D NativeCore: ResourceLoading: Native resource loading hooks initialized (without system properties)
06-18 15:44:23.370 12624 12624 W BlackBoxCore: Could not access ResourcesManager overlay field: No field mDisableOverlayLoading in class Landroid/app/ResourcesManager; (declaration of 'android.app.ResourcesManager' appears in /system/framework/framework.jar)
06-18 15:44:23.370 12624 12624 W BlackBoxCore: Could not access WindowManager leak field: No field mIgnoreWindowLeaks in class Landroid/view/WindowManager; (declaration of 'android.view.WindowManager' appears in /system/framework/framework.jar!classes4.dex)
06-18 15:44:23.370 12624 12624 D SimpleCrashFix: Simple crash fix already installed
06-18 15:44:23.370 12624 12624 D BlackBoxCore: System hooks installed successfully
06-18 15:44:23.379 12624 12624 D BlackBoxCore: VPN network mode disabled, using normal network
06-18 15:44:23.385 12624 12624 D ClassLoaderProxy: Added host class loader as fallback
06-18 15:44:23.385 12624 12624 D ClassLoaderProxy: Added system class loader as fallback
06-18 15:44:23.385 12624 12624 D ClassLoaderProxy: Added boot class loader as fallback
06-18 15:44:23.399 12624 12624 D HookManager: hook: top.niunaijun.blackbox.fake.service.IPowerManagerProxy@1032102
06-18 15:44:23.402 12624 12624 D HookManager: hook: top.niunaijun.blackbox.fake.service.ApkAssetsProxy@4f4046f
06-18 15:44:23.402 12624 12624 D HookManager: hook: top.niunaijun.blackbox.fake.service.ISystemUpdateProxy@219e57c
06-18 15:44:23.402 12624 12624 D HookManager: hook: top.niunaijun.blackbox.fake.service.IFingerprintManagerProxy@566788b
06-18 15:44:23.403 12624 12624 D HookManager: hook: top.niunaijun.blackbox.fake.service.IMediaRouterServiceProxy@4dc7626
06-18 15:44:23.409 12624 12624 D HookManager: hook: top.niunaijun.blackbox.fake.service.ISensorPrivacyManagerProxy@92803b9
06-18 15:44:23.409 12624 12624 D SensorPrivacyProxy: Failed Android 16+ path, trying alternative: Method was null!
06-18 15:44:23.409 12624 12624 D SensorPrivacyProxy: Failed alternative path: Method was null!
06-18 15:44:23.410 12624 12624 D SensorPrivacyProxy: Successfully obtained ISensorPrivacyManager interface
06-18 15:44:23.410 12624 12624 D HookManager: hook: top.niunaijun.blackbox.fake.service.IShortcutManagerProxy@45fa5ac
06-18 15:44:23.411 12624 12624 D HookManager: hook: top.niunaijun.blackbox.fake.service.IVibratorServiceProxy@43970f1
06-18 15:44:23.412 12624 12624 D HookManager: hook: top.niunaijun.blackbox.fake.service.IStorageManagerProxy@9af4862
06-18 15:44:23.414 12624 12624 D HookManager: hook: top.niunaijun.blackbox.fake.service.IContextHubServiceProxy@46c664f
06-18 15:44:23.417 12624 12624 D HookManager: hook: top.niunaijun.blackbox.fake.service.IDisplayManagerProxy@75d81ba
06-18 15:44:23.423 12624 12624 D HookManager: hook: top.niunaijun.blackbox.fake.service.IAppOpsManagerProxy@e12399d
06-18 15:44:23.426 12624 12624 D HookManager: hook: top.niunaijun.blackbox.fake.service.MediaRecorderProxy@a376a0c
06-18 15:44:23.426 12624 12624 D HookManager: hook: top.niunaijun.blackbox.fake.service.ILauncherAppsProxy@d2fff55
06-18 15:44:23.427 12624 12624 D HookManager: hook: top.niunaijun.blackbox.fake.service.IPersistentDataBlockServiceProxy@d5f5636
06-18 15:44:23.430 12624 12624 D HookManager: hook: top.niunaijun.blackbox.fake.service.ISensitiveContentProtectionManagerProxy@79751d3
06-18 15:44:23.431 12624 12624 D ISensitiveContentProtection: Hooked SensitiveContentProtectionManagerService
06-18 15:44:23.431 12624 12624 D HookManager: hook: top.niunaijun.blackbox.fake.service.IActivityTaskManagerProxy@91ef60e
06-18 15:44:23.434 12624 12624 D HookManager: hook: top.niunaijun.blackbox.fake.service.INotificationManagerProxy@110ca7d
06-18 15:44:23.436 12624 12624 D HookManager: hook: top.niunaijun.blackbox.fake.service.IDnsResolverProxy@ba01e40
06-18 15:44:23.436 12624 12624 D IDnsResolverProxy: IDnsResolverProxy: Returning null for getWho to avoid reflection issues
06-18 15:44:23.436 12624 12624 D HookManager: hook: top.niunaijun.blackbox.fake.service.IPackageManagerProxy@1e49179
06-18 15:44:23.442 12624 12624 D HookManager: hook: top.niunaijun.blackbox.fake.service.SystemLibraryProxy@3a62796
06-18 15:44:23.442 12624 12624 D HookManager: hook: top.niunaijun.blackbox.fake.service.context.RestrictionsManagerStub@1d2bf17
06-18 15:44:23.443 12624 12624 D HookManager: hook: top.niunaijun.blackbox.fake.service.IPhoneSubInfoProxy@d179770
06-18 15:44:23.445 12624 12624 D HookManager: hook: top.niunaijun.blackbox.fake.service.IContentProviderProxy@d987a0f
06-18 15:44:23.445 12624 12624 D HookManager: hook: top.niunaijun.blackbox.fake.service.IWifiManagerProxy@5b6ba9c
06-18 15:44:23.457 12624 12624 D HookManager: hook: top.niunaijun.blackbox.fake.service.GmsProxy@eccee21
06-18 15:44:23.458 12624 12624 E GmsProxy: Failed to get gms service binder
06-18 15:44:23.458 12624 12624 D HookManager: hook: top.niunaijun.blackbox.fake.service.ResourcesManagerProxy@c55a246
06-18 15:44:23.458 12624 12624 D HookManager: hook: top.niunaijun.blackbox.fake.service.ISystemSensorManagerProxy@b9c07
06-18 15:44:23.458 12624 12624 D HookManager: hook: top.niunaijun.blackbox.fake.service.AudioPermissionProxy@2e5c134
06-18 15:44:23.458 12624 12624 D AudioPermissionProxy: Successfully obtained IAudioService interface
06-18 15:44:23.464 12624 12624 D HookManager: hook: top.niunaijun.blackbox.fake.service.IUserManagerProxy@3bbf1a3
06-18 15:44:23.465 12624 12624 D HookManager: hook: top.niunaijun.blackbox.fake.service.ReLinkerProxy@5ec02cc
06-18 15:44:23.465 12624 12624 D HookManager: hook: top.niunaijun.blackbox.fake.service.FeatureFlagUtilsProxy@41f8915
06-18 15:44:23.465 12624 12624 D HookManager: hook: top.niunaijun.blackbox.fake.service.IPermissionManagerProxy@86ff42a
06-18 15:44:23.466 12624 12624 D HookManager: hook: top.niunaijun.blackbox.fake.service.IAlarmManagerProxy@96d94f7
06-18 15:44:23.466 12624 12624 D HookManager: hook: top.niunaijun.blackbox.fake.service.ClassLoaderProxy@b038dd0
06-18 15:44:23.466 12624 12624 D HookManager: hook: top.niunaijun.blackbox.fake.service.WorkManagerProxy@498f1c9
06-18 15:44:23.467 12624 12624 W WorkManagerProxy: Failed to get WorkManager instance
06-18 15:44:23.467 12624 12624 W WorkManagerProxy: java.lang.NoSuchMethodException: u0.s.getInstance [class android.content.Context]
06-18 15:44:23.467 12624 12624 W WorkManagerProxy: 	at java.lang.Class.getMethod(Class.java:2942)
06-18 15:44:23.467 12624 12624 W WorkManagerProxy: 	at java.lang.Class.getMethod(Class.java:2442)
06-18 15:44:23.467 12624 12624 W WorkManagerProxy: 	at top.niunaijun.blackbox.fake.service.WorkManagerProxy.getWho(SourceFile:20)
06-18 15:44:23.467 12624 12624 W WorkManagerProxy: 	at top.niunaijun.blackbox.fake.hook.ClassInvocationStub.injectHook(SourceFile:1)
06-18 15:44:23.467 12624 12624 W WorkManagerProxy: 	at top.niunaijun.blackbox.fake.hook.HookManager.injectAll(SourceFile:45)
06-18 15:44:23.467 12624 12624 W WorkManagerProxy: 	at top.niunaijun.blackbox.fake.hook.HookManager.init(SourceFile:737)
06-18 15:44:23.467 12624 12624 W WorkManagerProxy: 	at top.niunaijun.blackbox.BlackBoxCore.doAttachBaseContext(SourceFile:475)
06-18 15:44:23.467 12624 12624 W WorkManagerProxy: 	at s2.b.a(SourceFile:27)
06-18 15:44:23.467 12624 12624 W WorkManagerProxy: 	at top.niunaijun.blackboxa.app.App.attachBaseContext(SourceFile:75)
06-18 15:44:23.467 12624 12624 W WorkManagerProxy: 	at android.app.Application.attach(Application.java:365)
06-18 15:44:23.467 12624 12624 W WorkManagerProxy: 	at android.app.Instrumentation.newApplication(Instrumentation.java:1351)
06-18 15:44:23.467 12624 12624 W WorkManagerProxy: 	at android.app.LoadedApk.makeApplicationInner(LoadedApk.java:1601)
06-18 15:44:23.467 12624 12624 W WorkManagerProxy: 	at android.app.LoadedApk.makeApplicationInner(LoadedApk.java:1533)
06-18 15:44:23.467 12624 12624 W WorkManagerProxy: 	at android.app.ActivityThread.handleBindApplication(ActivityThread.java:8673)
06-18 15:44:23.467 12624 12624 W WorkManagerProxy: 	at android.app.ActivityThread.-$$Nest$mhandleBindApplication(ActivityThread.java:0)
06-18 15:44:23.467 12624 12624 W WorkManagerProxy: 	at android.app.ActivityThread$H.handleMessage(ActivityThread.java:2873)
06-18 15:44:23.467 12624 12624 W WorkManagerProxy: 	at android.os.Handler.dispatchMessage(Handler.java:110)
06-18 15:44:23.467 12624 12624 W WorkManagerProxy: 	at android.os.Looper.loopOnce(Looper.java:273)
06-18 15:44:23.467 12624 12624 W WorkManagerProxy: 	at android.os.Looper.loop(Looper.java:363)
06-18 15:44:23.467 12624 12624 W WorkManagerProxy: 	at android.app.ActivityThread.main(ActivityThread.java:10060)
06-18 15:44:23.467 12624 12624 W WorkManagerProxy: 	at java.lang.reflect.Method.invoke(Native Method)
06-18 15:44:23.467 12624 12624 W WorkManagerProxy: 	at com.android.internal.os.RuntimeInit$MethodAndArgsCaller.run(RuntimeInit.java:632)
06-18 15:44:23.467 12624 12624 W WorkManagerProxy: 	at com.android.internal.os.ZygoteInit.main(ZygoteInit.java:975)
06-18 15:44:23.467 12624 12624 D HookManager: hook: top.niunaijun.blackbox.fake.service.GoogleAccountManagerProxy@b3c2bef
06-18 15:44:23.468 12624 12624 D HookManager: hook: top.niunaijun.blackbox.fake.service.IAccessibilityManagerProxy@dab46e8
06-18 15:44:23.470 12624 12624 D HookManager: hook: top.niunaijun.blackbox.fake.service.AuthenticationProxy@10afd83
06-18 15:44:23.470 12624 12624 D HookManager: hook: top.niunaijun.blackbox.fake.service.MediaRecorderClassProxy@13e0b00
06-18 15:44:23.470 12624 12624 D HookManager: hook: top.niunaijun.blackbox.fake.service.context.ContentServiceStub@c4df39
06-18 15:44:23.470 12624 12624 D HookManager: hook: top.niunaijun.blackbox.fake.service.IMediaSessionManagerProxy@134cf8a
06-18 15:44:23.472 12624 12624 D HookManager: hook: top.niunaijun.blackbox.fake.service.WebViewProxy@568dad7
06-18 15:44:23.472 12624 12624 D HookManager: hook: top.niunaijun.blackbox.fake.service.WebViewFactoryProxy@99cdfc4
06-18 15:44:23.472 12624 12624 D HookManager: hook: top.niunaijun.blackbox.fake.service.IWebViewUpdateServiceProxy@9912ead
06-18 15:44:23.472 12624 12624 D HookManager: hook: top.niunaijun.blackbox.fake.service.IWindowManagerProxy@5d7c5e2
06-18 15:44:23.476 12624 12624 D HookManager: hook: top.niunaijun.blackbox.fake.service.IGraphicsStatsProxy@ed68665
06-18 15:44:23.476 12624 12624 D HookManager: hook: top.niunaijun.blackbox.fake.service.AudioRecordProxy@eb45948
06-18 15:44:23.476 12624 12624 D HookManager: hook: top.niunaijun.blackbox.fake.service.IWifiScannerProxy@bae23e1
06-18 15:44:23.476 12624 12624 D HookManager: hook: top.niunaijun.blackbox.fake.service.IAttributionSourceProxy@91a0506
06-18 15:44:23.476 12624 12624 D HookManager: hook: top.niunaijun.blackbox.fake.service.SQLiteDatabaseProxy@64027c7
06-18 15:44:23.476 12624 12624 D HookManager: hook: top.niunaijun.blackbox.fake.service.ITelephonyManagerProxy@59c1f4
06-18 15:44:23.483 12624 12624 D HookManager: hook: top.niunaijun.blackbox.fake.service.IAudioServiceProxy@80e6e19
06-18 15:44:23.483 12624 12624 D AudioServiceProxy: Failed Android 16+ path, trying alternative: Method was null!
06-18 15:44:23.483 12624 12624 D AudioServiceProxy: Failed alternative path: Method was null!
06-18 15:44:23.483 12624 12624 D AudioServiceProxy: Successfully obtained IAudioService interface
06-18 15:44:23.484 12624 12624 D HookManager: hook: top.niunaijun.blackbox.fake.service.libcore.OsStub@4475b8c
06-18 15:44:23.486 12624 12624 D HookManager: hook: top.niunaijun.blackbox.fake.service.IVpnManagerProxy@80eb1db
06-18 15:44:23.487 12624 12624 D HookManager: hook: top.niunaijun.blackbox.fake.service.IActivityManagerProxy@eeb9024
06-18 15:44:23.490 12624 12624 D HookManager: hook: top.niunaijun.blackbox.fake.service.ContentResolverProxy@efa0f89
06-18 15:44:23.490 12624 12624 D HookManager: hook: top.niunaijun.blackbox.fake.service.IAccountManagerProxy@71ebfbc
06-18 15:44:23.492 12624 12624 D HookManager: hook: top.niunaijun.blackbox.fake.service.IActivityClientProxy@f2726c1
06-18 15:44:23.494 12624 12624 D HookManager: hook: top.niunaijun.blackbox.fake.service.AndroidIdProxy@cf6b7c0
06-18 15:44:23.494 12624 12624 D HookManager: hook: top.niunaijun.blackbox.fake.service.IXiaomiSettingsProxy@f88ecf9
06-18 15:44:23.494 12624 12624 D HookManager: hook: top.niunaijun.blackbox.fake.service.IXiaomiAttributionSourceProxy@716f43e
06-18 15:44:23.494 12624 12624 D HookManager: hook: top.niunaijun.blackbox.fake.delegate.AppInstrumentation@925129f
06-18 15:44:23.494 12624 12624 D HookManager: hook: top.niunaijun.blackbox.fake.service.LevelDbProxy@66f8fec
06-18 15:44:23.494 12624 12624 D HookManager: hook: top.niunaijun.blackbox.fake.service.IXiaomiMiuiServicesProxy@7e25fb5
06-18 15:44:23.494 12624 12624 D HookManager: hook: top.niunaijun.blackbox.fake.service.INetworkManagementServiceProxy@f8a164a
06-18 15:44:23.496 12624 12624 D HookManager: hook: top.niunaijun.blackbox.fake.service.IStorageStatsManagerProxy@a60b697
06-18 15:44:23.496 12624 12624 D HookManager: hook: top.niunaijun.blackbox.fake.service.IAutofillManagerProxy@c0790f0
06-18 15:44:23.497 12624 12624 D HookManager: hook: top.niunaijun.blackbox.fake.service.FileSystemProxy@bfde18f
06-18 15:44:23.497 12624 12624 D HookManager: hook: top.niunaijun.blackbox.fake.service.IConnectivityManagerProxy@96ccc1c
06-18 15:44:23.498 12624 12624 D HookManager: hook: top.niunaijun.blackbox.fake.service.DeviceIdProxy@79b19a1
06-18 15:44:23.498 12624 12624 D HookManager: hook: top.niunaijun.blackbox.fake.service.ISettingsProviderProxy@25f27c6
06-18 15:44:23.498 12624 12624 D HookManager: hook: top.niunaijun.blackbox.fake.service.IJobServiceProxy@9c67387
06-18 15:44:23.499 12624 12624 D HookManager: hook: top.niunaijun.blackbox.fake.service.IMiuiSecurityManagerProxy@7591620
06-18 15:44:23.499 12624 12624 D HookManager: hook: top.niunaijun.blackbox.fake.service.HCallbackProxy@26c5bd9
06-18 15:44:23.501 12624 12624 D HookManager: hook: top.niunaijun.blackbox.fake.service.IAppWidgetManagerProxy@a09744c
06-18 15:44:23.502 12624 12624 D HookManager: hook: top.niunaijun.blackbox.fake.service.ITelephonyRegistryProxy@26cad11
06-18 15:44:23.503 12624 12624 D HookManager: hook: top.niunaijun.blackbox.fake.service.IDevicePolicyManagerProxy@4ed9c02
06-18 15:44:23.506 12624 12624 D HookManager: hook: top.niunaijun.blackbox.fake.service.IDeviceIdentifiersPolicyProxy@16b536f
06-18 15:44:23.507 12624 12624 D HookManager: hook: top.niunaijun.blackbox.fake.service.ISettingsSystemProxy@183b068
06-18 15:44:23.507 12624 12624 D HookManager: hook: top.niunaijun.blackbox.fake.service.ILocationManagerProxy@d41fc81
06-18 15:44:23.512 12624 12624 D SimpleCrashFix: Simple crash fix already installed
06-18 15:44:23.512 12624 12624 D BlackBoxCore: System hooks installed successfully
06-18 15:44:23.512 12624 12624 D BlackBoxCore: Ensuring proper initialization order...
06-18 15:44:23.512 12624 12624 D NativeCore: NativeCore init.
06-18 15:44:23.512 12624 12624 D BlackBoxCore: NativeCore initialized successfully
06-18 15:44:23.514 12283 12305 D SystemCallProvider: call: VM, Bundle[mParcelledData.dataSize=88]
06-18 15:44:23.514 12283 12305 D SystemCallProvider: Requesting service: activity_manager
06-18 15:44:23.514 12283 12305 D SystemCallProvider: Service activity_manager provided successfully
06-18 15:44:23.514 12624 12624 D BlackBoxCore: getService: activity_manager, android.os.BinderProxy@78a2480
06-18 15:44:23.515 12283 12305 D SystemCallProvider: call: VM, Bundle[mParcelledData.dataSize=84]
06-18 15:44:23.515 12283 12305 D SystemCallProvider: Requesting service: package_manager
06-18 15:44:23.515 12283 12305 D SystemCallProvider: Service package_manager provided successfully
06-18 15:44:23.515 12624 12624 D BlackBoxCore: getService: package_manager, android.os.BinderProxy@7f0bab9
06-18 15:44:23.515 12624 12637 W System.err: java.io.IOException: Cannot run program "su": error=2, No such file or directory
06-18 15:44:23.515 12624 12637 W System.err: 	at java.lang.ProcessBuilder.start(ProcessBuilder.java:1050)
06-18 15:44:23.515 12283 12294 D SystemCallProvider: call: VM, Bundle[mParcelledData.dataSize=84]
06-18 15:44:23.515 12624 12637 W System.err: 	at java.lang.Runtime.exec(Runtime.java:713)
06-18 15:44:23.515 12624 12637 W System.err: 	at java.lang.Runtime.exec(Runtime.java:537)
06-18 15:44:23.515 12624 12637 W System.err: 	at java.lang.Runtime.exec(Runtime.java:434)
06-18 15:44:23.515 12624 12637 W System.err: 	at top.niunaijun.blackbox.utils.ShellUtils.execCommand(SourceFile:8)
06-18 15:44:23.515 12624 12637 W System.err: 	at top.niunaijun.blackbox.utils.ShellUtils.execCommand(SourceFile:4)
06-18 15:44:23.515 12283 12294 D SystemCallProvider: Requesting service: storage_manager
06-18 15:44:23.515 12624 12637 W System.err: 	at top.niunaijun.blackbox.utils.ShellUtils.checkRootPermission(SourceFile:5)
06-18 15:44:23.515 12624 12637 W System.err: 	at F2.a.run(SourceFile:14)
06-18 15:44:23.515 12283 12294 D SystemCallProvider: Service storage_manager provided successfully
06-18 15:44:23.515 12624 12637 W System.err: 	at java.lang.Thread.run(Thread.java:1572)
06-18 15:44:23.515 12624 12637 W System.err: Caused by: java.io.IOException: error=2, No such file or directory
06-18 15:44:23.515 12624 12637 W System.err: 	at java.lang.UNIXProcess.forkAndExec(Native Method)
06-18 15:44:23.515 12624 12637 W System.err: 	at java.lang.UNIXProcess.<init>(UNIXProcess.java:133)
06-18 15:44:23.515 12624 12637 W System.err: 	at java.lang.ProcessImpl.start(ProcessImpl.java:141)
06-18 15:44:23.515 12624 12637 W System.err: 	at java.lang.ProcessBuilder.start(ProcessBuilder.java:1029)
06-18 15:44:23.515 12624 12637 W System.err: 	... 8 more
06-18 15:44:23.515 12624 12637 D d       : Root access available: false
06-18 15:44:23.515 12624 12624 D BlackBoxCore: getService: storage_manager, android.os.BinderProxy@9ad08ac
06-18 15:44:23.516 12283 12294 D SystemCallProvider: call: VM, Bundle[mParcelledData.dataSize=80]
06-18 15:44:23.516 12283 12294 D SystemCallProvider: Requesting service: user_manager
06-18 15:44:23.516 12283 12294 D SystemCallProvider: Service user_manager provided successfully
06-18 15:44:23.516 12624 12624 D BlackBoxCore: getService: user_manager, android.os.BinderProxy@8594975
06-18 15:44:23.516 12283 12305 D SystemCallProvider: call: VM, Bundle[mParcelledData.dataSize=76]
06-18 15:44:23.516 12283 12305 D SystemCallProvider: Requesting service: job_manager
06-18 15:44:23.516 12283 12305 D SystemCallProvider: Service job_manager provided successfully
06-18 15:44:23.516 12624 12624 D BlackBoxCore: getService: job_manager, android.os.BinderProxy@7e41d0a
06-18 15:44:23.516 12283 12305 D SystemCallProvider: call: VM, Bundle[mParcelledData.dataSize=84]
06-18 15:44:23.516 12283 12305 D SystemCallProvider: Requesting service: account_manager
06-18 15:44:23.516 12283 12305 D SystemCallProvider: Service account_manager provided successfully
06-18 15:44:23.517 12624 12624 D BlackBoxCore: getService: account_manager, android.os.BinderProxy@cb5997b
06-18 15:44:23.517 12283 12294 D SystemCallProvider: call: VM, Bundle[mParcelledData.dataSize=88]
06-18 15:44:23.517 12283 12294 D SystemCallProvider: Requesting service: location_manager
06-18 15:44:23.517 12283 12294 D SystemCallProvider: Service location_manager provided successfully
06-18 15:44:23.517 12624 12624 D BlackBoxCore: getService: location_manager, android.os.BinderProxy@e380398
06-18 15:44:23.517 12283 12294 D SystemCallProvider: call: VM, Bundle[mParcelledData.dataSize=96]
06-18 15:44:23.517 12283 12294 D SystemCallProvider: Requesting service: notification_manager
06-18 15:44:23.517 12283 12294 D SystemCallProvider: Service notification_manager provided successfully
06-18 15:44:23.517 12624 12624 D BlackBoxCore: getService: notification_manager, android.os.BinderProxy@e8207f1
06-18 15:44:23.517 12624 12624 D BlackBoxCore: Services initialized successfully
06-18 15:44:23.517 12624 12624 D BlackBoxCore: ServiceManager initialized successfully
06-18 15:44:23.518 12624 12624 D BActivityThread: Found ActivityThread instrumentation, ensuring it's our AppInstrumentation
06-18 15:44:23.518 12624 12624 D BActivityThread: ActivityThread instrumentation is already our AppInstrumentation
06-18 15:44:23.518 12624 12624 D BlackBoxCore: BActivityThread hooks initialized successfully
06-18 15:44:23.518 12624 12624 D BlackBoxCore: Proper initialization order ensured
06-18 15:44:23.525 12624 12624 D TransactionThrottler: Reset transaction throttler
06-18 15:44:23.525 12624 12624 D BlackManager: Transaction throttler reset
06-18 15:44:23.525 12624 12624 D BlackBoxCore: BlackBox initialization completed in 13ms
06-18 15:44:23.525 12624 12624 D d       : Services became available, triggering app list refresh
06-18 15:44:23.525 12624 12624 D BlackManager: Creating service for: top.niunaijun.blackbox.core.system.pm.IBPackageManagerService$Stub
06-18 15:44:23.525 12624 12624 D BlackManager: Successfully created service: package_manager
06-18 15:44:23.533 12283 12296 D ActivityStack: ActivityInfo{e42093e com.nexora.hammerscale.MainActivity}, windowIsTranslucent: false
06-18 15:44:23.554 12265 12621 D SplashScreen: App launch initiated successfully
06-18 15:44:23.580 12624 12624 D NativeCore: NativeCore init.
06-18 15:44:23.604 12624 12624 D NativeCore: set addIORule
06-18 15:44:23.604 12624 12624 D NativeCore: set addIORule
06-18 15:44:23.605 12624 12624 D NativeCore: set addIORule
06-18 15:44:23.605 12624 12624 D NativeCore: set addIORule
06-18 15:44:23.605 12624 12624 D NativeCore: set addIORule
06-18 15:44:23.605 12624 12624 D NativeCore: set addIORule
06-18 15:44:23.606 12624 12624 D NativeCore: set addIORule
06-18 15:44:23.606 12624 12624 D NativeCore: set addIORule
06-18 15:44:23.606 12624 12624 D NativeCore: set addIORule
06-18 15:44:23.607 12624 12624 D NativeCore: set addIORule
06-18 15:44:23.607 12624 12624 D NativeCore: set addIORule
06-18 15:44:23.607 12624 12624 D NativeCore: set addIORule
06-18 15:44:23.607 12265 12265 I ImeFocusController: onPreWindowFocus: skipped hasWindowFocus=false mHasImeFocus=true
06-18 15:44:23.608 12265 12265 I ImeFocusController: onPostWindowFocus: skipped hasWindowFocus=false mHasImeFocus=true
06-18 15:44:23.608 12624 12624 D NativeCore: set addIORule
06-18 15:44:23.609 12624 12624 D NativeCore: set addIORule
06-18 15:44:23.609 12624 12624 D NativeCore: set addIORule
06-18 15:44:23.610 12624 12624 D NativeCore: set addIORule
06-18 15:44:23.610 12624 12624 D NativeCore: set addIORule
06-18 15:44:23.610 12624 12624 D NativeCore: set addIORule
06-18 15:44:23.611 12624 12624 D NativeCore: set addIORule
06-18 15:44:23.611 12624 12624 D NativeCore: set addIORule
06-18 15:44:23.611 12624 12624 D NativeCore: set addIORule
06-18 15:44:23.611 12624 12624 D NativeCore: set enableIO
06-18 15:44:23.614 12624 12624 D NativeCore: AccessFlag:flags = 0x50380002,flag = 0x100
06-18 15:44:23.614 12624 12624 D NativeCore: Method is not native, skipping hook
06-18 15:44:23.614 12624 12624 D NativeCore: Skipping hook for non-native method: java/io/UnixFileSystem.canonicalize0
06-18 15:44:23.614 12624 12624 D NativeCore: AccessFlag:flags = 0x50200102,flag = 0x100
06-18 15:44:23.614 12624 12624 D NativeCore: register class：java/io/UnixFileSystem, method：getLastModifiedTime0 success!
06-18 15:44:23.614 12624 12624 D NativeCore: AccessFlag:flags = 0x50200102,flag = 0x100
06-18 15:44:23.614 12624 12624 D NativeCore: register class：java/io/UnixFileSystem, method：setPermission0 success!
06-18 15:44:23.614 12624 12624 D NativeCore: AccessFlag:flags = 0x50200102,flag = 0x100
06-18 15:44:23.614 12624 12624 D NativeCore: register class：java/io/UnixFileSystem, method：createFileExclusively0 success!
06-18 15:44:23.614 12624 12624 D NativeCore: AccessFlag:flags = 0x50200102,flag = 0x100
06-18 15:44:23.614 12624 12624 D NativeCore: register class：java/io/UnixFileSystem, method：list0 success!
06-18 15:44:23.614 12624 12624 D NativeCore: AccessFlag:flags = 0x50200102,flag = 0x100
06-18 15:44:23.614 12624 12624 D NativeCore: register class：java/io/UnixFileSystem, method：createDirectory0 success!
06-18 15:44:23.614 12624 12624 D NativeCore: AccessFlag:flags = 0x50000102,flag = 0x100
06-18 15:44:23.614 12624 12624 D NativeCore: register class：java/io/UnixFileSystem, method：setLastModifiedTime0 success!
06-18 15:44:23.614 12624 12624 D NativeCore: AccessFlag:flags = 0x50200102,flag = 0x100
06-18 15:44:23.614 12624 12624 D NativeCore: register class：java/io/UnixFileSystem, method：setReadOnly0 success!
06-18 15:44:23.614 12624 12624 D NativeCore: AccessFlag:flags = 0x50200102,flag = 0x100
06-18 15:44:23.614 12624 12624 D NativeCore: register class：java/io/UnixFileSystem, method：getSpace0 success!
06-18 15:44:23.614 12624 12624 D NativeCore: FileSystemHook: Initializing file system hooks
06-18 15:44:23.614 12624 12624 D NativeCore: FileSystemHook: Found open function at 0x7867082d80
06-18 15:44:23.614 12624 12624 D NativeCore: FileSystemHook: Found open64 function at 0x7867082d80
06-18 15:44:23.614 12624 12624 D NativeCore: AccessFlag:flags = 0x50280108,flag = 0x100
06-18 15:44:23.614 12624 12624 D NativeCore: register class：java/lang/VMClassLoader, method：findLoadedClass success!
06-18 15:44:23.614 12624 12624 D NativeCore: AccessFlag:flags = 0x50300119,flag = 0x100
06-18 15:44:23.614 12624 12624 D NativeCore: register class：android/os/Binder, method：getCallingUid success!
06-18 15:44:23.614 12624 12624 D NativeCore: AccessFlag:flags = 0x5020010a,flag = 0x100
06-18 15:44:23.614 12624 12624 D NativeCore: register class：dalvik/system/DexFile, method：openDexFileNative success!
06-18 15:44:23.616 12624 12624 D d       : beforeCreateApplication: pkg com.nexora.hammerscale, processName com.nexora.hammerscale,userID:0
06-18 15:44:23.616 12624 12624 D NativeCore: openDexFileNative: /data/app/~~ShSbvt7RyC-kN_ZdqmlS4g==/com.nexora.hammerscale-8NCYJqRtOfxtXZU6gfp0NA==/base.apk
06-18 15:44:23.620 12624 12624 I jun.blackbox:p0: Failed to open image dex files: Failed to find OatDexFile for DexFile /data/app/~~kogFi8d_fxV4ny-xM0H_nA==/top.niunaijun.blackbox-n09lhqQnj6TOUR1eXL7U3A==/base.apk (canonical path /data/app/~~kogFi8d_fxV4ny-xM0H_nA==/top.niunaijun.blackbox-n09lhqQnj6TOUR1eXL7U3A==/base.apk) in OatFile /data/app/~~ShSbvt7RyC-kN_ZdqmlS4g==/com.nexora.hammerscale-8NCYJqRtOfxtXZU6gfp0NA==/oat/arm64/base.odex
06-18 15:44:23.621 12624 12624 D nativeloader: Configuring clns-10 for other apk /data/app/~~ShSbvt7RyC-kN_ZdqmlS4g==/com.nexora.hammerscale-8NCYJqRtOfxtXZU6gfp0NA==/base.apk. target_sdk_version=34, uses_libraries=, library_path=/data/app/~~ShSbvt7RyC-kN_ZdqmlS4g==/com.nexora.hammerscale-8NCYJqRtOfxtXZU6gfp0NA==/lib/arm64:/data/app/~~ShSbvt7RyC-kN_ZdqmlS4g==/com.nexora.hammerscale-8NCYJqRtOfxtXZU6gfp0NA==/base.apk!/lib/arm64-v8a, permitted_path=/data:/mnt/expand:/data/user/0/top.niunaijun.blackbox/blackbox/data/user/0/com.nexora.hammerscale
06-18 15:44:23.646 12624 12624 D AttributionSourceUtils: Fixed AttributionSource UID in method arguments
06-18 15:44:23.647 12624 12624 D d       : beforeApplicationOnCreate: pkg com.nexora.hammerscale, processName com.nexora.hammerscale
06-18 15:44:23.651 12624 12624 D d       : afterApplicationOnCreate: pkg com.nexora.hammerscale, processName com.nexora.hammerscale
06-18 15:44:23.652 12624 12624 D ClassInvocationStub: AppOps invoke: Bypassing system for checkOperationRawForDevice, allowing operation
06-18 15:44:23.652 12624 12624 W RockerManager: Location permission not granted - RockerManager cannot access location
06-18 15:44:23.652 12624 12624 W RockerManager: Required permissions not granted, RockerManager cannot initialize
06-18 15:44:23.652 12624 12624 W RockerManager: Please grant: android.permission.SYSTEM_ALERT_WINDOW, android.permission.ACCESS_FINE_LOCATION, android.permission.ACCESS_COARSE_LOCATION
06-18 15:44:23.655 12624 12624 D BlackManager: Creating service for: top.niunaijun.blackbox.core.system.am.IBActivityManagerService$Stub
06-18 15:44:23.656 12624 12624 D BlackManager: Successfully created service: activity_manager
06-18 15:44:23.656 12283 12294 D ActivityStack: onActivityCreated : ComponentInfo{com.nexora.hammerscale/com.nexora.hammerscale.MainActivity}
06-18 15:44:23.658 12624 12624 D ActivityThread: com.nexora.hammerscale will use render engine as GL
06-18 15:44:23.658 12624 12624 D HWUI    : HWUI - treat SMPTE_170M as sRGB
06-18 15:44:23.659 12624 12641 I DisplayManager: Choreographer implicitly registered for the refresh rate.
06-18 15:44:23.660 12624 12641 D HWUI    : CacheManager constructor. deviceInfo=(1080, 1920)
06-18 15:44:23.660 12624 12641 D libMEOW : meow new tls: 0x762e282090
06-18 15:44:23.662 12624 12641 D libMEOW : meow reload base cfg path: na
06-18 15:44:23.662 12624 12641 D libMEOW : meow reload overlay cfg path: na
06-18 15:44:23.662 12624 12641 D libMEOW : applied 0 plugin for [com.nexora.hammerscale].
06-18 15:44:23.662 12624 12641 I mali    : Successfully parsed 2 environment variable(s) from /vendor/etc/mali_platform.config.
06-18 15:44:23.663 12624 12641 I mali    : Successfully parsed 2 environment variable(s) from /vendor/etc/mali_platform.config.
06-18 15:44:23.667 12624 12624 D AttributionSourceUtils: Fixed AttributionSource UID in method arguments
06-18 15:44:23.668 12624 12624 E ashmem  : Pinning is deprecated since Android Q. Please use trim or other methods.
06-18 15:44:23.669 12624 12624 D AttributionSourceUtils: Fixed AttributionSource UID in method arguments
06-18 15:44:23.673 12624 12624 D AppInstrumentation: callActivityOnCreate: com.nexora.hammerscale.MainActivity
06-18 15:44:23.679 12624 12624 D AttributionSourceUtils: Fixed AttributionSource UID in method arguments
06-18 15:44:23.680 12624 12624 D AttributionSourceUtils: Fixed AttributionSource UID in method arguments
06-18 15:44:23.681 12624 12624 D AttributionSourceUtils: Fixed AttributionSource UID in method arguments
06-18 15:44:23.705 12624 12624 D CompatChangeReporter: Compat change id reported: 37756858; UID 10001; state: ENABLED
06-18 15:44:23.715 12624 12624 D AttributionSourceUtils: Fixed AttributionSource UID in method arguments
06-18 15:44:23.716 12624 12624 D DesktopModeFlags: Toggle override initialized to: OVERRIDE_UNSET
06-18 15:44:23.717 12624 12624 I DecorView: setWindowBackground: isPopOver=false color=ff0d1117 d=android.graphics.drawable.ColorDrawable@1a66a8a
06-18 15:44:23.724 12624 12624 D AttributionSourceUtils: Fixed AttributionSource UID in method arguments
06-18 15:44:23.725 12624 12624 D AttributionSourceUtils: Fixed AttributionSource UID in method arguments
06-18 15:44:23.732 12624 12624 I ViewRootImpl: dVRR is disabled
06-18 15:44:23.732 12624 12624 D HardwareRenderer: onDisplayChanged. displayId=0 current wxh=1340x800 mLargest wxh=0x0
06-18 15:44:23.732 12624 12624 W HWUI    : Unknown dataspace 0
06-18 15:44:23.732 12624 12624 D HardwareRenderer: Set largestWidth and largestHeight as logical resolution. (1340x800)
06-18 15:44:23.732 12624 12641 D HWUI    : setMaxSurfaceArea requested wxh=(1340,800) requestedSurfaceArea(1072000) is smaller than defaultSurfaceArea(2073600). Use default.
06-18 15:44:23.733 12624 12641 D NativeCustomFrequencyManager: [NativeCFMS] BpCustomFrequencyManager::BpCustomFrequencyManager()
06-18 15:44:23.735 12624 12624 D TransactionThrottler: Reset transaction throttler
06-18 15:44:23.736 12265 12265 I VRI[MainActivity]@8a875a1: handleAppVisibility mAppVisible = true visible = false
06-18 15:44:23.736 12265 12265 D VRI[MainActivity]@8a875a1: visibilityChanged oldVisibility=true newVisibility=false
06-18 15:44:23.738 12624 12624 D InputTransport: Input channel constructed: 'b834554', fd=120
06-18 15:44:23.739 12624 12624 I InsetsController: onStateChanged: host=com.nexora.hammerscale/com.nexora.hammerscale.MainActivity, from=android.view.ViewRootImpl.onInsetsStateChanged:3026, state=InsetsState: {mDisplayFrame=Rect(0, 0 - 1340, 800), mDisplayCutout=DisplayCutout{insets=Rect(0, 0 - 0, 0) waterfall=Insets{left=0, top=0, right=0, bottom=0} boundingRect={Bounds=[Rect(0, 0 - 0, 0), Rect(0, 0 - 0, 0), Rect(0, 0 - 0, 0), Rect(0, 0 - 0, 0)]} cutoutPathParserInfo={CutoutPathParserInfo{displayWidth=0 displayHeight=0 physicalDisplayWidth=0 physicalDisplayHeight=0 density={0.0} cutoutSpec={} rotation={0} scale={0.0} physicalPixelDisplaySizeRatio={0.0}}} sideOverrides=null}, mRoundedCorners=RoundedCorners{[RoundedCorner{position=TopLeft, radius=9, center=Point(9, 9)}, RoundedCorner{position=TopRight, radius=9, center=Point(1331, 9)}, RoundedCorner{position=BottomRight, radius=9, center=Point(1331, 791)}, RoundedCorner{position=BottomLeft, radius=9, center=Point(9, 791)}]}  mRoundedCornerFrame=Rect(0, 0 - 1340, 800), mPrivacyIndicatorBounds=PrivacyIndicatorBounds {static bounds=Rect(1282, 0 - 1340, 39) rotation=1}, mDisplayShape=DisplayShape{ spec=-311912193 displayWidth=800 displayHeight=1340 physicalPixelDisplaySizeRatio=1.0 rotation=1 offsetX=0 offsetY=0 scale=1.0}, mSources= { InsetsSource: {887e0000 mType=statusBars mFrame=[0,0][1340,39] mVisible=true mFlags= mSideHint=TOP mBoundingRects=null}, InsetsSource: {887e0005 mType=mandatorySystemGestures mFrame=[0,0][1340,39] mVisible=true mFlags= mSideHint=TOP mBoundingRects=null}, InsetsSource: {887e0006 mType=tappableElement mFrame=[0,0][1340,39] mVisible=true mFlags= mSideHint=TOP mBoundingRects=null}, InsetsSource: {3 mType=ime mFrame=[0,0][0,0] mVisible=false mFlags= mSideHint=NONE mBoundingRects=null}, InsetsSource: {292c0001 mType=navigationBars mFrame=[0,737][1340,800] mVisible=true mFlags= mSideHint=BOTTOM mBoundingRects=null}, InsetsSource: {292c0004 mType=systemGestures mFrame=[0,0][0,0] mVisible=true mFlags= mSideHint=NONE mBoundingRects=null}, InsetsSource: {292c0005 mType=mandatorySystemGestures mFrame=[0,737][1340,800] mVisible=true mFlags= mSideHint=BOTTOM mBoundingRects=null}, InsetsSource: {292c0006 mType=tappableElement mFrame=[0,737][1340,800] mVisible=true mFlags= mSideHint=BOTTOM mBoundingRects=null}, InsetsSource: {292c0024 mType=systemGestures mFrame=[0,0][0,0] mVisible=true mFlags= mSideHint=NONE mBoundingRects=null} }
06-18 15:44:23.739 12624 12624 I VRI[MainActivity]@de3bc60: synced displayState. AttachInfo displayState=2
06-18 15:44:23.740 12624 12624 I VRI[MainActivity]@de3bc60: setView = com.android.internal.policy.DecorView@7383e8c IsHRR=false mFlingFrameRateChange=0 TM=true
06-18 15:44:23.741 12624 12624 I IDS_TAG : Starting IDS observe window
06-18 15:44:23.741 12624 12624 I IDS_TAG : Getting Shared Preference for com.nexora.hammerscale.App@5537296 uid = 10001
06-18 15:44:23.745 12624 12624 I IDS_TAG : App com.nexora.hammerscale.App@5537296 has not finished training
06-18 15:44:23.746 12283 12296 D ActivityStack: onActivityResumed : ComponentInfo{com.nexora.hammerscale/com.nexora.hammerscale.MainActivity}
06-18 15:44:23.746 12624 12624 I IDS_TAG : Closing IDS observe window
06-18 15:44:23.747 12624 12624 I IDS_TAG : Getting Shared Preference for com.nexora.hammerscale.App@5537296 uid = 10001
06-18 15:44:23.747 12624 12624 I IDS_TAG : IDS count updated to 2 for com.nexora.hammerscale.App@5537296
06-18 15:44:23.756 12265 12265 D BLASTBufferQueue: [VRI[MainActivity]@8a875a1#5](f:0,a:1) destructor()
06-18 15:44:23.756 12265 12265 D BufferQueueConsumer: [VRI[MainActivity]@8a875a1#5(BLAST Consumer)5](id:2fe900000005,api:0,p:-1,c:12265) disconnect
06-18 15:44:23.756 12265 12265 I VRI[MainActivity]@8a875a1: Relayout returned: old=(0,0,1340,800) new=(0,0,1340,800) relayoutAsync=false req=(1340,800)8 dur=4 res=0x2 s={false 0x0} ch=true seqId=0
06-18 15:44:23.757 12265 12265 D VRI[MainActivity]@8a875a1: Not drawing due to not visible. Reason=!mAppVisible && !mForceDecorViewVisibility
06-18 15:44:23.760 12624 12624 E jun.blackbox:p0: [perfctl] 12624 12624 FPSGO ver:0
06-18 15:44:23.760 12624 12624 E jun.blackbox:p0: [perfctl] 0 0 0 0
06-18 15:44:23.762 12624 12624 D BufferQueueConsumer: [](id:315000000000,api:0,p:-1,c:12624) connect: controlledByApp=false
06-18 15:44:23.763 12624 12624 D BLASTBufferQueue: [VRI[MainActivity]@de3bc60#0](f:0,a:0) constructor()
06-18 15:44:23.763 12624 12624 I BLASTBufferQueue_Java: new BLASTBufferQueue, mName= VRI[MainActivity]@de3bc60 mNativeObject= 0x778e2164b0 caller= android.view.ViewRootImpl.updateBlastSurfaceIfNeeded:3585 android.view.ViewRootImpl.relayoutWindow:11685 android.view.ViewRootImpl.performTraversals:4804 android.view.ViewRootImpl.doTraversal:3924 android.view.ViewRootImpl$TraversalRunnable.run:12903 android.view.Choreographer$CallbackRecord.run:1901 android.view.Choreographer$CallbackRecord.run:1910 android.view.Choreographer.doCallbacks:1367 android.view.Choreographer.doFrame:1292 android.view.Choreographer$FrameDisplayEventReceiver.run:1870 
06-18 15:44:23.763 12624 12624 I BLASTBufferQueue_Java: update, w= 1340 h= 800 mName = VRI[MainActivity]@de3bc60 mNativeObject= 0x778e2164b0 sc.mNativeObject= 0x772e215a10 format= -1 caller= android.view.ViewRootImpl.updateBlastSurfaceIfNeeded:3590 android.view.ViewRootImpl.relayoutWindow:11685 android.view.ViewRootImpl.performTraversals:4804 android.view.ViewRootImpl.doTraversal:3924 android.view.ViewRootImpl$TraversalRunnable.run:12903 android.view.Choreographer$CallbackRecord.run:1901 
06-18 15:44:23.763 12624 12624 D BLASTBufferQueue: [VRI[MainActivity]@de3bc60#0](f:0,a:0) update width=1340 height=800 format=-1 mTransformHint=4
06-18 15:44:23.764 12624 12624 I VRI[MainActivity]@de3bc60: Relayout returned: old=(0,0,1340,800) new=(0,0,1340,800) relayoutAsync=false req=(1340,800)0 dur=5 res=0x3 s={true 0x775e2276c0} ch=true seqId=0
06-18 15:44:23.765 12624 12624 D VRI[MainActivity]@de3bc60: mThreadedRenderer.initialize() mSurface={isValid=true 0x775e2276c0} hwInitialized=true
