06-18 15:45:13.570 12265 12265 I BLASTBufferQueue_Java: new BLASTBufferQueue, mName= VRI[]@36ecd7a mNativeObject= 0x778e23b8c0 caller= android.view.ViewRootImpl.updateBlastSurfaceIfNeeded:3585 android.view.ViewRootImpl.relayoutWindow:11685 android.view.ViewRootImpl.performTraversals:4804 android.view.ViewRootImpl.doTraversal:3924 android.view.ViewRootImpl$TraversalRunnable.run:12903 android.view.Choreographer$CallbackRecord.run:1901 android.view.Choreographer$CallbackRecord.run:1910 android.view.Choreographer.doCallbacks:1367 android.view.Choreographer.doFrame:1292 android.view.Choreographer$FrameDisplayEventReceiver.run:1870 
06-18 15:45:13.570 12265 12265 I BLASTBufferQueue_Java: update, w= 74 h= 74 mName = VRI[]@36ecd7a mNativeObject= 0x778e23b8c0 sc.mNativeObject= 0x772e2289d0 format= -3 caller= android.view.ViewRootImpl.updateBlastSurfaceIfNeeded:3590 android.view.ViewRootImpl.relayoutWindow:11685 android.view.ViewRootImpl.performTraversals:4804 android.view.ViewRootImpl.doTraversal:3924 android.view.ViewRootImpl$TraversalRunnable.run:12903 android.view.Choreographer$CallbackRecord.run:1901 
06-18 15:45:13.570 12265 12265 D BLASTBufferQueue: [VRI[]@36ecd7a#23](f:0,a:0) update width=74 height=74 format=-3 mTransformHint=4
06-18 15:45:13.570 12265 12265 I VRI[]@36ecd7a: Relayout returned: old=(0,39,1340,737) new=(16,239,90,313) relayoutAsync=false req=(74,74)0 dur=4 res=0x3 s={true 0x775e2faa70} ch=true seqId=0
06-18 15:45:13.571 12265 12265 D VRI[]@36ecd7a: mThreadedRenderer.initialize() mSurface={isValid=true 0x775e2faa70} hwInitialized=true
06-18 15:45:13.572 12265 12265 D VRI[]@36ecd7a: reportNextDraw android.view.ViewRootImpl.performTraversals:5443 android.view.ViewRootImpl.doTraversal:3924 android.view.ViewRootImpl$TraversalRunnable.run:12903 android.view.Choreographer$CallbackRecord.run:1901 android.view.Choreographer$CallbackRecord.run:1910 
06-18 15:45:13.572 12265 12265 D VRI[]@36ecd7a: Setup new sync=wmsSync-VRI[]@36ecd7a#52
06-18 15:45:13.572 12265 12265 I VRI[]@36ecd7a: Creating new active sync group VRI[]@36ecd7a#53
06-18 15:45:13.573 12265 12265 D VRI[]@36ecd7a: registerCallbacksForSync syncBuffer=false
06-18 15:45:13.573 12265 12344 D VRI[]@36ecd7a: Received frameDrawingCallback syncResult=0 frameNum=1.
06-18 15:45:13.573 12265 12344 I VRI[]@36ecd7a: mWNT: t=0x779e2ea8d0 mBlastBufferQueue=0x778e23b8c0 fn= 1 HdrRenderState mRenderHdrSdrRatio=1.0 caller= android.view.ViewRootImpl$12.onFrameDraw:15441 android.view.ThreadedRenderer$1.onFrameDraw:718 <bottom of call stack> 
06-18 15:45:13.573 12265 12344 I VRI[]@36ecd7a: Setting up sync and frameCommitCallback
06-18 15:45:13.577 12265 12306 D BLASTBufferQueue: [VRI[]@36ecd7a#23](f:0,a:1) acquireNextBufferLocked size=74x74 mFrameNumber=1 applyTransaction=true mTimestamp=235427403707646(auto) mPendingTransactions.size=0 graphicBufferId=52677773885567 transform=7
06-18 15:45:13.577 12265 12306 I VRI[]@36ecd7a: Received frameCommittedCallback lastAttemptedDrawFrameNum=1 didProduceBuffer=true
06-18 15:45:13.579 12265 12306 D HWUI    : CFMS:: SetUp Pid : 12265    Tid : 12306
06-18 15:45:13.579 12265 12265 D VRI[]@36ecd7a: reportDrawFinished seqId=0
06-18 15:45:13.588 12265 12306 D HWUI    : HWUI - treat SMPTE_170M as sRGB
06-18 15:45:13.588 12265 12265 I ImeFocusController: onPreWindowFocus: skipped hasWindowFocus=false mHasImeFocus=true
06-18 15:45:13.589 12265 12265 I ImeFocusController: onPostWindowFocus: skipped hasWindowFocus=false mHasImeFocus=true
06-18 15:45:13.589 12265 12265 I VRI[MainActivity]@8a875a1: handleAppVisibility mAppVisible = false visible = true
06-18 15:45:13.589 12265 12265 I VRI[MainActivity]@8a875a1: stopped(false) old = true
06-18 15:45:13.590 12265 12265 D VRI[MainActivity]@8a875a1: WindowStopped on top.niunaijun.blackbox/top.niunaijun.blackboxa.view.main.MainActivity set to false
06-18 15:45:13.599 12265 12265 D AppsFragment: Services became available, refreshing app list
06-18 15:45:13.600 12265 12407 D AppsRepository: getVmInstallList: userId=0, total users=1
06-18 15:45:13.600 12265 12322 D AppsRepository: getVmInstallList: userId=0, total users=1
06-18 15:45:13.600 12265 12322 D AppsRepository: User: id=0, name=null
06-18 15:45:13.600 12265 12407 D AppsRepository: User: id=0, name=null
06-18 15:45:13.604 12265 12407 D AppsRepository: getVmInstallList: userId=0, applicationList.size=2
06-18 15:45:13.604 12265 12407 D AppsRepository: First app: com.psoffritti.video.speed
06-18 15:45:13.605 12265 12407 D AppsRepository: getVmInstallList: processed 2 apps - Memory: 6MB used / 256MB max (2%)
06-18 15:45:13.605 12265 12407 D AppsRepository: getVmInstallList: Showing 2 virtual apps for userId=0
06-18 15:45:13.606 12265 12322 D AppsRepository: getVmInstallList: userId=0, applicationList.size=2
06-18 15:45:13.606 12265 12322 D AppsRepository: First app: com.psoffritti.video.speed
06-18 15:45:13.609 12265 12322 D AppsRepository: getVmInstallList: processed 2 apps - Memory: 6MB used / 256MB max (2%)
06-18 15:45:13.609 12265 12322 D AppsRepository: getVmInstallList: Showing 2 virtual apps for userId=0
06-18 15:45:13.612 12265 12265 D BufferQueueConsumer: [](id:2fe900000018,api:0,p:-1,c:12265) connect: controlledByApp=false
06-18 15:45:13.612 12265 12265 D BLASTBufferQueue: [VRI[MainActivity]@8a875a1#24](f:0,a:0) constructor()
06-18 15:45:13.612 12265 12265 I BLASTBufferQueue_Java: new BLASTBufferQueue, mName= VRI[MainActivity]@8a875a1 mNativeObject= 0x778e2ecc90 caller= android.view.ViewRootImpl.updateBlastSurfaceIfNeeded:3585 android.view.ViewRootImpl.relayoutWindow:11685 android.view.ViewRootImpl.performTraversals:4804 android.view.ViewRootImpl.doTraversal:3924 android.view.ViewRootImpl$TraversalRunnable.run:12903 android.view.Choreographer$CallbackRecord.run:1901 android.view.Choreographer$CallbackRecord.run:1910 android.view.Choreographer.doCallbacks:1367 android.view.Choreographer.doFrame:1292 android.view.Choreographer$FrameDisplayEventReceiver.run:1870 
06-18 15:45:13.612 12265 12265 I BLASTBufferQueue_Java: update, w= 1340 h= 800 mName = VRI[MainActivity]@8a875a1 mNativeObject= 0x778e2ecc90 sc.mNativeObject= 0x772e219250 format= -1 caller= android.view.ViewRootImpl.updateBlastSurfaceIfNeeded:3590 android.view.ViewRootImpl.relayoutWindow:11685 android.view.ViewRootImpl.performTraversals:4804 android.view.ViewRootImpl.doTraversal:3924 android.view.ViewRootImpl$TraversalRunnable.run:12903 android.view.Choreographer$CallbackRecord.run:1901 
06-18 15:45:13.612 12265 12265 D BLASTBufferQueue: [VRI[MainActivity]@8a875a1#24](f:0,a:0) update width=1340 height=800 format=-1 mTransformHint=4
06-18 15:45:13.613 12265 12265 I VRI[MainActivity]@8a875a1: Relayout returned: old=(0,0,1340,800) new=(0,0,1340,800) relayoutAsync=false req=(1340,800)0 dur=9 res=0x3 s={true 0x775e273770} ch=true seqId=0
06-18 15:45:13.614 12265 12265 D VRI[MainActivity]@8a875a1: mThreadedRenderer.initialize() mSurface={isValid=true 0x775e273770} hwInitialized=true
06-18 15:45:13.614 12265 12265 D VRI[MainActivity]@8a875a1: reportNextDraw android.view.ViewRootImpl.performTraversals:5443 android.view.ViewRootImpl.doTraversal:3924 android.view.ViewRootImpl$TraversalRunnable.run:12903 android.view.Choreographer$CallbackRecord.run:1901 android.view.Choreographer$CallbackRecord.run:1910 
06-18 15:45:13.614 12265 12265 D VRI[MainActivity]@8a875a1: Setup new sync=wmsSync-VRI[MainActivity]@8a875a1#54
06-18 15:45:13.614 12265 12265 I VRI[MainActivity]@8a875a1: Creating new active sync group VRI[MainActivity]@8a875a1#55
06-18 15:45:13.614 12265 12265 D VRI[MainActivity]@8a875a1: Start draw after previous draw not visible
06-18 15:45:13.615 12265 12265 D VRI[MainActivity]@8a875a1: registerCallbacksForSync syncBuffer=false
06-18 15:45:13.625 12265 12343 D VRI[MainActivity]@8a875a1: Received frameDrawingCallback syncResult=0 frameNum=1.
06-18 15:45:13.625 12265 12343 I VRI[MainActivity]@8a875a1: mWNT: t=0x779e2d4210 mBlastBufferQueue=0x778e2ecc90 fn= 1 HdrRenderState mRenderHdrSdrRatio=1.0 caller= android.view.ViewRootImpl$12.onFrameDraw:15441 android.view.ThreadedRenderer$1.onFrameDraw:718 <bottom of call stack> 
06-18 15:45:13.626 12265 12343 I VRI[MainActivity]@8a875a1: Setting up sync and frameCommitCallback
06-18 15:45:13.630 12265 12306 D BLASTBufferQueue: [VRI[MainActivity]@8a875a1#24](f:0,a:1) acquireNextBufferLocked size=1340x800 mFrameNumber=1 applyTransaction=true mTimestamp=235427457062107(auto) mPendingTransactions.size=0 graphicBufferId=52677773885573 transform=7
06-18 15:45:13.630 12265 12306 I VRI[MainActivity]@8a875a1: Received frameCommittedCallback lastAttemptedDrawFrameNum=1 didProduceBuffer=true
06-18 15:45:13.631 12265 12265 D VRI[MainActivity]@8a875a1: reportDrawFinished seqId=0
06-18 15:45:13.657 12265 12265 I InsetsSourceConsumer: applyRequestedVisibilityToControl: visible=true, type=navigationBars, host=top.niunaijun.blackbox/top.niunaijun.blackboxa.view.main.MainActivity
06-18 15:45:13.658 12265 12265 I InsetsSourceConsumer: applyRequestedVisibilityToControl: visible=true, type=statusBars, host=top.niunaijun.blackbox/top.niunaijun.blackboxa.view.main.MainActivity
06-18 15:45:13.660 12265 12265 D VRI[MainActivity]@8a875a1: mThreadedRenderer.initializeIfNeeded()#2 mSurface={isValid=true 0x775e273770}
06-18 15:45:13.661 12265 12265 D InputMethodManagerUtils: startInputInner - Id : 0
06-18 15:45:13.661 12265 12265 I InputMethodManager: startInputInner - IInputMethodManagerGlobalInvoker.startInputOrWindowGainedFocus
06-18 15:45:13.663 12265 12265 I InputMethodManager: handleMessage: setImeVisibility visible=false
06-18 15:45:13.663 12265 12265 D InsetsController: hide(ime(), fromIme=false)
06-18 15:45:13.664 12265 12265 I ImeTracker: top.niunaijun.blackbox:63c20776: onCancelled at PHASE_CLIENT_ALREADY_HIDDEN
06-18 15:45:13.664 12265 12274 D InputTransport: Input channel constructed: 'ClientS', fd=156
06-18 15:45:13.845 12829 12942 D ProfileInstaller: Installing profile for com.psoffritti.video.speed
06-18 15:45:14.075 12265 12265 I VRI[DebuggerActivity]@d0326d: handleAppVisibility mAppVisible = true visible = false
06-18 15:45:14.076 12265 12265 D VRI[DebuggerActivity]@d0326d: visibilityChanged oldVisibility=true newVisibility=false
06-18 15:45:14.095 12265 12265 D BLASTBufferQueue: [VRI[DebuggerActivity]@d0326d#22](f:0,a:1) destructor()
06-18 15:45:14.095 12265 12265 D BufferQueueConsumer: [VRI[DebuggerActivity]@d0326d#22(BLAST Consumer)22](id:2fe900000016,api:0,p:-1,c:12265) disconnect
06-18 15:45:14.096 12265 12265 I VRI[DebuggerActivity]@d0326d: Relayout returned: old=(0,0,1340,800) new=(0,0,1340,800) relayoutAsync=false req=(1340,800)8 dur=8 res=0x2 s={false 0x0} ch=true seqId=0
06-18 15:45:14.096 12265 12265 D VRI[DebuggerActivity]@d0326d: Not drawing due to not visible. Reason=!mAppVisible && !mForceDecorViewVisibility
06-18 15:45:14.097 12265 12265 I VRI[DebuggerActivity]@d0326d: stopped(true) old = false
06-18 15:45:14.097 12265 12265 D VRI[DebuggerActivity]@d0326d: WindowStopped on top.niunaijun.blackbox/top.niunaijun.blackboxa.view.debugger.DebuggerActivity set to true
06-18 15:45:14.107 12265 12265 W WindowOnBackDispatcher: sendCancelIfRunning: isInProgress=false callback=android.app.Activity$$ExternalSyntheticLambda0@1ca8869
06-18 15:45:14.111 12265 12265 D ViewRootImpl: Skipping stats log for color mode
06-18 15:45:14.112 12265 12265 I VRI[DebuggerActivity]@d0326d: dispatchDetachedFromWindow
06-18 15:45:14.115 12265 12265 D InputTransport: Input channel destroyed: '74fa64a', fd=118
06-18 15:45:14.272 12265 12265 I VRI[MainActivity]@8a875a1: ViewPostIme pointer 0
06-18 15:45:14.273 12265 12265 I GestureDetector: obtain mCurrentDownEvent. id: 514808948 caller: e0.y.c:9 androidx.recyclerview.widget.RecyclerView.C:21 androidx.recyclerview.widget.RecyclerView.onInterceptTouchEvent:10 
06-18 15:45:14.274 12265 12265 I VRI[MainActivity]@8a875a1: call setFrameRateCategory for touch hint category=high hint, reason=touch, vri=VRI[MainActivity]@8a875a1
06-18 15:45:14.298 12265 12265 I GestureDetector: obtain mCurrentMotionEventRaw. action: 2 id: 841326955
06-18 15:45:14.332 12829 12875 D HWUI    : CacheManager::trimMemory(20)
06-18 15:45:14.355 12265 12265 I VRI[MainActivity]@8a875a1: ViewPostIme pointer 1
06-18 15:45:14.359 12265 12265 I Dialog  : mIsDeviceDefault = false, mIsSamsungBasicInteraction = false, isMetaDataInActivity = false
06-18 15:45:14.360 12265 12265 I DecorView: setWindowBackground: isPopOver=false color=0 d=android.graphics.drawable.ColorDrawable@b08e48a
06-18 15:45:14.361 12265 12265 I DecorView: setWindowBackground: isPopOver=false color=0 d=android.graphics.drawable.ColorDrawable@b08e48a
06-18 15:45:14.364 12265 12265 I DecorView: setWindowBackground: isPopOver=false color=0 d=android.graphics.drawable.ColorDrawable@298bf56
06-18 15:45:14.374 12265 12265 I WindowManager: WindowManagerGlobal#addView, ty=2, view=com.android.internal.policy.DecorView{15c1253 V.E...... R.....I. 0,0-0,0}[MainActivity], caller=android.view.WindowManagerImpl.addView:158 android.app.Dialog.show:540 androidx.fragment.app.n.E:11 
06-18 15:45:14.374 12265 12265 I ViewRootImpl: dVRR is disabled
06-18 15:45:14.375 12265 12306 D NativeCustomFrequencyManager: [NativeCFMS] BpCustomFrequencyManager::BpCustomFrequencyManager()
06-18 15:45:14.386 12265 12265 D InputTransport: Input channel constructed: '634854f', fd=118
06-18 15:45:14.387 12265 12265 I InsetsController: onStateChanged: host=top.niunaijun.blackbox/top.niunaijun.blackboxa.view.main.MainActivity, from=android.view.ViewRootImpl.onInsetsStateChanged:3026, state=InsetsState: {mDisplayFrame=Rect(0, 0 - 1340, 800), mDisplayCutout=DisplayCutout{insets=Rect(0, 0 - 0, 0) waterfall=Insets{left=0, top=0, right=0, bottom=0} boundingRect={Bounds=[Rect(0, 0 - 0, 0), Rect(0, 0 - 0, 0), Rect(0, 0 - 0, 0), Rect(0, 0 - 0, 0)]} cutoutPathParserInfo={CutoutPathParserInfo{displayWidth=0 displayHeight=0 physicalDisplayWidth=0 physicalDisplayHeight=0 density={0.0} cutoutSpec={} rotation={0} scale={0.0} physicalPixelDisplaySizeRatio={0.0}}} sideOverrides=null}, mRoundedCorners=RoundedCorners{[RoundedCorner{position=TopLeft, radius=9, center=Point(9, 9)}, RoundedCorner{position=TopRight, radius=9, center=Point(1331, 9)}, RoundedCorner{position=BottomRight, radius=9, center=Point(1331, 791)}, RoundedCorner{position=BottomLeft, radius=9, center=Point(9, 791)}]}  mRoundedCornerFrame=Rect(0, 0 - 1340, 800), mPrivacyIndicatorBounds=PrivacyIndicatorBounds {static bounds=Rect(1282, 0 - 1340, 39) rotation=1}, mDisplayShape=DisplayShape{ spec=-311912193 displayWidth=800 displayHeight=1340 physicalPixelDisplaySizeRatio=1.0 rotation=1 offsetX=0 offsetY=0 scale=1.0}, mSources= { InsetsSource: {887e0000 mType=statusBars mFrame=[0,0][1340,39] mVisible=true mFlags= mSideHint=TOP mBoundingRects=null}, InsetsSource: {887e0005 mType=mandatorySystemGestures mFrame=[0,0][1340,39] mVisible=true mFlags= mSideHint=TOP mBoundingRects=null}, InsetsSource: {887e0006 mType=tappableElement mFrame=[0,0][1340,39] mVisible=true mFlags= mSideHint=TOP mBoundingRects=null}, InsetsSource: {3 mType=ime mFrame=[0,0][0,0] mVisible=false mFlags= mSideHint=NONE mBoundingRects=null}, InsetsSource: {292c0001 mType=navigationBars mFrame=[0,737][1340,800] mVisible=true mFlags= mSideHint=BOTTOM mBoundingRects=null}, InsetsSource: {292c0004 mType=systemGestures mFrame=[0,0][0,0] mVisible=true mFlags= mSideHint=NONE mBoundingRects=null}, InsetsSource: {292c0005 mType=mandatorySystemGestures mFrame=[0,737][1340,800] mVisible=true mFlags= mSideHint=BOTTOM mBoundingRects=null}, InsetsSource: {292c0006 mType=tappableElement mFrame=[0,737][1340,800] mVisible=true mFlags= mSideHint=BOTTOM mBoundingRects=null}, InsetsSource: {292c0024 mType=systemGestures mFrame=[0,0][0,0] mVisible=true mFlags= mSideHint=NONE mBoundingRects=null} }
06-18 15:45:14.387 12265 12265 I VRI[MainActivity]@fb4790: synced displayState. AttachInfo displayState=2
06-18 15:45:14.392 12265 12265 I VRI[MainActivity]@fb4790: setView = com.android.internal.policy.DecorView@15c1253 IsHRR=false mFlingFrameRateChange=0 TM=true
06-18 15:45:14.393 12265 12265 W WindowOnBackDispatcher: sendCancelIfRunning: isInProgress=false callback=androidx.activity.r@462fd21
06-18 15:45:14.395 12265 12322 D TransactionThrottler: Reset transaction throttler
06-18 15:45:14.396 12265 12322 D TransactionThrottler: Reset transaction throttler
06-18 15:45:14.401 12265 12265 D BufferQueueConsumer: [](id:2fe900000019,api:0,p:-1,c:12265) connect: controlledByApp=false
06-18 15:45:14.402 12265 12265 D BLASTBufferQueue: [VRI[MainActivity]@fb4790#25](f:0,a:0) constructor()
06-18 15:45:14.402 12265 12265 I BLASTBufferQueue_Java: new BLASTBufferQueue, mName= VRI[MainActivity]@fb4790 mNativeObject= 0x778e267930 caller= android.view.ViewRootImpl.updateBlastSurfaceIfNeeded:3585 android.view.ViewRootImpl.relayoutWindow:11685 android.view.ViewRootImpl.performTraversals:4804 android.view.ViewRootImpl.doTraversal:3924 android.view.ViewRootImpl$TraversalRunnable.run:12903 android.view.Choreographer$CallbackRecord.run:1901 android.view.Choreographer$CallbackRecord.run:1910 android.view.Choreographer.doCallbacks:1367 android.view.Choreographer.doFrame:1292 android.view.Choreographer$FrameDisplayEventReceiver.run:1870 
06-18 15:45:14.402 12265 12265 I BLASTBufferQueue_Java: update, w= 223 h= 263 mName = VRI[MainActivity]@fb4790 mNativeObject= 0x778e267930 sc.mNativeObject= 0x772e232f90 format= -2 caller= android.view.ViewRootImpl.updateBlastSurfaceIfNeeded:3590 android.view.ViewRootImpl.relayoutWindow:11685 android.view.ViewRootImpl.performTraversals:4804 android.view.ViewRootImpl.doTraversal:3924 android.view.ViewRootImpl$TraversalRunnable.run:12903 android.view.Choreographer$CallbackRecord.run:1901 
06-18 15:45:14.402 12265 12265 D BLASTBufferQueue: [VRI[MainActivity]@fb4790#25](f:0,a:0) update width=223 height=263 format=-2 mTransformHint=4
06-18 15:45:14.402 12265 12265 I VRI[MainActivity]@fb4790: Relayout returned: old=(0,39,1340,737) new=(558,256,781,519) relayoutAsync=false req=(223,263)0 dur=6 res=0x3 s={true 0x775e2ef630} ch=true seqId=0
06-18 15:45:14.406 12265 12265 D VRI[MainActivity]@fb4790: mThreadedRenderer.initialize() mSurface={isValid=true 0x775e2ef630} hwInitialized=true
06-18 15:45:14.407 12265 12265 D VRI[MainActivity]@fb4790: reportNextDraw android.view.ViewRootImpl.performTraversals:5443 android.view.ViewRootImpl.doTraversal:3924 android.view.ViewRootImpl$TraversalRunnable.run:12903 android.view.Choreographer$CallbackRecord.run:1901 android.view.Choreographer$CallbackRecord.run:1910 
06-18 15:45:14.407 12265 12265 D VRI[MainActivity]@fb4790: Setup new sync=wmsSync-VRI[MainActivity]@fb4790#56
06-18 15:45:14.407 12265 12265 I VRI[MainActivity]@fb4790: Creating new active sync group VRI[MainActivity]@fb4790#57
06-18 15:45:14.408 12265 12265 D VRI[MainActivity]@fb4790: registerCallbacksForSync syncBuffer=false
06-18 15:45:14.410 12265 12344 D VRI[MainActivity]@fb4790: Received frameDrawingCallback syncResult=0 frameNum=1.
06-18 15:45:14.411 12265 12322 D SplashScreen: LauncherActivity.launch() called for package: com.psoffritti.video.speed
06-18 15:45:14.411 12265 12344 I VRI[MainActivity]@fb4790: mWNT: t=0x779e2a5350 mBlastBufferQueue=0x778e267930 fn= 1 HdrRenderState mRenderHdrSdrRatio=1.0 caller= android.view.ViewRootImpl$12.onFrameDraw:15441 android.view.ThreadedRenderer$1.onFrameDraw:718 <bottom of call stack> 
06-18 15:45:14.411 12265 12344 I VRI[MainActivity]@fb4790: Setting up sync and frameCommitCallback
06-18 15:45:14.415 12265 12306 D BLASTBufferQueue: [VRI[MainActivity]@fb4790#25](f:0,a:1) acquireNextBufferLocked size=223x263 mFrameNumber=1 applyTransaction=true mTimestamp=235428242276261(auto) mPendingTransactions.size=0 graphicBufferId=52677773885579 transform=7
06-18 15:45:14.416 12265 12306 I VRI[MainActivity]@fb4790: Received frameCommittedCallback lastAttemptedDrawFrameNum=1 didProduceBuffer=true
06-18 15:45:14.416 12265 12306 D HWUI    : CFMS:: SetUp Pid : 12265    Tid : 12306
06-18 15:45:14.416 12265 12265 D VRI[MainActivity]@fb4790: reportDrawFinished seqId=0
06-18 15:45:14.417 12265 12306 D HWUI    : HWUI - treat SMPTE_170M as sRGB
06-18 15:45:14.418 12265 12265 I InsetsSourceConsumer: applyRequestedVisibilityToControl: visible=true, type=navigationBars, host=top.niunaijun.blackbox/top.niunaijun.blackboxa.view.main.MainActivity
06-18 15:45:14.418 12265 12265 I InsetsSourceConsumer: applyRequestedVisibilityToControl: visible=true, type=statusBars, host=top.niunaijun.blackbox/top.niunaijun.blackboxa.view.main.MainActivity
06-18 15:45:14.419 12265 12265 I WindowManager: WindowManagerGlobal#removeView, ty=2, view=com.android.internal.policy.DecorView{15c1253 V.E...... R......D 0,0-223,263}[MainActivity], caller=android.view.WindowManagerGlobal.removeView:654 android.view.WindowManagerImpl.removeViewImmediate:216 android.app.Dialog.dismissDialog:850 
06-18 15:45:14.419 12265 12265 W WindowOnBackDispatcher: sendCancelIfRunning: isInProgress=false callback=android.app.Dialog$$ExternalSyntheticLambda4@7eebfc1
06-18 15:45:14.424 12265 12265 I VRI[MainActivity]@fb4790: dispatchDetachedFromWindow
06-18 15:45:14.431 12265 12265 D InputTransport: Input channel destroyed: '634854f', fd=118
06-18 15:45:14.434 12265 12265 W WindowOnBackDispatcher: sendCancelIfRunning: isInProgress=false callback=androidx.activity.r@462fd21
06-18 15:45:14.441 12265 12265 D ActivityThread: top.niunaijun.blackbox will use render engine as VK
06-18 15:45:14.442 12265 12265 D AppInstrumentation: callActivityOnCreate: top.niunaijun.blackbox.app.LauncherActivity
06-18 15:45:14.443 12265 12265 D SplashScreen: LauncherActivity.onCreate() for package: com.psoffritti.video.speed, userId: 0
06-18 15:45:14.445 12265 12265 D SplashScreen: Successfully retrieved package info for com.psoffritti.video.speed
06-18 15:45:14.448 12265 12265 I DecorView: setWindowBackground: isPopOver=false color=fffafafa d=android.graphics.drawable.ColorDrawable@11c9320
06-18 15:45:14.450 12265 12946 D SplashScreen: Starting app launch in background thread
06-18 15:45:14.450 12265 12721 D BLASTBufferQueue: [VRI[MainActivity]@fb4790#25](f:0,a:1) destructor()
06-18 15:45:14.451 12265 12721 D BufferQueueConsumer: [VRI[MainActivity]@fb4790#25(BLAST Consumer)25](id:2fe900000019,api:0,p:-1,c:12265) disconnect
06-18 15:45:14.451 12265 12265 I ViewRootImpl: dVRR is disabled
06-18 15:45:14.452 12265 12306 D NativeCustomFrequencyManager: [NativeCFMS] BpCustomFrequencyManager::BpCustomFrequencyManager()
06-18 15:45:14.454 12265 12265 D InputTransport: Input channel constructed: '36bd01a', fd=118
06-18 15:45:14.454 12265 12265 I InsetsController: onStateChanged: host=top.niunaijun.blackbox/top.niunaijun.blackbox.app.LauncherActivity, from=android.view.ViewRootImpl.onInsetsStateChanged:3026, state=InsetsState: {mDisplayFrame=Rect(0, 0 - 1340, 800), mDisplayCutout=DisplayCutout{insets=Rect(0, 0 - 0, 0) waterfall=Insets{left=0, top=0, right=0, bottom=0} boundingRect={Bounds=[Rect(0, 0 - 0, 0), Rect(0, 0 - 0, 0), Rect(0, 0 - 0, 0), Rect(0, 0 - 0, 0)]} cutoutPathParserInfo={CutoutPathParserInfo{displayWidth=0 displayHeight=0 physicalDisplayWidth=0 physicalDisplayHeight=0 density={0.0} cutoutSpec={} rotation={0} scale={0.0} physicalPixelDisplaySizeRatio={0.0}}} sideOverrides=null}, mRoundedCorners=RoundedCorners{[RoundedCorner{position=TopLeft, radius=9, center=Point(9, 9)}, RoundedCorner{position=TopRight, radius=9, center=Point(1331, 9)}, RoundedCorner{position=BottomRight, radius=9, center=Point(1331, 791)}, RoundedCorner{position=BottomLeft, radius=9, center=Point(9, 791)}]}  mRoundedCornerFrame=Rect(0, 0 - 1340, 800), mPrivacyIndicatorBounds=PrivacyIndicatorBounds {static bounds=Rect(1282, 0 - 1340, 39) rotation=1}, mDisplayShape=DisplayShape{ spec=-311912193 displayWidth=800 displayHeight=1340 physicalPixelDisplaySizeRatio=1.0 rotation=1 offsetX=0 offsetY=0 scale=1.0}, mSources= { InsetsSource: {887e0000 mType=statusBars mFrame=[0,0][1340,39] mVisible=true mFlags= mSideHint=TOP mBoundingRects=null}, InsetsSource: {887e0005 mType=mandatorySystemGestures mFrame=[0,0][1340,39] mVisible=true mFlags= mSideHint=TOP mBoundingRects=null}, InsetsSource: {887e0006 mType=tappableElement mFrame=[0,0][1340,39] mVisible=true mFlags= mSideHint=TOP mBoundingRects=null}, InsetsSource: {3 mType=ime mFrame=[0,0][0,0] mVisible=false mFlags= mSideHint=NONE mBoundingRects=null}, InsetsSource: {292c0001 mType=navigationBars mFrame=[0,737][1340,800] mVisible=true mFlags= mSideHint=BOTTOM mBoundingRects=null}, InsetsSource: {292c0004 mType=systemGestures mFrame=[0,0][0,0] mVisible=true mFlags= mSideHint=NONE mBoundingRects=null}, InsetsSource: {292c0005 mType=mandatorySystemGestures mFrame=[0,737][1340,800] mVisible=true mFlags= mSideHint=BOTTOM mBoundingRects=null}, InsetsSource: {292c0006 mType=tappableElement mFrame=[0,737][1340,800] mVisible=true mFlags= mSideHint=BOTTOM mBoundingRects=null}, InsetsSource: {292c0024 mType=systemGestures mFrame=[0,0][0,0] mVisible=true mFlags= mSideHint=NONE mBoundingRects=null} }
06-18 15:45:14.454 12265 12265 I VRI[LauncherActivity]@d8fa29b: synced displayState. AttachInfo displayState=2
06-18 15:45:14.455 12265 12265 I VRI[LauncherActivity]@d8fa29b: setView = com.android.internal.policy.DecorView@eaaf376 IsHRR=false mFlingFrameRateChange=0 TM=true
06-18 15:45:14.455 12265 12265 D VRI[MainActivity]@8a875a1: mThreadedRenderer.initializeIfNeeded()#2 mSurface={isValid=true 0x775e273770}
06-18 15:45:14.456 12265 12265 D InputMethodManagerUtils: startInputInner - Id : 0
06-18 15:45:14.456 12265 12265 I InputMethodManager: startInputInner - IInputMethodManagerGlobalInvoker.startInputOrWindowGainedFocus
06-18 15:45:14.462 12265 12265 D BufferQueueConsumer: [](id:2fe90000001a,api:0,p:-1,c:12265) connect: controlledByApp=false
06-18 15:45:14.464 12265 12265 D BLASTBufferQueue: [VRI[LauncherActivity]@d8fa29b#26](f:0,a:0) constructor()
06-18 15:45:14.464 12265 12265 I BLASTBufferQueue_Java: new BLASTBufferQueue, mName= VRI[LauncherActivity]@d8fa29b mNativeObject= 0x778e2e3c10 caller= android.view.ViewRootImpl.updateBlastSurfaceIfNeeded:3585 android.view.ViewRootImpl.relayoutWindow:11685 android.view.ViewRootImpl.performTraversals:4804 android.view.ViewRootImpl.doTraversal:3924 android.view.ViewRootImpl$TraversalRunnable.run:12903 android.view.Choreographer$CallbackRecord.run:1901 android.view.Choreographer$CallbackRecord.run:1910 android.view.Choreographer.doCallbacks:1367 android.view.Choreographer.doFrame:1292 android.view.Choreographer$FrameDisplayEventReceiver.run:1870 
06-18 15:45:14.465 12265 12265 I BLASTBufferQueue_Java: update, w= 1340 h= 800 mName = VRI[LauncherActivity]@d8fa29b mNativeObject= 0x778e2e3c10 sc.mNativeObject= 0x772e226990 format= -1 caller= android.view.ViewRootImpl.updateBlastSurfaceIfNeeded:3590 android.view.ViewRootImpl.relayoutWindow:11685 android.view.ViewRootImpl.performTraversals:4804 android.view.ViewRootImpl.doTraversal:3924 android.view.ViewRootImpl$TraversalRunnable.run:12903 android.view.Choreographer$CallbackRecord.run:1901 
06-18 15:45:14.465 12265 12265 D BLASTBufferQueue: [VRI[LauncherActivity]@d8fa29b#26](f:0,a:0) update width=1340 height=800 format=-1 mTransformHint=4
06-18 15:45:14.465 12265 12265 I VRI[LauncherActivity]@d8fa29b: Relayout returned: old=(0,0,1340,800) new=(0,0,1340,800) relayoutAsync=false req=(1340,800)0 dur=5 res=0x3 s={true 0x775e306b90} ch=true seqId=0
06-18 15:45:14.466 12265 12265 D VRI[LauncherActivity]@d8fa29b: mThreadedRenderer.initialize() mSurface={isValid=true 0x775e306b90} hwInitialized=true
06-18 15:45:14.466 12265 12265 D VRI[LauncherActivity]@d8fa29b: reportNextDraw android.view.ViewRootImpl.performTraversals:5443 android.view.ViewRootImpl.doTraversal:3924 android.view.ViewRootImpl$TraversalRunnable.run:12903 android.view.Choreographer$CallbackRecord.run:1901 android.view.Choreographer$CallbackRecord.run:1910 
06-18 15:45:14.467 12265 12265 D VRI[LauncherActivity]@d8fa29b: Setup new sync=wmsSync-VRI[LauncherActivity]@d8fa29b#58
06-18 15:45:14.467 12265 12265 I VRI[LauncherActivity]@d8fa29b: Creating new active sync group VRI[LauncherActivity]@d8fa29b#59
06-18 15:45:14.468 12265 12265 D VRI[LauncherActivity]@d8fa29b: registerCallbacksForSync syncBuffer=false
06-18 15:45:14.469 12265 12343 D VRI[LauncherActivity]@d8fa29b: Received frameDrawingCallback syncResult=0 frameNum=1.
06-18 15:45:14.470 12265 12343 I VRI[LauncherActivity]@d8fa29b: mWNT: t=0x779e292f10 mBlastBufferQueue=0x778e2e3c10 fn= 1 HdrRenderState mRenderHdrSdrRatio=1.0 caller= android.view.ViewRootImpl$12.onFrameDraw:15441 android.view.ThreadedRenderer$1.onFrameDraw:718 <bottom of call stack> 
06-18 15:45:14.470 12265 12343 I VRI[LauncherActivity]@d8fa29b: Setting up sync and frameCommitCallback
06-18 15:45:14.475 12265 12306 D BLASTBufferQueue: [VRI[LauncherActivity]@d8fa29b#26](f:0,a:1) acquireNextBufferLocked size=1340x800 mFrameNumber=1 applyTransaction=true mTimestamp=235428301336646(auto) mPendingTransactions.size=0 graphicBufferId=52677773885584 transform=7
06-18 15:45:14.475 12265 12306 I VRI[LauncherActivity]@d8fa29b: Received frameCommittedCallback lastAttemptedDrawFrameNum=1 didProduceBuffer=true
06-18 15:45:14.476 12265 12306 D HWUI    : CFMS:: SetUp Pid : 12265    Tid : 12306
06-18 15:45:14.476 12265 12265 D VRI[LauncherActivity]@d8fa29b: reportDrawFinished seqId=0
06-18 15:45:14.476 12265 12265 I InsetsSourceConsumer: applyRequestedVisibilityToControl: visible=true, type=navigationBars, host=top.niunaijun.blackbox/top.niunaijun.blackboxa.view.main.MainActivity
06-18 15:45:14.476 12265 12265 I InsetsSourceConsumer: applyRequestedVisibilityToControl: visible=true, type=statusBars, host=top.niunaijun.blackbox/top.niunaijun.blackboxa.view.main.MainActivity
06-18 15:45:14.477 12265 12306 D HWUI    : HWUI - treat SMPTE_170M as sRGB
06-18 15:45:14.477 12265 12265 I ImeFocusController: onPreWindowFocus: skipped hasWindowFocus=false mHasImeFocus=true
06-18 15:45:14.477 12265 12265 I ImeFocusController: onPostWindowFocus: skipped hasWindowFocus=false mHasImeFocus=true
06-18 15:45:14.501 12265 12265 I InsetsSourceConsumer: applyRequestedVisibilityToControl: visible=true, type=navigationBars, host=top.niunaijun.blackbox/top.niunaijun.blackbox.app.LauncherActivity
06-18 15:45:14.502 12265 12265 I InsetsSourceConsumer: applyRequestedVisibilityToControl: visible=true, type=statusBars, host=top.niunaijun.blackbox/top.niunaijun.blackbox.app.LauncherActivity
06-18 15:45:14.504 12265 12265 D VRI[LauncherActivity]@d8fa29b: mThreadedRenderer.initializeIfNeeded()#2 mSurface={isValid=true 0x775e306b90}
06-18 15:45:14.505 12265 12265 D InputMethodManagerUtils: startInputInner - Id : 0
06-18 15:45:14.505 12265 12265 I InputMethodManager: startInputInner - IInputMethodManagerGlobalInvoker.startInputOrWindowGainedFocus
06-18 15:45:14.506 12265 12265 I InputMethodManager: handleMessage: setImeVisibility visible=false
06-18 15:45:14.507 12265 12265 D InsetsController: hide(ime(), fromIme=false)
06-18 15:45:14.507 12265 12265 I ImeTracker: top.niunaijun.blackbox:6a035d0f: onCancelled at PHASE_CLIENT_ALREADY_HIDDEN
06-18 15:45:14.507 12265 12275 D InputTransport: Input channel constructed: 'ClientS', fd=175
06-18 15:45:14.553 12283 12305 D ActivityStack: startActivityLocked : ActivityInfo{91ef60e com.psoffritti.video.speed.ui.MainActivity}
06-18 15:45:14.555 12283 12305 D ActivityStack: ActivityInfo{91ef60e com.psoffritti.video.speed.ui.MainActivity}, windowIsTranslucent: false
06-18 15:45:14.565 12265 12946 D SplashScreen: App launch initiated successfully
06-18 15:45:14.573 12265 12265 I GestureDetector: handleMessage TAP
06-18 15:45:14.575 12283 12305 D ActivityStack: onActivityCreated : ComponentInfo{com.psoffritti.video.speed/com.psoffritti.video.speed.ui.MainActivity}
06-18 15:45:14.578 12829 12829 D ActivityThread: Too many transaction errors, throttling freezer binder callback.
06-18 15:45:14.578 12829 12829 D ActivityThread: com.psoffritti.video.speed will use render engine as GL
06-18 15:45:14.583 12829 12829 D AppInstrumentation: callActivityOnCreate: com.psoffritti.video.speed.ui.MainActivity
06-18 15:45:14.591 12829 12829 I DecorView: setWindowBackground: isPopOver=false color=ff141218 d=android.graphics.drawable.ColorDrawable@a5171cc
06-18 15:45:14.593 12829 12829 D TransactionThrottler: Reset transaction throttler
06-18 15:45:14.593 12829 12829 D CommonStub: Hook in : Intent { xflg=0x4 cmp=com.psoffritti.video.speed/.ui.VideoSpeedOnboardingActivity }
06-18 15:45:14.594 12829 12829 D TransactionThrottler: Reset transaction throttler
06-18 15:45:14.598 12283 12296 D ActivityStack: startActivityLocked : ActivityInfo{5d8651a com.psoffritti.video.speed.ui.VideoSpeedOnboardingActivity}
06-18 15:45:14.601 12283 12296 D ActivityStack: ActivityInfo{5d8651a com.psoffritti.video.speed.ui.VideoSpeedOnboardingActivity}, windowIsTranslucent: false
06-18 15:45:14.605 12265 12265 I ImeFocusController: onPreWindowFocus: skipped hasWindowFocus=false mHasImeFocus=true
06-18 15:45:14.605 12265 12265 I ImeFocusController: onPostWindowFocus: skipped hasWindowFocus=false mHasImeFocus=true
06-18 15:45:14.614 12283 12305 D ActivityStack: onFinishActivity : ComponentInfo{com.psoffritti.video.speed/com.psoffritti.video.speed.ui.MainActivity}
06-18 15:45:14.619 12283 12305 D ActivityStack: onActivityResumed : ComponentInfo{com.psoffritti.video.speed/com.psoffritti.video.speed.ui.MainActivity}
06-18 15:45:14.627 12283 12305 D ActivityStack: onActivityCreated : ComponentInfo{com.psoffritti.video.speed/com.psoffritti.video.speed.ui.VideoSpeedOnboardingActivity}
06-18 15:45:14.628 12829 12829 D ActivityThread: Too many transaction errors, throttling freezer binder callback.
06-18 15:45:14.628 12829 12829 D ActivityThread: com.psoffritti.video.speed will use render engine as GL
06-18 15:45:14.632 12829 12829 D AppInstrumentation: callActivityOnCreate: com.psoffritti.video.speed.ui.VideoSpeedOnboardingActivity
06-18 15:45:14.640 12829 12829 I DecorView: setWindowBackground: isPopOver=false color=ff141218 d=android.graphics.drawable.ColorDrawable@1079883
06-18 15:45:14.642 12829 12829 D FirebaseSessions: App foregrounded on com.psoffritti.video.speed
06-18 15:45:14.643 12829 12829 I ViewRootImpl: dVRR is disabled
06-18 15:45:14.643 12829 12875 D NativeCustomFrequencyManager: [NativeCFMS] BpCustomFrequencyManager::BpCustomFrequencyManager()
06-18 15:45:14.648 12829 12829 D InputTransport: Input channel constructed: '5cf270b', fd=153
06-18 15:45:14.648 12829 12829 I InsetsController: onStateChanged: host=com.psoffritti.video.speed/com.psoffritti.video.speed.ui.VideoSpeedOnboardingActivity, from=android.view.ViewRootImpl.onInsetsStateChanged:3026, state=InsetsState: {mDisplayFrame=Rect(0, 0 - 1340, 800), mDisplayCutout=DisplayCutout{insets=Rect(0, 0 - 0, 0) waterfall=Insets{left=0, top=0, right=0, bottom=0} boundingRect={Bounds=[Rect(0, 0 - 0, 0), Rect(0, 0 - 0, 0), Rect(0, 0 - 0, 0), Rect(0, 0 - 0, 0)]} cutoutPathParserInfo={CutoutPathParserInfo{displayWidth=0 displayHeight=0 physicalDisplayWidth=0 physicalDisplayHeight=0 density={0.0} cutoutSpec={} rotation={0} scale={0.0} physicalPixelDisplaySizeRatio={0.0}}} sideOverrides=null}, mRoundedCorners=RoundedCorners{[RoundedCorner{position=TopLeft, radius=9, center=Point(9, 9)}, RoundedCorner{position=TopRight, radius=9, center=Point(1331, 9)}, RoundedCorner{position=BottomRight, radius=9, center=Point(1331, 791)}, RoundedCorner{position=BottomLeft, radius=9, center=Point(9, 791)}]}  mRoundedCornerFrame=Rect(0, 0 - 1340, 800), mPrivacyIndicatorBounds=PrivacyIndicatorBounds {static bounds=Rect(1282, 0 - 1340, 39) rotation=1}, mDisplayShape=DisplayShape{ spec=-311912193 displayWidth=800 displayHeight=1340 physicalPixelDisplaySizeRatio=1.0 rotation=1 offsetX=0 offsetY=0 scale=1.0}, mSources= { InsetsSource: {887e0000 mType=statusBars mFrame=[0,0][1340,39] mVisible=true mFlags= mSideHint=TOP mBoundingRects=null}, InsetsSource: {887e0005 mType=mandatorySystemGestures mFrame=[0,0][1340,39] mVisible=true mFlags= mSideHint=TOP mBoundingRects=null}, InsetsSource: {887e0006 mType=tappableElement mFrame=[0,0][1340,39] mVisible=true mFlags= mSideHint=TOP mBoundingRects=null}, InsetsSource: {3 mType=ime mFrame=[0,0][0,0] mVisible=false mFlags= mSideHint=NONE mBoundingRects=null}, InsetsSource: {292c0001 mType=navigationBars mFrame=[0,737][1340,800] mVisible=true mFlags= mSideHint=BOTTOM mBoundingRects=null}, InsetsSource: {292c0004 mType=systemGestures mFrame=[0,0][0,0] mVisible=true mFlags= mSideHint=NONE mBoundingRects=null}, InsetsSource: {292c0005 mType=mandatorySystemGestures mFrame=[0,737][1340,800] mVisible=true mFlags= mSideHint=BOTTOM mBoundingRects=null}, InsetsSource: {292c0006 mType=tappableElement mFrame=[0,737][1340,800] mVisible=true mFlags= mSideHint=BOTTOM mBoundingRects=null}, InsetsSource: {292c0024 mType=systemGestures mFrame=[0,0][0,0] mVisible=true mFlags= mSideHint=NONE mBoundingRects=null} }
06-18 15:45:14.649 12829 12829 I VRI[VideoSpeedOnboardingActivity]@e64d68a: synced displayState. AttachInfo displayState=2
06-18 15:45:14.650 12829 12829 I VRI[VideoSpeedOnboardingActivity]@e64d68a: setView = com.android.internal.policy.DecorView@33f2f71 IsHRR=false mFlingFrameRateChange=0 TM=true
06-18 15:45:14.651 12283 12305 D ActivityStack: onActivityResumed : ComponentInfo{com.psoffritti.video.speed/com.psoffritti.video.speed.ui.VideoSpeedOnboardingActivity}
06-18 15:45:14.663 12829 12849 E FA      : Unable to use remote or local measurement implementation. Please register the AppMeasurementService service in the app manifest
06-18 15:45:14.683 12829 12829 D BufferQueueConsumer: [](id:321d00000001,api:0,p:-1,c:12829) connect: controlledByApp=false
06-18 15:45:14.683 12829 12829 D BLASTBufferQueue: [VRI[VideoSpeedOnboardingActivity]@e64d68a#1](f:0,a:0) constructor()
06-18 15:45:14.684 12829 12829 I BLASTBufferQueue_Java: new BLASTBufferQueue, mName= VRI[VideoSpeedOnboardingActivity]@e64d68a mNativeObject= 0x778e2aa2e0 caller= android.view.ViewRootImpl.updateBlastSurfaceIfNeeded:3585 android.view.ViewRootImpl.relayoutWindow:11685 android.view.ViewRootImpl.performTraversals:4804 android.view.ViewRootImpl.doTraversal:3924 android.view.ViewRootImpl$TraversalRunnable.run:12903 android.view.Choreographer$CallbackRecord.run:1901 android.view.Choreographer$CallbackRecord.run:1910 android.view.Choreographer.doCallbacks:1367 android.view.Choreographer.doFrame:1292 android.view.Choreographer$FrameDisplayEventReceiver.run:1870 
06-18 15:45:14.684 12829 12829 I BLASTBufferQueue_Java: update, w= 1340 h= 800 mName = VRI[VideoSpeedOnboardingActivity]@e64d68a mNativeObject= 0x778e2aa2e0 sc.mNativeObject= 0x772e21f250 format= -1 caller= android.view.ViewRootImpl.updateBlastSurfaceIfNeeded:3590 android.view.ViewRootImpl.relayoutWindow:11685 android.view.ViewRootImpl.performTraversals:4804 android.view.ViewRootImpl.doTraversal:3924 android.view.ViewRootImpl$TraversalRunnable.run:12903 android.view.Choreographer$CallbackRecord.run:1901 
06-18 15:45:14.684 12829 12829 D BLASTBufferQueue: [VRI[VideoSpeedOnboardingActivity]@e64d68a#1](f:0,a:0) update width=1340 height=800 format=-1 mTransformHint=4
06-18 15:45:14.684 12829 12829 I VRI[VideoSpeedOnboardingActivity]@e64d68a: Relayout returned: old=(0,0,1340,800) new=(0,0,1340,800) relayoutAsync=false req=(1340,800)0 dur=6 res=0x3 s={true 0x775e263c60} ch=true seqId=0
06-18 15:45:14.685 12829 12829 D VRI[VideoSpeedOnboardingActivity]@e64d68a: mThreadedRenderer.initialize() mSurface={isValid=true 0x775e263c60} hwInitialized=true
06-18 15:45:14.689 12829 12829 D VRI[VideoSpeedOnboardingActivity]@e64d68a: reportNextDraw android.view.ViewRootImpl.performTraversals:5443 android.view.ViewRootImpl.doTraversal:3924 android.view.ViewRootImpl$TraversalRunnable.run:12903 android.view.Choreographer$CallbackRecord.run:1901 android.view.Choreographer$CallbackRecord.run:1910 
06-18 15:45:14.689 12829 12829 D VRI[VideoSpeedOnboardingActivity]@e64d68a: Setup new sync=wmsSync-VRI[VideoSpeedOnboardingActivity]@e64d68a#2
06-18 15:45:14.689 12829 12829 I VRI[VideoSpeedOnboardingActivity]@e64d68a: Creating new active sync group VRI[VideoSpeedOnboardingActivity]@e64d68a#3
06-18 15:45:14.689 12829 12829 D VRI[VideoSpeedOnboardingActivity]@e64d68a: registerCallbacksForSync syncBuffer=false
06-18 15:45:14.692 12829 12829 I View    : setRequestedFrameRate frameRate=0.0, this=mb{8aff330 VFED..... ........ 0,0-1340,698 aid=1073741824}, caller=android.view.ViewGroup.setRequestedFrameRate:9952 sj.a:1 mb.dispatchDraw:98 android.view.View.draw:26345 android.view.View.updateDisplayListIfDirty:25175 
06-18 15:45:14.692 12829 12829 I View    : setRequestedFrameRate frameRate=-4.0, this=android.view.View{e6fc541 V.ED..... ......I. 0,0-0,0}, caller=sj.a:1 mb.dispatchDraw:107 android.view.View.draw:26345 android.view.View.updateDisplayListIfDirty:25175 android.view.View.draw:26072 
06-18 15:45:14.692 12829 12902 D VRI[VideoSpeedOnboardingActivity]@e64d68a: Received frameDrawingCallback syncResult=0 frameNum=1.
06-18 15:45:14.693 12829 12902 I VRI[VideoSpeedOnboardingActivity]@e64d68a: mWNT: t=0x779e2436d0 mBlastBufferQueue=0x778e2aa2e0 fn= 1 HdrRenderState mRenderHdrSdrRatio=1.0 caller= android.view.ViewRootImpl$12.onFrameDraw:15441 android.view.ThreadedRenderer$1.onFrameDraw:718 <bottom of call stack> 
06-18 15:45:14.693 12829 12902 I VRI[VideoSpeedOnboardingActivity]@e64d68a: Setting up sync and frameCommitCallback
06-18 15:45:14.698 12829 12875 D BLASTBufferQueue: [VRI[VideoSpeedOnboardingActivity]@e64d68a#1](f:0,a:1) acquireNextBufferLocked size=1340x800 mFrameNumber=1 applyTransaction=true mTimestamp=235428525038107(auto) mPendingTransactions.size=0 graphicBufferId=55100135440392 transform=7
06-18 15:45:14.698 12829 12875 I VRI[VideoSpeedOnboardingActivity]@e64d68a: Received frameCommittedCallback lastAttemptedDrawFrameNum=1 didProduceBuffer=true
06-18 15:45:14.699 12829 12875 D HWUI    : CFMS:: SetUp Pid : 12829    Tid : 12875
06-18 15:45:14.699 12829 12829 D VRI[VideoSpeedOnboardingActivity]@e64d68a: reportDrawFinished seqId=0
06-18 15:45:14.699 12829 12875 D HWUI    : HWUI - treat SMPTE_170M as sRGB
06-18 15:45:14.703 12829 12829 D TransactionThrottler: Reset transaction throttler
06-18 15:45:14.703 12829 12829 D TransactionThrottler: Reset transaction throttler
06-18 15:45:14.705 12829 12829 I View    : setRequestedFrameRate frameRate=NaN, this=mb{8aff330 VFED..... ........ 0,0-1340,698 aid=1073741824}, caller=android.view.ViewGroup.setRequestedFrameRate:9952 sj.a:1 mb.dispatchDraw:98 android.view.View.draw:26345 android.view.View.updateDisplayListIfDirty:25175 
06-18 15:45:14.705 12829 12829 I View    : setRequestedFrameRate frameRate=NaN, this=android.view.View{e6fc541 V.ED..... ........ 0,0-0,0}, caller=sj.a:1 mb.dispatchDraw:107 android.view.View.draw:26345 android.view.View.updateDisplayListIfDirty:25175 android.view.View.draw:26072 
06-18 15:45:14.737 12829 12829 I InsetsSourceConsumer: applyRequestedVisibilityToControl: visible=true, type=navigationBars, host=com.psoffritti.video.speed/com.psoffritti.video.speed.ui.VideoSpeedOnboardingActivity
06-18 15:45:14.738 12829 12829 I InsetsSourceConsumer: applyRequestedVisibilityToControl: visible=true, type=statusBars, host=com.psoffritti.video.speed/com.psoffritti.video.speed.ui.VideoSpeedOnboardingActivity
06-18 15:45:14.738 12265 12265 I VRI[MainActivity]@8a875a1: handleAppVisibility mAppVisible = true visible = false
06-18 15:45:14.738 12265 12265 D VRI[MainActivity]@8a875a1: visibilityChanged oldVisibility=true newVisibility=false
06-18 15:45:14.751 12265 12265 D BLASTBufferQueue: [VRI[MainActivity]@8a875a1#24](f:0,a:1) destructor()
06-18 15:45:14.751 12265 12265 D BufferQueueConsumer: [VRI[MainActivity]@8a875a1#24(BLAST Consumer)24](id:2fe900000018,api:0,p:-1,c:12265) disconnect
06-18 15:45:14.752 12265 12265 I VRI[MainActivity]@8a875a1: Relayout returned: old=(0,0,1340,800) new=(0,0,1340,800) relayoutAsync=false req=(1340,800)8 dur=4 res=0x2 s={false 0x0} ch=true seqId=0
06-18 15:45:14.752 12265 12265 D VRI[MainActivity]@8a875a1: Not drawing due to not visible. Reason=!mAppVisible && !mForceDecorViewVisibility
06-18 15:45:14.753 12265 12265 I VRI[MainActivity]@8a875a1: stopped(true) old = false
06-18 15:45:14.753 12265 12265 D VRI[MainActivity]@8a875a1: WindowStopped on top.niunaijun.blackbox/top.niunaijun.blackboxa.view.main.MainActivity set to true
06-18 15:45:14.758 12265 12265 I AutofillManager: onInvisibleForAutofill(): expiringResponse
06-18 15:45:14.765 12265 12265 I VRI[MainActivity]@8a875a1: Relayout returned: old=(0,0,1340,800) new=(0,0,1340,800) relayoutAsync=false req=(1340,800)8 dur=5 res=0x2 s={false 0x0} ch=false seqId=0
06-18 15:45:14.770 12829 12829 D VRI[VideoSpeedOnboardingActivity]@e64d68a: mThreadedRenderer.initializeIfNeeded()#2 mSurface={isValid=true 0x775e263c60}
06-18 15:45:14.770 12829 12829 D InputMethodManagerUtils: startInputInner - Id : 0
06-18 15:45:14.770 12829 12829 I InputMethodManager: startInputInner - IInputMethodManagerGlobalInvoker.startInputOrWindowGainedFocus
06-18 15:45:14.781 12829 12829 I InputMethodManager: handleMessage: setImeVisibility visible=false
06-18 15:45:14.781 12829 12829 D InsetsController: hide(ime(), fromIme=false)
06-18 15:45:14.781 12829 12829 I ImeTracker: top.niunaijun.blackbox:15420073: onCancelled at PHASE_CLIENT_ALREADY_HIDDEN
06-18 15:45:14.781 12265 12265 D InputTransport: Input channel destroyed: 'ClientS', fd=176
06-18 15:45:14.784 12829 12837 D InputTransport: Input channel constructed: 'ClientS', fd=175
06-18 15:45:15.226 12265 12265 I VRI[LauncherActivity]@d8fa29b: handleAppVisibility mAppVisible = true visible = false
06-18 15:45:15.226 12265 12265 D VRI[LauncherActivity]@d8fa29b: visibilityChanged oldVisibility=true newVisibility=false
06-18 15:45:15.229 12829 12829 E HCallbackStub: mActivityCallbacks is null for clientTransaction: ClientTransaction{
06-18 15:45:15.229 12829 12829 E HCallbackStub:   transactionItems=[
06-18 15:45:15.229 12829 12829 E HCallbackStub:     DestroyActivityItem{mActivityToken=android.os.BinderProxy@3a86fed,finished=true}
06-18 15:45:15.229 12829 12829 E HCallbackStub:   ]
06-18 15:45:15.229 12829 12829 E HCallbackStub: }
06-18 15:45:15.230 12283 12305 D ActivityStack: onActivityDestroyed : ComponentInfo{com.psoffritti.video.speed/com.psoffritti.video.speed.ui.MainActivity}
06-18 15:45:15.243 12265 12265 D BLASTBufferQueue: [VRI[LauncherActivity]@d8fa29b#26](f:0,a:1) destructor()
06-18 15:45:15.243 12265 12265 D BufferQueueConsumer: [VRI[LauncherActivity]@d8fa29b#26(BLAST Consumer)26](id:2fe90000001a,api:0,p:-1,c:12265) disconnect
06-18 15:45:15.244 12265 12265 I VRI[LauncherActivity]@d8fa29b: Relayout returned: old=(0,0,1340,800) new=(0,0,1340,800) relayoutAsync=false req=(1340,800)8 dur=3 res=0x2 s={false 0x0} ch=true seqId=0
06-18 15:45:15.244 12265 12265 D VRI[LauncherActivity]@d8fa29b: Not drawing due to not visible. Reason=!mAppVisible && !mForceDecorViewVisibility
06-18 15:45:15.244 12265 12265 I VRI[LauncherActivity]@d8fa29b: stopped(true) old = false
06-18 15:45:15.244 12265 12265 D VRI[LauncherActivity]@d8fa29b: WindowStopped on top.niunaijun.blackbox/top.niunaijun.blackbox.app.LauncherActivity set to true
06-18 15:45:15.259 12829 12829 D BBA2    : setIsFg isFg = false; delayValue 3999ms
06-18 15:45:15.259 12265 12265 D BBA2    : setIsFg isFg = false; delayValue 3999ms
06-18 15:45:15.777 12265 12265 I VRI[]@36ecd7a: ViewPostIme pointer 0
06-18 15:45:15.778 12265 12265 I VRI[]@36ecd7a: call setFrameRateCategory for touch hint category=high hint, reason=touch, vri=VRI[]@36ecd7a
06-18 15:45:15.874 12265 12265 I VRI[]@36ecd7a: ViewPostIme pointer 1
06-18 15:45:15.899 12265 12265 I InsetsController: onStateChanged: host=, from=android.view.ViewRootImpl.onInsetsStateChanged:3026, state=InsetsState: {mDisplayFrame=Rect(0, 0 - 1340, 800), mDisplayCutout=DisplayCutout{insets=Rect(0, 0 - 0, 0) waterfall=Insets{left=0, top=0, right=0, bottom=0} boundingRect={Bounds=[Rect(0, 0 - 0, 0), Rect(0, 0 - 0, 0), Rect(0, 0 - 0, 0), Rect(0, 0 - 0, 0)]} cutoutPathParserInfo={CutoutPathParserInfo{displayWidth=0 displayHeight=0 physicalDisplayWidth=0 physicalDisplayHeight=0 density={0.0} cutoutSpec={} rotation={0} scale={0.0} physicalPixelDisplaySizeRatio={0.0}}} sideOverrides=null}, mRoundedCorners=RoundedCorners{[RoundedCorner{position=TopLeft, radius=9, center=Point(9, 9)}, RoundedCorner{position=TopRight, radius=9, center=Point(1331, 9)}, RoundedCorner{position=BottomRight, radius=9, center=Point(1331, 791)}, RoundedCorner{position=BottomLeft, radius=9, center=Point(9, 791)}]}  mRoundedCornerFrame=Rect(0, 0 - 0, 0), mPrivacyIndicatorBounds=PrivacyIndicatorBounds {static bounds=Rect(1282, 0 - 1340, 39) rotation=1}, mDisplayShape=DisplayShape{ spec=-311912193 displayWidth=800 displayHeight=1340 physicalPixelDisplaySizeRatio=1.0 rotation=1 offsetX=0 offsetY=0 scale=1.0}, mSources= { InsetsSource: {887e0000 mType=statusBars mFrame=[0,0][1340,39] mVisible=true mFlags= mSideHint=TOP mBoundingRects=null}, InsetsSource: {887e0005 mType=mandatorySystemGestures mFrame=[0,0][1340,39] mVisible=true mFlags= mSideHint=TOP mBoundingRects=null}, InsetsSource: {887e0006 mType=tappableElement mFrame=[0,0][1340,39] mVisible=true mFlags= mSideHint=TOP mBoundingRects=null}, InsetsSource: {292c0001 mType=navigationBars mFrame=[0,737][1340,800] mVisible=true mFlags= mSideHint=BOTTOM mBoundingRects=null}, InsetsSource: {292c0004 mType=systemGestures mFrame=[0,0][0,0] mVisible=true mFlags= mSideHint=NONE mBoundingRects=null}, InsetsSource: {292c0005 mType=mandatorySystemGestures mFrame=[0,737][1340,800] mVisible=true mFlags= mSideHint=BOTTOM mBoundingRects=null}, InsetsSource: {292c0006 mType=tappableElement mFrame=[0,737][1340,800] mVisible=true mFlags= mSideHint=BOTTOM mBoundingRects=null}, InsetsSource: {292c0024 mType=systemGestures mFrame=[0,0][0,0] mVisible=true mFlags= mSideHint=NONE mBoundingRects=null} }
