06-19 08:26:03.230 30539 31244 W GooglePlayServicesUtil: com.psoffritti.video.speed requires Google Play services, but they are missing.
06-19 08:26:03.234 30539 31244 W GooglePlayServicesUtil: com.psoffritti.video.speed requires Google Play services, but they are missing.
06-19 08:26:03.240 30539 31245 D PackageManagerStub: GetPackageInfo: Providing fake Google Play Services info
06-19 08:26:03.240 30539 31245 D PackageManagerStub: GetPackageInfo: Providing fake Google Play Services info
06-19 08:26:03.246 30539 30888 E DynamiteModule: Invalid GmsCore APK, remote loading disabled.
06-19 08:26:03.246 30539 31251 D AttributionSourceUtils: Fixed AttributionSource UID in method arguments
06-19 08:26:03.249 30539 30888 D AudioPermissionProxy: AudioPermission: getMode called, allowing
06-19 08:26:03.253 30539 31251 D AttributionSourceUtils: Fixed AttributionSource UID in method arguments
06-19 08:26:03.253 30539 31212 W GooglePlayServicesUtil: com.psoffritti.video.speed requires Google Play services, but they are missing.
06-19 08:26:03.255 30539 31245 D TransactionThrottler: Reset transaction throttler
06-19 08:26:03.257 30539 31212 E DynamiteModule: Invalid GmsCore APK, remote loading disabled.
06-19 08:26:03.259 30539 31248 D IConnectivityManagerProxy: Intercepting isActiveNetworkMetered for internet access
06-19 08:26:03.267 30539 30888 D AudioPermissionProxy: AudioPermission: isSpeakerphoneOn called, allowing
06-19 08:26:03.268 30539 30888 D AudioPermissionProxy: AudioPermission: getStreamVolume called, allowing
06-19 08:26:03.269 30539 31212 I Ads     : Use RequestConfiguration.Builder().setTestDeviceIds(Arrays.asList("1654883292BEA2952023B0AF6A4DAB83")) to get test ads on this device.
06-19 08:26:03.270 30539 30888 D AudioPermissionProxy: AudioPermission: getStreamVolume called, allowing
06-19 08:26:03.280 30539 31245 E DynamiteModule: Invalid GmsCore APK, remote loading disabled.
06-19 08:26:03.283 30539 31250 D AudioPermissionProxy: AudioPermission: getMode called, allowing
06-19 08:26:03.285 30539 31212 W GooglePlayServicesUtil: com.psoffritti.video.speed requires Google Play services, but they are missing.
06-19 08:26:03.286 30539 31250 D AudioPermissionProxy: AudioPermission: isSpeakerphoneOn called, allowing
06-19 08:26:03.286 30539 31250 D AudioPermissionProxy: AudioPermission: getStreamVolume called, allowing
06-19 08:26:03.287 30539 31250 D AudioPermissionProxy: AudioPermission: getStreamVolume called, allowing
06-19 08:26:03.288 30539 31249 D IConnectivityManagerProxy: Intercepting isActiveNetworkMetered for internet access
06-19 08:26:03.289 30539 31252 W GooglePlayServicesUtil: com.psoffritti.video.speed requires Google Play services, but they are missing.
06-19 08:26:03.290 30539 31212 E DynamiteModule: Invalid GmsCore APK, remote loading disabled.
06-19 08:26:03.291 30539 31250 W Ads     : Not retrying to fetch app settings
06-19 08:26:03.295 30539 31253 W GooglePlayServicesUtil: com.psoffritti.video.speed requires Google Play services, but they are missing.
06-19 08:26:03.299 30539 31212 I Ads     : Use RequestConfiguration.Builder().setTestDeviceIds(Arrays.asList("1654883292BEA2952023B0AF6A4DAB83")) to get test ads on this device.
06-19 08:26:03.300 30539 31243 E DynamiteModule: Invalid GmsCore APK, remote loading disabled.
06-19 08:26:03.304 30539 31243 W GooglePlayServicesUtil: com.psoffritti.video.speed requires Google Play services, but they are missing.
06-19 08:26:03.306 30539 31248 W GooglePlayServicesUtil: com.psoffritti.video.speed requires Google Play services, but they are missing.
06-19 08:26:03.312 30539 31214 D AudioPermissionProxy: AudioPermission: getMode called, allowing
06-19 08:26:03.315 30539 30888 E DynamiteModule: Invalid GmsCore APK, remote loading disabled.
06-19 08:26:03.316 30539 31214 D AudioPermissionProxy: AudioPermission: isSpeakerphoneOn called, allowing
06-19 08:26:03.316 30539 31214 D AudioPermissionProxy: AudioPermission: getStreamVolume called, allowing
06-19 08:26:03.317 30539 30888 D IConnectivityManagerProxy: Intercepting isActiveNetworkMetered for internet access
06-19 08:26:03.318 30539 31212 W GooglePlayServicesUtil: com.psoffritti.video.speed requires Google Play services, but they are missing.
06-19 08:26:03.318 30539 31214 D AudioPermissionProxy: AudioPermission: getStreamVolume called, allowing
06-19 08:26:03.320 30539 31212 E DynamiteModule: Invalid GmsCore APK, remote loading disabled.
06-19 08:26:03.321 30539 30888 W Ads     : Not retrying to fetch app settings
06-19 08:26:03.323 30539 31254 W GooglePlayServicesUtil: com.psoffritti.video.speed requires Google Play services, but they are missing.
06-19 08:26:03.324 30539 31212 I Ads     : Use RequestConfiguration.Builder().setTestDeviceIds(Arrays.asList("1654883292BEA2952023B0AF6A4DAB83")) to get test ads on this device.
06-19 08:26:03.328 30539 31242 W GooglePlayServicesUtil: com.psoffritti.video.speed requires Google Play services, but they are missing.
06-19 08:26:03.330 30539 30888 E DynamiteModule: Invalid GmsCore APK, remote loading disabled.
06-19 08:26:03.333 30539 31249 D AudioPermissionProxy: AudioPermission: getMode called, allowing
06-19 08:26:03.334 30539 31248 D IConnectivityManagerProxy: Intercepting isActiveNetworkMetered for internet access
06-19 08:26:03.335 30539 31212 W GooglePlayServicesUtil: com.psoffritti.video.speed requires Google Play services, but they are missing.
06-19 08:26:03.337 30539 31249 D AudioPermissionProxy: AudioPermission: isSpeakerphoneOn called, allowing
06-19 08:26:03.337 30539 31212 E DynamiteModule: Invalid GmsCore APK, remote loading disabled.
06-19 08:26:03.338 30539 31249 D AudioPermissionProxy: AudioPermission: getStreamVolume called, allowing
06-19 08:26:03.339 30539 31249 D AudioPermissionProxy: AudioPermission: getStreamVolume called, allowing
06-19 08:26:03.340 30539 31212 I Ads     : Use RequestConfiguration.Builder().setTestDeviceIds(Arrays.asList("1654883292BEA2952023B0AF6A4DAB83")) to get test ads on this device.
06-19 08:26:03.344 30539 31214 D AudioPermissionProxy: AudioPermission: getMode called, allowing
06-19 08:26:03.344 30539 31243 E DynamiteModule: Invalid GmsCore APK, remote loading disabled.
06-19 08:26:03.345 30539 31214 D AudioPermissionProxy: AudioPermission: isSpeakerphoneOn called, allowing
06-19 08:26:03.345 30539 31214 D AudioPermissionProxy: AudioPermission: getStreamVolume called, allowing
06-19 08:26:03.345 30539 31214 D AudioPermissionProxy: AudioPermission: getStreamVolume called, allowing
06-19 08:26:03.347 30539 31228 W Ads     : Not retrying to fetch app settings
06-19 08:26:03.349 30539 30539 D VirtualSpoof: [spoof] ro.build.version.release = 12
06-19 08:26:03.349 30539 30539 D VirtualSpoof: [spoof] ro.product.model = Pixel 6
06-19 08:26:03.349 30539 30539 D VirtualSpoof: [spoof] ro.product.model = Pixel 6
06-19 08:26:03.349 30539 30539 D VirtualSpoof: [spoof] ro.build.version.release = 12
06-19 08:26:03.351 30539 31256 W GooglePlayServicesUtil: com.psoffritti.video.speed requires Google Play services, but they are missing.
06-19 08:26:03.353 30539 30539 D VirtualSpoof: [spoof] ro.build.version.release = 12
06-19 08:26:03.353 30539 30539 D VirtualSpoof: [spoof] ro.product.model = Pixel 6
06-19 08:26:03.353 30539 30539 D VirtualSpoof: [spoof] ro.product.model = Pixel 6
06-19 08:26:03.353 30539 30539 D VirtualSpoof: [spoof] ro.build.version.release = 12
06-19 08:26:03.356 30539 31214 W GooglePlayServicesUtil: com.psoffritti.video.speed requires Google Play services, but they are missing.
06-19 08:26:03.357 30539 31251 D IConnectivityManagerProxy: Intercepting isActiveNetworkMetered for internet access
06-19 08:26:03.362 30539 30539 D VirtualSpoof: [spoof] ro.build.version.release = 12
06-19 08:26:03.362 30539 30539 D VirtualSpoof: [spoof] ro.product.model = Pixel 6
06-19 08:26:03.362 30539 30539 D VirtualSpoof: [spoof] ro.product.model = Pixel 6
06-19 08:26:03.362 30539 30539 D VirtualSpoof: [spoof] ro.build.version.release = 12
06-19 08:26:03.363 30539 31228 W Ads     : Not retrying to fetch app settings
06-19 08:26:03.365 30539 31257 W GooglePlayServicesUtil: com.psoffritti.video.speed requires Google Play services, but they are missing.
06-19 08:26:03.369 30539 31246 W GooglePlayServicesUtil: com.psoffritti.video.speed requires Google Play services, but they are missing.
06-19 08:26:03.379 30539 30539 D VirtualSpoof: [spoof] ro.build.version.release = 12
06-19 08:26:03.379 30539 30539 D VirtualSpoof: [spoof] ro.product.model = Pixel 6
06-19 08:26:03.379 30539 30539 D VirtualSpoof: [spoof] ro.product.model = Pixel 6
06-19 08:26:03.379 30539 30539 D VirtualSpoof: [spoof] ro.build.version.release = 12
06-19 08:26:03.804 30442 30442 I VRI[]@9ee9dc: ViewPostIme pointer 0
06-19 08:26:03.883 30442 30442 I VRI[]@9ee9dc: ViewPostIme pointer 1
06-19 08:26:04.759 30442 30442 I VRI[]@9ee9dc: ViewPostIme pointer 0
06-19 08:26:04.838 30442 30442 I VRI[]@9ee9dc: ViewPostIme pointer 1
06-19 08:26:05.167 30442 30442 I VRI[]@9ee9dc: ViewPostIme pointer 0
06-19 08:26:05.314 30539 30539 D VirtualSpoof: [spoof] ro.build.version.release = 12
06-19 08:26:05.314 30539 30539 D VirtualSpoof: [spoof] ro.product.model = Pixel 6
06-19 08:26:05.314 30539 30539 D VirtualSpoof: [spoof] ro.product.model = Pixel 6
06-19 08:26:05.314 30539 30539 D VirtualSpoof: [spoof] ro.build.version.release = 12
06-19 08:26:05.318 30539 30539 D VirtualSpoof: [spoof] ro.build.version.release = 12
06-19 08:26:05.318 30539 30539 D VirtualSpoof: [spoof] ro.product.model = Pixel 6
06-19 08:26:05.318 30539 30539 D VirtualSpoof: [spoof] ro.product.model = Pixel 6
06-19 08:26:05.318 30539 30539 D VirtualSpoof: [spoof] ro.build.version.release = 12
06-19 08:26:05.326 30539 30539 D VirtualSpoof: [spoof] ro.build.version.release = 12
06-19 08:26:05.326 30539 30539 D VirtualSpoof: [spoof] ro.product.model = Pixel 6
06-19 08:26:05.327 30539 30539 D VirtualSpoof: [spoof] ro.product.model = Pixel 6
06-19 08:26:05.327 30539 30539 D VirtualSpoof: [spoof] ro.build.version.release = 12
06-19 08:26:05.459 30442 30442 I VRI[]@9ee9dc: ViewPostIme pointer 1
06-19 08:26:08.506 25338 25338 D CrashMonitor: Performing periodic health check...
06-19 08:26:08.507 25338 25338 D CrashMonitor: Health check completed - Memory: 2.0%, Threads: 15
06-19 08:26:10.581 30442 30442 I VRI[]@9ee9dc: ViewPostIme pointer 0
06-19 08:26:10.789 30442 30442 I VRI[]@9ee9dc: ViewPostIme pointer 1
06-19 08:26:10.968 30442 30442 I VRI[]@9ee9dc: ViewPostIme pointer 0
06-19 08:26:11.125 30442 30442 I VRI[]@9ee9dc: ViewPostIme pointer 1
06-19 08:26:11.908 30442 30442 I VRI[]@9ee9dc: ViewPostIme pointer 0
06-19 08:26:12.122 30442 30442 I VRI[]@9ee9dc: ViewPostIme pointer 1
06-19 08:26:13.418 30539 30543 W jun.blackbox:p0: Cleared Reference was only reachable from finalizer (only reported once)
06-19 08:26:13.434 30539 30539 D VirtualSpoof: [spoof] ro.build.version.release = 12
06-19 08:26:13.434 30539 30539 D VirtualSpoof: [spoof] ro.product.model = Pixel 6
06-19 08:26:13.434 30539 30539 D VirtualSpoof: [spoof] ro.product.model = Pixel 6
06-19 08:26:13.434 30539 30539 D VirtualSpoof: [spoof] ro.build.version.release = 12
06-19 08:26:13.435 30539 30545 V MediaMetadataRetriever: destructor
06-19 08:26:13.435 30539 30545 V MediaMetadataRetriever: disconnect
06-19 08:26:15.082 30442 30442 I Choreographer: Skipped 1154 frames!  The application may be doing too much work on its main thread.
06-19 08:26:15.145 30442 30452 I HWUI    : Davey! duration=19124ms; Flags=0, FrameTimelineVsyncId=143579461, IntendedVsync=247772968430297, Vsync=247792028051241, InputEventId=559916561, HandleInputStart=247792043487921, AnimationStart=247792043509229, PerformTraversalsStart=247792043519383, DrawStart=247792043809767, FrameDeadline=247772985096964, FrameStartTime=247792042876229, FrameInterval=16516136, WorkloadTarget=16666667, SyncQueued=247792065602152, SyncStart=247792066003691, IssueDrawCommandsStart=247792074690383, SwapBuffers=247792087788537, FrameCompleted=247792093417460, DequeueBufferDuration=321769, QueueBufferDuration=796308, GpuCompleted=247792092667921, SwapBuffersCompleted=247792093417460, DisplayPresentTime=-35322347921441640, CommandSubmissionCompleted=247792087788537, 
06-19 08:26:15.350 30539 30539 I Ads     : Ad failed to load : 0
06-19 08:26:15.357 30539 30539 I Ads     : Ad failed to load : 0
06-19 08:26:15.357 30539 30539 I Ads     : Ad failed to load : 0
06-19 08:26:15.360 30539 30539 I Ads     : Ad failed to load : 0
06-19 08:26:15.361 30539 30539 I Ads     : Ad failed to load : 0
06-19 08:26:15.364 30539 30539 D VirtualSpoof: [spoof] ro.build.version.release = 12
06-19 08:26:15.364 30539 30539 D VirtualSpoof: [spoof] ro.product.model = Pixel 6
06-19 08:26:15.364 30539 30539 D VirtualSpoof: [spoof] ro.product.model = Pixel 6
06-19 08:26:15.364 30539 30539 D VirtualSpoof: [spoof] ro.build.version.release = 12
06-19 08:26:16.086 30442 30442 I VRI[]@9ee9dc: ViewPostIme pointer 0
06-19 08:26:16.086 30442 30442 D BBA2    : setIsFg isFg = false; delayValue 3999ms
06-19 08:26:16.299 30442 30442 I VRI[]@9ee9dc: ViewPostIme pointer 1
06-19 08:26:16.352 30539 31212 D PackageManagerStub: GetPackageInfo: Providing fake Google Play Services info
06-19 08:26:16.353 30539 31212 W GooglePlayServicesUtil: com.psoffritti.video.speed requires Google Play services, but they are missing.
06-19 08:26:16.354 30539 31212 E DynamiteModule: Invalid GmsCore APK, remote loading disabled.
06-19 08:26:16.358 30539 31212 I Ads     : Use RequestConfiguration.Builder().setTestDeviceIds(Arrays.asList("1654883292BEA2952023B0AF6A4DAB83")) to get test ads on this device.
06-19 08:26:16.372 30539 31290 D AudioPermissionProxy: AudioPermission: getMode called, allowing
06-19 08:26:16.374 30539 31290 D AudioPermissionProxy: AudioPermission: isSpeakerphoneOn called, allowing
06-19 08:26:16.375 30539 31290 D AudioPermissionProxy: AudioPermission: getStreamVolume called, allowing
06-19 08:26:16.375 30539 31290 D AudioPermissionProxy: AudioPermission: getStreamVolume called, allowing
06-19 08:26:16.376 30539 31294 D IConnectivityManagerProxy: Intercepting isActiveNetworkMetered for internet access
06-19 08:26:16.379 30539 31303 E DynamiteModule: Invalid GmsCore APK, remote loading disabled.
06-19 08:26:16.380 30539 31212 W GooglePlayServicesUtil: com.psoffritti.video.speed requires Google Play services, but they are missing.
06-19 08:26:16.381 30539 31212 E DynamiteModule: Invalid GmsCore APK, remote loading disabled.
06-19 08:26:16.385 30539 31212 I Ads     : Use RequestConfiguration.Builder().setTestDeviceIds(Arrays.asList("1654883292BEA2952023B0AF6A4DAB83")) to get test ads on this device.
06-19 08:26:16.386 30539 31313 W GooglePlayServicesUtil: com.psoffritti.video.speed requires Google Play services, but they are missing.
06-19 08:26:16.389 30539 30539 D VirtualSpoof: [spoof] ro.build.version.release = 12
06-19 08:26:16.389 30539 30539 D VirtualSpoof: [spoof] ro.product.model = Pixel 6
06-19 08:26:16.389 30539 30539 D VirtualSpoof: [spoof] ro.product.model = Pixel 6
06-19 08:26:16.389 30539 30539 D VirtualSpoof: [spoof] ro.build.version.release = 12
06-19 08:26:16.392 30539 31296 W GooglePlayServicesUtil: com.psoffritti.video.speed requires Google Play services, but they are missing.
06-19 08:26:16.392 30539 31299 D IConnectivityManagerProxy: Intercepting isActiveNetworkMetered for internet access
06-19 08:26:16.394 30539 30539 D VirtualSpoof: [spoof] ro.build.version.release = 12
06-19 08:26:16.394 30539 30539 D VirtualSpoof: [spoof] ro.product.model = Pixel 6
06-19 08:26:16.394 30539 30539 D VirtualSpoof: [spoof] ro.product.model = Pixel 6
06-19 08:26:16.394 30539 30539 D VirtualSpoof: [spoof] ro.build.version.release = 12
06-19 08:26:16.395 30539 31303 E DynamiteModule: Invalid GmsCore APK, remote loading disabled.
06-19 08:26:16.397 30539 30539 D VirtualSpoof: [spoof] ro.build.version.release = 12
06-19 08:26:16.397 30539 30539 D VirtualSpoof: [spoof] ro.product.model = Pixel 6
06-19 08:26:16.397 30539 30539 D VirtualSpoof: [spoof] ro.product.model = Pixel 6
06-19 08:26:16.397 30539 30539 D VirtualSpoof: [spoof] ro.build.version.release = 12
06-19 08:26:16.400 30539 30539 D VirtualSpoof: [spoof] ro.build.version.release = 12
06-19 08:26:16.400 30539 30539 D VirtualSpoof: [spoof] ro.product.model = Pixel 6
06-19 08:26:16.400 30539 30539 D VirtualSpoof: [spoof] ro.product.model = Pixel 6
06-19 08:26:16.400 30539 30539 D VirtualSpoof: [spoof] ro.build.version.release = 12
06-19 08:26:16.401 30539 30622 D TransactionThrottler: Reset transaction throttler
06-19 08:26:16.402 30539 31309 D AudioPermissionProxy: AudioPermission: getMode called, allowing
06-19 08:26:16.403 30539 31309 D AudioPermissionProxy: AudioPermission: isSpeakerphoneOn called, allowing
06-19 08:26:16.403 30539 31309 D AudioPermissionProxy: AudioPermission: getStreamVolume called, allowing
06-19 08:26:16.404 30539 31309 D AudioPermissionProxy: AudioPermission: getStreamVolume called, allowing
06-19 08:26:16.408 30539 31309 W Ads     : Not retrying to fetch app settings
06-19 08:26:16.409 30539 31314 W GooglePlayServicesUtil: com.psoffritti.video.speed requires Google Play services, but they are missing.
06-19 08:26:16.411 30539 30622 D TransactionThrottler: Reset transaction throttler
06-19 08:26:16.413 30539 31302 W GooglePlayServicesUtil: com.psoffritti.video.speed requires Google Play services, but they are missing.
06-19 08:26:16.497 30539 30622 D TransactionThrottler: Reset transaction throttler
06-19 08:26:16.862 30442 30442 I VRI[]@9ee9dc: ViewPostIme pointer 0
06-19 08:26:17.096 30442 30442 I VRI[]@9ee9dc: ViewPostIme pointer 1
06-19 08:26:18.401 30539 30539 D VirtualSpoof: [spoof] ro.build.version.release = 12
06-19 08:26:18.401 30539 30539 D VirtualSpoof: [spoof] ro.product.model = Pixel 6
06-19 08:26:18.401 30539 30539 D VirtualSpoof: [spoof] ro.product.model = Pixel 6
06-19 08:26:18.401 30539 30539 D VirtualSpoof: [spoof] ro.build.version.release = 12
06-19 08:26:18.406 30539 30539 D VirtualSpoof: [spoof] ro.build.version.release = 12
06-19 08:26:18.406 30539 30539 D VirtualSpoof: [spoof] ro.product.model = Pixel 6
06-19 08:26:18.407 30539 30539 D VirtualSpoof: [spoof] ro.product.model = Pixel 6
06-19 08:26:18.407 30539 30539 D VirtualSpoof: [spoof] ro.build.version.release = 12
06-19 08:26:18.414 30539 30539 D VirtualSpoof: [spoof] ro.build.version.release = 12
06-19 08:26:18.414 30539 30539 D VirtualSpoof: [spoof] ro.product.model = Pixel 6
06-19 08:26:18.414 30539 30539 D VirtualSpoof: [spoof] ro.product.model = Pixel 6
06-19 08:26:18.414 30539 30539 D VirtualSpoof: [spoof] ro.build.version.release = 12
06-19 08:26:21.866 30539 30539 D CrashMonitor: Performing periodic health check...
06-19 08:26:21.866 30539 30539 W CrashMonitor: High thread count detected: 123
06-19 08:26:21.866 30539 30539 D CrashMonitor: Health check completed - Memory: 3.9%, Threads: 123
06-19 08:26:21.963 30442 30442 I VRI[]@9ee9dc: ViewPostIme pointer 0
06-19 08:26:22.197 30442 30442 I VRI[]@9ee9dc: ViewPostIme pointer 1
06-19 08:26:22.624 30442 30442 D CrashMonitor: Performing periodic health check...
06-19 08:26:22.624 30442 30442 D CrashMonitor: Health check completed - Memory: 3.7%, Threads: 34
06-19 08:26:22.823 30442 30442 I Choreographer: Skipped 464 frames!  The application may be doing too much work on its main thread.
06-19 08:26:22.896 30442 30452 I HWUI    : Davey! duration=7778ms; Flags=0, FrameTimelineVsyncId=143581439, IntendedVsync=247792047634043, Vsync=247799780967531, InputEventId=458534687, HandleInputStart=247799784946153, AnimationStart=247799784969153, PerformTraversalsStart=247799784980614, DrawStart=247799785311999, FrameDeadline=247792127298588, FrameStartTime=247799784258076, FrameInterval=16666667, WorkloadTarget=16666667, SyncQueued=247799807520614, SyncStart=247799807843383, IssueDrawCommandsStart=247799809897229, SwapBuffers=247799817572537, FrameCompleted=247799826475614, DequeueBufferDuration=260000, QueueBufferDuration=1065769, GpuCompleted=247799825690999, SwapBuffersCompleted=247799826475614, DisplayPresentTime=-34674331845603925, CommandSubmissionCompleted=247799817572537, 
06-19 08:26:23.905 30442 30442 I VRI[]@9ee9dc: ViewPostIme pointer 0
06-19 08:26:24.111 30442 30442 I VRI[]@9ee9dc: ViewPostIme pointer 1
06-19 08:26:24.480 30442 30442 I VRI[]@9ee9dc: ViewPostIme pointer 0
06-19 08:26:24.777 30442 30442 I Choreographer: Skipped 114 frames!  The application may be doing too much work on its main thread.
06-19 08:26:24.823 30442 30452 I HWUI    : Davey! duration=1945ms; Flags=0, FrameTimelineVsyncId=143581572, IntendedVsync=247799823881334, Vsync=247801723881372, InputEventId=1024154753, HandleInputStart=247801738109768, AnimationStart=247801738444845, PerformTraversalsStart=247801738457230, DrawStart=247801738707922, FrameDeadline=247799864300866, FrameStartTime=247801737493537, FrameInterval=16666667, WorkloadTarget=16666667, SyncQueued=247801761105537, SyncStart=247801761327383, IssueDrawCommandsStart=247801762613845, SwapBuffers=247801767784307, FrameCompleted=247801769991691, DequeueBufferDuration=47692, QueueBufferDuration=467615, GpuCompleted=247801769896845, SwapBuffersCompleted=247801769991691, DisplayPresentTime=-34113688289490607, CommandSubmissionCompleted=247801767784307, 
06-19 08:26:24.853 30442 30442 I VRI[]@9ee9dc: ViewPostIme pointer 1
06-19 08:26:25.597 30442 30442 I VRI[]@9ee9dc: ViewPostIme pointer 0
06-19 08:26:26.208 30442 30442 I VRI[]@9ee9dc: ViewPostIme pointer 1
06-19 08:26:26.438 30539 30539 D VirtualSpoof: [spoof] ro.build.version.release = 12
06-19 08:26:26.438 30539 30539 D VirtualSpoof: [spoof] ro.product.model = Pixel 6
06-19 08:26:26.438 30539 30539 D VirtualSpoof: [spoof] ro.product.model = Pixel 6
06-19 08:26:26.438 30539 30539 D VirtualSpoof: [spoof] ro.build.version.release = 12
06-19 08:26:28.077 30442 30442 I VRI[]@9ee9dc: ViewPostIme pointer 0
06-19 08:26:28.433 30539 30539 I Ads     : Ad failed to load : 0
06-19 08:26:28.433 30539 30539 I Ads     : Ad failed to load : 0
06-19 08:26:28.442 30539 30539 D VirtualSpoof: [spoof] ro.build.version.release = 12
06-19 08:26:28.442 30539 30539 D VirtualSpoof: [spoof] ro.product.model = Pixel 6
06-19 08:26:28.443 30539 30539 D VirtualSpoof: [spoof] ro.product.model = Pixel 6
06-19 08:26:28.443 30539 30539 D VirtualSpoof: [spoof] ro.build.version.release = 12
06-19 08:26:28.918 30442 30442 I VRI[]@9ee9dc: ViewPostIme pointer 1
06-19 08:26:30.324 30442 30442 I VRI[]@d8921e7: ViewPostIme pointer 0
06-19 08:26:30.325 30442 30442 I VRI[]@d8921e7: call setFrameRateCategory for touch hint category=high hint, reason=touch, vri=VRI[]@d8921e7
06-19 08:26:30.435 30539 31212 W GooglePlayServicesUtil: com.psoffritti.video.speed requires Google Play services, but they are missing.
06-19 08:26:30.437 30442 30442 I BLASTBufferQueue_Java: update, w= 68 h= 68 mName = VRI[]@d8921e7 mNativeObject= 0x778e243730 sc.mNativeObject= 0x772e22a350 format= -3 caller= android.view.ViewRootImpl.updateBlastSurfaceIfNeeded:3574 android.view.ViewRootImpl.relayoutWindow:11685 android.view.ViewRootImpl.performTraversals:4804 android.view.ViewRootImpl.doTraversal:3924 android.view.ViewRootImpl$TraversalRunnable.run:12903 android.view.Choreographer$CallbackRecord.run:1901 
06-19 08:26:30.437 30442 30442 I VRI[]@d8921e7: Relayout returned: old=(16,439,84,507) new=(18,422,86,490) relayoutAsync=false req=(68,68)0 dur=7 res=0x0 s={true 0x775e28acd0} ch=false seqId=0
06-19 08:26:30.438 30539 31212 E DynamiteModule: Invalid GmsCore APK, remote loading disabled.
06-19 08:26:30.439 30442 30442 I VRI[]@d8921e7: registerCallbackForPendingTransactions
06-19 08:26:30.442 30442 30488 I VRI[]@d8921e7: mWNT: t=0x779e2c8350 mBlastBufferQueue=0x778e243730 fn= 2 HdrRenderState mRenderHdrSdrRatio=1.0 caller= android.view.ViewRootImpl$10.onFrameDraw:6536 android.view.ViewRootImpl$4.onFrameDraw:2489 android.view.ThreadedRenderer$1.onFrameDraw:718 
06-19 08:26:30.443 30539 31212 I Ads     : Use RequestConfiguration.Builder().setTestDeviceIds(Arrays.asList("1654883292BEA2952023B0AF6A4DAB83")) to get test ads on this device.
06-19 08:26:30.447 30539 31363 D AudioPermissionProxy: AudioPermission: getMode called, allowing
06-19 08:26:30.449 30539 31363 D AudioPermissionProxy: AudioPermission: isSpeakerphoneOn called, allowing
06-19 08:26:30.450 30442 30442 I BLASTBufferQueue_Java: update, w= 68 h= 68 mName = VRI[]@d8921e7 mNativeObject= 0x778e243730 sc.mNativeObject= 0x772e2d66d0 format= -3 caller= android.view.ViewRootImpl.updateBlastSurfaceIfNeeded:3574 android.view.ViewRootImpl.relayoutWindow:11685 android.view.ViewRootImpl.performTraversals:4804 android.view.ViewRootImpl.doTraversal:3924 android.view.ViewRootImpl$TraversalRunnable.run:12903 android.view.Choreographer$CallbackRecord.run:1901 
06-19 08:26:30.450 30442 30442 I VRI[]@d8921e7: Relayout returned: old=(18,422,86,490) new=(21,394,89,462) relayoutAsync=false req=(68,68)0 dur=5 res=0x0 s={true 0x775e28acd0} ch=false seqId=0
06-19 08:26:30.450 30442 30442 I VRI[]@d8921e7: registerCallbackForPendingTransactions
06-19 08:26:30.451 30442 30487 I VRI[]@d8921e7: mWNT: t=0x779e2c5cd0 mBlastBufferQueue=0x778e243730 fn= 3 HdrRenderState mRenderHdrSdrRatio=1.0 caller= android.view.ViewRootImpl$10.onFrameDraw:6536 android.view.ViewRootImpl$4.onFrameDraw:2489 android.view.ThreadedRenderer$1.onFrameDraw:718 
06-19 08:26:30.451 30539 31363 D AudioPermissionProxy: AudioPermission: getStreamVolume called, allowing
06-19 08:26:30.452 30539 31363 D AudioPermissionProxy: AudioPermission: getStreamVolume called, allowing
06-19 08:26:30.456 30539 31360 E DynamiteModule: Invalid GmsCore APK, remote loading disabled.
06-19 08:26:30.457 30539 31368 D IConnectivityManagerProxy: Intercepting isActiveNetworkMetered for internet access
06-19 08:26:30.459 30539 31212 W GooglePlayServicesUtil: com.psoffritti.video.speed requires Google Play services, but they are missing.
06-19 08:26:30.460 30539 31212 E DynamiteModule: Invalid GmsCore APK, remote loading disabled.
06-19 08:26:30.463 30539 31212 I Ads     : Use RequestConfiguration.Builder().setTestDeviceIds(Arrays.asList("1654883292BEA2952023B0AF6A4DAB83")) to get test ads on this device.
06-19 08:26:30.463 30539 31376 W GooglePlayServicesUtil: com.psoffritti.video.speed requires Google Play services, but they are missing.
06-19 08:26:30.466 30539 31355 D AudioPermissionProxy: AudioPermission: getMode called, allowing
06-19 08:26:30.467 30539 30539 D VirtualSpoof: [spoof] ro.build.version.release = 12
06-19 08:26:30.467 30539 30539 D VirtualSpoof: [spoof] ro.product.model = Pixel 6
06-19 08:26:30.467 30539 30539 D VirtualSpoof: [spoof] ro.product.model = Pixel 6
06-19 08:26:30.467 30539 30539 D VirtualSpoof: [spoof] ro.build.version.release = 12
06-19 08:26:30.469 30539 30539 D VirtualSpoof: [spoof] ro.build.version.release = 12
06-19 08:26:30.469 30539 30539 D VirtualSpoof: [spoof] ro.product.model = Pixel 6
06-19 08:26:30.469 30539 30539 D VirtualSpoof: [spoof] ro.product.model = Pixel 6
06-19 08:26:30.469 30539 30539 D VirtualSpoof: [spoof] ro.build.version.release = 12
06-19 08:26:30.469 30539 31358 W GooglePlayServicesUtil: com.psoffritti.video.speed requires Google Play services, but they are missing.
06-19 08:26:30.469 30539 31355 D AudioPermissionProxy: AudioPermission: isSpeakerphoneOn called, allowing
06-19 08:26:30.469 30539 31355 D AudioPermissionProxy: AudioPermission: getStreamVolume called, allowing
06-19 08:26:30.471 30539 31355 D AudioPermissionProxy: AudioPermission: getStreamVolume called, allowing
06-19 08:26:30.473 30539 30539 D VirtualSpoof: [spoof] ro.build.version.release = 12
06-19 08:26:30.473 30539 30539 D VirtualSpoof: [spoof] ro.product.model = Pixel 6
06-19 08:26:30.473 30539 30539 D VirtualSpoof: [spoof] ro.product.model = Pixel 6
06-19 08:26:30.473 30539 30539 D VirtualSpoof: [spoof] ro.build.version.release = 12
06-19 08:26:30.475 30539 30539 D VirtualSpoof: [spoof] ro.build.version.release = 12
06-19 08:26:30.475 30539 30539 D VirtualSpoof: [spoof] ro.product.model = Pixel 6
06-19 08:26:30.475 30539 30539 D VirtualSpoof: [spoof] ro.product.model = Pixel 6
06-19 08:26:30.475 30539 30539 D VirtualSpoof: [spoof] ro.build.version.release = 12
06-19 08:26:30.478 30539 30622 D TransactionThrottler: Reset transaction throttler
06-19 08:26:30.480 30539 31361 E DynamiteModule: Invalid GmsCore APK, remote loading disabled.
06-19 08:26:30.481 30539 31358 D IConnectivityManagerProxy: Intercepting isActiveNetworkMetered for internet access
06-19 08:26:30.485 30539 30622 D TransactionThrottler: Reset transaction throttler
06-19 08:26:30.487 30539 31366 W Ads     : Not retrying to fetch app settings
06-19 08:26:30.488 30539 31377 W GooglePlayServicesUtil: com.psoffritti.video.speed requires Google Play services, but they are missing.
06-19 08:26:30.489 30442 30442 I BLASTBufferQueue_Java: update, w= 68 h= 68 mName = VRI[]@d8921e7 mNativeObject= 0x778e243730 sc.mNativeObject= 0x772e2dd2d0 format= -3 caller= android.view.ViewRootImpl.updateBlastSurfaceIfNeeded:3574 android.view.ViewRootImpl.relayoutWindow:11685 android.view.ViewRootImpl.performTraversals:4804 android.view.ViewRootImpl.doTraversal:3924 android.view.ViewRootImpl$TraversalRunnable.run:12903 android.view.Choreographer$CallbackRecord.run:1901 
06-19 08:26:30.489 30442 30442 I VRI[]@d8921e7: Relayout returned: old=(21,394,89,462) new=(16,354,84,422) relayoutAsync=false req=(68,68)0 dur=2 res=0x0 s={true 0x775e28acd0} ch=false seqId=0
06-19 08:26:30.489 30442 30442 I VRI[]@d8921e7: registerCallbackForPendingTransactions
06-19 08:26:30.489 30442 30488 I VRI[]@d8921e7: mWNT: t=0x779e2ff8d0 mBlastBufferQueue=0x778e243730 fn= 4 HdrRenderState mRenderHdrSdrRatio=1.0 caller= android.view.ViewRootImpl$10.onFrameDraw:6536 android.view.ViewRootImpl$4.onFrameDraw:2489 android.view.ThreadedRenderer$1.onFrameDraw:718 
06-19 08:26:30.492 30539 31364 W GooglePlayServicesUtil: com.psoffritti.video.speed requires Google Play services, but they are missing.
06-19 08:26:30.553 30539 30622 D TransactionThrottler: Reset transaction throttler
06-19 08:26:30.615 30442 30442 I BLASTBufferQueue_Java: update, w= 68 h= 68 mName = VRI[]@d8921e7 mNativeObject= 0x778e243730 sc.mNativeObject= 0x772e2ccc50 format= -3 caller= android.view.ViewRootImpl.updateBlastSurfaceIfNeeded:3574 android.view.ViewRootImpl.relayoutWindow:11685 android.view.ViewRootImpl.performTraversals:4804 android.view.ViewRootImpl.doTraversal:3924 android.view.ViewRootImpl$TraversalRunnable.run:12903 android.view.Choreographer$CallbackRecord.run:1901 
06-19 08:26:30.615 30442 30442 I VRI[]@d8921e7: Relayout returned: old=(16,354,84,422) new=(0,236,68,304) relayoutAsync=false req=(68,68)0 dur=5 res=0x0 s={true 0x775e28acd0} ch=false seqId=0
06-19 08:26:30.615 30442 30442 I VRI[]@d8921e7: registerCallbackForPendingTransactions
06-19 08:26:30.616 30442 30487 I VRI[]@d8921e7: mWNT: t=0x779e218010 mBlastBufferQueue=0x778e243730 fn= 5 HdrRenderState mRenderHdrSdrRatio=1.0 caller= android.view.ViewRootImpl$10.onFrameDraw:6536 android.view.ViewRootImpl$4.onFrameDraw:2489 android.view.ThreadedRenderer$1.onFrameDraw:718 
06-19 08:26:30.646 30442 30442 I BLASTBufferQueue_Java: update, w= 68 h= 68 mName = VRI[]@d8921e7 mNativeObject= 0x778e243730 sc.mNativeObject= 0x772e2d9250 format= -3 caller= android.view.ViewRootImpl.updateBlastSurfaceIfNeeded:3574 android.view.ViewRootImpl.relayoutWindow:11685 android.view.ViewRootImpl.performTraversals:4804 android.view.ViewRootImpl.doTraversal:3924 android.view.ViewRootImpl$TraversalRunnable.run:12903 android.view.Choreographer$CallbackRecord.run:1901 
06-19 08:26:30.646 30442 30442 I VRI[]@d8921e7: Relayout returned: old=(0,236,68,304) new=(0,218,68,286) relayoutAsync=false req=(68,68)0 dur=4 res=0x0 s={true 0x775e28acd0} ch=false seqId=0
06-19 08:26:30.646 30442 30442 I VRI[]@d8921e7: registerCallbackForPendingTransactions
06-19 08:26:30.649 30442 30488 I VRI[]@d8921e7: mWNT: t=0x779e26ea10 mBlastBufferQueue=0x778e243730 fn= 6 HdrRenderState mRenderHdrSdrRatio=1.0 caller= android.view.ViewRootImpl$10.onFrameDraw:6536 android.view.ViewRootImpl$4.onFrameDraw:2489 android.view.ThreadedRenderer$1.onFrameDraw:718 
06-19 08:26:30.663 30442 30442 I BLASTBufferQueue_Java: update, w= 68 h= 68 mName = VRI[]@d8921e7 mNativeObject= 0x778e243730 sc.mNativeObject= 0x772e2dcb50 format= -3 caller= android.view.ViewRootImpl.updateBlastSurfaceIfNeeded:3574 android.view.ViewRootImpl.relayoutWindow:11685 android.view.ViewRootImpl.performTraversals:4804 android.view.ViewRootImpl.doTraversal:3924 android.view.ViewRootImpl$TraversalRunnable.run:12903 android.view.Choreographer$CallbackRecord.run:1901 
06-19 08:26:30.663 30442 30442 I VRI[]@d8921e7: Relayout returned: old=(0,218,68,286) new=(0,209,68,277) relayoutAsync=false req=(68,68)0 dur=4 res=0x0 s={true 0x775e28acd0} ch=false seqId=0
06-19 08:26:30.664 30442 30442 I VRI[]@d8921e7: registerCallbackForPendingTransactions
06-19 08:26:30.664 30442 30487 I VRI[]@d8921e7: mWNT: t=0x779e2a4fd0 mBlastBufferQueue=0x778e243730 fn= 7 HdrRenderState mRenderHdrSdrRatio=1.0 caller= android.view.ViewRootImpl$10.onFrameDraw:6536 android.view.ViewRootImpl$4.onFrameDraw:2489 android.view.ThreadedRenderer$1.onFrameDraw:718 
06-19 08:26:30.680 30442 30442 I BLASTBufferQueue_Java: update, w= 68 h= 68 mName = VRI[]@d8921e7 mNativeObject= 0x778e243730 sc.mNativeObject= 0x772e2d9250 format= -3 caller= android.view.ViewRootImpl.updateBlastSurfaceIfNeeded:3574 android.view.ViewRootImpl.relayoutWindow:11685 android.view.ViewRootImpl.performTraversals:4804 android.view.ViewRootImpl.doTraversal:3924 android.view.ViewRootImpl$TraversalRunnable.run:12903 android.view.Choreographer$CallbackRecord.run:1901 
06-19 08:26:30.680 30442 30442 I VRI[]@d8921e7: Relayout returned: old=(0,209,68,277) new=(0,200,68,268) relayoutAsync=false req=(68,68)0 dur=4 res=0x0 s={true 0x775e28acd0} ch=false seqId=0
06-19 08:26:30.681 30442 30442 I VRI[]@d8921e7: registerCallbackForPendingTransactions
06-19 08:26:30.682 30442 30488 I VRI[]@d8921e7: mWNT: t=0x779e2c8510 mBlastBufferQueue=0x778e243730 fn= 8 HdrRenderState mRenderHdrSdrRatio=1.0 caller= android.view.ViewRootImpl$10.onFrameDraw:6536 android.view.ViewRootImpl$4.onFrameDraw:2489 android.view.ThreadedRenderer$1.onFrameDraw:718 
06-19 08:26:30.697 30442 30442 I BLASTBufferQueue_Java: update, w= 68 h= 68 mName = VRI[]@d8921e7 mNativeObject= 0x778e243730 sc.mNativeObject= 0x772e2dcb50 format= -3 caller= android.view.ViewRootImpl.updateBlastSurfaceIfNeeded:3574 android.view.ViewRootImpl.relayoutWindow:11685 android.view.ViewRootImpl.performTraversals:4804 android.view.ViewRootImpl.doTraversal:3924 android.view.ViewRootImpl$TraversalRunnable.run:12903 android.view.Choreographer$CallbackRecord.run:1901 
06-19 08:26:30.697 30442 30442 I VRI[]@d8921e7: Relayout returned: old=(0,200,68,268) new=(0,191,68,259) relayoutAsync=false req=(68,68)0 dur=5 res=0x0 s={true 0x775e28acd0} ch=false seqId=0
06-19 08:26:30.697 30442 30442 I VRI[]@d8921e7: registerCallbackForPendingTransactions
06-19 08:26:30.698 30442 30442 W ViewRootImpl: Not reporting timeline because gpuCompletedTime is 4.403428403146591E12ms ahead of presentTime. FRAME_TIMELINE_VSYNC_ID=143582350, INPUT_EVENT_ID=186777795
06-19 08:26:30.699 30442 30487 I VRI[]@d8921e7: mWNT: t=0x779e24cd50 mBlastBufferQueue=0x778e243730 fn= 9 HdrRenderState mRenderHdrSdrRatio=1.0 caller= android.view.ViewRootImpl$10.onFrameDraw:6536 android.view.ViewRootImpl$4.onFrameDraw:2489 android.view.ThreadedRenderer$1.onFrameDraw:718 
06-19 08:26:30.712 30442 30442 I BLASTBufferQueue_Java: update, w= 68 h= 68 mName = VRI[]@d8921e7 mNativeObject= 0x778e243730 sc.mNativeObject= 0x772e2d9250 format= -3 caller= android.view.ViewRootImpl.updateBlastSurfaceIfNeeded:3574 android.view.ViewRootImpl.relayoutWindow:11685 android.view.ViewRootImpl.performTraversals:4804 android.view.ViewRootImpl.doTraversal:3924 android.view.ViewRootImpl$TraversalRunnable.run:12903 android.view.Choreographer$CallbackRecord.run:1901 
06-19 08:26:30.712 30442 30442 I VRI[]@d8921e7: Relayout returned: old=(0,191,68,259) new=(0,183,68,251) relayoutAsync=false req=(68,68)0 dur=3 res=0x0 s={true 0x775e28acd0} ch=false seqId=0
06-19 08:26:30.713 30442 30442 I VRI[]@d8921e7: registerCallbackForPendingTransactions
06-19 08:26:30.713 30442 30488 I VRI[]@d8921e7: mWNT: t=0x779e2b1590 mBlastBufferQueue=0x778e243730 fn= 10 HdrRenderState mRenderHdrSdrRatio=1.0 caller= android.view.ViewRootImpl$10.onFrameDraw:6536 android.view.ViewRootImpl$4.onFrameDraw:2489 android.view.ThreadedRenderer$1.onFrameDraw:718 
06-19 08:26:30.729 30442 30442 I BLASTBufferQueue_Java: update, w= 68 h= 68 mName = VRI[]@d8921e7 mNativeObject= 0x778e243730 sc.mNativeObject= 0x772e2dcb50 format= -3 caller= android.view.ViewRootImpl.updateBlastSurfaceIfNeeded:3574 android.view.ViewRootImpl.relayoutWindow:11685 android.view.ViewRootImpl.performTraversals:4804 android.view.ViewRootImpl.doTraversal:3924 android.view.ViewRootImpl$TraversalRunnable.run:12903 android.view.Choreographer$CallbackRecord.run:1901 
06-19 08:26:30.729 30442 30442 I VRI[]@d8921e7: Relayout returned: old=(0,183,68,251) new=(0,174,68,242) relayoutAsync=false req=(68,68)0 dur=4 res=0x0 s={true 0x775e28acd0} ch=false seqId=0
06-19 08:26:30.730 30442 30442 I VRI[]@d8921e7: registerCallbackForPendingTransactions
06-19 08:26:30.731 30442 30487 I VRI[]@d8921e7: mWNT: t=0x779e2ad150 mBlastBufferQueue=0x778e243730 fn= 11 HdrRenderState mRenderHdrSdrRatio=1.0 caller= android.view.ViewRootImpl$10.onFrameDraw:6536 android.view.ViewRootImpl$4.onFrameDraw:2489 android.view.ThreadedRenderer$1.onFrameDraw:718 
06-19 08:26:30.748 30442 30442 I BLASTBufferQueue_Java: update, w= 68 h= 68 mName = VRI[]@d8921e7 mNativeObject= 0x778e243730 sc.mNativeObject= 0x772e2d9250 format= -3 caller= android.view.ViewRootImpl.updateBlastSurfaceIfNeeded:3574 android.view.ViewRootImpl.relayoutWindow:11685 android.view.ViewRootImpl.performTraversals:4804 android.view.ViewRootImpl.doTraversal:3924 android.view.ViewRootImpl$TraversalRunnable.run:12903 android.view.Choreographer$CallbackRecord.run:1901 
06-19 08:26:30.749 30442 30442 I VRI[]@d8921e7: Relayout returned: old=(0,174,68,242) new=(0,164,68,232) relayoutAsync=false req=(68,68)0 dur=5 res=0x0 s={true 0x775e28acd0} ch=false seqId=0
06-19 08:26:30.749 30442 30442 I VRI[]@d8921e7: registerCallbackForPendingTransactions
06-19 08:26:30.750 30442 30488 I VRI[]@d8921e7: mWNT: t=0x779e2fa310 mBlastBufferQueue=0x778e243730 fn= 12 HdrRenderState mRenderHdrSdrRatio=1.0 caller= android.view.ViewRootImpl$10.onFrameDraw:6536 android.view.ViewRootImpl$4.onFrameDraw:2489 android.view.ThreadedRenderer$1.onFrameDraw:718 
06-19 08:26:30.764 30442 30442 I BLASTBufferQueue_Java: update, w= 68 h= 68 mName = VRI[]@d8921e7 mNativeObject= 0x778e243730 sc.mNativeObject= 0x772e2dded0 format= -3 caller= android.view.ViewRootImpl.updateBlastSurfaceIfNeeded:3574 android.view.ViewRootImpl.relayoutWindow:11685 android.view.ViewRootImpl.performTraversals:4804 android.view.ViewRootImpl.doTraversal:3924 android.view.ViewRootImpl$TraversalRunnable.run:12903 android.view.Choreographer$CallbackRecord.run:1901 
06-19 08:26:30.765 30442 30442 I VRI[]@d8921e7: Relayout returned: old=(0,164,68,232) new=(0,156,68,224) relayoutAsync=false req=(68,68)0 dur=6 res=0x0 s={true 0x775e28acd0} ch=false seqId=0
06-19 08:26:30.766 30442 30442 I VRI[]@d8921e7: registerCallbackForPendingTransactions
06-19 08:26:30.767 30442 30442 W ViewRootImpl: Not reporting timeline because gpuCompletedTime is 3.3528754945471167E12ms ahead of presentTime. FRAME_TIMELINE_VSYNC_ID=143582446, INPUT_EVENT_ID=347080139
06-19 08:26:30.767 30442 30487 I VRI[]@d8921e7: mWNT: t=0x779e2dacd0 mBlastBufferQueue=0x778e243730 fn= 13 HdrRenderState mRenderHdrSdrRatio=1.0 caller= android.view.ViewRootImpl$10.onFrameDraw:6536 android.view.ViewRootImpl$4.onFrameDraw:2489 android.view.ThreadedRenderer$1.onFrameDraw:718 
06-19 08:26:30.780 30442 30442 I BLASTBufferQueue_Java: update, w= 68 h= 68 mName = VRI[]@d8921e7 mNativeObject= 0x778e243730 sc.mNativeObject= 0x772e2d5d10 format= -3 caller= android.view.ViewRootImpl.updateBlastSurfaceIfNeeded:3574 android.view.ViewRootImpl.relayoutWindow:11685 android.view.ViewRootImpl.performTraversals:4804 android.view.ViewRootImpl.doTraversal:3924 android.view.ViewRootImpl$TraversalRunnable.run:12903 android.view.Choreographer$CallbackRecord.run:1901 
06-19 08:26:30.780 30442 30442 I VRI[]@d8921e7: Relayout returned: old=(0,156,68,224) new=(0,149,68,217) relayoutAsync=false req=(68,68)0 dur=5 res=0x0 s={true 0x775e28acd0} ch=false seqId=0
06-19 08:26:30.781 30442 30442 I VRI[]@d8921e7: registerCallbackForPendingTransactions
06-19 08:26:30.782 30442 30488 I VRI[]@d8921e7: mWNT: t=0x779e254610 mBlastBufferQueue=0x778e243730 fn= 14 HdrRenderState mRenderHdrSdrRatio=1.0 caller= android.view.ViewRootImpl$10.onFrameDraw:6536 android.view.ViewRootImpl$4.onFrameDraw:2489 android.view.ThreadedRenderer$1.onFrameDraw:718 
06-19 08:26:30.799 30442 30442 I BLASTBufferQueue_Java: update, w= 68 h= 68 mName = VRI[]@d8921e7 mNativeObject= 0x778e243730 sc.mNativeObject= 0x772e2d5ad0 format= -3 caller= android.view.ViewRootImpl.updateBlastSurfaceIfNeeded:3574 android.view.ViewRootImpl.relayoutWindow:11685 android.view.ViewRootImpl.performTraversals:4804 android.view.ViewRootImpl.doTraversal:3924 android.view.ViewRootImpl$TraversalRunnable.run:12903 android.view.Choreographer$CallbackRecord.run:1901 
06-19 08:26:30.799 30442 30442 I VRI[]@d8921e7: Relayout returned: old=(0,149,68,217) new=(0,141,68,209) relayoutAsync=false req=(68,68)0 dur=6 res=0x0 s={true 0x775e28acd0} ch=false seqId=0
06-19 08:26:30.800 30442 30442 I VRI[]@d8921e7: registerCallbackForPendingTransactions
06-19 08:26:30.800 30442 30487 I VRI[]@d8921e7: mWNT: t=0x779e276110 mBlastBufferQueue=0x778e243730 fn= 15 HdrRenderState mRenderHdrSdrRatio=1.0 caller= android.view.ViewRootImpl$10.onFrameDraw:6536 android.view.ViewRootImpl$4.onFrameDraw:2489 android.view.ThreadedRenderer$1.onFrameDraw:718 
06-19 08:26:30.815 30442 30442 I BLASTBufferQueue_Java: update, w= 68 h= 68 mName = VRI[]@d8921e7 mNativeObject= 0x778e243730 sc.mNativeObject= 0x772e2d8d10 format= -3 caller= android.view.ViewRootImpl.updateBlastSurfaceIfNeeded:3574 android.view.ViewRootImpl.relayoutWindow:11685 android.view.ViewRootImpl.performTraversals:4804 android.view.ViewRootImpl.doTraversal:3924 android.view.ViewRootImpl$TraversalRunnable.run:12903 android.view.Choreographer$CallbackRecord.run:1901 
06-19 08:26:30.815 30442 30442 I VRI[]@d8921e7: Relayout returned: old=(0,141,68,209) new=(0,133,68,201) relayoutAsync=false req=(68,68)0 dur=6 res=0x0 s={true 0x775e28acd0} ch=false seqId=0
06-19 08:26:30.816 30442 30442 I VRI[]@d8921e7: registerCallbackForPendingTransactions
06-19 08:26:30.817 30442 30488 I VRI[]@d8921e7: mWNT: t=0x779e271250 mBlastBufferQueue=0x778e243730 fn= 16 HdrRenderState mRenderHdrSdrRatio=1.0 caller= android.view.ViewRootImpl$10.onFrameDraw:6536 android.view.ViewRootImpl$4.onFrameDraw:2489 android.view.ThreadedRenderer$1.onFrameDraw:718 
06-19 08:26:30.829 30442 30442 I BLASTBufferQueue_Java: update, w= 68 h= 68 mName = VRI[]@d8921e7 mNativeObject= 0x778e243730 sc.mNativeObject= 0x772e2de590 format= -3 caller= android.view.ViewRootImpl.updateBlastSurfaceIfNeeded:3574 android.view.ViewRootImpl.relayoutWindow:11685 android.view.ViewRootImpl.performTraversals:4804 android.view.ViewRootImpl.doTraversal:3924 android.view.ViewRootImpl$TraversalRunnable.run:12903 android.view.Choreographer$CallbackRecord.run:1901 
06-19 08:26:30.829 30442 30442 I VRI[]@d8921e7: Relayout returned: old=(0,133,68,201) new=(0,125,68,193) relayoutAsync=false req=(68,68)0 dur=3 res=0x0 s={true 0x775e28acd0} ch=false seqId=0
06-19 08:26:30.829 30442 30442 I VRI[]@d8921e7: registerCallbackForPendingTransactions
06-19 08:26:30.830 30442 30442 W ViewRootImpl: Not reporting timeline because gpuCompletedTime is 2.342098852626687E12ms ahead of presentTime. FRAME_TIMELINE_VSYNC_ID=143582530, INPUT_EVENT_ID=984942127
06-19 08:26:30.830 30442 30487 I VRI[]@d8921e7: mWNT: t=0x779e272e50 mBlastBufferQueue=0x778e243730 fn= 17 HdrRenderState mRenderHdrSdrRatio=1.0 caller= android.view.ViewRootImpl$10.onFrameDraw:6536 android.view.ViewRootImpl$4.onFrameDraw:2489 android.view.ThreadedRenderer$1.onFrameDraw:718 
06-19 08:26:30.846 30442 30442 I BLASTBufferQueue_Java: update, w= 68 h= 68 mName = VRI[]@d8921e7 mNativeObject= 0x778e243730 sc.mNativeObject= 0x772e2d8d10 format= -3 caller= android.view.ViewRootImpl.updateBlastSurfaceIfNeeded:3574 android.view.ViewRootImpl.relayoutWindow:11685 android.view.ViewRootImpl.performTraversals:4804 android.view.ViewRootImpl.doTraversal:3924 android.view.ViewRootImpl$TraversalRunnable.run:12903 android.view.Choreographer$CallbackRecord.run:1901 
06-19 08:26:30.846 30442 30442 I VRI[]@d8921e7: Relayout returned: old=(0,125,68,193) new=(0,118,68,186) relayoutAsync=false req=(68,68)0 dur=5 res=0x0 s={true 0x775e28acd0} ch=false seqId=0
06-19 08:26:30.846 30442 30442 I VRI[]@d8921e7: registerCallbackForPendingTransactions
06-19 08:26:30.847 30442 30488 I VRI[]@d8921e7: mWNT: t=0x779e274a50 mBlastBufferQueue=0x778e243730 fn= 18 HdrRenderState mRenderHdrSdrRatio=1.0 caller= android.view.ViewRootImpl$10.onFrameDraw:6536 android.view.ViewRootImpl$4.onFrameDraw:2489 android.view.ThreadedRenderer$1.onFrameDraw:718 
06-19 08:26:30.863 30442 30442 I BLASTBufferQueue_Java: update, w= 68 h= 68 mName = VRI[]@d8921e7 mNativeObject= 0x778e243730 sc.mNativeObject= 0x772e2de590 format= -3 caller= android.view.ViewRootImpl.updateBlastSurfaceIfNeeded:3574 android.view.ViewRootImpl.relayoutWindow:11685 android.view.ViewRootImpl.performTraversals:4804 android.view.ViewRootImpl.doTraversal:3924 android.view.ViewRootImpl$TraversalRunnable.run:12903 android.view.Choreographer$CallbackRecord.run:1901 
06-19 08:26:30.863 30442 30442 I VRI[]@d8921e7: Relayout returned: old=(0,118,68,186) new=(0,112,68,180) relayoutAsync=false req=(68,68)0 dur=4 res=0x0 s={true 0x775e28acd0} ch=false seqId=0
06-19 08:26:30.864 30442 30442 I VRI[]@d8921e7: registerCallbackForPendingTransactions
06-19 08:26:30.865 30442 30487 I VRI[]@d8921e7: mWNT: t=0x779e276490 mBlastBufferQueue=0x778e243730 fn= 19 HdrRenderState mRenderHdrSdrRatio=1.0 caller= android.view.ViewRootImpl$10.onFrameDraw:6536 android.view.ViewRootImpl$4.onFrameDraw:2489 android.view.ThreadedRenderer$1.onFrameDraw:718 
06-19 08:26:30.879 30442 30442 I BLASTBufferQueue_Java: update, w= 68 h= 68 mName = VRI[]@d8921e7 mNativeObject= 0x778e243730 sc.mNativeObject= 0x772e2d8d10 format= -3 caller= android.view.ViewRootImpl.updateBlastSurfaceIfNeeded:3574 android.view.ViewRootImpl.relayoutWindow:11685 android.view.ViewRootImpl.performTraversals:4804 android.view.ViewRootImpl.doTraversal:3924 android.view.ViewRootImpl$TraversalRunnable.run:12903 android.view.Choreographer$CallbackRecord.run:1901 
06-19 08:26:30.879 30442 30442 I VRI[]@d8921e7: Relayout returned: old=(0,112,68,180) new=(0,108,68,176) relayoutAsync=false req=(68,68)0 dur=5 res=0x0 s={true 0x775e28acd0} ch=false seqId=0
06-19 08:26:30.880 30442 30442 I VRI[]@d8921e7: registerCallbackForPendingTransactions
06-19 08:26:30.881 30442 30488 I VRI[]@d8921e7: mWNT: t=0x779e271e90 mBlastBufferQueue=0x778e243730 fn= 20 HdrRenderState mRenderHdrSdrRatio=1.0 caller= android.view.ViewRootImpl$10.onFrameDraw:6536 android.view.ViewRootImpl$4.onFrameDraw:2489 android.view.ThreadedRenderer$1.onFrameDraw:718 
06-19 08:26:30.895 30442 30442 I BLASTBufferQueue_Java: update, w= 68 h= 68 mName = VRI[]@d8921e7 mNativeObject= 0x778e243730 sc.mNativeObject= 0x772e2de590 format= -3 caller= android.view.ViewRootImpl.updateBlastSurfaceIfNeeded:3574 android.view.ViewRootImpl.relayoutWindow:11685 android.view.ViewRootImpl.performTraversals:4804 android.view.ViewRootImpl.doTraversal:3924 android.view.ViewRootImpl$TraversalRunnable.run:12903 android.view.Choreographer$CallbackRecord.run:1901 
06-19 08:26:30.895 30442 30442 I VRI[]@d8921e7: Relayout returned: old=(0,108,68,176) new=(0,104,68,172) relayoutAsync=false req=(68,68)0 dur=4 res=0x0 s={true 0x775e28acd0} ch=false seqId=0
06-19 08:26:30.895 30442 30442 I VRI[]@d8921e7: registerCallbackForPendingTransactions
06-19 08:26:30.896 30442 30487 I VRI[]@d8921e7: mWNT: t=0x779e2fced0 mBlastBufferQueue=0x778e243730 fn= 21 HdrRenderState mRenderHdrSdrRatio=1.0 caller= android.view.ViewRootImpl$10.onFrameDraw:6536 android.view.ViewRootImpl$4.onFrameDraw:2489 android.view.ThreadedRenderer$1.onFrameDraw:718 
06-19 08:26:30.911 30442 30442 I BLASTBufferQueue_Java: update, w= 68 h= 68 mName = VRI[]@d8921e7 mNativeObject= 0x778e243730 sc.mNativeObject= 0x772e2d3190 format= -3 caller= android.view.ViewRootImpl.updateBlastSurfaceIfNeeded:3574 android.view.ViewRootImpl.relayoutWindow:11685 android.view.ViewRootImpl.performTraversals:4804 android.view.ViewRootImpl.doTraversal:3924 android.view.ViewRootImpl$TraversalRunnable.run:12903 android.view.Choreographer$CallbackRecord.run:1901 
06-19 08:26:30.912 30442 30442 I VRI[]@d8921e7: Relayout returned: old=(0,104,68,172) new=(0,101,68,169) relayoutAsync=false req=(68,68)0 dur=3 res=0x0 s={true 0x775e28acd0} ch=false seqId=0
06-19 08:26:30.912 30442 30442 I VRI[]@d8921e7: registerCallbackForPendingTransactions
06-19 08:26:30.913 30442 30488 I VRI[]@d8921e7: mWNT: t=0x779e274510 mBlastBufferQueue=0x778e243730 fn= 22 HdrRenderState mRenderHdrSdrRatio=1.0 caller= android.view.ViewRootImpl$10.onFrameDraw:6536 android.view.ViewRootImpl$4.onFrameDraw:2489 android.view.ThreadedRenderer$1.onFrameDraw:718 
