06-19 08:25:52.793 30539 30658 D VendorTagDescriptor: addVendorDescriptor: vendor tag id 8932615658386372252 added
06-19 08:25:52.815 30539 30549 I CameraManagerGlobal: Camera 0 facing CAMERA_FACING_BACK state now CAMERA_STATE_CLOSED for client com.whatsapp API Level 2 User Id 0Device Id 0
06-19 08:25:52.815 30539 30549 I CameraManagerGlobal: Camera 1 facing CAMERA_FACING_FRONT state now CAMERA_STATE_CLOSED for client android.system API Level 2 User Id 0Device Id 0
06-19 08:25:52.816 30539 30549 I CameraManagerGlobal: Camera 2 facing CAMERA_FACING_FRONT state now CAMERA_STATE_CLOSED for client client.pid<1100> API Level 2 User Id 0Device Id 0
06-19 08:25:52.817 30539 30658 I CameraManager: registerAvailabilityCallback: Is device callback = false
06-19 08:25:52.817 30539 30658 I CameraManagerGlobal: postSingleUpdate device: camera id 0 status STATUS_PRESENT
06-19 08:25:52.818 30539 30658 I CameraManagerGlobal: postSingleUpdate device: camera id 1 status STATUS_PRESENT
06-19 08:25:52.937 30539 30590 D UserMessagingPlatform: Action[clear]: {"keys":["UMP_eids"]}
06-19 08:25:52.938 30539 30590 D UserMessagingPlatform: Action[write]: {"UMP_consentModeValues":"4444","IABTCF_CmpSdkID":300,"IABTCF_gdprApplies":0}
06-19 08:25:52.938 30539 30590 D UserMessagingPlatform: Writing to storage: [UMP_consentModeValues] 4444
06-19 08:25:52.938 30539 30590 D UserMessagingPlatform: Writing to storage: [IABTCF_CmpSdkID] 300
06-19 08:25:52.938 30539 30590 D UserMessagingPlatform: Writing to storage: [IABTCF_gdprApplies] 0
06-19 08:25:52.963 30539 30663 E emoji2.text.DefaultEmojiConfig: com.google.android.gms
06-19 08:25:52.963 30539 30663 E emoji2.text.DefaultEmojiConfig: android.content.pm.PackageManager$NameNotFoundException: com.google.android.gms
06-19 08:25:52.963 30539 30663 E emoji2.text.DefaultEmojiConfig: 	at android.app.ApplicationPackageManager.getPackageInfoAsUser(ApplicationPackageManager.java:327)
06-19 08:25:52.963 30539 30663 E emoji2.text.DefaultEmojiConfig: 	at android.app.ApplicationPackageManager.getPackageInfo(ApplicationPackageManager.java:287)
06-19 08:25:52.963 30539 30663 E emoji2.text.DefaultEmojiConfig: 	at android.app.ApplicationPackageManager.getPackageInfo(ApplicationPackageManager.java:281)
06-19 08:25:52.963 30539 30663 E emoji2.text.DefaultEmojiConfig: 	at rs0.n(r8-map-id-22ddcf22c993937fddbd2d59d7f4373f5bde39fb88af5da5723f0db9b2d00d1e:3)
06-19 08:25:52.963 30539 30663 E emoji2.text.DefaultEmojiConfig: 	at oz4.R(r8-map-id-22ddcf22c993937fddbd2d59d7f4373f5bde39fb88af5da5723f0db9b2d00d1e:82)
06-19 08:25:52.963 30539 30663 E emoji2.text.DefaultEmojiConfig: 	at qf.run(r8-map-id-22ddcf22c993937fddbd2d59d7f4373f5bde39fb88af5da5723f0db9b2d00d1e:108)
06-19 08:25:52.963 30539 30663 E emoji2.text.DefaultEmojiConfig: 	at java.util.concurrent.ThreadPoolExecutor.runWorker(ThreadPoolExecutor.java:1100)
06-19 08:25:52.963 30539 30663 E emoji2.text.DefaultEmojiConfig: 	at java.util.concurrent.ThreadPoolExecutor$Worker.run(ThreadPoolExecutor.java:624)
06-19 08:25:52.963 30539 30663 E emoji2.text.DefaultEmojiConfig: 	at java.lang.Thread.run(Thread.java:1572)
06-19 08:25:53.050 30539 30595 W GooglePlayServicesUtil: com.psoffritti.video.speed requires Google Play services, but they are missing.
06-19 08:25:53.051 30539 30595 E DynamiteModule: Invalid GmsCore APK, remote loading disabled.
06-19 08:25:53.078 30539 30595 D ConnectivityManager: StackLog: [android.net.ConnectivityManager.sendRequestForNetwork(ConnectivityManager.java:4744)] [android.net.ConnectivityManager.registerDefaultNetworkCallbackForUid(ConnectivityManager.java:5469)] [android.net.ConnectivityManager.registerDefaultNetworkCallback(ConnectivityManager.java:5436)] [android.net.ConnectivityManager.registerDefaultNetworkCallback(ConnectivityManager.java:5410)] [j46.b(r8-map-id-22ddcf22c993937fddbd2d59d7f4373f5bde39fb88af5da5723f0db9b2d00d1e:131)] [l96.a(r8-map-id-22ddcf22c993937fddbd2d59d7f4373f5bde39fb88af5da5723f0db9b2d00d1e:321)] [com.google.android.gms.ads.internal.ClientApi.B3(r8-map-id-22ddcf22c993937fddbd2d59d7f4373f5bde39fb88af5da5723f0db9b2d00d1e:8)] [af5.c(r8-map-id-22ddcf22c993937fddbd2d59d7f4373f5bde39fb88af5da5723f0db9b2d00d1e:11)] [mh5.d(r8-map-id-22ddcf22c993937fddbd2d59d7f4373f5bde39fb88af5da5723f0db9b2d00d1e:94)] [ix6.b(r8-map-id-22ddcf22c993937fddbd2d59d7f4373f5bde39fb88af5da5723f0db9b2d00d1e:15)] [q.invokeSuspend(r8-map-id-22ddcf22c993937fddbd2d59d7f4373f5bde39fb88af5da5723f0db9b2d00d1e:2159)] [rw.resumeWith(r8-map-id-22ddcf22c993937fddbd2d59d7f4373f5bde39fb88af5da5723f0db9b2d00d1e:8)] [fy0.run(r8-map-id-22ddcf22c993937fddbd2d59d7f4373f5bde39fb88af5da5723f0db9b2d00d1e:114)] [vk1.run(r8-map-id-22ddcf22c993937fddbd2d59d7f4373f5bde39fb88af5da5723f0db9b2d00d1e:1298)] [ya4.run(r8-map-id-22ddcf22c993937fddbd2d59d7f4373f5bde39fb88af5da5723f0db9b2d00d1e:3)] [wl0.run(r8-map-id-22ddcf22c993937fddbd2d59d7f4373f5bde39fb88af5da5723f0db9b2d00d1e:88)]
06-19 08:25:53.079 30539 30595 D IConnectivityManagerProxy: Intercepting requestNetwork call for internet access
06-19 08:25:53.080 30539 30595 D IConnectivityManagerProxy: requestNetwork succeeded via original method
06-19 08:25:53.081 30539 30595 D TransactionThrottler: Reset transaction throttler
06-19 08:25:53.082 30539 30595 D TransactionThrottler: Reset transaction throttler
06-19 08:25:53.085 30539 30595 D TransactionThrottler: Reset transaction throttler
06-19 08:25:53.085 30539 30595 D TransactionThrottler: Reset transaction throttler
06-19 08:25:53.088 30539 30595 D AttributionSourceUtils: Fixed AttributionSource UID in method arguments
06-19 08:25:53.090 30539 30595 I Ads     : Updating ad debug logging enablement.
06-19 08:25:53.091 30539 30669 D PackageManagerStub: GetPackageInfo: Providing fake Google Play Services info
06-19 08:25:53.091 30539 30669 W GooglePlayServicesUtil: com.psoffritti.video.speed requires Google Play services, but they are missing.
06-19 08:25:53.091 30539 30595 D TransactionThrottler: Reset transaction throttler
06-19 08:25:53.092 30539 30595 D TransactionThrottler: Reset transaction throttler
06-19 08:25:53.095 30539 30669 E Ads     : Fail to get isAdIdFakeForDebugLogging
06-19 08:25:53.095 30539 30669 E Ads     : java.io.IOException: Google Play services not available
06-19 08:25:53.095 30539 30669 E Ads     : 	at l7.d(r8-map-id-22ddcf22c993937fddbd2d59d7f4373f5bde39fb88af5da5723f0db9b2d00d1e:50)
06-19 08:25:53.095 30539 30669 E Ads     : 	at l7.b(r8-map-id-22ddcf22c993937fddbd2d59d7f4373f5bde39fb88af5da5723f0db9b2d00d1e:9)
06-19 08:25:53.095 30539 30669 E Ads     : 	at q16.C1(r8-map-id-22ddcf22c993937fddbd2d59d7f4373f5bde39fb88af5da5723f0db9b2d00d1e:194)
06-19 08:25:53.095 30539 30669 E Ads     : 	at jb.run(r8-map-id-22ddcf22c993937fddbd2d59d7f4373f5bde39fb88af5da5723f0db9b2d00d1e:187)
06-19 08:25:53.095 30539 30669 E Ads     : 	at java.util.concurrent.Executors$RunnableAdapter.call(Executors.java:520)
06-19 08:25:53.095 30539 30669 E Ads     : 	at fo7.h(r8-map-id-22ddcf22c993937fddbd2d59d7f4373f5bde39fb88af5da5723f0db9b2d00d1e:10)
06-19 08:25:53.095 30539 30669 E Ads     : 	at gz1.run(r8-map-id-22ddcf22c993937fddbd2d59d7f4373f5bde39fb88af5da5723f0db9b2d00d1e:26)
06-19 08:25:53.095 30539 30669 E Ads     : 	at go7.run(r8-map-id-22ddcf22c993937fddbd2d59d7f4373f5bde39fb88af5da5723f0db9b2d00d1e:5)
06-19 08:25:53.095 30539 30669 E Ads     : 	at java.util.concurrent.ThreadPoolExecutor.runWorker(ThreadPoolExecutor.java:1100)
06-19 08:25:53.095 30539 30669 E Ads     : 	at java.util.concurrent.ThreadPoolExecutor$Worker.run(ThreadPoolExecutor.java:624)
06-19 08:25:53.095 30539 30669 E Ads     : 	at java.lang.Thread.run(Thread.java:1572)
06-19 08:25:53.095 30539 30669 W Ads     : Update ad debug logging enablement as false
06-19 08:25:53.113 30539 30595 W GooglePlayServicesUtil: com.psoffritti.video.speed requires Google Play services, but they are missing.
06-19 08:25:53.114 30539 30595 E DynamiteModule: Invalid GmsCore APK, remote loading disabled.
06-19 08:25:53.120 30539 30675 W GooglePlayServicesUtil: com.psoffritti.video.speed requires Google Play services, but they are missing.
06-19 08:25:53.125 30539 30676 W GooglePlayServicesUtil: com.psoffritti.video.speed requires Google Play services, but they are missing.
06-19 08:25:53.126 30539 30676 W GoogleApiManager: The service for qe6 is not available: vg0{statusCode=SERVICE_MISSING, resolution=null, message=null, clientMethodKey=null}
06-19 08:25:53.127 30442 30442 I VRI[LauncherActivity]@abbff2f: handleAppVisibility mAppVisible = true visible = false
06-19 08:25:53.127 30442 30442 D VRI[LauncherActivity]@abbff2f: visibilityChanged oldVisibility=true newVisibility=false
06-19 08:25:53.132 30539 30539 D VirtualSpoof: [spoof] ro.product.model = Pixel 6
06-19 08:25:53.132 30539 30539 D VirtualSpoof: [spoof] ro.build.version.release = 12
06-19 08:25:53.133 30539 30539 D AttributionSourceUtils: Fixed AttributionSource UID in method arguments
06-19 08:25:53.143 30442 30442 D BLASTBufferQueue: [VRI[LauncherActivity]@abbff2f#6](f:0,a:1) destructor()
06-19 08:25:53.143 30442 30442 D BufferQueueConsumer: [VRI[LauncherActivity]@abbff2f#6(BLAST Consumer)6](id:76ea00000006,api:0,p:-1,c:30442) disconnect
06-19 08:25:53.144 30442 30442 I VRI[LauncherActivity]@abbff2f: Relayout returned: old=(0,0,1340,800) new=(0,0,1340,800) relayoutAsync=false req=(1340,800)8 dur=6 res=0x2 s={false 0x0} ch=true seqId=0
06-19 08:25:53.144 30442 30442 D VRI[LauncherActivity]@abbff2f: Not drawing due to not visible. Reason=!mAppVisible && !mForceDecorViewVisibility
06-19 08:25:53.144 30442 30442 I VRI[LauncherActivity]@abbff2f: stopped(true) old = false
06-19 08:25:53.144 30442 30442 D VRI[LauncherActivity]@abbff2f: WindowStopped on top.niunaijun.blackbox/top.niunaijun.blackbox.app.LauncherActivity set to true
06-19 08:25:53.167 30442 30442 D BBA2    : setIsFg isFg = false; delayValue 3999ms
06-19 08:25:53.168 30539 30539 D AttributionSourceUtils: Fixed AttributionSource UID in method arguments
06-19 08:25:53.176 30539 30539 D AttributionSourceUtils: Fixed AttributionSource UID in method arguments
06-19 08:25:53.178 30539 30618 W BillingClient: In-app billing API version 3 is not supported on this device.
06-19 08:25:53.178 30539 30539 D AttributionSourceUtils: Fixed AttributionSource UID in method arguments
06-19 08:25:53.182 30539 30539 D VirtualSpoof: [spoof] ro.build.version.release = 12
06-19 08:25:53.182 30539 30539 D VirtualSpoof: [spoof] ro.product.model = Pixel 6
06-19 08:25:53.182 30539 30539 D VirtualSpoof: [spoof] ro.product.model = Pixel 6
06-19 08:25:53.182 30539 30539 D VirtualSpoof: [spoof] ro.build.version.release = 12
06-19 08:25:53.190 30539 30630 D AttributionSourceUtils: Fixed AttributionSource UID in method arguments
06-19 08:25:53.191 30539 30539 D VirtualSpoof: [spoof] ro.build.version.release = 12
06-19 08:25:53.191 30539 30539 D VirtualSpoof: [spoof] ro.product.model = Pixel 6
06-19 08:25:53.191 30539 30539 D VirtualSpoof: [spoof] ro.product.model = Pixel 6
06-19 08:25:53.191 30539 30539 D VirtualSpoof: [spoof] ro.build.version.release = 12
06-19 08:25:53.193 30539 30630 D AttributionSourceUtils: Fixed AttributionSource UID in method arguments
06-19 08:25:53.195 30539 30630 D AttributionSourceUtils: Fixed AttributionSource UID in method arguments
06-19 08:25:53.198 30539 30539 D BBA2    : setIsFg isFg = false; delayValue 3999ms
06-19 08:25:53.202 30539 30539 D VirtualSpoof: [spoof] ro.build.version.release = 12
06-19 08:25:53.202 30539 30539 D VirtualSpoof: [spoof] ro.product.model = Pixel 6
06-19 08:25:53.202 30539 30539 D VirtualSpoof: [spoof] ro.product.model = Pixel 6
06-19 08:25:53.202 30539 30539 D VirtualSpoof: [spoof] ro.build.version.release = 12
06-19 08:25:53.204 30539 30680 D libMEOW : meow new tls: 0x762e4e22f0
06-19 08:25:53.204 30539 30680 D libMEOW : applied 0 plugin for [com.psoffritti.video.speed].
06-19 08:25:53.206 30442 30442 I VRI[]@9ee9dc: call setFrameRateCategory for touch hint category=no preference, reason=boost timeout, vri=VRI[]@9ee9dc
06-19 08:25:53.208 30539 30645 W cr_media: BLUETOOTH_CONNECT permission is missing.
06-19 08:25:53.209 30539 30645 W cr_media: getBluetoothAdapter() requires BLUETOOTH permission
06-19 08:25:53.209 30539 30645 W cr_media: registerBluetoothIntentsIfNeeded: Requires BLUETOOTH permission
06-19 08:25:53.210 30539 30645 D TransactionThrottler: Reset transaction throttler
06-19 08:25:53.210 30539 30539 D VirtualSpoof: [spoof] ro.build.version.release = 12
06-19 08:25:53.210 30539 30539 D VirtualSpoof: [spoof] ro.product.model = Pixel 6
06-19 08:25:53.210 30539 30539 D VirtualSpoof: [spoof] ro.product.model = Pixel 6
06-19 08:25:53.210 30539 30539 D VirtualSpoof: [spoof] ro.build.version.release = 12
06-19 08:25:53.215 30539 30645 D TransactionThrottler: Reset transaction throttler
06-19 08:25:53.217 30539 30645 D TransactionThrottler: Reset transaction throttler
06-19 08:25:53.218 30539 30645 D TransactionThrottler: Reset transaction throttler
06-19 08:25:53.219 30539 30622 D TransactionThrottler: Reset transaction throttler
06-19 08:25:53.225 30539 30680 D VirtualSpoof: [spoof] ro.hardware = qcom
06-19 08:25:53.225 30539 30645 D AudioSystem: onNewService: media.audio_policy service obtained 0x773e26b050
06-19 08:25:53.225 30539 30680 D vulkan  : searching for layers in '/data/app/~~0WpVDRbkjNRd3wvymbSbSA==/top.niunaijun.blackbox-178td6lYDSffmh2hSfuvTg==/lib/arm64'
06-19 08:25:53.226 30539 30645 D AudioSystem: getService: checking for service media.audio_policy: 0x773e26b050
06-19 08:25:53.226 30539 30680 D vulkan  : searching for layers in '/data/app/~~0WpVDRbkjNRd3wvymbSbSA==/top.niunaijun.blackbox-178td6lYDSffmh2hSfuvTg==/base.apk!/lib/arm64-v8a'
06-19 08:25:53.235 30539 30539 D TransactionThrottler: Reset transaction throttler
06-19 08:25:53.236 30539 30539 D TransactionThrottler: Reset transaction throttler
06-19 08:25:53.244 30539 30633 D TransactionThrottler: Reset transaction throttler
06-19 08:25:53.247 30539 30633 D TransactionThrottler: Reset transaction throttler
06-19 08:25:53.249 30539 30633 D TransactionThrottler: Reset transaction throttler
06-19 08:25:53.250 30539 30633 D TransactionThrottler: Reset transaction throttler
06-19 08:25:53.252 30539 30633 D TransactionThrottler: Reset transaction throttler
06-19 08:25:53.271 30539 30680 D VirtualSpoof: [spoof] ro.build.version.release = 12
06-19 08:25:53.273 30539 30680 D VirtualSpoof: [spoof] ro.build.version.release = 12
06-19 08:25:53.313 30539 30655 W AudioCapabilities: Unsupported mediaType audio/x-ima
06-19 08:25:53.315 30539 30655 W AudioCapabilities: Unsupported mediaType audio/mpeg-L1
06-19 08:25:53.316 30539 30655 W AudioCapabilities: Unsupported mediaType audio/mpeg-L2
06-19 08:25:53.316 30539 30655 W VideoCapabilities: Unsupported mime video/wvc1
06-19 08:25:53.317 30539 30655 W VideoCapabilities: Unsupported mime video/x-ms-wmv
06-19 08:25:53.323 30539 30655 W AudioCapabilities: Unsupported mediaType audio/iamf
06-19 08:25:53.327 30539 30655 W VideoCapabilities: Unsupported mime image/vnd.android.heic
06-19 08:25:53.327 30539 30655 W VideoCapabilities: Unsupported mime image/vnd.android.heic
06-19 08:25:53.329 30539 30655 W VideoCapabilities: Unrecognized profile/level 32768/256 for video/mp4v-es
06-19 08:25:53.330 30539 30655 W VideoCapabilities: Unrecognized profile/level 32768/256 for video/mp4v-es
06-19 08:25:53.341 30539 30655 W AudioCapabilities: Unsupported mime audio/x-ima
06-19 08:25:53.341 30539 30655 W AudioCapabilities: Unsupported mime audio/mpeg-L1
06-19 08:25:53.341 30539 30655 W AudioCapabilities: Unsupported mime audio/mpeg-L2
06-19 08:25:53.342 30539 30655 W VideoCapabilities: Unsupported mime video/wvc1
06-19 08:25:53.342 30539 30655 W VideoCapabilities: Unsupported mime video/wvc1
06-19 08:25:53.342 30539 30655 W VideoCapabilities: Unsupported mime video/x-ms-wmv
06-19 08:25:53.343 30539 30655 W AudioCapabilities: Unsupported mime audio/iamf
06-19 08:25:53.345 30539 30655 W VideoCapabilities: Unsupported mime image/vnd.android.heic
06-19 08:25:53.345 30539 30655 W VideoCapabilities: Unsupported mime image/vnd.android.heic
06-19 08:25:53.345 30539 30655 W VideoCapabilities: Unsupported mime image/vnd.android.heic
06-19 08:25:53.345 30539 30655 W VideoCapabilities: Unsupported mime image/vnd.android.heic
06-19 08:25:53.345 30539 30655 W VideoCapabilities: Unrecognized profile/level 32768/256 for video/mp4v-es
06-19 08:25:53.346 30539 30655 W VideoCapabilities: Unrecognized profile/level 32768/256 for video/mp4v-es
06-19 08:25:53.346 30539 30655 W VideoCapabilities: Unrecognized profile/level 32768/256 for video/mp4v-es
06-19 08:25:53.351 30539 30655 D VirtualSpoof: [spoof] ro.hardware = qcom
06-19 08:25:53.389 30442 30442 I VRI[]@9ee9dc: ViewPostIme pointer 0
06-19 08:25:53.389 30442 30442 I VRI[]@9ee9dc: call setFrameRateCategory for touch hint category=high hint, reason=touch, vri=VRI[]@9ee9dc
06-19 08:25:53.555 30442 30442 I VRI[]@9ee9dc: ViewPostIme pointer 1
06-19 08:25:54.460 30539 30569 W JobServiceStub: Schedule: args[0] is null, returning RESULT_FAILURE
06-19 08:25:54.462 30539 30596 I TRuntime.CctTransportBackend: Status Code: 200
06-19 08:25:54.463 30539 30569 W JobServiceStub: Schedule: args[0] is null, returning RESULT_FAILURE
06-19 08:25:55.176 30539 30630 D TransactionThrottler: Reset transaction throttler
06-19 08:25:55.183 30539 30630 D TransactionThrottler: Reset transaction throttler
06-19 08:25:55.208 30442 30442 I VRI[]@9ee9dc: ViewPostIme pointer 0
06-19 08:25:55.289 30442 30442 I VRI[]@9ee9dc: ViewPostIme pointer 1
06-19 08:25:55.326 30442 30442 I BLASTBufferQueue_Java: update, w= 546 h= 463 mName = VRI[]@9ee9dc mNativeObject= 0x778e21f530 sc.mNativeObject= 0x772e22f5d0 format= -3 caller= android.view.ViewRootImpl.updateBlastSurfaceIfNeeded:3574 android.view.ViewRootImpl.relayoutWindow:11685 android.view.ViewRootImpl.performTraversals:4804 android.view.ViewRootImpl.doTraversal:3924 android.view.ViewRootImpl$TraversalRunnable.run:12903 android.view.Choreographer$CallbackRecord.run:1901 
06-19 08:25:55.326 30442 30442 D BLASTBufferQueue: [VRI[]@9ee9dc#2](f:0,a:2) update width=546 height=463 format=-3 mTransformHint=4
06-19 08:25:55.327 30442 30442 I VRI[]@9ee9dc: Relayout returned: old=(16,239,562,575) new=(16,239,562,702) relayoutAsync=false req=(546,463)0 dur=4 res=0x0 s={true 0x775e2beb40} ch=false seqId=0
06-19 08:25:55.328 30442 30442 D VRI[]@9ee9dc: mThreadedRenderer.updateSurface() mSurface={isValid=true 0x775e2beb40}
06-19 08:25:55.329 30442 30442 D ScrollView:  onsize change changed 
06-19 08:25:55.329 30442 30442 I VRI[]@9ee9dc: registerCallbackForPendingTransactions
06-19 08:25:55.331 30442 30487 I VRI[]@9ee9dc: mWNT: t=0x779e2c8a50 mBlastBufferQueue=0x778e21f530 fn= 37 HdrRenderState mRenderHdrSdrRatio=1.0 caller= android.view.ViewRootImpl$10.onFrameDraw:6536 android.view.ViewRootImpl$4.onFrameDraw:2489 android.view.ThreadedRenderer$1.onFrameDraw:718 
06-19 08:25:55.333 30442 30442 I VRI[]@9ee9dc: handleResized, frames=ClientWindowFrames{frame=[16,239][562,702] display=[0,39][1340,737] parentFrame=[0,0][0,0]} displayId=0 dragResizing=false compatScale=1.0 frameChanged=false attachedFrameChanged=false configChanged=false displayChanged=false compatScaleChanged=false dragResizingChanged=false
06-19 08:25:55.340 30442 30464 D BLASTBufferQueue: [VRI[]@9ee9dc#2](f:0,a:2) producer disconnected before acquireNextBufferLocked
06-19 08:25:55.584 30442 30447 D InputTransport: Input channel destroyed: 'ClientS', fd=179
06-19 08:25:55.584 30442 30447 D InputTransport: Input channel destroyed: 'ClientS', fd=215
06-19 08:25:55.585 30442 30447 D InputTransport: Input channel destroyed: 'ClientS', fd=264
06-19 08:25:56.723 30442 30442 I VRI[]@9ee9dc: ViewPostIme pointer 0
06-19 08:25:56.832 30442 30442 I VRI[]@9ee9dc: ViewPostIme pointer 1
06-19 08:25:57.821 30442 30442 I VRI[]@9ee9dc: ViewPostIme pointer 0
06-19 08:25:58.022 30442 30442 I VRI[]@9ee9dc: ViewPostIme pointer 1
06-19 08:25:58.191 30539 30807 D ProfileInstaller: Skipping profile installation for com.psoffritti.video.speed
06-19 08:25:58.558 30539 30539 I VRI[MainActivity]@b7fe9ee: ViewPostIme pointer 0
06-19 08:25:58.566 30539 30539 I VRI[MainActivity]@b7fe9ee: call setFrameRateCategory for touch hint category=high hint, reason=touch, vri=VRI[MainActivity]@b7fe9ee
06-19 08:25:58.574 30539 30539 D Choreographer: BBA2 receive callback when in bg : 0
06-19 08:25:58.585 30539 30539 I View    : setRequestedFrameRate frameRate=NaN, this=mb{e1c717c VFED..... ........ 0,0-1340,698 aid=1073741824}, caller=android.view.ViewGroup.setRequestedFrameRate:9952 sj.a:1 mb.dispatchDraw:98 android.view.View.draw:26345 android.view.View.updateDisplayListIfDirty:25175 
06-19 08:25:58.585 30539 30539 I View    : setRequestedFrameRate frameRate=NaN, this=android.view.View{8d07b2a V.ED..... ........ 0,0-0,0}, caller=sj.a:1 mb.dispatchDraw:107 android.view.View.draw:26345 android.view.View.updateDisplayListIfDirty:25175 android.view.ViewGroup.recreateChildDisplayList:4794 
06-19 08:25:58.709 30539 30539 I VRI[MainActivity]@b7fe9ee: ViewPostIme pointer 1
06-19 08:25:58.711 30539 30539 D TransactionThrottler: Reset transaction throttler
06-19 08:25:58.712 30539 30539 D TransactionThrottler: Reset transaction throttler
06-19 08:25:58.712 30539 30539 D CommonStub: Hook in : Intent { act=android.intent.action.OPEN_DOCUMENT typ=*/* xflg=0x4 (has extras) }
06-19 08:25:58.713 30539 30539 D TransactionThrottler: Reset transaction throttler
06-19 08:25:58.714 30539 30539 D TransactionThrottler: Reset transaction throttler
06-19 08:25:58.745 30539 30539 I View    : setRequestedFrameRate frameRate=NaN, this=mb{e1c717c VFED..... ........ 0,0-1340,698 aid=1073741824}, caller=android.view.ViewGroup.setRequestedFrameRate:9952 sj.a:1 mb.dispatchDraw:98 android.view.View.draw:26345 android.view.View.updateDisplayListIfDirty:25175 
06-19 08:25:58.746 30539 30539 I View    : setRequestedFrameRate frameRate=NaN, this=android.view.View{8d07b2a V.ED..... ........ 0,0-0,0}, caller=sj.a:1 mb.dispatchDraw:107 android.view.View.draw:26345 android.view.View.updateDisplayListIfDirty:25175 android.view.ViewGroup.recreateChildDisplayList:4794 
06-19 08:25:58.750 30539 30539 D FirebaseSessions: App backgrounded on com.psoffritti.video.speed
06-19 08:25:58.795 30539 30539 I ImeFocusController: onPreWindowFocus: skipped hasWindowFocus=false mHasImeFocus=true
06-19 08:25:58.796 30539 30539 I ImeFocusController: onPostWindowFocus: skipped hasWindowFocus=false mHasImeFocus=true
06-19 08:25:58.798 30539 30557 E FA      : Unable to use remote or local measurement implementation. Please register the AppMeasurementService service in the app manifest
06-19 08:25:59.403 30539 30539 I VRI[MainActivity]@b7fe9ee: handleAppVisibility mAppVisible = true visible = false
06-19 08:25:59.403 30539 30539 D VRI[MainActivity]@b7fe9ee: visibilityChanged oldVisibility=true newVisibility=false
06-19 08:25:59.414 30539 30575 D HWUI    : CacheManager::trimMemory(20)
06-19 08:25:59.418 30539 30539 D BLASTBufferQueue: [VRI[MainActivity]@b7fe9ee#0](f:0,a:1) destructor()
06-19 08:25:59.419 30539 30539 D BufferQueueConsumer: [VRI[MainActivity]@b7fe9ee#0(BLAST Consumer)0](id:774b00000000,api:0,p:-1,c:30539) disconnect
06-19 08:25:59.421 30539 30539 I VRI[MainActivity]@b7fe9ee: Relayout returned: old=(0,0,1340,800) new=(0,0,1340,800) relayoutAsync=false req=(1340,800)8 dur=3 res=0x2 s={false 0x0} ch=true seqId=0
06-19 08:25:59.423 30539 30539 D VRI[MainActivity]@b7fe9ee: Not drawing due to not visible. Reason=!mAppVisible && !mForceDecorViewVisibility
06-19 08:26:00.081 30539 30539 D InputTransport: Input channel destroyed: 'ClientS', fd=202
06-19 08:26:00.097 30539 30539 E HCallbackStub: mActivityCallbacks is null for clientTransaction: ClientTransaction{
06-19 08:26:00.097 30539 30539 E HCallbackStub:   transactionItems=[
06-19 08:26:00.097 30539 30539 E HCallbackStub:     StopActivityItem{mActivityToken=android.os.BinderProxy@182db11}
06-19 08:26:00.097 30539 30539 E HCallbackStub:   ]
06-19 08:26:00.097 30539 30539 E HCallbackStub: }
06-19 08:26:00.098 30539 30539 W WindowOnBackDispatcher: sendCancelIfRunning: isInProgress=false callback=fw2@94b1ea1
06-19 08:26:00.098 30539 30539 I VRI[MainActivity]@b7fe9ee: stopped(true) old = false
06-19 08:26:00.098 30539 30539 D VRI[MainActivity]@b7fe9ee: WindowStopped on com.psoffritti.video.speed/com.psoffritti.video.speed.ui.MainActivity set to true
06-19 08:26:00.103 30539 30575 D HWUI    : CacheManager::trimMemory(20)
06-19 08:26:00.120 30442 30446 I naijun.blackbox: Background concurrent mark compact GC freed 5940KB AllocSpace bytes, 24(2116KB) LOS objects, 49% free, 7638KB/14MB, paused 1.538ms,952us total 112.401ms
06-19 08:26:00.155 30539 30575 D HWUI    : CacheManager::trimMemory(20)
06-19 08:26:00.192 30539 30539 D BBA2    : setIsFg isFg = false; delayValue 3999ms
06-19 08:26:00.803 30539 30557 I FA      : Application backgrounded at: timestamp_millis: 1781837758798
06-19 08:26:00.891 30539 30557 E FA      : Unable to use remote or local measurement implementation. Please register the AppMeasurementService service in the app manifest
06-19 08:26:01.583 30539 30539 I VRI[MainActivity]@b7fe9ee: handleAppVisibility mAppVisible = false visible = true
06-19 08:26:01.598 30539 30539 I VRI[MainActivity]@b7fe9ee: stopped(false) old = true
06-19 08:26:01.598 30539 30539 D VRI[MainActivity]@b7fe9ee: WindowStopped on com.psoffritti.video.speed/com.psoffritti.video.speed.ui.MainActivity set to false
06-19 08:26:01.601 30539 30539 D ViewRootImpl: Skipping stats log for color mode
06-19 08:26:01.619 30539 30539 D TransactionThrottler: Reset transaction throttler
06-19 08:26:01.619 30539 30539 D CommonStub: Hook in : Intent { act=MediaPickerActivity flg=0x1 xflg=0x4 cmp=com.psoffritti.video.speed/.ui.speed.VideoSpeedActivity clip={text/uri-list hasLabel(0) {U(content)}} }
06-19 08:26:01.623 30539 30539 D TransactionThrottler: Reset transaction throttler
06-19 08:26:01.630 25338 25355 D ActivityStack: startActivityLocked : ActivityInfo{494e75f com.psoffritti.video.speed.ui.speed.VideoSpeedActivity}
06-19 08:26:01.645 25338 25355 D ActivityStack: ActivityInfo{494e75f com.psoffritti.video.speed.ui.speed.VideoSpeedActivity}, windowIsTranslucent: false
06-19 08:26:01.674 30539 30539 D FirebaseSessions: App foregrounded on com.psoffritti.video.speed
06-19 08:26:01.681 30539 30539 D TransactionThrottler: Reset transaction throttler
06-19 08:26:01.717 30539 30557 E FA      : Unable to use remote or local measurement implementation. Please register the AppMeasurementService service in the app manifest
06-19 08:26:01.726 25338 28078 D ActivityStack: onActivityResumed : ComponentInfo{com.psoffritti.video.speed/com.psoffritti.video.speed.ui.MainActivity}
06-19 08:26:01.748 30539 30539 D BufferQueueConsumer: [](id:774b00000001,api:0,p:-1,c:30539) connect: controlledByApp=false
06-19 08:26:01.748 30539 30539 D BLASTBufferQueue: [VRI[MainActivity]@b7fe9ee#1](f:0,a:0) constructor()
06-19 08:26:01.749 30539 30539 I BLASTBufferQueue_Java: new BLASTBufferQueue, mName= VRI[MainActivity]@b7fe9ee mNativeObject= 0x778e23b8c0 caller= android.view.ViewRootImpl.updateBlastSurfaceIfNeeded:3585 android.view.ViewRootImpl.relayoutWindow:11685 android.view.ViewRootImpl.performTraversals:4804 android.view.ViewRootImpl.doTraversal:3924 android.view.ViewRootImpl$TraversalRunnable.run:12903 android.view.Choreographer$CallbackRecord.run:1901 android.view.Choreographer$CallbackRecord.run:1910 android.view.Choreographer.doCallbacks:1367 android.view.Choreographer.doFrame:1292 android.view.Choreographer$FrameDisplayEventReceiver.run:1870 
06-19 08:26:01.749 30539 30539 I BLASTBufferQueue_Java: update, w= 1340 h= 800 mName = VRI[MainActivity]@b7fe9ee mNativeObject= 0x778e23b8c0 sc.mNativeObject= 0x772e2184d0 format= -1 caller= android.view.ViewRootImpl.updateBlastSurfaceIfNeeded:3590 android.view.ViewRootImpl.relayoutWindow:11685 android.view.ViewRootImpl.performTraversals:4804 android.view.ViewRootImpl.doTraversal:3924 android.view.ViewRootImpl$TraversalRunnable.run:12903 android.view.Choreographer$CallbackRecord.run:1901 
06-19 08:26:01.749 30539 30539 D BLASTBufferQueue: [VRI[MainActivity]@b7fe9ee#1](f:0,a:0) update width=1340 height=800 format=-1 mTransformHint=4
06-19 08:26:01.749 30539 30539 I VRI[MainActivity]@b7fe9ee: Relayout returned: old=(0,0,1340,800) new=(0,0,1340,800) relayoutAsync=false req=(1340,800)0 dur=19 res=0x3 s={true 0x775e2344c0} ch=true seqId=0
06-19 08:26:01.750 30539 30539 D VRI[MainActivity]@b7fe9ee: mThreadedRenderer.initialize() mSurface={isValid=true 0x775e2344c0} hwInitialized=true
06-19 08:26:01.751 30539 30539 D VRI[MainActivity]@b7fe9ee: reportNextDraw android.view.ViewRootImpl.performTraversals:5443 android.view.ViewRootImpl.doTraversal:3924 android.view.ViewRootImpl$TraversalRunnable.run:12903 android.view.Choreographer$CallbackRecord.run:1901 android.view.Choreographer$CallbackRecord.run:1910 
06-19 08:26:01.751 30539 30539 D VRI[MainActivity]@b7fe9ee: Setup new sync=wmsSync-VRI[MainActivity]@b7fe9ee#2
06-19 08:26:01.752 30539 30539 I VRI[MainActivity]@b7fe9ee: Creating new active sync group VRI[MainActivity]@b7fe9ee#3
06-19 08:26:01.752 30539 30539 D VRI[MainActivity]@b7fe9ee: Start draw after previous draw not visible
06-19 08:26:01.752 30539 30539 D VRI[MainActivity]@b7fe9ee: registerCallbacksForSync syncBuffer=false
06-19 08:26:01.761 30539 30539 I View    : setRequestedFrameRate frameRate=NaN, this=mb{e1c717c VFED..... ........ 0,0-1340,698 aid=1073741824}, caller=android.view.ViewGroup.setRequestedFrameRate:9952 sj.a:1 mb.dispatchDraw:98 android.view.View.draw:26345 android.view.View.updateDisplayListIfDirty:25175 
06-19 08:26:01.761 30539 30539 I View    : setRequestedFrameRate frameRate=NaN, this=android.view.View{8d07b2a V.ED..... ........ 0,0-0,0}, caller=sj.a:1 mb.dispatchDraw:107 android.view.View.draw:26345 android.view.View.updateDisplayListIfDirty:25175 android.view.View.draw:26072 
06-19 08:26:01.772 30539 30598 D VRI[MainActivity]@b7fe9ee: Received frameDrawingCallback syncResult=0 frameNum=1.
06-19 08:26:01.773 30539 30598 I VRI[MainActivity]@b7fe9ee: mWNT: t=0x779e26c010 mBlastBufferQueue=0x778e23b8c0 fn= 1 HdrRenderState mRenderHdrSdrRatio=1.0 caller= android.view.ViewRootImpl$12.onFrameDraw:15441 android.view.ThreadedRenderer$1.onFrameDraw:718 <bottom of call stack> 
06-19 08:26:01.773 30539 30598 I VRI[MainActivity]@b7fe9ee: Setting up sync and frameCommitCallback
06-19 08:26:01.787 30539 30575 D BLASTBufferQueue: [VRI[MainActivity]@b7fe9ee#1](f:0,a:1) acquireNextBufferLocked size=1340x800 mFrameNumber=1 applyTransaction=true mTimestamp=247778746299997(auto) mPendingTransactions.size=0 graphicBufferId=131164006252553 transform=7
06-19 08:26:01.789 30539 30575 I VRI[MainActivity]@b7fe9ee: Received frameCommittedCallback lastAttemptedDrawFrameNum=1 didProduceBuffer=true
06-19 08:26:01.791 30539 30539 D VRI[MainActivity]@b7fe9ee: reportDrawFinished seqId=0
06-19 08:26:01.793 30539 30539 D FirebaseSessions: App backgrounded on com.psoffritti.video.speed
06-19 08:26:01.827 30539 30539 I VRI[MainActivity]@b7fe9ee: call setFrameRateCategory for touch hint category=no preference, reason=boost timeout, vri=VRI[MainActivity]@b7fe9ee
06-19 08:26:01.828 30539 30539 I InsetsSourceConsumer: applyRequestedVisibilityToControl: visible=true, type=navigationBars, host=com.psoffritti.video.speed/com.psoffritti.video.speed.ui.MainActivity
06-19 08:26:01.829 30539 30539 I InsetsSourceConsumer: applyRequestedVisibilityToControl: visible=true, type=statusBars, host=com.psoffritti.video.speed/com.psoffritti.video.speed.ui.MainActivity
06-19 08:26:01.836 25338 25412 D ActivityStack: onActivityCreated : ComponentInfo{com.psoffritti.video.speed/com.psoffritti.video.speed.ui.speed.VideoSpeedActivity}
06-19 08:26:01.843 30539 30539 D ActivityThread: Too many transaction errors, throttling freezer binder callback.
06-19 08:26:01.843 30539 30539 D ActivityThread: com.psoffritti.video.speed will use render engine as GL
06-19 08:26:01.870 30539 30557 E FA      : Unable to use remote or local measurement implementation. Please register the AppMeasurementService service in the app manifest
06-19 08:26:01.901 30539 30539 D AppCompatDelegate: Checking for metadata for AppLocalesMetadataHolderService : Service not found
06-19 08:26:01.911 30539 30539 D AppInstrumentation: callActivityOnCreate: com.psoffritti.video.speed.ui.speed.VideoSpeedActivity
06-19 08:26:01.919 30539 30539 I DecorView: setWindowBackground: isPopOver=false color=ff141218 d=android.graphics.drawable.ColorDrawable@e4349b5
06-19 08:26:01.944 30539 30571 D TransactionThrottler: Reset transaction throttler
06-19 08:26:01.944 30539 30571 E ActivityThread: Failed to find provider info for com.android.providers.media.documents
06-19 08:26:01.954 30539 30595 D TransactionThrottler: Reset transaction throttler
06-19 08:26:01.955 30539 30595 E ActivityThread: Failed to find provider info for com.android.providers.media.documents
06-19 08:26:01.966 30539 30595 V MediaMetadataRetriever: constructor
06-19 08:26:01.970 30539 30595 D TransactionThrottler: Reset transaction throttler
06-19 08:26:01.971 30539 30595 E ActivityThread: Failed to find provider info for com.android.providers.media.documents
06-19 08:26:01.973 30539 30595 E MediaMetadataRetriever: setDataSource - FileNotFoundException
06-19 08:26:01.976 30539 30593 D TransactionThrottler: Reset transaction throttler
06-19 08:26:01.976 30539 30539 D FirebaseSessions: App foregrounded on com.psoffritti.video.speed
06-19 08:26:01.978 30539 30543 I jun.blackbox:p0: Background concurrent mark compact GC freed 13MB AllocSpace bytes, 93(2568KB) LOS objects, 49% free, 7485KB/14MB, paused 5.345ms,2.721ms total 145.041ms
06-19 08:26:01.980 30539 30593 E ActivityThread: Failed to find provider info for com.android.providers.media.documents
06-19 08:26:01.980 30539 30539 D TransactionThrottler: Reset transaction throttler
06-19 08:26:01.996 30539 30539 I ViewRootImpl: dVRR is disabled
06-19 08:26:01.997 30539 30575 D NativeCustomFrequencyManager: [NativeCFMS] BpCustomFrequencyManager::BpCustomFrequencyManager()
06-19 08:26:02.002 30539 30539 D InputTransport: Input channel constructed: 'd0bbbf3', fd=164
06-19 08:26:02.003 30539 30539 I InsetsController: onStateChanged: host=com.psoffritti.video.speed/com.psoffritti.video.speed.ui.speed.VideoSpeedActivity, from=android.view.ViewRootImpl.onInsetsStateChanged:3026, state=InsetsState: {mDisplayFrame=Rect(0, 0 - 1340, 800), mDisplayCutout=DisplayCutout{insets=Rect(0, 0 - 0, 0) waterfall=Insets{left=0, top=0, right=0, bottom=0} boundingRect={Bounds=[Rect(0, 0 - 0, 0), Rect(0, 0 - 0, 0), Rect(0, 0 - 0, 0), Rect(0, 0 - 0, 0)]} cutoutPathParserInfo={CutoutPathParserInfo{displayWidth=0 displayHeight=0 physicalDisplayWidth=0 physicalDisplayHeight=0 density={0.0} cutoutSpec={} rotation={0} scale={0.0} physicalPixelDisplaySizeRatio={0.0}}} sideOverrides=null}, mRoundedCorners=RoundedCorners{[RoundedCorner{position=TopLeft, radius=9, center=Point(9, 9)}, RoundedCorner{position=TopRight, radius=9, center=Point(1331, 9)}, RoundedCorner{position=BottomRight, radius=9, center=Point(1331, 791)}, RoundedCorner{position=BottomLeft, radius=9, center=Point(9, 791)}]}  mRoundedCornerFrame=Rect(0, 0 - 1340, 800), mPrivacyIndicatorBounds=PrivacyIndicatorBounds {static bounds=Rect(1282, 0 - 1340, 39) rotation=1}, mDisplayShape=DisplayShape{ spec=-311912193 displayWidth=800 displayHeight=1340 physicalPixelDisplaySizeRatio=1.0 rotation=1 offsetX=0 offsetY=0 scale=1.0}, mSources= { InsetsSource: {887e0000 mType=statusBars mFrame=[0,0][1340,39] mVisible=true mFlags= mSideHint=TOP mBoundingRects=null}, InsetsSource: {887e0005 mType=mandatorySystemGestures mFrame=[0,0][1340,39] mVisible=true mFlags= mSideHint=TOP mBoundingRects=null}, InsetsSource: {887e0006 mType=tappableElement mFrame=[0,0][1340,39] mVisible=true mFlags= mSideHint=TOP mBoundingRects=null}, InsetsSource: {3 mType=ime mFrame=[0,0][0,0] mVisible=false mFlags= mSideHint=NONE mBoundingRects=null}, InsetsSource: {292c0001 mType=navigationBars mFrame=[0,737][1340,800] mVisible=true mFlags= mSideHint=BOTTOM mBoundingRects=null}, InsetsSource: {292c0004 mType=systemGestures mFrame=[0,0][0,0] mVisible=true mFlags= mSideHint=NONE mBoundingRects=null}, InsetsSource: {292c0005 mType=mandatorySystemGestures mFrame=[0,737][1340,800] mVisible=true mFlags= mSideHint=BOTTOM mBoundingRects=null}, InsetsSource: {292c0006 mType=tappableElement mFrame=[0,737][1340,800] mVisible=true mFlags= mSideHint=BOTTOM mBoundingRects=null}, InsetsSource: {292c0024 mType=systemGestures mFrame=[0,0][0,0] mVisible=true mFlags= mSideHint=NONE mBoundingRects=null} }
06-19 08:26:02.010 30539 30539 I VRI[VideoSpeedActivity]@5ebe677: synced displayState. AttachInfo displayState=2
06-19 08:26:02.014 30539 30539 I VRI[VideoSpeedActivity]@5ebe677: setView = com.android.internal.policy.DecorView@b2e7313 IsHRR=false mFlingFrameRateChange=0 TM=true
06-19 08:26:02.019 30539 30557 E FA      : Unable to use remote or local measurement implementation. Please register the AppMeasurementService service in the app manifest
06-19 08:26:02.019 25338 25412 D ActivityStack: onActivityResumed : ComponentInfo{com.psoffritti.video.speed/com.psoffritti.video.speed.ui.speed.VideoSpeedActivity}
06-19 08:26:02.075 30539 30539 D BufferQueueConsumer: [](id:774b00000002,api:0,p:-1,c:30539) connect: controlledByApp=false
06-19 08:26:02.076 30539 30539 D BLASTBufferQueue: [VRI[VideoSpeedActivity]@5ebe677#2](f:0,a:0) constructor()
06-19 08:26:02.076 30539 30539 I BLASTBufferQueue_Java: new BLASTBufferQueue, mName= VRI[VideoSpeedActivity]@5ebe677 mNativeObject= 0x778e22a9d0 caller= android.view.ViewRootImpl.updateBlastSurfaceIfNeeded:3585 android.view.ViewRootImpl.relayoutWindow:11685 android.view.ViewRootImpl.performTraversals:4804 android.view.ViewRootImpl.doTraversal:3924 android.view.ViewRootImpl$TraversalRunnable.run:12903 android.view.Choreographer$CallbackRecord.run:1901 android.view.Choreographer$CallbackRecord.run:1910 android.view.Choreographer.doCallbacks:1367 android.view.Choreographer.doFrame:1292 android.view.Choreographer$FrameDisplayEventReceiver.run:1870 
06-19 08:26:02.076 30539 30539 I BLASTBufferQueue_Java: update, w= 1340 h= 800 mName = VRI[VideoSpeedActivity]@5ebe677 mNativeObject= 0x778e22a9d0 sc.mNativeObject= 0x772e2214d0 format= -1 caller= android.view.ViewRootImpl.updateBlastSurfaceIfNeeded:3590 android.view.ViewRootImpl.relayoutWindow:11685 android.view.ViewRootImpl.performTraversals:4804 android.view.ViewRootImpl.doTraversal:3924 android.view.ViewRootImpl$TraversalRunnable.run:12903 android.view.Choreographer$CallbackRecord.run:1901 
06-19 08:26:02.076 30539 30539 D BLASTBufferQueue: [VRI[VideoSpeedActivity]@5ebe677#2](f:0,a:0) update width=1340 height=800 format=-1 mTransformHint=4
06-19 08:26:02.076 30539 30539 I VRI[VideoSpeedActivity]@5ebe677: Relayout returned: old=(0,0,1340,800) new=(0,0,1340,800) relayoutAsync=false req=(1340,800)0 dur=8 res=0x3 s={true 0x775e24c700} ch=true seqId=0
06-19 08:26:02.078 30539 30539 D VRI[VideoSpeedActivity]@5ebe677: mThreadedRenderer.initialize() mSurface={isValid=true 0x775e24c700} hwInitialized=true
06-19 08:26:02.082 30539 30539 D VRI[VideoSpeedActivity]@5ebe677: reportNextDraw android.view.ViewRootImpl.performTraversals:5443 android.view.ViewRootImpl.doTraversal:3924 android.view.ViewRootImpl$TraversalRunnable.run:12903 android.view.Choreographer$CallbackRecord.run:1901 android.view.Choreographer$CallbackRecord.run:1910 
06-19 08:26:02.082 30539 30539 D VRI[VideoSpeedActivity]@5ebe677: Setup new sync=wmsSync-VRI[VideoSpeedActivity]@5ebe677#4
06-19 08:26:02.082 30539 30539 I VRI[VideoSpeedActivity]@5ebe677: Creating new active sync group VRI[VideoSpeedActivity]@5ebe677#5
06-19 08:26:02.082 30539 30539 D VRI[VideoSpeedActivity]@5ebe677: registerCallbacksForSync syncBuffer=false
06-19 08:26:02.090 30539 30539 I View    : setRequestedFrameRate frameRate=0.0, this=mb{8bf318b VFED..... ........ 0,0-1340,698 aid=1073741824}, caller=android.view.ViewGroup.setRequestedFrameRate:9952 sj.a:1 mb.dispatchDraw:98 android.view.View.draw:26345 android.view.View.updateDisplayListIfDirty:25175 
06-19 08:26:02.091 30539 30539 I View    : setRequestedFrameRate frameRate=-4.0, this=android.view.View{45563d5 V.ED..... ......I. 0,0-0,0}, caller=sj.a:1 mb.dispatchDraw:107 android.view.View.draw:26345 android.view.View.updateDisplayListIfDirty:25175 android.view.View.draw:26072 
06-19 08:26:02.093 30539 30599 D VRI[VideoSpeedActivity]@5ebe677: Received frameDrawingCallback syncResult=0 frameNum=1.
06-19 08:26:02.093 30539 30599 I VRI[VideoSpeedActivity]@5ebe677: mWNT: t=0x779e239250 mBlastBufferQueue=0x778e22a9d0 fn= 1 HdrRenderState mRenderHdrSdrRatio=1.0 caller= android.view.ViewRootImpl$12.onFrameDraw:15441 android.view.ThreadedRenderer$1.onFrameDraw:718 <bottom of call stack> 
06-19 08:26:02.093 30539 30599 I VRI[VideoSpeedActivity]@5ebe677: Setting up sync and frameCommitCallback
06-19 08:26:02.102 30539 30575 D BLASTBufferQueue: [VRI[VideoSpeedActivity]@5ebe677#2](f:0,a:1) acquireNextBufferLocked size=1340x800 mFrameNumber=1 applyTransaction=true mTimestamp=247779061806382(auto) mPendingTransactions.size=0 graphicBufferId=131164006252557 transform=7
06-19 08:26:02.102 30539 30575 I VRI[VideoSpeedActivity]@5ebe677: Received frameCommittedCallback lastAttemptedDrawFrameNum=1 didProduceBuffer=true
06-19 08:26:02.104 30539 30575 D HWUI    : CFMS:: SetUp Pid : 30539    Tid : 30575
06-19 08:26:02.104 30539 30539 D VRI[VideoSpeedActivity]@5ebe677: reportDrawFinished seqId=0
06-19 08:26:02.105 30539 30575 D HWUI    : HWUI - treat SMPTE_170M as sRGB
06-19 08:26:02.146 30539 30539 I View    : setRequestedFrameRate frameRate=NaN, this=mb{8bf318b VFED..... ........ 0,0-1340,698 aid=1073741824}, caller=android.view.ViewGroup.setRequestedFrameRate:9952 sj.a:1 mb.dispatchDraw:98 android.view.View.draw:26345 android.view.View.updateDisplayListIfDirty:25175 
06-19 08:26:02.147 30539 30539 I View    : setRequestedFrameRate frameRate=-4.0, this=android.view.View{45563d5 V.ED..... ........ 0,0-0,0}, caller=sj.a:1 mb.dispatchDraw:107 android.view.View.draw:26345 android.view.View.updateDisplayListIfDirty:25175 android.view.View.draw:26072 
06-19 08:26:02.150 30539 30539 I InsetsSourceConsumer: applyRequestedVisibilityToControl: visible=true, type=navigationBars, host=com.psoffritti.video.speed/com.psoffritti.video.speed.ui.speed.VideoSpeedActivity
06-19 08:26:02.152 30539 30539 I InsetsSourceConsumer: applyRequestedVisibilityToControl: visible=true, type=statusBars, host=com.psoffritti.video.speed/com.psoffritti.video.speed.ui.speed.VideoSpeedActivity
06-19 08:26:02.166 30539 30539 D VRI[VideoSpeedActivity]@5ebe677: mThreadedRenderer.initializeIfNeeded()#2 mSurface={isValid=true 0x775e24c700}
06-19 08:26:02.167 30539 30539 D InputMethodManagerUtils: startInputInner - Id : 0
06-19 08:26:02.167 30539 30539 I InputMethodManager: startInputInner - IInputMethodManagerGlobalInvoker.startInputOrWindowGainedFocus
06-19 08:26:02.173 30539 30539 I InputMethodManager: handleMessage: setImeVisibility visible=false
06-19 08:26:02.173 30539 30539 D InsetsController: hide(ime(), fromIme=false)
06-19 08:26:02.173 30539 30539 I ImeTracker: top.niunaijun.blackbox:1fc8f3ce: onCancelled at PHASE_CLIENT_ALREADY_HIDDEN
06-19 08:26:02.176 30539 30613 D InputTransport: Input channel constructed: 'ClientS', fd=278
06-19 08:26:02.555 30539 30539 E HCallbackStub: mActivityCallbacks is null for clientTransaction: ClientTransaction{
06-19 08:26:02.555 30539 30539 E HCallbackStub:   transactionItems=[
06-19 08:26:02.555 30539 30539 E HCallbackStub:     StopActivityItem{mActivityToken=android.os.BinderProxy@182db11}
06-19 08:26:02.555 30539 30539 E HCallbackStub:   ]
06-19 08:26:02.555 30539 30539 E HCallbackStub: }
06-19 08:26:02.555 30539 30539 W WindowOnBackDispatcher: sendCancelIfRunning: isInProgress=false callback=fw2@94b1ea1
06-19 08:26:02.555 30539 30539 I VRI[MainActivity]@b7fe9ee: stopped(true) old = false
06-19 08:26:02.555 30539 30539 D VRI[MainActivity]@b7fe9ee: WindowStopped on com.psoffritti.video.speed/com.psoffritti.video.speed.ui.MainActivity set to true
06-19 08:26:02.566 30539 30575 D BLASTBufferQueue: [VRI[MainActivity]@b7fe9ee#1](f:0,a:1) destructor()
06-19 08:26:02.566 30539 30575 D BufferQueueConsumer: [VRI[MainActivity]@b7fe9ee#1(BLAST Consumer)1](id:774b00000001,api:0,p:-1,c:30539) disconnect
06-19 08:26:02.569 30539 30539 I VRI[MainActivity]@b7fe9ee: Relayout returned: old=(0,0,1340,800) new=(0,0,1340,800) relayoutAsync=false req=(1340,800)4 dur=2 res=0x2 s={false 0x0} ch=false seqId=0
06-19 08:26:02.570 30539 30539 D VRI[MainActivity]@b7fe9ee: Not drawing due to not visible. Reason=View.INVISIBLE
06-19 08:26:02.572 30539 30539 I VRI[MainActivity]@b7fe9ee: handleAppVisibility mAppVisible = true visible = false
06-19 08:26:03.129 30539 31212 D PackageManagerStub: GetPackageInfo: Providing fake Google Play Services info
06-19 08:26:03.132 30539 31212 W GooglePlayServicesUtil: com.psoffritti.video.speed requires Google Play services, but they are missing.
06-19 08:26:03.134 30539 31212 E DynamiteModule: Invalid GmsCore APK, remote loading disabled.
06-19 08:26:03.142 30539 31212 I Ads     : Use RequestConfiguration.Builder().setTestDeviceIds(Arrays.asList("1654883292BEA2952023B0AF6A4DAB83")) to get test ads on this device.
06-19 08:26:03.159 30539 31213 D GASS    : Clearcut logging disabled
06-19 08:26:03.174 30539 31214 D TransactionThrottler: Reset transaction throttler
06-19 08:26:03.176 30539 31214 D TransactionThrottler: Reset transaction throttler
06-19 08:26:03.181 30539 31214 W GooglePlayServicesUtil: Google Play services is missing.
06-19 08:26:03.181 30539 31214 W GooglePlayServicesUtil: com.psoffritti.video.speed requires Google Play services, but they are missing.
06-19 08:26:03.190 30539 31214 D NativeCore: openDexFileNative: /data/user/0/top.niunaijun.blackbox/blackbox/data/user/0/com.psoffritti.video.speed/cache/1762298034389.jar
06-19 08:26:03.190 30539 31214 D NativeCore: DexFileHook::setFileReadonly: 设置文件 /data/user/0/top.niunaijun.blackbox/blackbox/data/user/0/com.psoffritti.video.speed/cache/1762298034389.jar 为只读成功
06-19 08:26:03.199 30539 31214 D rk5     : File /data/user/0/top.niunaijun.blackbox/blackbox/data/user/0/com.psoffritti.video.speed/cache/1762298034389.dex not found. No need for deletion
06-19 08:26:03.204 30539 31214 D ConnectivityManager: StackLog: [android.net.ConnectivityManager.sendRequestForNetwork(ConnectivityManager.java:4744)] [android.net.ConnectivityManager.registerDefaultNetworkCallbackForUid(ConnectivityManager.java:5469)] [android.net.ConnectivityManager.registerDefaultNetworkCallback(ConnectivityManager.java:5436)] [android.net.ConnectivityManager.registerDefaultNetworkCallback(ConnectivityManager.java:5410)] [dk5.A(r8-map-id-22ddcf22c993937fddbd2d59d7f4373f5bde39fb88af5da5723f0db9b2d00d1e:22)] [fe8.n(r8-map-id-22ddcf22c993937fddbd2d59d7f4373f5bde39fb88af5da5723f0db9b2d00d1e:74)] [fe8.run(r8-map-id-22ddcf22c993937fddbd2d59d7f4373f5bde39fb88af5da5723f0db9b2d00d1e:69)] [java.util.concurrent.ThreadPoolExecutor.runWorker(ThreadPoolExecutor.java:1100)] [java.util.concurrent.ThreadPoolExecutor$Worker.run(ThreadPoolExecutor.java:624)] [java.lang.Thread.run(Thread.java:1572)]
06-19 08:26:03.204 30539 31214 D IConnectivityManagerProxy: Intercepting requestNetwork call for internet access
06-19 08:26:03.206 30539 31214 D IConnectivityManagerProxy: requestNetwork succeeded via original method
06-19 08:26:03.208 30539 31214 D ClassInvocationStub: AppOps invoke: Bypassing system for startWatchingActive, allowing operation
06-19 08:26:03.209 30539 31213 D ConnectivityManager: StackLog: [android.net.ConnectivityManager.sendRequestForNetwork(ConnectivityManager.java:4744)] [android.net.ConnectivityManager.registerDefaultNetworkCallbackForUid(ConnectivityManager.java:5469)] [android.net.ConnectivityManager.registerDefaultNetworkCallback(ConnectivityManager.java:5436)] [android.net.ConnectivityManager.registerDefaultNetworkCallback(ConnectivityManager.java:5410)] [dk5.A(r8-map-id-22ddcf22c993937fddbd2d59d7f4373f5bde39fb88af5da5723f0db9b2d00d1e:22)] [dj5.m(r8-map-id-22ddcf22c993937fddbd2d59d7f4373f5bde39fb88af5da5723f0db9b2d00d1e:18)] [fe8.p(r8-map-id-22ddcf22c993937fddbd2d59d7f4373f5bde39fb88af5da5723f0db9b2d00d1e:112)] [oz5.run(r8-map-id-22ddcf22c993937fddbd2d59d7f4373f5bde39fb88af5da5723f0db9b2d00d1e:167)] [java.util.concurrent.ThreadPoolExecutor.runWorker(ThreadPoolExecutor.java:1100)] [java.util.concurrent.ThreadPoolExecutor$Worker.run(ThreadPoolExecutor.java:624)] [java.lang.Thread.run(Thread.java:1572)]
06-19 08:26:03.209 30539 31213 D IConnectivityManagerProxy: Intercepting requestNetwork call for internet access
06-19 08:26:03.209 30539 31230 D GASS    : Clearcut logging disabled
06-19 08:26:03.210 30539 31213 D IConnectivityManagerProxy: requestNetwork succeeded via original method
06-19 08:26:03.210 30539 31213 D ClassInvocationStub: AppOps invoke: Bypassing system for startWatchingActive, allowing operation
06-19 08:26:03.214 30539 31217 D TransactionThrottler: Reset transaction throttler
06-19 08:26:03.215 30539 31217 D TransactionThrottler: Reset transaction throttler
06-19 08:26:03.216 30539 31213 D TransactionThrottler: Reset transaction throttler
06-19 08:26:03.216 30539 31230 W GooglePlayServicesUtil: com.psoffritti.video.speed requires Google Play services, but they are missing.
06-19 08:26:03.216 30539 31213 D TransactionThrottler: Reset transaction throttler
06-19 08:26:03.216 30539 31231 D AttributionSourceUtils: Fixed AttributionSource UID in method arguments
06-19 08:26:03.221 30539 31226 W GooglePlayServicesUtil: com.psoffritti.video.speed requires Google Play services, but they are missing.
06-19 08:26:03.222 30539 31237 W GooglePlayServicesUtil: com.psoffritti.video.speed requires Google Play services, but they are missing.
