06-18 15:44:38.990 12265 12265 D VRI[SettingActivity]@39395c6: reportNextDraw android.view.ViewRootImpl.performTraversals:5443 android.view.ViewRootImpl.doTraversal:3924 android.view.ViewRootImpl$TraversalRunnable.run:12903 android.view.Choreographer$CallbackRecord.run:1901 android.view.Choreographer$CallbackRecord.run:1910 
06-18 15:44:38.990 12265 12265 D VRI[SettingActivity]@39395c6: Setup new sync=wmsSync-VRI[SettingActivity]@39395c6#26
06-18 15:44:38.990 12265 12265 I VRI[SettingActivity]@39395c6: Creating new active sync group VRI[SettingActivity]@39395c6#27
06-18 15:44:38.994 12265 12265 D VRI[SettingActivity]@39395c6: registerCallbacksForSync syncBuffer=false
06-18 15:44:38.997 12265 12343 D VRI[SettingActivity]@39395c6: Received frameDrawingCallback syncResult=0 frameNum=1.
06-18 15:44:38.997 12265 12343 I VRI[SettingActivity]@39395c6: mWNT: t=0x779e2f5450 mBlastBufferQueue=0x778e2c8a90 fn= 1 HdrRenderState mRenderHdrSdrRatio=1.0 caller= android.view.ViewRootImpl$12.onFrameDraw:15441 android.view.ThreadedRenderer$1.onFrameDraw:718 <bottom of call stack> 
06-18 15:44:38.997 12265 12343 I VRI[SettingActivity]@39395c6: Setting up sync and frameCommitCallback
06-18 15:44:39.019 12265 12306 D BLASTBufferQueue: [VRI[SettingActivity]@39395c6#11](f:0,a:1) acquireNextBufferLocked size=1340x800 mFrameNumber=1 applyTransaction=true mTimestamp=235392845747028(auto) mPendingTransactions.size=0 graphicBufferId=52677773885503 transform=7
06-18 15:44:39.019 12265 12306 I VRI[SettingActivity]@39395c6: Received frameCommittedCallback lastAttemptedDrawFrameNum=1 didProduceBuffer=true
06-18 15:44:39.020 12265 12306 D HWUI    : CFMS:: SetUp Pid : 12265    Tid : 12306
06-18 15:44:39.020 12265 12265 D VRI[SettingActivity]@39395c6: reportDrawFinished seqId=0
06-18 15:44:39.023 12265 12265 I InsetsSourceConsumer: applyRequestedVisibilityToControl: visible=true, type=navigationBars, host=top.niunaijun.blackbox/top.niunaijun.blackboxa.view.main.MainActivity
06-18 15:44:39.024 12265 12265 I InsetsSourceConsumer: applyRequestedVisibilityToControl: visible=true, type=statusBars, host=top.niunaijun.blackbox/top.niunaijun.blackboxa.view.main.MainActivity
06-18 15:44:39.024 12265 12306 D HWUI    : HWUI - treat SMPTE_170M as sRGB
06-18 15:44:39.025 12265 12265 I ImeFocusController: onPreWindowFocus: skipped hasWindowFocus=false mHasImeFocus=false
06-18 15:44:39.025 12265 12265 I ImeFocusController: onPostWindowFocus: skipped hasWindowFocus=false mHasImeFocus=false
06-18 15:44:39.025 12265 12265 I ImeFocusController: onPreWindowFocus: skipped hasWindowFocus=false mHasImeFocus=true
06-18 15:44:39.025 12265 12265 I ImeFocusController: onPostWindowFocus: skipped hasWindowFocus=false mHasImeFocus=true
06-18 15:44:39.034 12265 12265 I InsetsSourceConsumer: applyRequestedVisibilityToControl: visible=true, type=navigationBars, host=top.niunaijun.blackbox/top.niunaijun.blackboxa.view.setting.SettingActivity
06-18 15:44:39.034 12265 12265 I InsetsSourceConsumer: applyRequestedVisibilityToControl: visible=true, type=statusBars, host=top.niunaijun.blackbox/top.niunaijun.blackboxa.view.setting.SettingActivity
06-18 15:44:39.062 12265 12265 D VRI[SettingActivity]@39395c6: mThreadedRenderer.initializeIfNeeded()#2 mSurface={isValid=true 0x775e2b8ab0}
06-18 15:44:39.063 12265 12265 D InputMethodManagerUtils: startInputInner - Id : 0
06-18 15:44:39.063 12265 12265 I InputMethodManager: startInputInner - IInputMethodManagerGlobalInvoker.startInputOrWindowGainedFocus
06-18 15:44:39.065 12265 12265 I InputMethodManager: handleMessage: setImeVisibility visible=false
06-18 15:44:39.065 12265 12265 D InsetsController: hide(ime(), fromIme=false)
06-18 15:44:39.065 12265 12274 D InputTransport: Input channel constructed: 'ClientS', fd=157
06-18 15:44:39.065 12265 12265 I ImeTracker: top.niunaijun.blackbox:8f9a813b: onCancelled at PHASE_CLIENT_ALREADY_HIDDEN
06-18 15:44:39.220 12265 12265 I WindowManager: WindowManagerGlobal#removeView, ty=1002, view=android.widget.PopupWindow$PopupDecorView{be116f6 V.E...... R.....ID 0,0-257,146}, caller=android.view.WindowManagerGlobal.removeView:654 android.view.WindowManagerImpl.removeViewImmediate:216 android.widget.PopupWindow.dismissImmediate:2415 
06-18 15:44:39.226 12265 12265 I VRI[PopupWindow:81f8791]@c19eaf7: dispatchDetachedFromWindow
06-18 15:44:39.228 12265 12274 D BLASTBufferQueue: [VRI[PopupWindow:81f8791]@c19eaf7#10](f:0,a:1) destructor()
06-18 15:44:39.228 12265 12274 D BufferQueueConsumer: [VRI[PopupWindow:81f8791]@c19eaf7#10(BLAST Consumer)10](id:2fe90000000a,api:0,p:-1,c:12265) disconnect
06-18 15:44:39.230 12265 12265 D InputTransport: Input channel destroyed: '2127712', fd=139
06-18 15:44:39.527 12265 12265 I VRI[PopupWindow:81f8791]@c19eaf7: handleAppVisibility mAppVisible = true visible = false
06-18 15:44:39.527 12265 12265 I VRI[MainActivity]@8a875a1: handleAppVisibility mAppVisible = true visible = false
06-18 15:44:39.527 12265 12265 D VRI[MainActivity]@8a875a1: visibilityChanged oldVisibility=true newVisibility=false
06-18 15:44:39.542 12265 12265 D BLASTBufferQueue: [VRI[MainActivity]@8a875a1#9](f:0,a:1) destructor()
06-18 15:44:39.542 12265 12265 D BufferQueueConsumer: [VRI[MainActivity]@8a875a1#9(BLAST Consumer)9](id:2fe900000009,api:0,p:-1,c:12265) disconnect
06-18 15:44:39.543 12265 12265 I VRI[MainActivity]@8a875a1: Relayout returned: old=(0,0,1340,800) new=(0,0,1340,800) relayoutAsync=false req=(1340,800)8 dur=6 res=0x2 s={false 0x0} ch=true seqId=0
06-18 15:44:39.544 12265 12265 D VRI[MainActivity]@8a875a1: Not drawing due to not visible. Reason=!mAppVisible && !mForceDecorViewVisibility
06-18 15:44:39.544 12265 12265 I VRI[MainActivity]@8a875a1: stopped(true) old = false
06-18 15:44:39.544 12265 12265 D VRI[MainActivity]@8a875a1: WindowStopped on top.niunaijun.blackbox/top.niunaijun.blackboxa.view.main.MainActivity set to true
06-18 15:44:39.545 12265 12265 I AutofillManager: onInvisibleForAutofill(): expiringResponse
06-18 15:44:39.572 12265 12265 I VRI[MainActivity]@8a875a1: Relayout returned: old=(0,0,1340,800) new=(0,0,1340,800) relayoutAsync=false req=(1340,800)8 dur=7 res=0x2 s={false 0x0} ch=false seqId=0
06-18 15:44:40.187 12265 12265 D Activity: onBackInvoked, activity=top.niunaijun.blackboxa.view.setting.SettingActivity@5efad51, caller=android.app.Activity.$r8$lambda$fMMzRqFB89XgwJjEXdqIB9hd6X4:0 android.app.Activity$$ExternalSyntheticLambda0.onBackInvoked:0 android.window.WindowOnBackInvokedDispatcher$OnBackInvokedCallbackWrapper.lambda$onBackInvoked$4:615 
06-18 15:44:40.188 12265 12265 D WindowOnBackDispatcher: onBackInvoked, callback=android.app.Activity$$ExternalSyntheticLambda0@1234852
06-18 15:44:40.198 12265 12265 I VRI[MainActivity]@8a875a1: handleAppVisibility mAppVisible = false visible = true
06-18 15:44:40.198 12265 12265 I VRI[MainActivity]@8a875a1: stopped(false) old = true
06-18 15:44:40.198 12265 12265 D VRI[MainActivity]@8a875a1: WindowStopped on top.niunaijun.blackbox/top.niunaijun.blackboxa.view.main.MainActivity set to false
06-18 15:44:40.200 12265 12265 D AppsFragment: Services became available, refreshing app list
06-18 15:44:40.201 12265 12405 D AppsRepository: getVmInstallList: userId=0, total users=1
06-18 15:44:40.201 12265 12407 D AppsRepository: getVmInstallList: userId=0, total users=1
06-18 15:44:40.201 12265 12407 D AppsRepository: User: id=0, name=null
06-18 15:44:40.201 12265 12405 D AppsRepository: User: id=0, name=null
06-18 15:44:40.203 12265 12407 D AppsRepository: getVmInstallList: userId=0, applicationList.size=1
06-18 15:44:40.203 12265 12407 D AppsRepository: First app: com.nexora.hammerscale
06-18 15:44:40.204 12265 12407 D AppsRepository: getVmInstallList: processed 1 apps - Memory: 6MB used / 256MB max (2%)
06-18 15:44:40.204 12265 12407 D AppsRepository: getVmInstallList: Showing 1 virtual apps for userId=0
06-18 15:44:40.204 12265 12405 D AppsRepository: getVmInstallList: userId=0, applicationList.size=1
06-18 15:44:40.204 12265 12405 D AppsRepository: First app: com.nexora.hammerscale
06-18 15:44:40.205 12265 12405 D AppsRepository: getVmInstallList: processed 1 apps - Memory: 6MB used / 256MB max (2%)
06-18 15:44:40.205 12265 12405 D AppsRepository: getVmInstallList: Showing 1 virtual apps for userId=0
06-18 15:44:40.216 12265 12265 D BufferQueueConsumer: [](id:2fe90000000c,api:0,p:-1,c:12265) connect: controlledByApp=false
06-18 15:44:40.217 12265 12265 D BLASTBufferQueue: [VRI[MainActivity]@8a875a1#12](f:0,a:0) constructor()
06-18 15:44:40.217 12265 12265 I BLASTBufferQueue_Java: new BLASTBufferQueue, mName= VRI[MainActivity]@8a875a1 mNativeObject= 0x778e269d50 caller= android.view.ViewRootImpl.updateBlastSurfaceIfNeeded:3585 android.view.ViewRootImpl.relayoutWindow:11685 android.view.ViewRootImpl.performTraversals:4804 android.view.ViewRootImpl.doTraversal:3924 android.view.ViewRootImpl$TraversalRunnable.run:12903 android.view.Choreographer$CallbackRecord.run:1901 android.view.Choreographer$CallbackRecord.run:1910 android.view.Choreographer.doCallbacks:1367 android.view.Choreographer.doFrame:1292 android.view.Choreographer$FrameDisplayEventReceiver.run:1870 
06-18 15:44:40.217 12265 12265 I BLASTBufferQueue_Java: update, w= 1340 h= 800 mName = VRI[MainActivity]@8a875a1 mNativeObject= 0x778e269d50 sc.mNativeObject= 0x772e226690 format= -1 caller= android.view.ViewRootImpl.updateBlastSurfaceIfNeeded:3590 android.view.ViewRootImpl.relayoutWindow:11685 android.view.ViewRootImpl.performTraversals:4804 android.view.ViewRootImpl.doTraversal:3924 android.view.ViewRootImpl$TraversalRunnable.run:12903 android.view.Choreographer$CallbackRecord.run:1901 
06-18 15:44:40.217 12265 12265 D BLASTBufferQueue: [VRI[MainActivity]@8a875a1#12](f:0,a:0) update width=1340 height=800 format=-1 mTransformHint=4
06-18 15:44:40.218 12265 12265 I VRI[MainActivity]@8a875a1: Relayout returned: old=(0,0,1340,800) new=(0,0,1340,800) relayoutAsync=false req=(1340,800)0 dur=5 res=0x3 s={true 0x775e2622a0} ch=true seqId=0
06-18 15:44:40.218 12265 12265 D VRI[MainActivity]@8a875a1: mThreadedRenderer.initialize() mSurface={isValid=true 0x775e2622a0} hwInitialized=true
06-18 15:44:40.220 12265 12265 D VRI[MainActivity]@8a875a1: reportNextDraw android.view.ViewRootImpl.performTraversals:5443 android.view.ViewRootImpl.doTraversal:3924 android.view.ViewRootImpl$TraversalRunnable.run:12903 android.view.Choreographer$CallbackRecord.run:1901 android.view.Choreographer$CallbackRecord.run:1910 
06-18 15:44:40.220 12265 12265 D VRI[MainActivity]@8a875a1: Setup new sync=wmsSync-VRI[MainActivity]@8a875a1#28
06-18 15:44:40.220 12265 12265 I VRI[MainActivity]@8a875a1: Creating new active sync group VRI[MainActivity]@8a875a1#29
06-18 15:44:40.220 12265 12265 D VRI[MainActivity]@8a875a1: Start draw after previous draw not visible
06-18 15:44:40.220 12265 12265 D VRI[MainActivity]@8a875a1: registerCallbacksForSync syncBuffer=false
06-18 15:44:40.231 12265 12344 D VRI[MainActivity]@8a875a1: Received frameDrawingCallback syncResult=0 frameNum=1.
06-18 15:44:40.231 12265 12344 I VRI[MainActivity]@8a875a1: mWNT: t=0x779e2e2590 mBlastBufferQueue=0x778e269d50 fn= 1 HdrRenderState mRenderHdrSdrRatio=1.0 caller= android.view.ViewRootImpl$12.onFrameDraw:15441 android.view.ThreadedRenderer$1.onFrameDraw:718 <bottom of call stack> 
06-18 15:44:40.231 12265 12344 I VRI[MainActivity]@8a875a1: Setting up sync and frameCommitCallback
06-18 15:44:40.236 12265 12306 D BLASTBufferQueue: [VRI[MainActivity]@8a875a1#12](f:0,a:1) acquireNextBufferLocked size=1340x800 mFrameNumber=1 applyTransaction=true mTimestamp=235394062420029(auto) mPendingTransactions.size=0 graphicBufferId=52677773885509 transform=7
06-18 15:44:40.236 12265 12306 I VRI[MainActivity]@8a875a1: Received frameCommittedCallback lastAttemptedDrawFrameNum=1 didProduceBuffer=true
06-18 15:44:40.236 12265 12265 D VRI[MainActivity]@8a875a1: reportDrawFinished seqId=0
06-18 15:44:40.236 12265 12265 I ImeFocusController: onPreWindowFocus: skipped hasWindowFocus=false mHasImeFocus=true
06-18 15:44:40.237 12265 12265 I ImeFocusController: onPostWindowFocus: skipped hasWindowFocus=false mHasImeFocus=true
06-18 15:44:40.246 12265 12265 I InsetsSourceConsumer: applyRequestedVisibilityToControl: visible=true, type=navigationBars, host=top.niunaijun.blackbox/top.niunaijun.blackboxa.view.main.MainActivity
06-18 15:44:40.247 12265 12265 I InsetsSourceConsumer: applyRequestedVisibilityToControl: visible=true, type=statusBars, host=top.niunaijun.blackbox/top.niunaijun.blackboxa.view.main.MainActivity
06-18 15:44:40.266 12265 12265 D VRI[MainActivity]@8a875a1: mThreadedRenderer.initializeIfNeeded()#2 mSurface={isValid=true 0x775e2622a0}
06-18 15:44:40.266 12265 12265 D InputMethodManagerUtils: startInputInner - Id : 0
06-18 15:44:40.266 12265 12265 I InputMethodManager: startInputInner - IInputMethodManagerGlobalInvoker.startInputOrWindowGainedFocus
06-18 15:44:40.268 12265 12265 I InputMethodManager: handleMessage: setImeVisibility visible=false
06-18 15:44:40.269 12265 12265 D InsetsController: hide(ime(), fromIme=false)
06-18 15:44:40.269 12265 12265 I ImeTracker: top.niunaijun.blackbox:9fb817b9: onCancelled at PHASE_CLIENT_ALREADY_HIDDEN
06-18 15:44:40.270 12265 12561 D InputTransport: Input channel constructed: 'ClientS', fd=142
06-18 15:44:40.529 12265 12265 I ImeFocusController: onPreWindowFocus: skipped hasWindowFocus=false mHasImeFocus=true
06-18 15:44:40.530 12265 12265 I ImeFocusController: onPostWindowFocus: skipped hasWindowFocus=false mHasImeFocus=true
06-18 15:44:40.612 12265 12265 I VRI[SettingActivity]@39395c6: handleAppVisibility mAppVisible = true visible = false
06-18 15:44:40.612 12265 12265 D VRI[SettingActivity]@39395c6: visibilityChanged oldVisibility=true newVisibility=false
06-18 15:44:40.629 12265 12265 D BLASTBufferQueue: [VRI[SettingActivity]@39395c6#11](f:0,a:1) destructor()
06-18 15:44:40.629 12265 12265 D BufferQueueConsumer: [VRI[SettingActivity]@39395c6#11(BLAST Consumer)11](id:2fe90000000b,api:0,p:-1,c:12265) disconnect
06-18 15:44:40.630 12265 12265 I VRI[SettingActivity]@39395c6: Relayout returned: old=(0,0,1340,800) new=(0,0,1340,800) relayoutAsync=false req=(1340,800)8 dur=5 res=0x2 s={false 0x0} ch=true seqId=0
06-18 15:44:40.631 12265 12265 D VRI[SettingActivity]@39395c6: Not drawing due to not visible. Reason=!mAppVisible && !mForceDecorViewVisibility
06-18 15:44:40.631 12265 12265 I VRI[SettingActivity]@39395c6: stopped(true) old = false
06-18 15:44:40.631 12265 12265 D VRI[SettingActivity]@39395c6: WindowStopped on top.niunaijun.blackbox/top.niunaijun.blackboxa.view.setting.SettingActivity set to true
06-18 15:44:40.635 12265 12265 W WindowOnBackDispatcher: sendCancelIfRunning: isInProgress=false callback=android.app.Activity$$ExternalSyntheticLambda0@1234852
06-18 15:44:40.640 12265 12265 D ViewRootImpl: Skipping stats log for color mode
06-18 15:44:40.641 12265 12265 I VRI[SettingActivity]@39395c6: dispatchDetachedFromWindow
06-18 15:44:40.659 12265 12265 D InputTransport: Input channel destroyed: 'f963d4b', fd=134
06-18 15:44:40.660 12265 12265 I VRI[MainActivity]@8a875a1: call setFrameRateCategory for touch hint category=no preference, reason=boost timeout, vri=VRI[MainActivity]@8a875a1
06-18 15:44:40.685 12265 12265 D InputTransport: Input channel destroyed: 'ClientS', fd=154
06-18 15:44:40.892 12265 12265 I VRI[MainActivity]@8a875a1: handleAppVisibility mAppVisible = true visible = false
06-18 15:44:40.892 12265 12265 D VRI[MainActivity]@8a875a1: visibilityChanged oldVisibility=true newVisibility=false
06-18 15:44:40.905 12265 12306 D HWUI    : CacheManager::trimMemory(20)
06-18 15:44:40.913 12265 12265 D BLASTBufferQueue: [VRI[MainActivity]@8a875a1#12](f:0,a:1) destructor()
06-18 15:44:40.913 12265 12265 D BufferQueueConsumer: [VRI[MainActivity]@8a875a1#12(BLAST Consumer)12](id:2fe90000000c,api:0,p:-1,c:12265) disconnect
06-18 15:44:40.914 12265 12265 I VRI[MainActivity]@8a875a1: Relayout returned: old=(0,0,1340,800) new=(0,0,1340,800) relayoutAsync=false req=(1340,800)8 dur=6 res=0x2 s={false 0x0} ch=true seqId=0
06-18 15:44:40.914 12265 12265 D VRI[MainActivity]@8a875a1: Not drawing due to not visible. Reason=!mAppVisible && !mForceDecorViewVisibility
06-18 15:44:40.914 12265 12306 D HWUI    : CacheManager::trimMemory(20)
06-18 15:44:40.915 12265 12265 I VRI[MainActivity]@8a875a1: stopped(true) old = false
06-18 15:44:40.915 12265 12265 D VRI[MainActivity]@8a875a1: WindowStopped on top.niunaijun.blackbox/top.niunaijun.blackboxa.view.main.MainActivity set to true
06-18 15:44:40.915 12265 12306 D HWUI    : CacheManager::trimMemory(20)
06-18 15:44:40.915 12265 12265 I AutofillManager: onInvisibleForAutofill(): expiringResponse
06-18 15:44:40.921 12265 12265 I VRI[MainActivity]@8a875a1: Relayout returned: old=(0,0,1340,800) new=(0,0,1340,800) relayoutAsync=false req=(1340,800)8 dur=3 res=0x2 s={false 0x0} ch=false seqId=0
06-18 15:44:40.926 12265 12265 D BBA2    : setIsFg isFg = false; delayValue 3999ms
06-18 15:44:40.926 12624 12624 D BBA2    : setIsFg isFg = false; delayValue 3999ms
06-18 15:44:40.950 12624 12628 W jun.blackbox:p0: Cleared Reference was only reachable from finalizer (only reported once)
06-18 15:44:40.963 12624 12641 D HWUI    : CacheManager::trimMemory(20)
06-18 15:44:40.963 12624 12641 D HWUI    : CacheManager::trimMemory(20)
06-18 15:44:49.525 12624 12663 D Choreographer: BBA2 receive callback when in bg : 4
06-18 15:44:49.540 12624 12641 D HWUI    : CacheManager::trimMemory(40)
06-18 15:44:53.369 12624 12624 D CrashMonitor: Performing periodic health check...
06-18 15:44:53.370 12624 12624 D CrashMonitor: Health check completed - Memory: 1.2%, Threads: 17
06-18 15:44:59.560 12265 12274 D Choreographer: BBA2 receive callback when in bg : 4
06-18 15:44:59.565 12265 12306 D HWUI    : CacheManager::trimMemory(40)
06-18 15:44:59.621 12265 12270 D InputTransport: Input channel destroyed: 'ClientS', fd=157
06-18 15:44:59.621 12265 12270 D InputTransport: Input channel destroyed: 'ClientS', fd=142
06-18 15:44:59.966 12265 12265 I VRI[MainActivity]@8a875a1: handleAppVisibility mAppVisible = false visible = true
06-18 15:44:59.971 12265 12265 I VRI[MainActivity]@8a875a1: stopped(false) old = true
06-18 15:44:59.971 12265 12265 D VRI[MainActivity]@8a875a1: WindowStopped on top.niunaijun.blackbox/top.niunaijun.blackboxa.view.main.MainActivity set to false
06-18 15:44:59.972 12265 12265 D AppsFragment: Services became available, refreshing app list
06-18 15:44:59.975 12265 12405 D AppsRepository: getVmInstallList: userId=0, total users=1
06-18 15:44:59.975 12265 12405 D AppsRepository: User: id=0, name=null
06-18 15:44:59.975 12265 12322 D AppsRepository: getVmInstallList: userId=0, total users=1
06-18 15:44:59.975 12265 12322 D AppsRepository: User: id=0, name=null
06-18 15:44:59.980 12265 12322 D AppsRepository: getVmInstallList: userId=0, applicationList.size=1
06-18 15:44:59.980 12265 12322 D AppsRepository: First app: com.nexora.hammerscale
06-18 15:44:59.983 12265 12405 D AppsRepository: getVmInstallList: userId=0, applicationList.size=1
06-18 15:44:59.983 12265 12405 D AppsRepository: First app: com.nexora.hammerscale
06-18 15:44:59.990 12265 12265 D BufferQueueConsumer: [](id:2fe90000000d,api:0,p:-1,c:12265) connect: controlledByApp=false
06-18 15:44:59.990 12265 12405 D AppsRepository: getVmInstallList: processed 1 apps - Memory: 4MB used / 256MB max (1%)
06-18 15:44:59.990 12265 12322 D AppsRepository: getVmInstallList: processed 1 apps - Memory: 4MB used / 256MB max (1%)
06-18 15:44:59.990 12265 12405 D AppsRepository: getVmInstallList: Showing 1 virtual apps for userId=0
06-18 15:44:59.990 12265 12322 D AppsRepository: getVmInstallList: Showing 1 virtual apps for userId=0
06-18 15:44:59.990 12265 12265 D BLASTBufferQueue: [VRI[MainActivity]@8a875a1#13](f:0,a:0) constructor()
06-18 15:44:59.990 12265 12265 I BLASTBufferQueue_Java: new BLASTBufferQueue, mName= VRI[MainActivity]@8a875a1 mNativeObject= 0x778e269d50 caller= android.view.ViewRootImpl.updateBlastSurfaceIfNeeded:3585 android.view.ViewRootImpl.relayoutWindow:11685 android.view.ViewRootImpl.performTraversals:4804 android.view.ViewRootImpl.doTraversal:3924 android.view.ViewRootImpl$TraversalRunnable.run:12903 android.view.Choreographer$CallbackRecord.run:1901 android.view.Choreographer$CallbackRecord.run:1910 android.view.Choreographer.doCallbacks:1367 android.view.Choreographer.doFrame:1292 android.view.Choreographer$FrameDisplayEventReceiver.run:1870 
06-18 15:44:59.990 12265 12265 I BLASTBufferQueue_Java: update, w= 1340 h= 800 mName = VRI[MainActivity]@8a875a1 mNativeObject= 0x778e269d50 sc.mNativeObject= 0x772e226690 format= -1 caller= android.view.ViewRootImpl.updateBlastSurfaceIfNeeded:3590 android.view.ViewRootImpl.relayoutWindow:11685 android.view.ViewRootImpl.performTraversals:4804 android.view.ViewRootImpl.doTraversal:3924 android.view.ViewRootImpl$TraversalRunnable.run:12903 android.view.Choreographer$CallbackRecord.run:1901 
06-18 15:44:59.990 12265 12265 D BLASTBufferQueue: [VRI[MainActivity]@8a875a1#13](f:0,a:0) update width=1340 height=800 format=-1 mTransformHint=4
06-18 15:44:59.991 12265 12265 I VRI[MainActivity]@8a875a1: Relayout returned: old=(0,0,1340,800) new=(0,0,1340,800) relayoutAsync=false req=(1340,800)0 dur=12 res=0x3 s={true 0x775e281f30} ch=true seqId=0
06-18 15:44:59.991 12265 12265 D VRI[MainActivity]@8a875a1: mThreadedRenderer.initialize() mSurface={isValid=true 0x775e281f30} hwInitialized=true
06-18 15:44:59.992 12265 12265 D VRI[MainActivity]@8a875a1: reportNextDraw android.view.ViewRootImpl.performTraversals:5443 android.view.ViewRootImpl.doTraversal:3924 android.view.ViewRootImpl$TraversalRunnable.run:12903 android.view.Choreographer$CallbackRecord.run:1901 android.view.Choreographer$CallbackRecord.run:1910 
06-18 15:44:59.992 12265 12265 D VRI[MainActivity]@8a875a1: Setup new sync=wmsSync-VRI[MainActivity]@8a875a1#30
06-18 15:44:59.992 12265 12265 I VRI[MainActivity]@8a875a1: Creating new active sync group VRI[MainActivity]@8a875a1#31
06-18 15:44:59.992 12265 12265 D VRI[MainActivity]@8a875a1: Start draw after previous draw not visible
06-18 15:44:59.992 12265 12265 D VRI[MainActivity]@8a875a1: registerCallbacksForSync syncBuffer=false
06-18 15:45:00.004 12265 12343 D VRI[MainActivity]@8a875a1: Received frameDrawingCallback syncResult=0 frameNum=1.
06-18 15:45:00.004 12265 12343 I VRI[MainActivity]@8a875a1: mWNT: t=0x779e2f8fd0 mBlastBufferQueue=0x778e269d50 fn= 1 HdrRenderState mRenderHdrSdrRatio=1.0 caller= android.view.ViewRootImpl$12.onFrameDraw:15441 android.view.ThreadedRenderer$1.onFrameDraw:718 <bottom of call stack> 
06-18 15:45:00.004 12265 12343 I VRI[MainActivity]@8a875a1: Setting up sync and frameCommitCallback
06-18 15:45:00.013 12265 12306 D BLASTBufferQueue: [VRI[MainActivity]@8a875a1#13](f:0,a:1) acquireNextBufferLocked size=1340x800 mFrameNumber=1 applyTransaction=true mTimestamp=235413839139030(auto) mPendingTransactions.size=0 graphicBufferId=52677773885515 transform=7
06-18 15:45:00.013 12265 12306 I VRI[MainActivity]@8a875a1: Received frameCommittedCallback lastAttemptedDrawFrameNum=1 didProduceBuffer=true
06-18 15:45:00.013 12265 12265 D VRI[MainActivity]@8a875a1: reportDrawFinished seqId=0
06-18 15:45:00.039 12265 12265 I InsetsSourceConsumer: applyRequestedVisibilityToControl: visible=true, type=navigationBars, host=top.niunaijun.blackbox/top.niunaijun.blackboxa.view.main.MainActivity
06-18 15:45:00.040 12265 12265 I InsetsSourceConsumer: applyRequestedVisibilityToControl: visible=true, type=statusBars, host=top.niunaijun.blackbox/top.niunaijun.blackboxa.view.main.MainActivity
06-18 15:45:00.122 12265 12265 D VRI[MainActivity]@8a875a1: mThreadedRenderer.initializeIfNeeded()#2 mSurface={isValid=true 0x775e281f30}
06-18 15:45:00.123 12265 12265 D InputMethodManagerUtils: startInputInner - Id : 0
06-18 15:45:00.123 12265 12265 I InputMethodManager: startInputInner - IInputMethodManagerGlobalInvoker.startInputOrWindowGainedFocus
06-18 15:45:00.125 12265 12265 I InputMethodManager: handleMessage: setImeVisibility visible=false
06-18 15:45:00.125 12265 12265 D InsetsController: hide(ime(), fromIme=false)
06-18 15:45:00.125 12265 12265 I ImeTracker: top.niunaijun.blackbox:68ff246d: onCancelled at PHASE_CLIENT_ALREADY_HIDDEN
06-18 15:45:00.126 12265 12275 D InputTransport: Input channel constructed: 'ClientS', fd=122
06-18 15:45:00.567 12265 12265 I VRI[MainActivity]@8a875a1: ViewPostIme pointer 0
06-18 15:45:00.567 12265 12265 I GestureDetector: obtain mCurrentDownEvent. id: 214649557 caller: e0.y.c:9 androidx.recyclerview.widget.RecyclerView.C:21 androidx.recyclerview.widget.RecyclerView.onInterceptTouchEvent:10 
06-18 15:45:00.567 12265 12265 I VRI[MainActivity]@8a875a1: call setFrameRateCategory for touch hint category=high hint, reason=touch, vri=VRI[MainActivity]@8a875a1
06-18 15:45:00.589 12265 12265 I GestureDetector: obtain mCurrentMotionEventRaw. action: 2 id: 426455491
06-18 15:45:00.646 12265 12265 I VRI[MainActivity]@8a875a1: ViewPostIme pointer 1
06-18 15:45:00.866 12265 12265 I GestureDetector: handleMessage TAP
06-18 15:45:01.259 12265 12265 I VRI[MainActivity]@8a875a1: ViewPostIme pointer 0
06-18 15:45:01.340 12265 12265 I VRI[MainActivity]@8a875a1: ViewPostIme pointer 1
06-18 15:45:01.375 12265 12265 D ActivityThread: top.niunaijun.blackbox will use render engine as VK
06-18 15:45:01.379 12265 12265 D AppInstrumentation: callActivityOnCreate: top.niunaijun.blackboxa.view.list.ListActivity
06-18 15:45:01.397 12265 12265 I DecorView: setWindowBackground: isPopOver=false color=ffffffff d=android.graphics.drawable.ColorDrawable@12023b4
06-18 15:45:01.401 12265 12405 D AppsRepository: AppInfo(name=Bareiron Asset Explorer, icon=android.graphics.drawable.BitmapDrawable@fc0354c, packageName=org.chromium.webapk.a8bea23c123ab5c87_v2, sourceDir=/data/app/~~LnlADhstd24DaJV3CmXZpw==/org.chromium.webapk.a8bea23c123ab5c87_v2-EPwbYHUrNS_rMPzw1V1r7w==/base.apk, isXpModule=false),AppInfo(name=YouTube Music, icon=android.graphics.drawable.AdaptiveIconDrawable@9dc0995, packageName=app.revanced.android.apps.youtube.music, sourceDir=/data/app/~~Mh6ZHuVSOisrBu4nVPfR7Q==/app.revanced.android.apps.youtube.music-QpAMeXRnHrQ6C3JbPCQ8hQ==/base.apk, isXpModule=false),AppInfo(name=Theme Park, icon=android.graphics.drawable.AdaptiveIconDrawable@bd9aaaa, packageName=com.samsung.android.themedesigner, sourceDir=/data/app/~~4fi6rpG8Zv0rlABeGyDGhg==/com.samsung.android.themedesigner-hC3zOfnFzX-FL-CsD8BcGw==/base.apk, isXpModule=false),AppInfo(name=Telegram, icon=android.graphics.drawable.AdaptiveIconDrawable@729a69b, packageName=org.telegram.messenger, sourceDir=/data/app/~~PYcwvQ6sV-w0C-Qz_bxOOw==/org.telegram.messenger-QdxNPtyhX8Yr1Hd-ZF9N1w==/base.apk, isXpModule=false),AppInfo(name=Docs, icon=android.graphics.drawable.AdaptiveIconDrawable@4615a38, packageName=com.google.android.apps.docs.editors.docs, sourceDir=/data/app/~~JQnsViv9Q51Na-aDCsabNA==/com.google.android.apps.docs.editors.docs-QUHCrPw6No6I_xp-PGYN7g==/base.apk, isXpModule=false),AppInfo(name=Replit, icon=android.graphics.drawable.AdaptiveIconDrawable@640aa11, packageName=com.replit.app, sourceDir=/data/app/~~izvOqmOsvhNEadFpBmFD3Q==/com.replit.app-tkk18LRfowYClG1cCAo_6g==/base.apk, isXpModule=false),AppInfo(name=Video Speed, icon=android.graphics.drawable.AdaptiveIconDrawable@77fc776, packageName=com.psoffritti.video.speed, sourceDir=/data/app/~~N65428LH5EFJIW1h97MKGw==/com.psoffritti.video.speed-McEEqMMlkxHCT9d4rMF4gQ==/base.apk, isXpModule=false),AppInfo(name=CreatorsToolSuite, icon=android.graphics.drawable.BitmapDrawable@b721177, packageName=com.Creators.CreatorsToolSuite, sourceDir=/data/app/~~Qr1YX_42_-ax_taITdq2Tw==/com.Creators.CreatorsToolSuite-7oVsXJ6LtJbXFzUufngGCg==/base.apk, isXpModule=false),AppInfo(name=NP Manager, icon=android.graphics.drawable.BitmapDrawable@9ede1e4, packageName=com.wn.app.np, sourceDir=/data/app/~~3RCSseXSJ1yQbr9lc6mq3w==/com.wn.app.np-RIZZfewXY1xrrRCOys_QFw==/base.apk, isXpModule=false),AppInfo(name=Liner for Samsung Internet, icon=android.graphics.drawable.BitmapDrawable@f74d64d, packageName=com.getliner.linerforsamsunginternet, sourceDir=/data/app/~~Bq9Wu8qlard-MRZSYV14mw==/com.getliner.linerforsamsunginternet-14CODv7BCEYnl7wQbprsXQ==/base.apk, isXpModule=false),AppInfo(name=YouTube ReVanced, icon=android.graphics.drawable.AdaptiveIconDrawable@a98e502, packageName=app.revanced.android.youtube, sourceDir=/data/app/~~1L7bjkyLxoNhXfsRv3_PJA==/app.revanced.android.youtube-TQlL6OInGv2SavUqcMjHVQ==/base.apk, isXpModule=false),AppInfo(name=En-Es Language Pack, icon=android.graphics.drawable.VectorDrawable@a6c4e13, packageName=com.samsung.sr.nmt.apps.t2t.languagepack.enes, sourceDir=/data/app/~~SiKeDEH5FlsRXeGwyniccg==/com.samsung.sr.nmt.apps.t2t.languagepack.enes-OyMThlEAf5uNnOza9zYruA==/base.apk, isXpModule=false),AppInfo(name=En-Pt Language Pack, icon=android.graphics.drawable.VectorDrawable@5993850, packageName=com.samsung.sr.nmt.apps.t2t.languagepack.enpt, sourceDir=/data/app/~~gHN6HTn0czKCHuF4ch32sg==/com.samsung.sr.nmt.apps.t2t.languagepack.enpt-2uZr68vYcVuzSa4gYRD_cg==/base.apk, isXpModule=false),AppInfo(name=WhatsApp, icon=android.graphics.drawable.AdaptiveIconDrawable@f458a49, packageName=com.whatsapp, sourceDir=/data/app/~~Z0oOLpltjdHc3lIAKzwLRw==/com.whatsapp-cHFJeLnBG2BcsBLi1EUWPw==/base.apk, isXpModule=false),AppInfo(name=LockStar, icon=android.graphics.drawable.BitmapDrawable@e344f4e, packageName=com.samsung.systemui.lockstar, sourceDir=/data/app/~~6KmO2D7eysEDRJbSjBsXFQ==/com.samsung.systemui.lockstar-XernCKy76FN0QnrhIjxSKw==/base.apk, isXpModule=false),AppInfo(name=Sheets, icon=android.graphics.drawable.AdaptiveIconDrawable@c3b86f, packageName=com.google.android.apps.docs.ed
06-18 15:45:01.401 12265 12265 I ViewRootImpl: dVRR is disabled
06-18 15:45:01.401 12265 12306 D NativeCustomFrequencyManager: [NativeCFMS] BpCustomFrequencyManager::BpCustomFrequencyManager()
06-18 15:45:01.402 12265 12405 D TransactionThrottler: Reset transaction throttler
06-18 15:45:01.402 12265 12405 D TransactionThrottler: Reset transaction throttler
06-18 15:45:01.402 12265 12405 D TransactionThrottler: Reset transaction throttler
06-18 15:45:01.403 12265 12405 D TransactionThrottler: Reset transaction throttler
06-18 15:45:01.403 12265 12405 D TransactionThrottler: Reset transaction throttler
06-18 15:45:01.403 12265 12405 D TransactionThrottler: Reset transaction throttler
06-18 15:45:01.404 12265 12405 D TransactionThrottler: Reset transaction throttler
06-18 15:45:01.404 12265 12265 D InputTransport: Input channel constructed: 'ee2b490', fd=144
06-18 15:45:01.404 12265 12405 D TransactionThrottler: Reset transaction throttler
06-18 15:45:01.404 12265 12265 I InsetsController: onStateChanged: host=top.niunaijun.blackbox/top.niunaijun.blackboxa.view.list.ListActivity, from=android.view.ViewRootImpl.onInsetsStateChanged:3026, state=InsetsState: {mDisplayFrame=Rect(0, 0 - 1340, 800), mDisplayCutout=DisplayCutout{insets=Rect(0, 0 - 0, 0) waterfall=Insets{left=0, top=0, right=0, bottom=0} boundingRect={Bounds=[Rect(0, 0 - 0, 0), Rect(0, 0 - 0, 0), Rect(0, 0 - 0, 0), Rect(0, 0 - 0, 0)]} cutoutPathParserInfo={CutoutPathParserInfo{displayWidth=0 displayHeight=0 physicalDisplayWidth=0 physicalDisplayHeight=0 density={0.0} cutoutSpec={} rotation={0} scale={0.0} physicalPixelDisplaySizeRatio={0.0}}} sideOverrides=null}, mRoundedCorners=RoundedCorners{[RoundedCorner{position=TopLeft, radius=9, center=Point(9, 9)}, RoundedCorner{position=TopRight, radius=9, center=Point(1331, 9)}, RoundedCorner{position=BottomRight, radius=9, center=Point(1331, 791)}, RoundedCorner{position=BottomLeft, radius=9, center=Point(9, 791)}]}  mRoundedCornerFrame=Rect(0, 0 - 1340, 800), mPrivacyIndicatorBounds=PrivacyIndicatorBounds {static bounds=Rect(1282, 0 - 1340, 39) rotation=1}, mDisplayShape=DisplayShape{ spec=-311912193 displayWidth=800 displayHeight=1340 physicalPixelDisplaySizeRatio=1.0 rotation=1 offsetX=0 offsetY=0 scale=1.0}, mSources= { InsetsSource: {887e0000 mType=statusBars mFrame=[0,0][1340,39] mVisible=true mFlags= mSideHint=TOP mBoundingRects=null}, InsetsSource: {887e0005 mType=mandatorySystemGestures mFrame=[0,0][1340,39] mVisible=true mFlags= mSideHint=TOP mBoundingRects=null}, InsetsSource: {887e0006 mType=tappableElement mFrame=[0,0][1340,39] mVisible=true mFlags= mSideHint=TOP mBoundingRects=null}, InsetsSource: {3 mType=ime mFrame=[0,0][0,0] mVisible=false mFlags= mSideHint=NONE mBoundingRects=null}, InsetsSource: {292c0001 mType=navigationBars mFrame=[0,737][1340,800] mVisible=true mFlags= mSideHint=BOTTOM mBoundingRects=null}, InsetsSource: {292c0004 mType=systemGestures mFrame=[0,0][0,0] mVisible=true mFlags= mSideHint=NONE mBoundingRects=null}, InsetsSource: {292c0005 mType=mandatorySystemGestures mFrame=[0,737][1340,800] mVisible=true mFlags= mSideHint=BOTTOM mBoundingRects=null}, InsetsSource: {292c0006 mType=tappableElement mFrame=[0,737][1340,800] mVisible=true mFlags= mSideHint=BOTTOM mBoundingRects=null}, InsetsSource: {292c0024 mType=systemGestures mFrame=[0,0][0,0] mVisible=true mFlags= mSideHint=NONE mBoundingRects=null} }
06-18 15:45:01.405 12265 12405 D TransactionThrottler: Reset transaction throttler
06-18 15:45:01.405 12265 12265 I VRI[ListActivity]@4332809: synced displayState. AttachInfo displayState=2
06-18 15:45:01.405 12265 12405 D TransactionThrottler: Reset transaction throttler
06-18 15:45:01.405 12265 12405 D TransactionThrottler: Reset transaction throttler
06-18 15:45:01.406 12265 12405 D TransactionThrottler: Reset transaction throttler
06-18 15:45:01.406 12265 12265 I VRI[ListActivity]@4332809: setView = com.android.internal.policy.DecorView@cfb123c IsHRR=false mFlingFrameRateChange=0 TM=true
06-18 15:45:01.406 12265 12405 D TransactionThrottler: Reset transaction throttler
06-18 15:45:01.407 12265 12265 D AutofillManager: view not autofillable - not passing ime action check
06-18 15:45:01.407 12265 12405 D TransactionThrottler: Reset transaction throttler
06-18 15:45:01.408 12265 12405 D TransactionThrottler: Reset transaction throttler
06-18 15:45:01.408 12265 12405 D TransactionThrottler: Reset transaction throttler
06-18 15:45:01.408 12265 12405 D TransactionThrottler: Reset transaction throttler
06-18 15:45:01.409 12265 12405 D TransactionThrottler: Reset transaction throttler
06-18 15:45:01.409 12265 12405 D TransactionThrottler: Reset transaction throttler
06-18 15:45:01.410 12265 12405 D TransactionThrottler: Reset transaction throttler
06-18 15:45:01.410 12265 12405 D TransactionThrottler: Reset transaction throttler
06-18 15:45:01.410 12265 12405 D TransactionThrottler: Reset transaction throttler
06-18 15:45:01.411 12265 12405 D TransactionThrottler: Reset transaction throttler
06-18 15:45:01.411 12265 12405 D TransactionThrottler: Reset transaction throttler
06-18 15:45:01.411 12265 12405 D TransactionThrottler: Reset transaction throttler
06-18 15:45:01.411 12265 12405 D TransactionThrottler: Reset transaction throttler
06-18 15:45:01.412 12265 12405 D TransactionThrottler: Reset transaction throttler
06-18 15:45:01.412 12265 12405 D TransactionThrottler: Reset transaction throttler
06-18 15:45:01.412 12265 12405 D TransactionThrottler: Reset transaction throttler
06-18 15:45:01.413 12265 12405 D TransactionThrottler: Reset transaction throttler
06-18 15:45:01.413 12265 12405 D TransactionThrottler: Reset transaction throttler
06-18 15:45:01.413 12265 12405 D TransactionThrottler: Reset transaction throttler
06-18 15:45:01.414 12265 12405 D TransactionThrottler: Reset transaction throttler
06-18 15:45:01.414 12265 12405 D TransactionThrottler: Reset transaction throttler
06-18 15:45:01.414 12265 12405 D TransactionThrottler: Reset transaction throttler
06-18 15:45:01.415 12265 12405 D TransactionThrottler: Reset transaction throttler
06-18 15:45:01.415 12265 12405 D TransactionThrottler: Reset transaction throttler
06-18 15:45:01.415 12265 12405 D TransactionThrottler: Reset transaction throttler
06-18 15:45:01.416 12265 12405 D TransactionThrottler: Reset transaction throttler
06-18 15:45:01.416 12265 12405 D TransactionThrottler: Reset transaction throttler
06-18 15:45:01.416 12265 12405 D TransactionThrottler: Reset transaction throttler
06-18 15:45:01.417 12265 12405 D TransactionThrottler: Reset transaction throttler
06-18 15:45:01.417 12265 12405 D TransactionThrottler: Reset transaction throttler
06-18 15:45:01.417 12265 12405 D TransactionThrottler: Reset transaction throttler
06-18 15:45:01.417 12265 12265 D BufferQueueConsumer: [](id:2fe90000000e,api:0,p:-1,c:12265) connect: controlledByApp=false
06-18 15:45:01.418 12265 12265 D BLASTBufferQueue: [VRI[ListActivity]@4332809#14](f:0,a:0) constructor()
06-18 15:45:01.418 12265 12405 D TransactionThrottler: Reset transaction throttler
06-18 15:45:01.418 12265 12265 I BLASTBufferQueue_Java: new BLASTBufferQueue, mName= VRI[ListActivity]@4332809 mNativeObject= 0x778e267930 caller= android.view.ViewRootImpl.updateBlastSurfaceIfNeeded:3585 android.view.ViewRootImpl.relayoutWindow:11685 android.view.ViewRootImpl.performTraversals:4804 android.view.ViewRootImpl.doTraversal:3924 android.view.ViewRootImpl$TraversalRunnable.run:12903 android.view.Choreographer$CallbackRecord.run:1901 android.view.Choreographer$CallbackRecord.run:1910 android.view.Choreographer.doCallbacks:1367 android.view.Choreographer.doFrame:1292 android.view.Choreographer$FrameDisplayEventReceiver.run:1870 
06-18 15:45:01.418 12265 12265 I BLASTBufferQueue_Java: update, w= 1340 h= 800 mName = VRI[ListActivity]@4332809 mNativeObject= 0x778e267930 sc.mNativeObject= 0x772e228e50 format= -1 caller= android.view.ViewRootImpl.updateBlastSurfaceIfNeeded:3590 android.view.ViewRootImpl.relayoutWindow:11685 android.view.ViewRootImpl.performTraversals:4804 android.view.ViewRootImpl.doTraversal:3924 android.view.ViewRootImpl$TraversalRunnable.run:12903 android.view.Choreographer$CallbackRecord.run:1901 
06-18 15:45:01.418 12265 12265 D BLASTBufferQueue: [VRI[ListActivity]@4332809#14](f:0,a:0) update width=1340 height=800 format=-1 mTransformHint=4
06-18 15:45:01.418 12265 12405 D TransactionThrottler: Reset transaction throttler
06-18 15:45:01.418 12265 12265 I VRI[ListActivity]@4332809: Relayout returned: old=(0,0,1340,800) new=(0,0,1340,800) relayoutAsync=false req=(1340,800)0 dur=8 res=0x3 s={true 0x775e2500f0} ch=true seqId=0
06-18 15:45:01.418 12265 12405 D TransactionThrottler: Reset transaction throttler
06-18 15:45:01.419 12265 12265 D VRI[ListActivity]@4332809: mThreadedRenderer.initialize() mSurface={isValid=true 0x775e2500f0} hwInitialized=true
06-18 15:45:01.419 12265 12405 D TransactionThrottler: Reset transaction throttler
06-18 15:45:01.419 12265 12405 D TransactionThrottler: Reset transaction throttler
06-18 15:45:01.420 12265 12405 D TransactionThrottler: Reset transaction throttler
06-18 15:45:01.420 12265 12405 D TransactionThrottler: Reset transaction throttler
06-18 15:45:01.420 12265 12405 D TransactionThrottler: Reset transaction throttler
06-18 15:45:01.421 12265 12405 D TransactionThrottler: Reset transaction throttler
06-18 15:45:01.421 12265 12265 D AutofillManager: view not autofillable - not passing ime action check
06-18 15:45:01.421 12265 12405 D TransactionThrottler: Reset transaction throttler
06-18 15:45:01.421 12265 12265 D VRI[ListActivity]@4332809: reportNextDraw android.view.ViewRootImpl.performTraversals:5443 android.view.ViewRootImpl.doTraversal:3924 android.view.ViewRootImpl$TraversalRunnable.run:12903 android.view.Choreographer$CallbackRecord.run:1901 android.view.Choreographer$CallbackRecord.run:1910 
06-18 15:45:01.421 12265 12405 D TransactionThrottler: Reset transaction throttler
06-18 15:45:01.421 12265 12265 D VRI[ListActivity]@4332809: Setup new sync=wmsSync-VRI[ListActivity]@4332809#32
06-18 15:45:01.421 12265 12265 I VRI[ListActivity]@4332809: Creating new active sync group VRI[ListActivity]@4332809#33
06-18 15:45:01.422 12265 12405 D TransactionThrottler: Reset transaction throttler
06-18 15:45:01.422 12265 12405 D TransactionThrottler: Reset transaction throttler
06-18 15:45:01.422 12265 12405 D TransactionThrottler: Reset transaction throttler
06-18 15:45:01.422 12265 12405 D TransactionThrottler: Reset transaction throttler
06-18 15:45:01.423 12265 12405 D TransactionThrottler: Reset transaction throttler
06-18 15:45:01.423 12265 12405 D TransactionThrottler: Reset transaction throttler
06-18 15:45:01.423 12265 12405 D TransactionThrottler: Reset transaction throttler
06-18 15:45:01.424 12265 12265 D VRI[ListActivity]@4332809: registerCallbacksForSync syncBuffer=false
06-18 15:45:01.424 12265 12405 D TransactionThrottler: Reset transaction throttler
06-18 15:45:01.424 12265 12405 D TransactionThrottler: Reset transaction throttler
06-18 15:45:01.424 12265 12405 D TransactionThrottler: Reset transaction throttler
06-18 15:45:01.425 12265 12405 D TransactionThrottler: Reset transaction throttler
06-18 15:45:01.425 12265 12344 D VRI[ListActivity]@4332809: Received frameDrawingCallback syncResult=0 frameNum=1.
06-18 15:45:01.425 12265 12344 I VRI[ListActivity]@4332809: mWNT: t=0x779e26be50 mBlastBufferQueue=0x778e267930 fn= 1 HdrRenderState mRenderHdrSdrRatio=1.0 caller= android.view.ViewRootImpl$12.onFrameDraw:15441 android.view.ThreadedRenderer$1.onFrameDraw:718 <bottom of call stack> 
06-18 15:45:01.425 12265 12344 I VRI[ListActivity]@4332809: Setting up sync and frameCommitCallback
06-18 15:45:01.425 12265 12405 D TransactionThrottler: Reset transaction throttler
06-18 15:45:01.425 12265 12405 D TransactionThrottler: Reset transaction throttler
06-18 15:45:01.426 12265 12405 D TransactionThrottler: Reset transaction throttler
06-18 15:45:01.426 12265 12405 D TransactionThrottler: Reset transaction throttler
06-18 15:45:01.427 12265 12405 D TransactionThrottler: Reset transaction throttler
06-18 15:45:01.427 12265 12405 D TransactionThrottler: Reset transaction throttler
06-18 15:45:01.427 12265 12405 D TransactionThrottler: Reset transaction throttler
06-18 15:45:01.430 12265 12306 D BLASTBufferQueue: [VRI[ListActivity]@4332809#14](f:0,a:1) acquireNextBufferLocked size=1340x800 mFrameNumber=1 applyTransaction=true mTimestamp=235415257286184(auto) mPendingTransactions.size=0 graphicBufferId=52677773885519 transform=7
06-18 15:45:01.431 12265 12306 I VRI[ListActivity]@4332809: Received frameCommittedCallback lastAttemptedDrawFrameNum=1 didProduceBuffer=true
06-18 15:45:01.431 12265 12306 D HWUI    : CFMS:: SetUp Pid : 12265    Tid : 12306
06-18 15:45:01.432 12265 12265 D VRI[ListActivity]@4332809: reportDrawFinished seqId=0
06-18 15:45:01.442 12265 12306 D HWUI    : HWUI - treat SMPTE_170M as sRGB
06-18 15:45:01.442 12265 12265 I ImeFocusController: onPreWindowFocus: skipped hasWindowFocus=false mHasImeFocus=true
06-18 15:45:01.443 12265 12265 I ImeFocusController: onPostWindowFocus: skipped hasWindowFocus=false mHasImeFocus=true
06-18 15:45:01.470 12265 12265 I InsetsSourceConsumer: applyRequestedVisibilityToControl: visible=true, type=navigationBars, host=top.niunaijun.blackbox/top.niunaijun.blackboxa.view.list.ListActivity
06-18 15:45:01.470 12265 12265 I InsetsSourceConsumer: applyRequestedVisibilityToControl: visible=true, type=statusBars, host=top.niunaijun.blackbox/top.niunaijun.blackboxa.view.list.ListActivity
06-18 15:45:01.504 12265 12265 D VRI[ListActivity]@4332809: mThreadedRenderer.initializeIfNeeded()#2 mSurface={isValid=true 0x775e2500f0}
06-18 15:45:01.504 12265 12265 D InputMethodManagerUtils: startInputInner - Id : 0
06-18 15:45:01.504 12265 12265 I InputMethodManager: startInputInner - IInputMethodManagerGlobalInvoker.startInputOrWindowGainedFocus
06-18 15:45:01.507 12265 12265 I InputMethodManager: handleMessage: setImeVisibility visible=false
06-18 15:45:01.507 12265 12265 D InsetsController: hide(ime(), fromIme=false)
06-18 15:45:01.507 12265 12265 I ImeTracker: top.niunaijun.blackbox:bbc117d3: onCancelled at PHASE_CLIENT_ALREADY_HIDDEN
06-18 15:45:01.508 12265 12721 D InputTransport: Input channel constructed: 'ClientS', fd=172
06-18 15:45:01.539 12265 12405 D ApplicationPackageManager: App doesn't support live icon : [com.samsung.android.game.gamehome]. just show default Icon.
06-18 15:45:01.566 12265 12405 D AppsRepository: Filtering out BlackBox app: top.niunaijun.blackbox
06-18 15:45:01.574 12265 12405 D ApplicationPackageManager: we has com.sec.android.app.clockpackage class. reuse it 
06-18 15:45:01.574 12265 12405 I ApplicationPackageManager: package : com.sec.android.app.clockpackage, useAppIconResources : false
06-18 15:45:01.574 12265 12405 I LiveIconUtil: getLiveIcon was called in ClockPackage
06-18 15:45:01.574 12265 12405 I LiveIconUtil: getLiveIcon res = com.sec.android.app.clockpackage
06-18 15:45:01.574 12265 12405 I LiveIconUtil: stdIconSize : 63 , targetIconSize : 63
06-18 15:45:01.583 12265 12405 E AppIconSolution: Couldn't get theme package resources, package is null
06-18 15:45:01.583 12265 12405 I AppIconSolution: load= live icon for com.sec.android.app.clockpackage, from overlay = false
06-18 15:45:01.921 12265 12265 I VRI[MainActivity]@8a875a1: handleAppVisibility mAppVisible = true visible = false
06-18 15:45:01.921 12265 12265 D VRI[MainActivity]@8a875a1: visibilityChanged oldVisibility=true newVisibility=false
06-18 15:45:01.937 12265 12265 D BLASTBufferQueue: [VRI[MainActivity]@8a875a1#13](f:0,a:1) destructor()
06-18 15:45:01.937 12265 12265 D BufferQueueConsumer: [VRI[MainActivity]@8a875a1#13(BLAST Consumer)13](id:2fe90000000d,api:0,p:-1,c:12265) disconnect
06-18 15:45:01.938 12265 12265 I VRI[MainActivity]@8a875a1: Relayout returned: old=(0,0,1340,800) new=(0,0,1340,800) relayoutAsync=false req=(1340,800)8 dur=5 res=0x2 s={false 0x0} ch=true seqId=0
06-18 15:45:01.938 12265 12265 D VRI[MainActivity]@8a875a1: Not drawing due to not visible. Reason=!mAppVisible && !mForceDecorViewVisibility
06-18 15:45:01.938 12265 12265 I VRI[MainActivity]@8a875a1: stopped(true) old = false
06-18 15:45:01.938 12265 12265 D VRI[MainActivity]@8a875a1: WindowStopped on top.niunaijun.blackbox/top.niunaijun.blackboxa.view.main.MainActivity set to true
06-18 15:45:01.939 12265 12265 I AutofillManager: onInvisibleForAutofill(): expiringResponse
06-18 15:45:01.950 12265 12265 I VRI[MainActivity]@8a875a1: Relayout returned: old=(0,0,1340,800) new=(0,0,1340,800) relayoutAsync=false req=(1340,800)8 dur=6 res=0x2 s={false 0x0} ch=false seqId=0
06-18 15:45:05.224 12265 12265 I VRI[ListActivity]@4332809: ViewPostIme pointer 0
06-18 15:45:05.225 12265 12265 I VRI[ListActivity]@4332809: call setFrameRateCategory for touch hint category=high hint, reason=touch, vri=VRI[ListActivity]@4332809
06-18 15:45:05.619 12265 12265 I VRI[ListActivity]@4332809: ViewPostIme pointer 1
06-18 15:45:06.297 12265 12265 I VRI[ListActivity]@4332809: ViewPostIme pointer 0
06-18 15:45:06.427 12265 12265 I VRI[ListActivity]@4332809: ViewPostIme pointer 1
06-18 15:45:06.430 12265 12265 I ImeTracker: top.niunaijun.blackbox:7898d57c: onRequestHide at ORIGIN_CLIENT reason HIDE_SOFT_INPUT fromUser false
06-18 15:45:06.430 12265 12265 I InputMethodManager_LC: hsifw() - flag : 0
06-18 15:45:06.430 12265 12265 I InputMethodManager_LC: hsifw() - mService.hideSoftInput
06-18 15:45:06.430 12265 12265 D InsetsController: hide(ime(), fromIme=false)
06-18 15:45:06.431 12265 12265 I ImeTracker: top.niunaijun.blackbox:7898d57c: onCancelled at PHASE_CLIENT_ALREADY_HIDDEN
06-18 15:45:06.450 12265 12265 I VRI[MainActivity]@8a875a1: handleAppVisibility mAppVisible = false visible = true
06-18 15:45:06.450 12265 12265 I VRI[MainActivity]@8a875a1: stopped(false) old = true
06-18 15:45:06.450 12265 12265 D VRI[MainActivity]@8a875a1: WindowStopped on top.niunaijun.blackbox/top.niunaijun.blackboxa.view.main.MainActivity set to false
06-18 15:45:06.451 12265 12265 D AppsFragment: Services became available, refreshing app list
06-18 15:45:06.454 12265 12405 D AppsRepository: getVmInstallList: userId=0, total users=1
06-18 15:45:06.454 12265 12405 D AppsRepository: User: id=0, name=null
06-18 15:45:06.454 12265 12322 D AppsRepository: getVmInstallList: userId=0, total users=1
06-18 15:45:06.454 12265 12322 D AppsRepository: User: id=0, name=null
06-18 15:45:06.455 12265 12265 I Dialog  : mIsDeviceDefault = false, mIsSamsungBasicInteraction = false, isMetaDataInActivity = false
06-18 15:45:06.455 12265 12265 I DecorView: setWindowBackground: isPopOver=false color=0 d=android.graphics.drawable.ColorDrawable@860fc37
06-18 15:45:06.456 12265 12265 I DecorView: setWindowBackground: isPopOver=false color=0 d=android.graphics.drawable.ColorDrawable@860fc37
06-18 15:45:06.457 12265 12405 D AppsRepository: getVmInstallList: userId=0, applicationList.size=1
06-18 15:45:06.457 12265 12405 D AppsRepository: First app: com.nexora.hammerscale
06-18 15:45:06.457 12265 12265 I DecorView: setWindowBackground: isPopOver=false color=0 d=android.graphics.drawable.ColorDrawable@d3f24d3
06-18 15:45:06.458 12265 12405 D AppsRepository: getVmInstallList: processed 1 apps - Memory: 7MB used / 256MB max (2%)
06-18 15:45:06.458 12265 12405 D AppsRepository: getVmInstallList: Showing 1 virtual apps for userId=0
06-18 15:45:06.458 12265 12322 D AppsRepository: getVmInstallList: userId=0, applicationList.size=1
06-18 15:45:06.458 12265 12322 D AppsRepository: First app: com.nexora.hammerscale
06-18 15:45:06.458 12265 12322 D AppsRepository: getVmInstallList: processed 1 apps - Memory: 7MB used / 256MB max (2%)
06-18 15:45:06.458 12265 12322 D AppsRepository: getVmInstallList: Showing 1 virtual apps for userId=0
06-18 15:45:06.463 12265 12265 I WindowManager: WindowManagerGlobal#addView, ty=2, view=com.android.internal.policy.DecorView{b3b819c V.E...... R.....I. 0,0-0,0}[MainActivity], caller=android.view.WindowManagerImpl.addView:158 android.app.Dialog.show:540 androidx.fragment.app.n.E:11 
06-18 15:45:06.463 12265 12265 I ViewRootImpl: dVRR is disabled
06-18 15:45:06.463 12265 12306 D NativeCustomFrequencyManager: [NativeCFMS] BpCustomFrequencyManager::BpCustomFrequencyManager()
