06-18 15:44:11.906 12283 12283 I DaemonService: DaemonInnerService -> onCreate
06-18 15:44:11.907 12283 12283 I DaemonService: DaemonInnerService -> onStartCommand
06-18 15:44:11.908 12283 12283 D DaemonService: Notification cancelled successfully
06-18 15:44:11.912 12283 12283 I DaemonService: DaemonInnerService -> onDestroy
06-18 15:44:12.123 12265 12265 I VRI[MainActivity]@c7310a2: ViewPostIme pointer 0
06-18 15:44:12.124 12265 12265 I VRI[MainActivity]@c7310a2: call setFrameRateCategory for touch hint category=high hint, reason=touch, vri=VRI[MainActivity]@c7310a2
06-18 15:44:12.221 12265 12265 I VRI[MainActivity]@c7310a2: ViewPostIme pointer 1
06-18 15:44:12.249 12265 12265 I ImeTracker: top.niunaijun.blackbox:6e0765c3: onRequestHide at ORIGIN_CLIENT reason HIDE_SOFT_INPUT fromUser false
06-18 15:44:12.250 12265 12265 I InputMethodManager_LC: hsifw() - flag : 0
06-18 15:44:12.250 12265 12265 I InputMethodManager_LC: hsifw() - mService.hideSoftInput
06-18 15:44:12.250 12265 12265 D InsetsController: hide(ime(), fromIme=false)
06-18 15:44:12.250 12265 12265 I ImeTracker: top.niunaijun.blackbox:6e0765c3: onCancelled at PHASE_CLIENT_ALREADY_HIDDEN
06-18 15:44:12.255 12265 12265 I WindowManager: WindowManagerGlobal#removeView, ty=2, view=com.android.internal.policy.DecorView{733ec6d V.ED..... R....... 0,0-585,319 aid=1073741826}[MainActivity], caller=android.view.WindowManagerGlobal.removeView:654 android.view.WindowManagerImpl.removeViewImmediate:216 android.app.Dialog.dismissDialog:850 
06-18 15:44:12.256 12265 12265 W WindowOnBackDispatcher: sendCancelIfRunning: isInProgress=false callback=android.app.Dialog$$ExternalSyntheticLambda4@e8e06c2
06-18 15:44:12.267 12265 12306 D HWUI    : endAllActiveAnimators on 0x775e260f50 (RippleDrawable) with handle 0x774e274320
06-18 15:44:12.267 12265 12265 I VRI[MainActivity]@c7310a2: dispatchDetachedFromWindow
06-18 15:44:12.277 12265 12265 D InputTransport: Input channel destroyed: '551d0a1', fd=159
06-18 15:44:12.289 12265 12275 D BLASTBufferQueue: [VRI[MainActivity]@c7310a2#1](f:0,a:1) destructor()
06-18 15:44:12.289 12265 12275 D BufferQueueConsumer: [VRI[MainActivity]@c7310a2#1(BLAST Consumer)1](id:2fe900000001,api:0,p:-1,c:12265) disconnect
06-18 15:44:12.304 12265 12265 I InsetsController: onStateChanged: host=top.niunaijun.blackbox/top.niunaijun.blackboxa.view.main.MainActivity, from=android.view.ViewRootImpl.onInsetsStateChanged:3026, state=InsetsState: {mDisplayFrame=Rect(0, 0 - 1340, 800), mDisplayCutout=DisplayCutout{insets=Rect(0, 0 - 0, 0) waterfall=Insets{left=0, top=0, right=0, bottom=0} boundingRect={Bounds=[Rect(0, 0 - 0, 0), Rect(0, 0 - 0, 0), Rect(0, 0 - 0, 0), Rect(0, 0 - 0, 0)]} cutoutPathParserInfo={CutoutPathParserInfo{displayWidth=0 displayHeight=0 physicalDisplayWidth=0 physicalDisplayHeight=0 density={0.0} cutoutSpec={} rotation={0} scale={0.0} physicalPixelDisplaySizeRatio={0.0}}} sideOverrides=null}, mRoundedCorners=RoundedCorners{[RoundedCorner{position=TopLeft, radius=9, center=Point(9, 9)}, RoundedCorner{position=TopRight, radius=9, center=Point(1331, 9)}, RoundedCorner{position=BottomRight, radius=9, center=Point(1331, 791)}, RoundedCorner{position=BottomLeft, radius=9, center=Point(9, 791)}]}  mRoundedCornerFrame=Rect(0, 0 - 1340, 800), mPrivacyIndicatorBounds=PrivacyIndicatorBounds {static bounds=Rect(1282, 0 - 1340, 39) rotation=1}, mDisplayShape=DisplayShape{ spec=-311912193 displayWidth=800 displayHeight=1340 physicalPixelDisplaySizeRatio=1.0 rotation=1 offsetX=0 offsetY=0 scale=1.0}, mSources= { InsetsSource: {887e0000 mType=statusBars mFrame=[0,0][1340,39] mVisible=true mFlags= mSideHint=TOP mBoundingRects=null}, InsetsSource: {887e0005 mType=mandatorySystemGestures mFrame=[0,0][1340,39] mVisible=true mFlags= mSideHint=TOP mBoundingRects=null}, InsetsSource: {887e0006 mType=tappableElement mFrame=[0,0][1340,39] mVisible=true mFlags= mSideHint=TOP mBoundingRects=null}, InsetsSource: {292c0001 mType=navigationBars mFrame=[0,737][1340,800] mVisible=true mFlags= mSideHint=BOTTOM mBoundingRects=null}, InsetsSource: {292c0004 mType=systemGestures mFrame=[0,0][0,0] mVisible=true mFlags= mSideHint=NONE mBoundingRects=null}, InsetsSource: {292c0005 mType=mandatorySystemGestures mFrame=[0,737][1340,800] mVisible=true mFlags= mSideHint=BOTTOM mBoundingRects=null}, InsetsSource: {292c0006 mType=tappableElement mFrame=[0,737][1340,800] mVisible=true mFlags= mSideHint=BOTTOM mBoundingRects=null}, InsetsSource: {292c0024 mType=systemGestures mFrame=[0,0][0,0] mVisible=true mFlags= mSideHint=NONE mBoundingRects=null} }
06-18 15:44:12.309 12265 12265 D VRI[MainActivity]@5c7bb39: mThreadedRenderer.initializeIfNeeded()#2 mSurface={isValid=true 0x775e24e0c0}
06-18 15:44:12.309 12265 12265 D InputMethodManagerUtils: startInputInner - Id : 0
06-18 15:44:12.309 12265 12265 I InputMethodManager: startInputInner - IInputMethodManagerGlobalInvoker.startInputOrWindowGainedFocus
06-18 15:44:12.317 12265 12265 I InsetsSourceConsumer: applyRequestedVisibilityToControl: visible=true, type=navigationBars, host=top.niunaijun.blackbox/top.niunaijun.blackboxa.view.main.MainActivity
06-18 15:44:12.318 12265 12265 I InsetsSourceConsumer: applyRequestedVisibilityToControl: visible=true, type=statusBars, host=top.niunaijun.blackbox/top.niunaijun.blackboxa.view.main.MainActivity
06-18 15:44:12.324 12265 12265 I ImeFocusController: onPreWindowFocus: skipped hasWindowFocus=false mHasImeFocus=true
06-18 15:44:12.324 12265 12265 I ImeFocusController: onPostWindowFocus: skipped hasWindowFocus=false mHasImeFocus=true
06-18 15:44:12.438 12265 12483 D ProfileInstaller: Installing profile for top.niunaijun.blackbox
06-18 15:44:12.813 12265 12265 I VRI[MainActivity]@5c7bb39: handleAppVisibility mAppVisible = true visible = false
06-18 15:44:12.813 12265 12265 D VRI[MainActivity]@5c7bb39: visibilityChanged oldVisibility=true newVisibility=false
06-18 15:44:12.829 12265 12265 D BLASTBufferQueue: [VRI[MainActivity]@5c7bb39#0](f:0,a:1) destructor()
06-18 15:44:12.829 12265 12265 D BufferQueueConsumer: [VRI[MainActivity]@5c7bb39#0(BLAST Consumer)0](id:2fe900000000,api:0,p:-1,c:12265) disconnect
06-18 15:44:12.830 12265 12265 I VRI[MainActivity]@5c7bb39: Relayout returned: old=(377,228,962,547) new=(377,228,962,547) relayoutAsync=false req=(585,319)8 dur=3 res=0x2 s={false 0x0} ch=true seqId=0
06-18 15:44:12.830 12265 12265 D VRI[MainActivity]@5c7bb39: Not drawing due to not visible. Reason=!mAppVisible && !mForceDecorViewVisibility
06-18 15:44:12.830 12265 12265 I VRI[MainActivity]@8a875a1: handleAppVisibility mAppVisible = true visible = false
06-18 15:44:12.830 12265 12265 D VRI[MainActivity]@8a875a1: visibilityChanged oldVisibility=true newVisibility=false
06-18 15:44:12.846 12265 12306 D HWUI    : CacheManager::trimMemory(20)
06-18 15:44:12.849 12265 12265 D BLASTBufferQueue: [VRI[MainActivity]@8a875a1#2](f:0,a:1) destructor()
06-18 15:44:12.850 12265 12265 D BufferQueueConsumer: [VRI[MainActivity]@8a875a1#2(BLAST Consumer)2](id:2fe900000002,api:0,p:-1,c:12265) disconnect
06-18 15:44:12.850 12265 12265 I VRI[MainActivity]@8a875a1: Relayout returned: old=(0,0,1340,800) new=(0,0,1340,800) relayoutAsync=false req=(1340,800)8 dur=2 res=0x2 s={false 0x0} ch=true seqId=0
06-18 15:44:12.850 12265 12265 D VRI[MainActivity]@8a875a1: Not drawing due to not visible. Reason=!mAppVisible && !mForceDecorViewVisibility
06-18 15:44:12.953 12265 12265 I VRI[MainActivity]@8a875a1: stopped(true) old = false
06-18 15:44:12.953 12265 12265 D VRI[MainActivity]@8a875a1: WindowStopped on top.niunaijun.blackbox/top.niunaijun.blackboxa.view.main.MainActivity set to true
06-18 15:44:12.954 12265 12306 D HWUI    : CacheManager::trimMemory(20)
06-18 15:44:12.957 12265 12265 I VRI[MainActivity]@5c7bb39: stopped(true) old = false
06-18 15:44:12.957 12265 12265 D VRI[MainActivity]@5c7bb39: WindowStopped on top.niunaijun.blackbox/top.niunaijun.blackboxa.view.main.MainActivity set to true
06-18 15:44:12.957 12265 12306 D HWUI    : CacheManager::trimMemory(20)
06-18 15:44:12.965 12265 12265 D InputTransport: Input channel destroyed: 'ClientS', fd=125
06-18 15:44:13.008 12265 12265 I VRI[MainActivity]@8a875a1: Relayout returned: old=(0,0,1340,800) new=(0,0,1340,800) relayoutAsync=false req=(1340,800)8 dur=32 res=0x2 s={false 0x0} ch=false seqId=0
06-18 15:44:13.009 12265 12306 D HWUI    : CacheManager::trimMemory(20)
06-18 15:44:13.028 12265 12265 D BBA2    : setIsFg isFg = false; delayValue 3999ms
06-18 15:44:16.155 12265 12265 I VRI[MainActivity]@5c7bb39: handleAppVisibility mAppVisible = false visible = true
06-18 15:44:16.155 12265 12265 D VRI[MainActivity]@5c7bb39: visibilityChanged oldVisibility=false newVisibility=true
06-18 15:44:16.157 12265 12265 I VRI[MainActivity]@8a875a1: handleAppVisibility mAppVisible = false visible = true
06-18 15:44:16.173 12265 12265 D BufferQueueConsumer: [](id:2fe900000003,api:0,p:-1,c:12265) connect: controlledByApp=false
06-18 15:44:16.174 12265 12265 D BLASTBufferQueue: [VRI[MainActivity]@5c7bb39#3](f:0,a:0) constructor()
06-18 15:44:16.174 12265 12265 I BLASTBufferQueue_Java: new BLASTBufferQueue, mName= VRI[MainActivity]@5c7bb39 mNativeObject= 0x778e282ab0 caller= android.view.ViewRootImpl.updateBlastSurfaceIfNeeded:3585 android.view.ViewRootImpl.relayoutWindow:11685 android.view.ViewRootImpl.performTraversals:4804 android.view.ViewRootImpl.doTraversal:3924 android.view.ViewRootImpl$TraversalRunnable.run:12903 android.view.Choreographer$CallbackRecord.run:1901 android.view.Choreographer$CallbackRecord.run:1910 android.view.Choreographer.doCallbacks:1367 android.view.Choreographer.doFrame:1292 android.view.Choreographer$FrameDisplayEventReceiver.run:1870 
06-18 15:44:16.174 12265 12265 I BLASTBufferQueue_Java: update, w= 669 h= 403 mName = VRI[MainActivity]@5c7bb39 mNativeObject= 0x778e282ab0 sc.mNativeObject= 0x772e227950 format= -2 caller= android.view.ViewRootImpl.updateBlastSurfaceIfNeeded:3590 android.view.ViewRootImpl.relayoutWindow:11685 android.view.ViewRootImpl.performTraversals:4804 android.view.ViewRootImpl.doTraversal:3924 android.view.ViewRootImpl$TraversalRunnable.run:12903 android.view.Choreographer$CallbackRecord.run:1901 
06-18 15:44:16.174 12265 12265 D BLASTBufferQueue: [VRI[MainActivity]@5c7bb39#3](f:0,a:0) update width=669 height=403 format=-2 mTransformHint=4
06-18 15:44:16.175 12265 12265 I VRI[MainActivity]@5c7bb39: Relayout returned: old=(377,228,962,547) new=(377,228,962,547) relayoutAsync=false req=(585,319)0 dur=12 res=0x3 s={true 0x775e273de0} ch=true seqId=0
06-18 15:44:16.177 12265 12265 D VRI[MainActivity]@5c7bb39: mThreadedRenderer.initialize() mSurface={isValid=true 0x775e273de0} hwInitialized=true
06-18 15:44:16.178 12265 12265 D VRI[MainActivity]@5c7bb39: reportNextDraw android.view.ViewRootImpl.performTraversals:5443 android.view.ViewRootImpl.doTraversal:3924 android.view.ViewRootImpl$TraversalRunnable.run:12903 android.view.Choreographer$CallbackRecord.run:1901 android.view.Choreographer$CallbackRecord.run:1910 
06-18 15:44:16.178 12265 12265 D VRI[MainActivity]@5c7bb39: Setup new sync=wmsSync-VRI[MainActivity]@5c7bb39#8
06-18 15:44:16.178 12265 12265 I VRI[MainActivity]@5c7bb39: Creating new active sync group VRI[MainActivity]@5c7bb39#9
06-18 15:44:16.180 12265 12265 D VRI[MainActivity]@5c7bb39: Start draw after previous draw not visible
06-18 15:44:16.181 12265 12265 D VRI[MainActivity]@5c7bb39: registerCallbacksForSync syncBuffer=false
06-18 15:44:16.185 12265 12344 D VRI[MainActivity]@5c7bb39: Received frameDrawingCallback syncResult=0 frameNum=1.
06-18 15:44:16.185 12265 12344 I VRI[MainActivity]@5c7bb39: mWNT: t=0x779e31fb50 mBlastBufferQueue=0x778e282ab0 fn= 1 HdrRenderState mRenderHdrSdrRatio=1.0 caller= android.view.ViewRootImpl$12.onFrameDraw:15441 android.view.ThreadedRenderer$1.onFrameDraw:718 <bottom of call stack> 
06-18 15:44:16.185 12265 12344 I VRI[MainActivity]@5c7bb39: Setting up sync and frameCommitCallback
06-18 15:44:16.194 12265 12306 D BLASTBufferQueue: [VRI[MainActivity]@5c7bb39#3](f:0,a:1) acquireNextBufferLocked size=669x403 mFrameNumber=1 applyTransaction=true mTimestamp=235370020138489(auto) mPendingTransactions.size=0 graphicBufferId=52677773885460 transform=7
06-18 15:44:16.195 12265 12306 I VRI[MainActivity]@5c7bb39: Received frameCommittedCallback lastAttemptedDrawFrameNum=1 didProduceBuffer=true
06-18 15:44:16.195 12265 12306 D HWUI    : CacheManager::trimMemory(20)
06-18 15:44:16.196 12265 12265 D VRI[MainActivity]@5c7bb39: reportDrawFinished seqId=0
06-18 15:44:16.197 12265 12265 I VRI[MainActivity]@8a875a1: stopped(false) old = true
06-18 15:44:16.197 12265 12265 D VRI[MainActivity]@8a875a1: WindowStopped on top.niunaijun.blackbox/top.niunaijun.blackboxa.view.main.MainActivity set to false
06-18 15:44:16.198 12265 12265 I VRI[MainActivity]@5c7bb39: stopped(false) old = true
06-18 15:44:16.198 12265 12265 D VRI[MainActivity]@5c7bb39: WindowStopped on top.niunaijun.blackbox/top.niunaijun.blackboxa.view.main.MainActivity set to false
06-18 15:44:16.199 12265 12265 D AppsFragment: Services became available, refreshing app list
06-18 15:44:16.201 12265 12265 D MainActivity: Screen overlay permission granted
06-18 15:44:16.203 12265 12320 D AppsRepository: getVmInstallList: userId=0, total users=1
06-18 15:44:16.203 12265 12320 D AppsRepository: User: id=0, name=null
06-18 15:44:16.203 12265 12407 D AppsRepository: getVmInstallList: userId=0, total users=1
06-18 15:44:16.203 12265 12407 D AppsRepository: User: id=0, name=null
06-18 15:44:16.205 12265 12265 I InsetsSourceConsumer: applyRequestedVisibilityToControl: visible=true, type=navigationBars, host=top.niunaijun.blackbox/top.niunaijun.blackboxa.view.main.MainActivity
06-18 15:44:16.206 12265 12265 I InsetsSourceConsumer: applyRequestedVisibilityToControl: visible=true, type=statusBars, host=top.niunaijun.blackbox/top.niunaijun.blackboxa.view.main.MainActivity
06-18 15:44:16.207 12265 12320 D AppsRepository: getVmInstallList: userId=0, applicationList.size=1
06-18 15:44:16.207 12265 12320 D AppsRepository: First app: com.nexora.hammerscale
06-18 15:44:16.209 12265 12407 D AppsRepository: getVmInstallList: userId=0, applicationList.size=1
06-18 15:44:16.209 12265 12407 D AppsRepository: First app: com.nexora.hammerscale
06-18 15:44:16.211 12265 12320 D AppsRepository: getVmInstallList: processed 1 apps - Memory: 7MB used / 256MB max (2%)
06-18 15:44:16.211 12265 12320 D AppsRepository: getVmInstallList: Showing 1 virtual apps for userId=0
06-18 15:44:16.212 12265 12407 D AppsRepository: getVmInstallList: processed 1 apps - Memory: 7MB used / 256MB max (2%)
06-18 15:44:16.212 12265 12407 D AppsRepository: getVmInstallList: Showing 1 virtual apps for userId=0
06-18 15:44:16.218 12265 12265 D BufferQueueConsumer: [](id:2fe900000004,api:0,p:-1,c:12265) connect: controlledByApp=false
06-18 15:44:16.219 12265 12265 D BLASTBufferQueue: [VRI[MainActivity]@8a875a1#4](f:0,a:0) constructor()
06-18 15:44:16.219 12265 12265 I BLASTBufferQueue_Java: new BLASTBufferQueue, mName= VRI[MainActivity]@8a875a1 mNativeObject= 0x778e238290 caller= android.view.ViewRootImpl.updateBlastSurfaceIfNeeded:3585 android.view.ViewRootImpl.relayoutWindow:11685 android.view.ViewRootImpl.performTraversals:4804 android.view.ViewRootImpl.doTraversal:3924 android.view.ViewRootImpl$TraversalRunnable.run:12903 android.view.Choreographer$CallbackRecord.run:1901 android.view.Choreographer$CallbackRecord.run:1910 android.view.Choreographer.doCallbacks:1367 android.view.Choreographer.doFrame:1292 android.view.Choreographer$FrameDisplayEventReceiver.run:1870 
06-18 15:44:16.219 12265 12265 I BLASTBufferQueue_Java: update, w= 1340 h= 800 mName = VRI[MainActivity]@8a875a1 mNativeObject= 0x778e238290 sc.mNativeObject= 0x772e22c5d0 format= -1 caller= android.view.ViewRootImpl.updateBlastSurfaceIfNeeded:3590 android.view.ViewRootImpl.relayoutWindow:11685 android.view.ViewRootImpl.performTraversals:4804 android.view.ViewRootImpl.doTraversal:3924 android.view.ViewRootImpl$TraversalRunnable.run:12903 android.view.Choreographer$CallbackRecord.run:1901 
06-18 15:44:16.219 12265 12265 D BLASTBufferQueue: [VRI[MainActivity]@8a875a1#4](f:0,a:0) update width=1340 height=800 format=-1 mTransformHint=4
06-18 15:44:16.220 12265 12265 I VRI[MainActivity]@8a875a1: Relayout returned: old=(0,0,1340,800) new=(0,0,1340,800) relayoutAsync=false req=(1340,800)0 dur=7 res=0x3 s={true 0x775e24da50} ch=true seqId=0
06-18 15:44:16.220 12265 12265 D VRI[MainActivity]@8a875a1: mThreadedRenderer.initialize() mSurface={isValid=true 0x775e24da50} hwInitialized=true
06-18 15:44:16.222 12265 12265 D VRI[MainActivity]@8a875a1: reportNextDraw android.view.ViewRootImpl.performTraversals:5443 android.view.ViewRootImpl.doTraversal:3924 android.view.ViewRootImpl$TraversalRunnable.run:12903 android.view.Choreographer$CallbackRecord.run:1901 android.view.Choreographer$CallbackRecord.run:1910 
06-18 15:44:16.222 12265 12265 D VRI[MainActivity]@8a875a1: Setup new sync=wmsSync-VRI[MainActivity]@8a875a1#10
06-18 15:44:16.222 12265 12265 I VRI[MainActivity]@8a875a1: Creating new active sync group VRI[MainActivity]@8a875a1#11
06-18 15:44:16.222 12265 12265 D VRI[MainActivity]@8a875a1: Start draw after previous draw not visible
06-18 15:44:16.222 12265 12265 D VRI[MainActivity]@8a875a1: registerCallbacksForSync syncBuffer=false
06-18 15:44:16.235 12265 12343 D VRI[MainActivity]@8a875a1: Received frameDrawingCallback syncResult=0 frameNum=1.
06-18 15:44:16.236 12265 12343 I VRI[MainActivity]@8a875a1: mWNT: t=0x779e2de4d0 mBlastBufferQueue=0x778e238290 fn= 1 HdrRenderState mRenderHdrSdrRatio=1.0 caller= android.view.ViewRootImpl$12.onFrameDraw:15441 android.view.ThreadedRenderer$1.onFrameDraw:718 <bottom of call stack> 
06-18 15:44:16.236 12265 12343 I VRI[MainActivity]@8a875a1: Setting up sync and frameCommitCallback
06-18 15:44:16.243 12265 12306 D BLASTBufferQueue: [VRI[MainActivity]@8a875a1#4](f:0,a:1) acquireNextBufferLocked size=1340x800 mFrameNumber=1 applyTransaction=true mTimestamp=235370069209796(auto) mPendingTransactions.size=0 graphicBufferId=52677773885464 transform=7
06-18 15:44:16.243 12265 12306 I VRI[MainActivity]@8a875a1: Received frameCommittedCallback lastAttemptedDrawFrameNum=1 didProduceBuffer=true
06-18 15:44:16.244 12265 12265 D VRI[MainActivity]@8a875a1: reportDrawFinished seqId=0
06-18 15:44:16.251 12265 12265 I BLASTBufferQueue_Java: update, w= 669 h= 403 mName = VRI[MainActivity]@5c7bb39 mNativeObject= 0x778e282ab0 sc.mNativeObject= 0x772e232150 format= -2 caller= android.view.ViewRootImpl.updateBlastSurfaceIfNeeded:3574 android.view.ViewRootImpl.relayoutWindow:11685 android.view.ViewRootImpl.performTraversals:4804 android.view.ViewRootImpl.doTraversal:3924 android.view.ViewRootImpl$TraversalRunnable.run:12903 android.view.Choreographer$CallbackRecord.run:1901 
06-18 15:44:16.251 12265 12265 I VRI[MainActivity]@5c7bb39: Relayout returned: old=(377,228,962,547) new=(377,228,962,547) relayoutAsync=false req=(585,319)0 dur=7 res=0x0 s={true 0x775e273de0} ch=false seqId=0
06-18 15:44:16.284 12265 12265 D VRI[MainActivity]@5c7bb39: mThreadedRenderer.initializeIfNeeded()#2 mSurface={isValid=true 0x775e273de0}
06-18 15:44:16.284 12265 12265 D InputMethodManagerUtils: startInputInner - Id : 0
06-18 15:44:16.284 12265 12265 I InputMethodManager: startInputInner - IInputMethodManagerGlobalInvoker.startInputOrWindowGainedFocus
06-18 15:44:16.286 12265 12265 I InputMethodManager: handleMessage: setImeVisibility visible=false
06-18 15:44:16.286 12265 12265 D InsetsController: hide(ime(), fromIme=false)
06-18 15:44:16.286 12265 12265 I ImeTracker: top.niunaijun.blackbox:d02c5ea2: onCancelled at PHASE_CLIENT_ALREADY_HIDDEN
06-18 15:44:16.289 12265 12275 D InputTransport: Input channel constructed: 'ClientS', fd=154
06-18 15:44:19.968 12265 12265 I VRI[MainActivity]@5c7bb39: ViewPostIme pointer 0
06-18 15:44:19.968 12265 12265 I VRI[MainActivity]@5c7bb39: call setFrameRateCategory for touch hint category=high hint, reason=touch, vri=VRI[MainActivity]@5c7bb39
06-18 15:44:19.983 12265 12265 D Choreographer: BBA2 receive callback when in bg : 0
06-18 15:44:20.066 12265 12265 I VRI[MainActivity]@5c7bb39: ViewPostIme pointer 1
06-18 15:44:20.076 12265 12265 I VRI[MainActivity]@5c7bb39: registerCallbackForPendingTransactions
06-18 15:44:20.077 12265 12344 I VRI[MainActivity]@5c7bb39: mWNT: t=0x779e305910 mBlastBufferQueue=0x778e282ab0 fn= 2 HdrRenderState mRenderHdrSdrRatio=1.0 caller= android.view.ViewRootImpl$10.onFrameDraw:6536 android.view.ViewRootImpl$4.onFrameDraw:2489 android.view.ThreadedRenderer$1.onFrameDraw:718 
06-18 15:44:20.093 12265 12265 I ImeTracker: top.niunaijun.blackbox:7d82f989: onRequestHide at ORIGIN_CLIENT reason HIDE_SOFT_INPUT fromUser false
06-18 15:44:20.093 12265 12265 I InputMethodManager_LC: hsifw() - flag : 0
06-18 15:44:20.093 12265 12265 I InputMethodManager_LC: hsifw() - mService.hideSoftInput
06-18 15:44:20.093 12265 12265 D InsetsController: hide(ime(), fromIme=false)
06-18 15:44:20.093 12265 12265 I ImeTracker: top.niunaijun.blackbox:7d82f989: onCancelled at PHASE_CLIENT_ALREADY_HIDDEN
06-18 15:44:20.093 12265 12265 I WindowManager: WindowManagerGlobal#removeView, ty=2, view=com.android.internal.policy.DecorView{46127da V.ED..... R....... 0,0-585,319 aid=1073741827}[MainActivity], caller=android.view.WindowManagerGlobal.removeView:654 android.view.WindowManagerImpl.removeViewImmediate:216 android.app.Dialog.dismissDialog:850 
06-18 15:44:20.094 12265 12265 W WindowOnBackDispatcher: sendCancelIfRunning: isInProgress=false callback=android.app.Dialog$$ExternalSyntheticLambda4@f890911
06-18 15:44:20.098 12265 12306 D HWUI    : endAllActiveAnimators on 0x775e254e30 (RippleDrawable) with handle 0x774e25e930
06-18 15:44:20.099 12265 12265 I VRI[MainActivity]@5c7bb39: dispatchDetachedFromWindow
06-18 15:44:20.112 12265 12265 D InputTransport: Input channel destroyed: '1cbffa2', fd=160
06-18 15:44:20.117 12265 12561 D BLASTBufferQueue: [VRI[MainActivity]@5c7bb39#3](f:0,a:1) destructor()
06-18 15:44:20.117 12265 12561 D BufferQueueConsumer: [VRI[MainActivity]@5c7bb39#3(BLAST Consumer)3](id:2fe900000003,api:0,p:-1,c:12265) disconnect
06-18 15:44:20.131 12265 12265 I InsetsSourceConsumer: applyRequestedVisibilityToControl: visible=true, type=navigationBars, host=top.niunaijun.blackbox/top.niunaijun.blackboxa.view.main.MainActivity
06-18 15:44:20.131 12265 12265 I InsetsSourceConsumer: applyRequestedVisibilityToControl: visible=true, type=statusBars, host=top.niunaijun.blackbox/top.niunaijun.blackboxa.view.main.MainActivity
06-18 15:44:20.133 12265 12265 I InsetsController: onStateChanged: host=top.niunaijun.blackbox/top.niunaijun.blackboxa.view.main.MainActivity, from=android.view.ViewRootImpl.onInsetsStateChanged:3026, state=InsetsState: {mDisplayFrame=Rect(0, 0 - 1340, 800), mDisplayCutout=DisplayCutout{insets=Rect(0, 0 - 0, 0) waterfall=Insets{left=0, top=0, right=0, bottom=0} boundingRect={Bounds=[Rect(0, 0 - 0, 0), Rect(0, 0 - 0, 0), Rect(0, 0 - 0, 0), Rect(0, 0 - 0, 0)]} cutoutPathParserInfo={CutoutPathParserInfo{displayWidth=0 displayHeight=0 physicalDisplayWidth=0 physicalDisplayHeight=0 density={0.0} cutoutSpec={} rotation={0} scale={0.0} physicalPixelDisplaySizeRatio={0.0}}} sideOverrides=null}, mRoundedCorners=RoundedCorners{[RoundedCorner{position=TopLeft, radius=9, center=Point(9, 9)}, RoundedCorner{position=TopRight, radius=9, center=Point(1331, 9)}, RoundedCorner{position=BottomRight, radius=9, center=Point(1331, 791)}, RoundedCorner{position=BottomLeft, radius=9, center=Point(9, 791)}]}  mRoundedCornerFrame=Rect(0, 0 - 1340, 800), mPrivacyIndicatorBounds=PrivacyIndicatorBounds {static bounds=Rect(1282, 0 - 1340, 39) rotation=1}, mDisplayShape=DisplayShape{ spec=-311912193 displayWidth=800 displayHeight=1340 physicalPixelDisplaySizeRatio=1.0 rotation=1 offsetX=0 offsetY=0 scale=1.0}, mSources= { InsetsSource: {887e0000 mType=statusBars mFrame=[0,0][1340,39] mVisible=true mFlags= mSideHint=TOP mBoundingRects=null}, InsetsSource: {887e0005 mType=mandatorySystemGestures mFrame=[0,0][1340,39] mVisible=true mFlags= mSideHint=TOP mBoundingRects=null}, InsetsSource: {887e0006 mType=tappableElement mFrame=[0,0][1340,39] mVisible=true mFlags= mSideHint=TOP mBoundingRects=null}, InsetsSource: {292c0001 mType=navigationBars mFrame=[0,737][1340,800] mVisible=true mFlags= mSideHint=BOTTOM mBoundingRects=null}, InsetsSource: {292c0004 mType=systemGestures mFrame=[0,0][0,0] mVisible=true mFlags= mSideHint=NONE mBoundingRects=null}, InsetsSource: {292c0005 mType=mandatorySystemGestures mFrame=[0,737][1340,800] mVisible=true mFlags= mSideHint=BOTTOM mBoundingRects=null}, InsetsSource: {292c0006 mType=tappableElement mFrame=[0,737][1340,800] mVisible=true mFlags= mSideHint=BOTTOM mBoundingRects=null}, InsetsSource: {292c0024 mType=systemGestures mFrame=[0,0][0,0] mVisible=true mFlags= mSideHint=NONE mBoundingRects=null} }
06-18 15:44:20.341 12265 12265 D InputTransport: Input channel destroyed: 'ClientS', fd=154
06-18 15:44:20.790 12265 12265 I VRI[MainActivity]@8a875a1: handleAppVisibility mAppVisible = true visible = false
06-18 15:44:20.790 12265 12265 D VRI[MainActivity]@8a875a1: visibilityChanged oldVisibility=true newVisibility=false
06-18 15:44:20.805 12265 12306 D HWUI    : CacheManager::trimMemory(20)
06-18 15:44:20.810 12265 12265 D BLASTBufferQueue: [VRI[MainActivity]@8a875a1#4](f:0,a:1) destructor()
06-18 15:44:20.810 12265 12265 D BufferQueueConsumer: [VRI[MainActivity]@8a875a1#4(BLAST Consumer)4](id:2fe900000004,api:0,p:-1,c:12265) disconnect
06-18 15:44:20.810 12265 12265 I VRI[MainActivity]@8a875a1: Relayout returned: old=(0,0,1340,800) new=(0,0,1340,800) relayoutAsync=false req=(1340,800)8 dur=4 res=0x2 s={false 0x0} ch=true seqId=0
06-18 15:44:20.811 12265 12265 D VRI[MainActivity]@8a875a1: Not drawing due to not visible. Reason=!mAppVisible && !mForceDecorViewVisibility
06-18 15:44:20.811 12265 12306 D HWUI    : CacheManager::trimMemory(20)
06-18 15:44:20.811 12265 12265 I VRI[MainActivity]@8a875a1: stopped(true) old = false
06-18 15:44:20.811 12265 12265 D VRI[MainActivity]@8a875a1: WindowStopped on top.niunaijun.blackbox/top.niunaijun.blackboxa.view.main.MainActivity set to true
06-18 15:44:20.812 12265 12306 D HWUI    : CacheManager::trimMemory(20)
06-18 15:44:20.826 12265 12265 I VRI[MainActivity]@8a875a1: Relayout returned: old=(0,0,1340,800) new=(0,0,1340,800) relayoutAsync=false req=(1340,800)8 dur=7 res=0x2 s={false 0x0} ch=false seqId=0
06-18 15:44:20.832 12265 12265 D BBA2    : setIsFg isFg = false; delayValue 3999ms
06-18 15:44:21.902 12265 12265 I VRI[MainActivity]@8a875a1: handleAppVisibility mAppVisible = false visible = true
06-18 15:44:21.910 12265 12265 I VRI[MainActivity]@8a875a1: stopped(false) old = true
06-18 15:44:21.911 12265 12265 D VRI[MainActivity]@8a875a1: WindowStopped on top.niunaijun.blackbox/top.niunaijun.blackboxa.view.main.MainActivity set to false
06-18 15:44:21.912 12265 12265 D AppsFragment: Services became available, refreshing app list
06-18 15:44:21.913 12265 12407 D AppsRepository: getVmInstallList: userId=0, total users=1
06-18 15:44:21.913 12265 12407 D AppsRepository: User: id=0, name=null
06-18 15:44:21.914 12265 12405 D AppsRepository: getVmInstallList: userId=0, total users=1
06-18 15:44:21.914 12265 12405 D AppsRepository: User: id=0, name=null
06-18 15:44:21.914 12265 12265 D MainActivity: Storage permission granted!
06-18 15:44:21.918 12265 12407 D AppsRepository: getVmInstallList: userId=0, applicationList.size=1
06-18 15:44:21.918 12265 12407 D AppsRepository: First app: com.nexora.hammerscale
06-18 15:44:21.919 12265 12407 D AppsRepository: getVmInstallList: processed 1 apps - Memory: 7MB used / 256MB max (2%)
06-18 15:44:21.919 12265 12407 D AppsRepository: getVmInstallList: Showing 1 virtual apps for userId=0
06-18 15:44:21.921 12265 12405 D AppsRepository: getVmInstallList: userId=0, applicationList.size=1
06-18 15:44:21.921 12265 12405 D AppsRepository: First app: com.nexora.hammerscale
06-18 15:44:21.921 12265 12405 D AppsRepository: getVmInstallList: processed 1 apps - Memory: 7MB used / 256MB max (2%)
06-18 15:44:21.921 12265 12405 D AppsRepository: getVmInstallList: Showing 1 virtual apps for userId=0
06-18 15:44:21.948 12265 12265 D BufferQueueConsumer: [](id:2fe900000005,api:0,p:-1,c:12265) connect: controlledByApp=false
06-18 15:44:21.948 12265 12265 D BLASTBufferQueue: [VRI[MainActivity]@8a875a1#5](f:0,a:0) constructor()
06-18 15:44:21.948 12265 12265 I BLASTBufferQueue_Java: new BLASTBufferQueue, mName= VRI[MainActivity]@8a875a1 mNativeObject= 0x778e238290 caller= android.view.ViewRootImpl.updateBlastSurfaceIfNeeded:3585 android.view.ViewRootImpl.relayoutWindow:11685 android.view.ViewRootImpl.performTraversals:4804 android.view.ViewRootImpl.doTraversal:3924 android.view.ViewRootImpl$TraversalRunnable.run:12903 android.view.Choreographer$CallbackRecord.run:1901 android.view.Choreographer$CallbackRecord.run:1910 android.view.Choreographer.doCallbacks:1367 android.view.Choreographer.doFrame:1292 android.view.Choreographer$FrameDisplayEventReceiver.run:1870 
06-18 15:44:21.949 12265 12265 I BLASTBufferQueue_Java: update, w= 1340 h= 800 mName = VRI[MainActivity]@8a875a1 mNativeObject= 0x778e238290 sc.mNativeObject= 0x772e22c5d0 format= -1 caller= android.view.ViewRootImpl.updateBlastSurfaceIfNeeded:3590 android.view.ViewRootImpl.relayoutWindow:11685 android.view.ViewRootImpl.performTraversals:4804 android.view.ViewRootImpl.doTraversal:3924 android.view.ViewRootImpl$TraversalRunnable.run:12903 android.view.Choreographer$CallbackRecord.run:1901 
06-18 15:44:21.949 12265 12265 D BLASTBufferQueue: [VRI[MainActivity]@8a875a1#5](f:0,a:0) update width=1340 height=800 format=-1 mTransformHint=4
06-18 15:44:21.950 12265 12265 I VRI[MainActivity]@8a875a1: Relayout returned: old=(0,0,1340,800) new=(0,0,1340,800) relayoutAsync=false req=(1340,800)0 dur=12 res=0x3 s={true 0x775e251ab0} ch=true seqId=0
06-18 15:44:21.950 12265 12265 D VRI[MainActivity]@8a875a1: mThreadedRenderer.initialize() mSurface={isValid=true 0x775e251ab0} hwInitialized=true
06-18 15:44:21.952 12265 12265 D VRI[MainActivity]@8a875a1: reportNextDraw android.view.ViewRootImpl.performTraversals:5443 android.view.ViewRootImpl.doTraversal:3924 android.view.ViewRootImpl$TraversalRunnable.run:12903 android.view.Choreographer$CallbackRecord.run:1901 android.view.Choreographer$CallbackRecord.run:1910 
06-18 15:44:21.953 12265 12265 D VRI[MainActivity]@8a875a1: Setup new sync=wmsSync-VRI[MainActivity]@8a875a1#12
06-18 15:44:21.953 12265 12265 I VRI[MainActivity]@8a875a1: Creating new active sync group VRI[MainActivity]@8a875a1#13
06-18 15:44:21.953 12265 12265 D VRI[MainActivity]@8a875a1: Start draw after previous draw not visible
06-18 15:44:21.953 12265 12265 D VRI[MainActivity]@8a875a1: registerCallbacksForSync syncBuffer=false
06-18 15:44:21.968 12265 12343 D VRI[MainActivity]@8a875a1: Received frameDrawingCallback syncResult=0 frameNum=1.
06-18 15:44:21.968 12265 12343 I VRI[MainActivity]@8a875a1: mWNT: t=0x779e29ff50 mBlastBufferQueue=0x778e238290 fn= 1 HdrRenderState mRenderHdrSdrRatio=1.0 caller= android.view.ViewRootImpl$12.onFrameDraw:15441 android.view.ThreadedRenderer$1.onFrameDraw:718 <bottom of call stack> 
06-18 15:44:21.968 12265 12343 I VRI[MainActivity]@8a875a1: Setting up sync and frameCommitCallback
06-18 15:44:21.973 12265 12306 D BLASTBufferQueue: [VRI[MainActivity]@8a875a1#5](f:0,a:1) acquireNextBufferLocked size=1340x800 mFrameNumber=1 applyTransaction=true mTimestamp=235375799805874(auto) mPendingTransactions.size=0 graphicBufferId=52677773885470 transform=7
06-18 15:44:21.974 12265 12306 I VRI[MainActivity]@8a875a1: Received frameCommittedCallback lastAttemptedDrawFrameNum=1 didProduceBuffer=true
06-18 15:44:21.979 12265 12265 D VRI[MainActivity]@8a875a1: reportDrawFinished seqId=0
06-18 15:44:21.980 12265 12265 I InsetsSourceConsumer: applyRequestedVisibilityToControl: visible=true, type=navigationBars, host=top.niunaijun.blackbox/top.niunaijun.blackboxa.view.main.MainActivity
06-18 15:44:21.980 12265 12265 I InsetsSourceConsumer: applyRequestedVisibilityToControl: visible=true, type=statusBars, host=top.niunaijun.blackbox/top.niunaijun.blackboxa.view.main.MainActivity
06-18 15:44:22.013 12265 12265 D VRI[MainActivity]@8a875a1: mThreadedRenderer.initializeIfNeeded()#2 mSurface={isValid=true 0x775e251ab0}
06-18 15:44:22.014 12265 12265 D InputMethodManagerUtils: startInputInner - Id : 0
06-18 15:44:22.014 12265 12265 I InputMethodManager: startInputInner - IInputMethodManagerGlobalInvoker.startInputOrWindowGainedFocus
06-18 15:44:22.017 12265 12265 I InputMethodManager: handleMessage: setImeVisibility visible=false
06-18 15:44:22.017 12265 12265 D InsetsController: hide(ime(), fromIme=false)
06-18 15:44:22.017 12265 12265 I ImeTracker: top.niunaijun.blackbox:4edc3ca5: onCancelled at PHASE_CLIENT_ALREADY_HIDDEN
06-18 15:44:22.020 12265 12275 D InputTransport: Input channel constructed: 'ClientS', fd=139
06-18 15:44:22.977 12265 12265 I VRI[MainActivity]@8a875a1: ViewPostIme pointer 0
06-18 15:44:22.985 12265 12265 I GestureDetector: obtain mCurrentDownEvent. id: 296474564 caller: e0.y.c:9 androidx.recyclerview.widget.RecyclerView.C:21 androidx.recyclerview.widget.RecyclerView.onInterceptTouchEvent:10 
06-18 15:44:22.986 12265 12265 I VRI[MainActivity]@8a875a1: call setFrameRateCategory for touch hint category=high hint, reason=touch, vri=VRI[MainActivity]@8a875a1
06-18 15:44:22.999 12265 12265 I GestureDetector: obtain mCurrentMotionEventRaw. action: 2 id: 509095447
06-18 15:44:23.039 12265 12265 I VRI[MainActivity]@8a875a1: ViewPostIme pointer 1
06-18 15:44:23.046 12265 12265 I Dialog  : mIsDeviceDefault = false, mIsSamsungBasicInteraction = false, isMetaDataInActivity = false
06-18 15:44:23.046 12265 12265 I DecorView: setWindowBackground: isPopOver=false color=0 d=android.graphics.drawable.ColorDrawable@cdd2f59
06-18 15:44:23.048 12265 12265 I DecorView: setWindowBackground: isPopOver=false color=0 d=android.graphics.drawable.ColorDrawable@cdd2f59
06-18 15:44:23.052 12265 12265 I DecorView: setWindowBackground: isPopOver=false color=0 d=android.graphics.drawable.ColorDrawable@da8e72a
06-18 15:44:23.080 12265 12265 I WindowManager: WindowManagerGlobal#addView, ty=2, view=com.android.internal.policy.DecorView{5095cf4 V.E...... R.....I. 0,0-0,0}[MainActivity], caller=android.view.WindowManagerImpl.addView:158 android.app.Dialog.show:540 androidx.fragment.app.n.E:11 
06-18 15:44:23.081 12265 12265 I ViewRootImpl: dVRR is disabled
06-18 15:44:23.081 12265 12306 D NativeCustomFrequencyManager: [NativeCFMS] BpCustomFrequencyManager::BpCustomFrequencyManager()
06-18 15:44:23.093 12265 12265 D InputTransport: Input channel constructed: '45c5f2f', fd=142
06-18 15:44:23.094 12265 12265 I InsetsController: onStateChanged: host=top.niunaijun.blackbox/top.niunaijun.blackboxa.view.main.MainActivity, from=android.view.ViewRootImpl.onInsetsStateChanged:3026, state=InsetsState: {mDisplayFrame=Rect(0, 0 - 1340, 800), mDisplayCutout=DisplayCutout{insets=Rect(0, 0 - 0, 0) waterfall=Insets{left=0, top=0, right=0, bottom=0} boundingRect={Bounds=[Rect(0, 0 - 0, 0), Rect(0, 0 - 0, 0), Rect(0, 0 - 0, 0), Rect(0, 0 - 0, 0)]} cutoutPathParserInfo={CutoutPathParserInfo{displayWidth=0 displayHeight=0 physicalDisplayWidth=0 physicalDisplayHeight=0 density={0.0} cutoutSpec={} rotation={0} scale={0.0} physicalPixelDisplaySizeRatio={0.0}}} sideOverrides=null}, mRoundedCorners=RoundedCorners{[RoundedCorner{position=TopLeft, radius=9, center=Point(9, 9)}, RoundedCorner{position=TopRight, radius=9, center=Point(1331, 9)}, RoundedCorner{position=BottomRight, radius=9, center=Point(1331, 791)}, RoundedCorner{position=BottomLeft, radius=9, center=Point(9, 791)}]}  mRoundedCornerFrame=Rect(0, 0 - 1340, 800), mPrivacyIndicatorBounds=PrivacyIndicatorBounds {static bounds=Rect(1282, 0 - 1340, 39) rotation=1}, mDisplayShape=DisplayShape{ spec=-311912193 displayWidth=800 displayHeight=1340 physicalPixelDisplaySizeRatio=1.0 rotation=1 offsetX=0 offsetY=0 scale=1.0}, mSources= { InsetsSource: {887e0000 mType=statusBars mFrame=[0,0][1340,39] mVisible=true mFlags= mSideHint=TOP mBoundingRects=null}, InsetsSource: {887e0005 mType=mandatorySystemGestures mFrame=[0,0][1340,39] mVisible=true mFlags= mSideHint=TOP mBoundingRects=null}, InsetsSource: {887e0006 mType=tappableElement mFrame=[0,0][1340,39] mVisible=true mFlags= mSideHint=TOP mBoundingRects=null}, InsetsSource: {3 mType=ime mFrame=[0,0][0,0] mVisible=false mFlags= mSideHint=NONE mBoundingRects=null}, InsetsSource: {292c0001 mType=navigationBars mFrame=[0,737][1340,800] mVisible=true mFlags= mSideHint=BOTTOM mBoundingRects=null}, InsetsSource: {292c0004 mType=systemGestures mFrame=[0,0][0,0] mVisible=true mFlags= mSideHint=NONE mBoundingRects=null}, InsetsSource: {292c0005 mType=mandatorySystemGestures mFrame=[0,737][1340,800] mVisible=true mFlags= mSideHint=BOTTOM mBoundingRects=null}, InsetsSource: {292c0006 mType=tappableElement mFrame=[0,737][1340,800] mVisible=true mFlags= mSideHint=BOTTOM mBoundingRects=null}, InsetsSource: {292c0024 mType=systemGestures mFrame=[0,0][0,0] mVisible=true mFlags= mSideHint=NONE mBoundingRects=null} }
06-18 15:44:23.094 12265 12265 I VRI[MainActivity]@8071c1d: synced displayState. AttachInfo displayState=2
06-18 15:44:23.097 12265 12265 I VRI[MainActivity]@8071c1d: setView = com.android.internal.policy.DecorView@5095cf4 IsHRR=false mFlingFrameRateChange=0 TM=true
06-18 15:44:23.098 12265 12265 W WindowOnBackDispatcher: sendCancelIfRunning: isInProgress=false callback=androidx.activity.r@462fd21
06-18 15:44:23.103 12265 12405 D TransactionThrottler: Reset transaction throttler
06-18 15:44:23.105 12265 12405 D TransactionThrottler: Reset transaction throttler
06-18 15:44:23.108 12265 12265 D BufferQueueConsumer: [](id:2fe900000006,api:0,p:-1,c:12265) connect: controlledByApp=false
06-18 15:44:23.108 12265 12265 D BLASTBufferQueue: [VRI[MainActivity]@8071c1d#6](f:0,a:0) constructor()
06-18 15:44:23.109 12265 12265 I BLASTBufferQueue_Java: new BLASTBufferQueue, mName= VRI[MainActivity]@8071c1d mNativeObject= 0x778e27f480 caller= android.view.ViewRootImpl.updateBlastSurfaceIfNeeded:3585 android.view.ViewRootImpl.relayoutWindow:11685 android.view.ViewRootImpl.performTraversals:4804 android.view.ViewRootImpl.doTraversal:3924 android.view.ViewRootImpl$TraversalRunnable.run:12903 android.view.Choreographer$CallbackRecord.run:1901 android.view.Choreographer$CallbackRecord.run:1910 android.view.Choreographer.doCallbacks:1367 android.view.Choreographer.doFrame:1292 android.view.Choreographer$FrameDisplayEventReceiver.run:1870 
06-18 15:44:23.109 12265 12265 I BLASTBufferQueue_Java: update, w= 223 h= 263 mName = VRI[MainActivity]@8071c1d mNativeObject= 0x778e27f480 sc.mNativeObject= 0x772e230ad0 format= -2 caller= android.view.ViewRootImpl.updateBlastSurfaceIfNeeded:3590 android.view.ViewRootImpl.relayoutWindow:11685 android.view.ViewRootImpl.performTraversals:4804 android.view.ViewRootImpl.doTraversal:3924 android.view.ViewRootImpl$TraversalRunnable.run:12903 android.view.Choreographer$CallbackRecord.run:1901 
06-18 15:44:23.109 12265 12265 D BLASTBufferQueue: [VRI[MainActivity]@8071c1d#6](f:0,a:0) update width=223 height=263 format=-2 mTransformHint=4
06-18 15:44:23.109 12265 12265 I VRI[MainActivity]@8071c1d: Relayout returned: old=(0,39,1340,737) new=(558,256,781,519) relayoutAsync=false req=(223,263)0 dur=5 res=0x3 s={true 0x775e29bb30} ch=true seqId=0
06-18 15:44:23.110 12265 12265 D VRI[MainActivity]@8071c1d: mThreadedRenderer.initialize() mSurface={isValid=true 0x775e29bb30} hwInitialized=true
06-18 15:44:23.112 12265 12265 D VRI[MainActivity]@8071c1d: reportNextDraw android.view.ViewRootImpl.performTraversals:5443 android.view.ViewRootImpl.doTraversal:3924 android.view.ViewRootImpl$TraversalRunnable.run:12903 android.view.Choreographer$CallbackRecord.run:1901 android.view.Choreographer$CallbackRecord.run:1910 
06-18 15:44:23.116 12265 12265 D VRI[MainActivity]@8071c1d: Setup new sync=wmsSync-VRI[MainActivity]@8071c1d#14
06-18 15:44:23.116 12265 12265 I VRI[MainActivity]@8071c1d: Creating new active sync group VRI[MainActivity]@8071c1d#15
06-18 15:44:23.116 12265 12265 D VRI[MainActivity]@8071c1d: registerCallbacksForSync syncBuffer=false
06-18 15:44:23.118 12265 12344 D VRI[MainActivity]@8071c1d: Received frameDrawingCallback syncResult=0 frameNum=1.
06-18 15:44:23.128 12265 12344 I VRI[MainActivity]@8071c1d: mWNT: t=0x779e2fead0 mBlastBufferQueue=0x778e27f480 fn= 1 HdrRenderState mRenderHdrSdrRatio=1.0 caller= android.view.ViewRootImpl$12.onFrameDraw:15441 android.view.ThreadedRenderer$1.onFrameDraw:718 <bottom of call stack> 
06-18 15:44:23.128 12265 12344 I VRI[MainActivity]@8071c1d: Setting up sync and frameCommitCallback
06-18 15:44:23.129 12265 12405 D SplashScreen: LauncherActivity.launch() called for package: com.nexora.hammerscale
06-18 15:44:23.135 12265 12306 D BLASTBufferQueue: [VRI[MainActivity]@8071c1d#6](f:0,a:1) acquireNextBufferLocked size=223x263 mFrameNumber=1 applyTransaction=true mTimestamp=235376961568951(auto) mPendingTransactions.size=0 graphicBufferId=52677773885475 transform=7
06-18 15:44:23.135 12265 12306 I VRI[MainActivity]@8071c1d: Received frameCommittedCallback lastAttemptedDrawFrameNum=1 didProduceBuffer=true
06-18 15:44:23.135 12265 12306 D HWUI    : CFMS:: SetUp Pid : 12265    Tid : 12306
06-18 15:44:23.135 12265 12265 D VRI[MainActivity]@8071c1d: reportDrawFinished seqId=0
06-18 15:44:23.136 12265 12306 D HWUI    : HWUI - treat SMPTE_170M as sRGB
06-18 15:44:23.165 12265 12265 I WindowManager: WindowManagerGlobal#removeView, ty=2, view=com.android.internal.policy.DecorView{5095cf4 V.E...... R.....ID 0,0-223,263}[MainActivity], caller=android.view.WindowManagerGlobal.removeView:654 android.view.WindowManagerImpl.removeViewImmediate:216 android.app.Dialog.dismissDialog:850 
06-18 15:44:23.165 12265 12265 W WindowOnBackDispatcher: sendCancelIfRunning: isInProgress=false callback=android.app.Dialog$$ExternalSyntheticLambda4@9aecdea
06-18 15:44:23.168 12265 12265 I VRI[MainActivity]@8071c1d: dispatchDetachedFromWindow
06-18 15:44:23.169 12265 12273 D BLASTBufferQueue: [VRI[MainActivity]@8071c1d#6](f:0,a:1) destructor()
06-18 15:44:23.169 12265 12273 D BufferQueueConsumer: [VRI[MainActivity]@8071c1d#6(BLAST Consumer)6](id:2fe900000006,api:0,p:-1,c:12265) disconnect
06-18 15:44:23.171 12265 12265 D InputTransport: Input channel destroyed: '45c5f2f', fd=142
--------- beginning of system
06-18 15:44:23.173 12265 12265 D ActivityThread: top.niunaijun.blackbox will use render engine as VK
06-18 15:44:23.175 12265 12265 D AppInstrumentation: callActivityOnCreate: top.niunaijun.blackbox.app.LauncherActivity
06-18 15:44:23.178 12265 12265 D SplashScreen: LauncherActivity.onCreate() for package: com.nexora.hammerscale, userId: 0
06-18 15:44:23.182 12265 12265 D SplashScreen: Successfully retrieved package info for com.nexora.hammerscale
06-18 15:44:23.185 12265 12265 I DecorView: setWindowBackground: isPopOver=false color=fffafafa d=android.graphics.drawable.ColorDrawable@b7fc33
06-18 15:44:23.188 12265 12621 D SplashScreen: Starting app launch in background thread
06-18 15:44:23.189 12265 12265 I ViewRootImpl: dVRR is disabled
06-18 15:44:23.189 12265 12306 D NativeCustomFrequencyManager: [NativeCFMS] BpCustomFrequencyManager::BpCustomFrequencyManager()
06-18 15:44:23.191 12265 12265 D InputTransport: Input channel constructed: '4f68f59', fd=142
06-18 15:44:23.192 12265 12265 I InsetsController: onStateChanged: host=top.niunaijun.blackbox/top.niunaijun.blackbox.app.LauncherActivity, from=android.view.ViewRootImpl.onInsetsStateChanged:3026, state=InsetsState: {mDisplayFrame=Rect(0, 0 - 1340, 800), mDisplayCutout=DisplayCutout{insets=Rect(0, 0 - 0, 0) waterfall=Insets{left=0, top=0, right=0, bottom=0} boundingRect={Bounds=[Rect(0, 0 - 0, 0), Rect(0, 0 - 0, 0), Rect(0, 0 - 0, 0), Rect(0, 0 - 0, 0)]} cutoutPathParserInfo={CutoutPathParserInfo{displayWidth=0 displayHeight=0 physicalDisplayWidth=0 physicalDisplayHeight=0 density={0.0} cutoutSpec={} rotation={0} scale={0.0} physicalPixelDisplaySizeRatio={0.0}}} sideOverrides=null}, mRoundedCorners=RoundedCorners{[RoundedCorner{position=TopLeft, radius=9, center=Point(9, 9)}, RoundedCorner{position=TopRight, radius=9, center=Point(1331, 9)}, RoundedCorner{position=BottomRight, radius=9, center=Point(1331, 791)}, RoundedCorner{position=BottomLeft, radius=9, center=Point(9, 791)}]}  mRoundedCornerFrame=Rect(0, 0 - 1340, 800), mPrivacyIndicatorBounds=PrivacyIndicatorBounds {static bounds=Rect(1282, 0 - 1340, 39) rotation=1}, mDisplayShape=DisplayShape{ spec=-311912193 displayWidth=800 displayHeight=1340 physicalPixelDisplaySizeRatio=1.0 rotation=1 offsetX=0 offsetY=0 scale=1.0}, mSources= { InsetsSource: {887e0000 mType=statusBars mFrame=[0,0][1340,39] mVisible=true mFlags= mSideHint=TOP mBoundingRects=null}, InsetsSource: {887e0005 mType=mandatorySystemGestures mFrame=[0,0][1340,39] mVisible=true mFlags= mSideHint=TOP mBoundingRects=null}, InsetsSource: {887e0006 mType=tappableElement mFrame=[0,0][1340,39] mVisible=true mFlags= mSideHint=TOP mBoundingRects=null}, InsetsSource: {3 mType=ime mFrame=[0,0][0,0] mVisible=false mFlags= mSideHint=NONE mBoundingRects=null}, InsetsSource: {292c0001 mType=navigationBars mFrame=[0,737][1340,800] mVisible=true mFlags= mSideHint=BOTTOM mBoundingRects=null}, InsetsSource: {292c0004 mType=systemGestures mFrame=[0,0][0,0] mVisible=true mFlags= mSideHint=NONE mBoundingRects=null}, InsetsSource: {292c0005 mType=mandatorySystemGestures mFrame=[0,737][1340,800] mVisible=true mFlags= mSideHint=BOTTOM mBoundingRects=null}, InsetsSource: {292c0006 mType=tappableElement mFrame=[0,737][1340,800] mVisible=true mFlags= mSideHint=BOTTOM mBoundingRects=null}, InsetsSource: {292c0024 mType=systemGestures mFrame=[0,0][0,0] mVisible=true mFlags= mSideHint=NONE mBoundingRects=null} }
06-18 15:44:23.192 12265 12265 I VRI[LauncherActivity]@e8cbeab: synced displayState. AttachInfo displayState=2
06-18 15:44:23.193 12265 12265 I VRI[LauncherActivity]@e8cbeab: setView = com.android.internal.policy.DecorView@60b8ac6 IsHRR=false mFlingFrameRateChange=0 TM=true
06-18 15:44:23.193 12265 12265 I ImeFocusController: onPreWindowFocus: skipped hasWindowFocus=false mHasImeFocus=true
06-18 15:44:23.194 12265 12265 I ImeFocusController: onPostWindowFocus: skipped hasWindowFocus=false mHasImeFocus=true
06-18 15:44:23.194 12265 12265 W WindowOnBackDispatcher: sendCancelIfRunning: isInProgress=false callback=androidx.activity.r@462fd21
06-18 15:44:23.195 12265 12265 I InsetsSourceConsumer: applyRequestedVisibilityToControl: visible=true, type=navigationBars, host=top.niunaijun.blackbox/top.niunaijun.blackboxa.view.main.MainActivity
06-18 15:44:23.195 12265 12265 I InsetsSourceConsumer: applyRequestedVisibilityToControl: visible=true, type=statusBars, host=top.niunaijun.blackbox/top.niunaijun.blackboxa.view.main.MainActivity
06-18 15:44:23.195 12265 12306 D HWUI    : HWUI - treat SMPTE_170M as sRGB
06-18 15:44:23.203 12265 12265 D BufferQueueConsumer: [](id:2fe900000007,api:0,p:-1,c:12265) connect: controlledByApp=false
06-18 15:44:23.204 12265 12265 D BLASTBufferQueue: [VRI[LauncherActivity]@e8cbeab#7](f:0,a:0) constructor()
06-18 15:44:23.204 12265 12265 I BLASTBufferQueue_Java: new BLASTBufferQueue, mName= VRI[LauncherActivity]@e8cbeab mNativeObject= 0x778e277610 caller= android.view.ViewRootImpl.updateBlastSurfaceIfNeeded:3585 android.view.ViewRootImpl.relayoutWindow:11685 android.view.ViewRootImpl.performTraversals:4804 android.view.ViewRootImpl.doTraversal:3924 android.view.ViewRootImpl$TraversalRunnable.run:12903 android.view.Choreographer$CallbackRecord.run:1901 android.view.Choreographer$CallbackRecord.run:1910 android.view.Choreographer.doCallbacks:1367 android.view.Choreographer.doFrame:1292 android.view.Choreographer$FrameDisplayEventReceiver.run:1870 
06-18 15:44:23.204 12265 12265 I BLASTBufferQueue_Java: update, w= 1340 h= 800 mName = VRI[LauncherActivity]@e8cbeab mNativeObject= 0x778e277610 sc.mNativeObject= 0x772e22af50 format= -1 caller= android.view.ViewRootImpl.updateBlastSurfaceIfNeeded:3590 android.view.ViewRootImpl.relayoutWindow:11685 android.view.ViewRootImpl.performTraversals:4804 android.view.ViewRootImpl.doTraversal:3924 android.view.ViewRootImpl$TraversalRunnable.run:12903 android.view.Choreographer$CallbackRecord.run:1901 
06-18 15:44:23.204 12265 12265 D BLASTBufferQueue: [VRI[LauncherActivity]@e8cbeab#7](f:0,a:0) update width=1340 height=800 format=-1 mTransformHint=4
06-18 15:44:23.204 12265 12265 I VRI[LauncherActivity]@e8cbeab: Relayout returned: old=(0,0,1340,800) new=(0,0,1340,800) relayoutAsync=false req=(1340,800)0 dur=5 res=0x3 s={true 0x775e2e0e70} ch=true seqId=0
06-18 15:44:23.205 12265 12265 D VRI[LauncherActivity]@e8cbeab: mThreadedRenderer.initialize() mSurface={isValid=true 0x775e2e0e70} hwInitialized=true
06-18 15:44:23.206 12265 12265 D VRI[LauncherActivity]@e8cbeab: reportNextDraw android.view.ViewRootImpl.performTraversals:5443 android.view.ViewRootImpl.doTraversal:3924 android.view.ViewRootImpl$TraversalRunnable.run:12903 android.view.Choreographer$CallbackRecord.run:1901 android.view.Choreographer$CallbackRecord.run:1910 
06-18 15:44:23.206 12265 12265 D VRI[LauncherActivity]@e8cbeab: Setup new sync=wmsSync-VRI[LauncherActivity]@e8cbeab#16
06-18 15:44:23.206 12265 12265 I VRI[LauncherActivity]@e8cbeab: Creating new active sync group VRI[LauncherActivity]@e8cbeab#17
06-18 15:44:23.206 12265 12265 D VRI[LauncherActivity]@e8cbeab: registerCallbacksForSync syncBuffer=false
06-18 15:44:23.215 12265 12343 D VRI[LauncherActivity]@e8cbeab: Received frameDrawingCallback syncResult=0 frameNum=1.
