06-19 08:26:32.303 30442 30442 I VRI[]@d8921e7: Relayout returned: old=(576,211,644,279) new=(613,216,681,284) relayoutAsync=false req=(68,68)0 dur=6 res=0x0 s={true 0x775e28acd0} ch=false seqId=0
06-19 08:26:32.304 30442 30442 I VRI[]@d8921e7: registerCallbackForPendingTransactions
06-19 08:26:32.305 30442 30488 I VRI[]@d8921e7: mWNT: t=0x779e3e2650 mBlastBufferQueue=0x778e243730 fn= 68 HdrRenderState mRenderHdrSdrRatio=1.0 caller= android.view.ViewRootImpl$10.onFrameDraw:6536 android.view.ViewRootImpl$4.onFrameDraw:2489 android.view.ThreadedRenderer$1.onFrameDraw:718 
06-19 08:26:32.316 30442 30442 I BLASTBufferQueue_Java: update, w= 68 h= 68 mName = VRI[]@d8921e7 mNativeObject= 0x778e243730 sc.mNativeObject= 0x772e29e990 format= -3 caller= android.view.ViewRootImpl.updateBlastSurfaceIfNeeded:3574 android.view.ViewRootImpl.relayoutWindow:11685 android.view.ViewRootImpl.performTraversals:4804 android.view.ViewRootImpl.doTraversal:3924 android.view.ViewRootImpl$TraversalRunnable.run:12903 android.view.Choreographer$CallbackRecord.run:1901 
06-19 08:26:32.316 30442 30442 I VRI[]@d8921e7: Relayout returned: old=(613,216,681,284) new=(650,222,718,290) relayoutAsync=false req=(68,68)0 dur=5 res=0x0 s={true 0x775e28acd0} ch=false seqId=0
06-19 08:26:32.317 30442 30442 I VRI[]@d8921e7: registerCallbackForPendingTransactions
06-19 08:26:32.318 30442 30487 I VRI[]@d8921e7: mWNT: t=0x779e358b10 mBlastBufferQueue=0x778e243730 fn= 69 HdrRenderState mRenderHdrSdrRatio=1.0 caller= android.view.ViewRootImpl$10.onFrameDraw:6536 android.view.ViewRootImpl$4.onFrameDraw:2489 android.view.ThreadedRenderer$1.onFrameDraw:718 
06-19 08:26:32.334 30442 30442 I BLASTBufferQueue_Java: update, w= 68 h= 68 mName = VRI[]@d8921e7 mNativeObject= 0x778e243730 sc.mNativeObject= 0x772e2a0a90 format= -3 caller= android.view.ViewRootImpl.updateBlastSurfaceIfNeeded:3574 android.view.ViewRootImpl.relayoutWindow:11685 android.view.ViewRootImpl.performTraversals:4804 android.view.ViewRootImpl.doTraversal:3924 android.view.ViewRootImpl$TraversalRunnable.run:12903 android.view.Choreographer$CallbackRecord.run:1901 
06-19 08:26:32.335 30442 30442 I VRI[]@d8921e7: Relayout returned: old=(650,222,718,290) new=(691,226,759,294) relayoutAsync=false req=(68,68)0 dur=6 res=0x0 s={true 0x775e28acd0} ch=false seqId=0
06-19 08:26:32.335 30442 30442 I VRI[]@d8921e7: registerCallbackForPendingTransactions
06-19 08:26:32.336 30442 30488 I VRI[]@d8921e7: mWNT: t=0x779e357290 mBlastBufferQueue=0x778e243730 fn= 70 HdrRenderState mRenderHdrSdrRatio=1.0 caller= android.view.ViewRootImpl$10.onFrameDraw:6536 android.view.ViewRootImpl$4.onFrameDraw:2489 android.view.ThreadedRenderer$1.onFrameDraw:718 
06-19 08:26:32.350 30442 30442 I BLASTBufferQueue_Java: update, w= 68 h= 68 mName = VRI[]@d8921e7 mNativeObject= 0x778e243730 sc.mNativeObject= 0x772e29e990 format= -3 caller= android.view.ViewRootImpl.updateBlastSurfaceIfNeeded:3574 android.view.ViewRootImpl.relayoutWindow:11685 android.view.ViewRootImpl.performTraversals:4804 android.view.ViewRootImpl.doTraversal:3924 android.view.ViewRootImpl$TraversalRunnable.run:12903 android.view.Choreographer$CallbackRecord.run:1901 
06-19 08:26:32.350 30442 30442 I VRI[]@d8921e7: Relayout returned: old=(691,226,759,294) new=(732,230,800,298) relayoutAsync=false req=(68,68)0 dur=6 res=0x0 s={true 0x775e28acd0} ch=false seqId=0
06-19 08:26:32.351 30442 30442 I VRI[]@d8921e7: registerCallbackForPendingTransactions
06-19 08:26:32.352 30442 30487 I VRI[]@d8921e7: mWNT: t=0x779e3538d0 mBlastBufferQueue=0x778e243730 fn= 71 HdrRenderState mRenderHdrSdrRatio=1.0 caller= android.view.ViewRootImpl$10.onFrameDraw:6536 android.view.ViewRootImpl$4.onFrameDraw:2489 android.view.ThreadedRenderer$1.onFrameDraw:718 
06-19 08:26:32.365 30442 30442 I BLASTBufferQueue_Java: update, w= 68 h= 68 mName = VRI[]@d8921e7 mNativeObject= 0x778e243730 sc.mNativeObject= 0x772e2a0a90 format= -3 caller= android.view.ViewRootImpl.updateBlastSurfaceIfNeeded:3574 android.view.ViewRootImpl.relayoutWindow:11685 android.view.ViewRootImpl.performTraversals:4804 android.view.ViewRootImpl.doTraversal:3924 android.view.ViewRootImpl$TraversalRunnable.run:12903 android.view.Choreographer$CallbackRecord.run:1901 
06-19 08:26:32.366 30442 30442 I VRI[]@d8921e7: Relayout returned: old=(732,230,800,298) new=(768,233,836,301) relayoutAsync=false req=(68,68)0 dur=4 res=0x0 s={true 0x775e28acd0} ch=false seqId=0
06-19 08:26:32.366 30442 30442 I VRI[]@d8921e7: registerCallbackForPendingTransactions
06-19 08:26:32.368 30442 30488 I VRI[]@d8921e7: mWNT: t=0x779e2d8f10 mBlastBufferQueue=0x778e243730 fn= 72 HdrRenderState mRenderHdrSdrRatio=1.0 caller= android.view.ViewRootImpl$10.onFrameDraw:6536 android.view.ViewRootImpl$4.onFrameDraw:2489 android.view.ThreadedRenderer$1.onFrameDraw:718 
06-19 08:26:32.384 30442 30442 I BLASTBufferQueue_Java: update, w= 68 h= 68 mName = VRI[]@d8921e7 mNativeObject= 0x778e243730 sc.mNativeObject= 0x772e29e990 format= -3 caller= android.view.ViewRootImpl.updateBlastSurfaceIfNeeded:3574 android.view.ViewRootImpl.relayoutWindow:11685 android.view.ViewRootImpl.performTraversals:4804 android.view.ViewRootImpl.doTraversal:3924 android.view.ViewRootImpl$TraversalRunnable.run:12903 android.view.Choreographer$CallbackRecord.run:1901 
06-19 08:26:32.384 30442 30442 I VRI[]@d8921e7: Relayout returned: old=(768,233,836,301) new=(801,235,869,303) relayoutAsync=false req=(68,68)0 dur=7 res=0x0 s={true 0x775e28acd0} ch=false seqId=0
06-19 08:26:32.385 30442 30442 I VRI[]@d8921e7: registerCallbackForPendingTransactions
06-19 08:26:32.386 30442 30487 I VRI[]@d8921e7: mWNT: t=0x779e352910 mBlastBufferQueue=0x778e243730 fn= 73 HdrRenderState mRenderHdrSdrRatio=1.0 caller= android.view.ViewRootImpl$10.onFrameDraw:6536 android.view.ViewRootImpl$4.onFrameDraw:2489 android.view.ThreadedRenderer$1.onFrameDraw:718 
06-19 08:26:32.399 30442 30442 I BLASTBufferQueue_Java: update, w= 68 h= 68 mName = VRI[]@d8921e7 mNativeObject= 0x778e243730 sc.mNativeObject= 0x772e2a0a90 format= -3 caller= android.view.ViewRootImpl.updateBlastSurfaceIfNeeded:3574 android.view.ViewRootImpl.relayoutWindow:11685 android.view.ViewRootImpl.performTraversals:4804 android.view.ViewRootImpl.doTraversal:3924 android.view.ViewRootImpl$TraversalRunnable.run:12903 android.view.Choreographer$CallbackRecord.run:1901 
06-19 08:26:32.399 30442 30442 I VRI[]@d8921e7: Relayout returned: old=(801,235,869,303) new=(831,237,899,305) relayoutAsync=false req=(68,68)0 dur=5 res=0x0 s={true 0x775e28acd0} ch=false seqId=0
06-19 08:26:32.400 30442 30442 I VRI[]@d8921e7: registerCallbackForPendingTransactions
06-19 08:26:32.401 30442 30488 I VRI[]@d8921e7: mWNT: t=0x779e3983d0 mBlastBufferQueue=0x778e243730 fn= 74 HdrRenderState mRenderHdrSdrRatio=1.0 caller= android.view.ViewRootImpl$10.onFrameDraw:6536 android.view.ViewRootImpl$4.onFrameDraw:2489 android.view.ThreadedRenderer$1.onFrameDraw:718 
06-19 08:26:32.416 30442 30442 I BLASTBufferQueue_Java: update, w= 68 h= 68 mName = VRI[]@d8921e7 mNativeObject= 0x778e243730 sc.mNativeObject= 0x772e29e990 format= -3 caller= android.view.ViewRootImpl.updateBlastSurfaceIfNeeded:3574 android.view.ViewRootImpl.relayoutWindow:11685 android.view.ViewRootImpl.performTraversals:4804 android.view.ViewRootImpl.doTraversal:3924 android.view.ViewRootImpl$TraversalRunnable.run:12903 android.view.Choreographer$CallbackRecord.run:1901 
06-19 08:26:32.416 30442 30442 I VRI[]@d8921e7: Relayout returned: old=(831,237,899,305) new=(854,236,922,304) relayoutAsync=false req=(68,68)0 dur=5 res=0x0 s={true 0x775e28acd0} ch=false seqId=0
06-19 08:26:32.417 30442 30442 I VRI[]@d8921e7: registerCallbackForPendingTransactions
06-19 08:26:32.417 30442 30487 I VRI[]@d8921e7: mWNT: t=0x779e2e0290 mBlastBufferQueue=0x778e243730 fn= 75 HdrRenderState mRenderHdrSdrRatio=1.0 caller= android.view.ViewRootImpl$10.onFrameDraw:6536 android.view.ViewRootImpl$4.onFrameDraw:2489 android.view.ThreadedRenderer$1.onFrameDraw:718 
06-19 08:26:32.430 30442 30442 I BLASTBufferQueue_Java: update, w= 68 h= 68 mName = VRI[]@d8921e7 mNativeObject= 0x778e243730 sc.mNativeObject= 0x772e29f1d0 format= -3 caller= android.view.ViewRootImpl.updateBlastSurfaceIfNeeded:3574 android.view.ViewRootImpl.relayoutWindow:11685 android.view.ViewRootImpl.performTraversals:4804 android.view.ViewRootImpl.doTraversal:3924 android.view.ViewRootImpl$TraversalRunnable.run:12903 android.view.Choreographer$CallbackRecord.run:1901 
06-19 08:26:32.430 30442 30442 I VRI[]@d8921e7: Relayout returned: old=(854,236,922,304) new=(875,231,943,299) relayoutAsync=false req=(68,68)0 dur=4 res=0x0 s={true 0x775e28acd0} ch=false seqId=0
06-19 08:26:32.431 30442 30442 I VRI[]@d8921e7: registerCallbackForPendingTransactions
06-19 08:26:32.431 30442 30488 I VRI[]@d8921e7: mWNT: t=0x779e3960d0 mBlastBufferQueue=0x778e243730 fn= 76 HdrRenderState mRenderHdrSdrRatio=1.0 caller= android.view.ViewRootImpl$10.onFrameDraw:6536 android.view.ViewRootImpl$4.onFrameDraw:2489 android.view.ThreadedRenderer$1.onFrameDraw:718 
06-19 08:26:32.433 30442 30442 I VRI[]@d8921e7: ViewPostIme pointer 1
06-19 08:26:32.447 30442 30442 I BLASTBufferQueue_Java: update, w= 68 h= 68 mName = VRI[]@d8921e7 mNativeObject= 0x778e243730 sc.mNativeObject= 0x772e29e990 format= -3 caller= android.view.ViewRootImpl.updateBlastSurfaceIfNeeded:3574 android.view.ViewRootImpl.relayoutWindow:11685 android.view.ViewRootImpl.performTraversals:4804 android.view.ViewRootImpl.doTraversal:3924 android.view.ViewRootImpl$TraversalRunnable.run:12903 android.view.Choreographer$CallbackRecord.run:1901 
06-19 08:26:32.447 30442 30442 I VRI[]@d8921e7: Relayout returned: old=(875,231,943,299) new=(881,230,949,298) relayoutAsync=false req=(68,68)0 dur=3 res=0x0 s={true 0x775e28acd0} ch=false seqId=0
06-19 08:26:32.448 30442 30442 I VRI[]@d8921e7: registerCallbackForPendingTransactions
06-19 08:26:32.449 30442 30487 I VRI[]@d8921e7: mWNT: t=0x779e2c5cd0 mBlastBufferQueue=0x778e243730 fn= 77 HdrRenderState mRenderHdrSdrRatio=1.0 caller= android.view.ViewRootImpl$10.onFrameDraw:6536 android.view.ViewRootImpl$4.onFrameDraw:2489 android.view.ThreadedRenderer$1.onFrameDraw:718 
06-19 08:26:32.481 30539 30539 D VirtualSpoof: [spoof] ro.build.version.release = 12
06-19 08:26:32.481 30539 30539 D VirtualSpoof: [spoof] ro.product.model = Pixel 6
06-19 08:26:32.481 30539 30539 D VirtualSpoof: [spoof] ro.product.model = Pixel 6
06-19 08:26:32.481 30539 30539 D VirtualSpoof: [spoof] ro.build.version.release = 12
06-19 08:26:32.485 30539 30539 D VirtualSpoof: [spoof] ro.build.version.release = 12
06-19 08:26:32.485 30539 30539 D VirtualSpoof: [spoof] ro.product.model = Pixel 6
06-19 08:26:32.485 30539 30539 D VirtualSpoof: [spoof] ro.product.model = Pixel 6
06-19 08:26:32.485 30539 30539 D VirtualSpoof: [spoof] ro.build.version.release = 12
06-19 08:26:32.491 30539 30539 D VirtualSpoof: [spoof] ro.build.version.release = 12
06-19 08:26:32.491 30539 30539 D VirtualSpoof: [spoof] ro.product.model = Pixel 6
06-19 08:26:32.491 30539 30539 D VirtualSpoof: [spoof] ro.product.model = Pixel 6
06-19 08:26:32.491 30539 30539 D VirtualSpoof: [spoof] ro.build.version.release = 12
06-19 08:26:32.781 30442 30442 I VRI[]@d8921e7: ViewPostIme pointer 0
06-19 08:26:32.846 30442 30442 I VRI[]@d8921e7: ViewPostIme pointer 1
06-19 08:26:32.880 30442 30442 I BLASTBufferQueue_Java: update, w= 546 h= 656 mName = VRI[]@d8921e7 mNativeObject= 0x778e243730 sc.mNativeObject= 0x772e2d9d90 format= -3 caller= android.view.ViewRootImpl.updateBlastSurfaceIfNeeded:3574 android.view.ViewRootImpl.relayoutWindow:11685 android.view.ViewRootImpl.performTraversals:4804 android.view.ViewRootImpl.doTraversal:3924 android.view.ViewRootImpl$TraversalRunnable.run:12903 android.view.Choreographer$CallbackRecord.run:1901 
06-19 08:26:32.880 30442 30442 D BLASTBufferQueue: [VRI[]@d8921e7#4](f:0,a:1) update width=546 height=656 format=-3 mTransformHint=4
06-19 08:26:32.881 30442 30442 I VRI[]@d8921e7: Relayout returned: old=(881,230,949,298) new=(794,81,1340,737) relayoutAsync=false req=(546,656)0 dur=16 res=0x0 s={true 0x775e28acd0} ch=false seqId=0
06-19 08:26:32.882 30442 30442 D VRI[]@d8921e7: mThreadedRenderer.updateSurface() mSurface={isValid=true 0x775e28acd0}
06-19 08:26:32.886 30442 30442 I VRI[]@d8921e7: registerCallbackForPendingTransactions
06-19 08:26:32.890 30442 30442 I VRI[]@d8921e7: handleResized, frames=ClientWindowFrames{frame=[794,81][1340,737] display=[0,39][1340,737] parentFrame=[0,0][0,0]} displayId=0 dragResizing=false compatScale=1.0 frameChanged=false attachedFrameChanged=false configChanged=false displayChanged=false compatScaleChanged=false dragResizingChanged=false
06-19 08:26:32.891 30442 30488 I VRI[]@d8921e7: mWNT: t=0x779e2b7cd0 mBlastBufferQueue=0x778e243730 fn= 78 HdrRenderState mRenderHdrSdrRatio=1.0 caller= android.view.ViewRootImpl$10.onFrameDraw:6536 android.view.ViewRootImpl$4.onFrameDraw:2489 android.view.ThreadedRenderer$1.onFrameDraw:718 
06-19 08:26:32.898 30442 30464 D BLASTBufferQueue: [VRI[]@d8921e7#4](f:0,a:2) producer disconnected before acquireNextBufferLocked
06-19 08:26:33.922 30442 30442 I VRI[]@d8921e7: ViewPostIme pointer 0
06-19 08:26:33.937 30442 30442 I VRI[]@d8921e7: ViewPostIme pointer 1
06-19 08:26:36.004 30442 30442 I VRI[]@d8921e7: ViewPostIme pointer 0
06-19 08:26:36.580 30442 30442 I VRI[]@d8921e7: ViewPostIme pointer 1
06-19 08:26:38.539 25338 25338 D CrashMonitor: Performing periodic health check...
06-19 08:26:38.540 25338 25338 D CrashMonitor: Health check completed - Memory: 2.1%, Threads: 15
06-19 08:26:39.586 30442 30442 I VRI[]@d8921e7: call setFrameRateCategory for touch hint category=no preference, reason=boost timeout, vri=VRI[]@d8921e7
06-19 08:26:40.524 30539 30539 D VirtualSpoof: [spoof] ro.build.version.release = 12
06-19 08:26:40.524 30539 30539 D VirtualSpoof: [spoof] ro.product.model = Pixel 6
06-19 08:26:40.524 30539 30539 D VirtualSpoof: [spoof] ro.product.model = Pixel 6
06-19 08:26:40.524 30539 30539 D VirtualSpoof: [spoof] ro.build.version.release = 12
06-19 08:26:40.542 30442 30442 I VRI[]@d8921e7: ViewPostIme pointer 0
06-19 08:26:40.543 30442 30442 I VRI[]@d8921e7: call setFrameRateCategory for touch hint category=high hint, reason=touch, vri=VRI[]@d8921e7
06-19 08:26:40.675 30442 30442 I VRI[]@d8921e7: ViewPostIme pointer 1
06-19 08:26:41.255 30442 30442 I VRI[]@9ee9dc: ViewPostIme pointer 0
06-19 08:26:41.256 30442 30442 I VRI[]@9ee9dc: call setFrameRateCategory for touch hint category=high hint, reason=touch, vri=VRI[]@9ee9dc
06-19 08:26:41.386 30442 30442 I VRI[]@9ee9dc: ViewPostIme pointer 1
06-19 08:26:42.478 30442 30442 I VRI[]@9ee9dc: ViewPostIme pointer 0
06-19 08:26:42.514 30539 30539 I Ads     : Ad failed to load : 0
06-19 08:26:42.515 30539 30539 I Ads     : Ad failed to load : 0
06-19 08:26:42.519 30539 30539 D VirtualSpoof: [spoof] ro.build.version.release = 12
06-19 08:26:42.519 30539 30539 D VirtualSpoof: [spoof] ro.product.model = Pixel 6
06-19 08:26:42.519 30539 30539 D VirtualSpoof: [spoof] ro.product.model = Pixel 6
06-19 08:26:42.519 30539 30539 D VirtualSpoof: [spoof] ro.build.version.release = 12
06-19 08:26:42.877 30442 30442 I VRI[]@9ee9dc: ViewPostIme pointer 1
06-19 08:26:43.191 30442 30442 I VRI[]@9ee9dc: ViewPostIme pointer 0
06-19 08:26:43.676 30442 30442 I VRI[]@d8921e7: call setFrameRateCategory for touch hint category=no preference, reason=boost timeout, vri=VRI[]@d8921e7
06-19 08:26:45.813 30442 30442 I VRI[]@9ee9dc: ViewPostIme pointer 1
06-19 08:26:45.813 30442 30442 I VRI[]@d8921e7: ViewPostIme pointer 0
06-19 08:26:45.814 30442 30442 I VRI[]@d8921e7: call setFrameRateCategory for touch hint category=high hint, reason=touch, vri=VRI[]@d8921e7
06-19 08:26:45.845 30442 30442 I VRI[]@d8921e7: ViewPostIme pointer 1
06-19 08:26:45.865 30442 30442 I BLASTBufferQueue_Java: update, w= 68 h= 68 mName = VRI[]@d8921e7 mNativeObject= 0x778e243730 sc.mNativeObject= 0x772e2dc550 format= -3 caller= android.view.ViewRootImpl.updateBlastSurfaceIfNeeded:3574 android.view.ViewRootImpl.relayoutWindow:11685 android.view.ViewRootImpl.performTraversals:4804 android.view.ViewRootImpl.doTraversal:3924 android.view.ViewRootImpl$TraversalRunnable.run:12903 android.view.Choreographer$CallbackRecord.run:1901 
06-19 08:26:45.865 30442 30442 D BLASTBufferQueue: [VRI[]@d8921e7#4](f:0,a:1) update width=68 height=68 format=-3 mTransformHint=4
06-19 08:26:45.865 30442 30442 I VRI[]@d8921e7: Relayout returned: old=(794,81,1340,737) new=(881,230,949,298) relayoutAsync=false req=(68,68)0 dur=11 res=0x0 s={true 0x775e28acd0} ch=false seqId=0
06-19 08:26:45.865 30442 30442 D VRI[]@d8921e7: mThreadedRenderer.updateSurface() mSurface={isValid=true 0x775e28acd0}
06-19 08:26:45.866 30442 30442 I VRI[]@d8921e7: registerCallbackForPendingTransactions
06-19 08:26:45.867 30442 30442 I VRI[]@d8921e7: handleResized, frames=ClientWindowFrames{frame=[881,230][949,298] display=[0,39][1340,737] parentFrame=[0,0][0,0]} displayId=0 dragResizing=false compatScale=1.0 frameChanged=false attachedFrameChanged=false configChanged=false displayChanged=false compatScaleChanged=false dragResizingChanged=false
06-19 08:26:45.867 30442 30487 I VRI[]@d8921e7: mWNT: t=0x779e25ff90 mBlastBufferQueue=0x778e243730 fn= 102 HdrRenderState mRenderHdrSdrRatio=1.0 caller= android.view.ViewRootImpl$10.onFrameDraw:6536 android.view.ViewRootImpl$4.onFrameDraw:2489 android.view.ThreadedRenderer$1.onFrameDraw:718 
06-19 08:26:45.871 30442 30464 D BLASTBufferQueue: [VRI[]@d8921e7#4](f:0,a:2) producer disconnected before acquireNextBufferLocked
06-19 08:26:46.517 30539 31212 W GooglePlayServicesUtil: com.psoffritti.video.speed requires Google Play services, but they are missing.
06-19 08:26:46.521 30539 31212 E DynamiteModule: Invalid GmsCore APK, remote loading disabled.
06-19 08:26:46.526 30539 31212 I Ads     : Use RequestConfiguration.Builder().setTestDeviceIds(Arrays.asList("1654883292BEA2952023B0AF6A4DAB83")) to get test ads on this device.
06-19 08:26:46.534 30539 31435 E DynamiteModule: Invalid GmsCore APK, remote loading disabled.
06-19 08:26:46.535 30539 31422 D AudioPermissionProxy: AudioPermission: getMode called, allowing
06-19 08:26:46.536 30539 31433 D IConnectivityManagerProxy: Intercepting isActiveNetworkMetered for internet access
06-19 08:26:46.538 30539 31422 D AudioPermissionProxy: AudioPermission: isSpeakerphoneOn called, allowing
06-19 08:26:46.541 30539 31212 W GooglePlayServicesUtil: com.psoffritti.video.speed requires Google Play services, but they are missing.
06-19 08:26:46.542 30539 31422 D AudioPermissionProxy: AudioPermission: getStreamVolume called, allowing
06-19 08:26:46.542 30539 31212 E DynamiteModule: Invalid GmsCore APK, remote loading disabled.
06-19 08:26:46.542 30539 31422 D AudioPermissionProxy: AudioPermission: getStreamVolume called, allowing
06-19 08:26:46.545 30539 31212 I Ads     : Use RequestConfiguration.Builder().setTestDeviceIds(Arrays.asList("1654883292BEA2952023B0AF6A4DAB83")) to get test ads on this device.
06-19 08:26:46.545 30539 31442 W GooglePlayServicesUtil: com.psoffritti.video.speed requires Google Play services, but they are missing.
06-19 08:26:46.549 30539 30539 D VirtualSpoof: [spoof] ro.build.version.release = 12
06-19 08:26:46.549 30539 30539 D VirtualSpoof: [spoof] ro.product.model = Pixel 6
06-19 08:26:46.549 30539 30539 D VirtualSpoof: [spoof] ro.product.model = Pixel 6
06-19 08:26:46.549 30539 30539 D VirtualSpoof: [spoof] ro.build.version.release = 12
06-19 08:26:46.550 30539 31435 D IConnectivityManagerProxy: Intercepting isActiveNetworkMetered for internet access
06-19 08:26:46.550 30539 31427 D AudioPermissionProxy: AudioPermission: getMode called, allowing
06-19 08:26:46.550 30539 31426 W GooglePlayServicesUtil: com.psoffritti.video.speed requires Google Play services, but they are missing.
06-19 08:26:46.552 30539 31427 D AudioPermissionProxy: AudioPermission: isSpeakerphoneOn called, allowing
06-19 08:26:46.554 30539 30539 D VirtualSpoof: [spoof] ro.build.version.release = 12
06-19 08:26:46.554 30539 30539 D VirtualSpoof: [spoof] ro.product.model = Pixel 6
06-19 08:26:46.554 30539 30539 D VirtualSpoof: [spoof] ro.product.model = Pixel 6
06-19 08:26:46.554 30539 30539 D VirtualSpoof: [spoof] ro.build.version.release = 12
06-19 08:26:46.555 30539 31421 E DynamiteModule: Invalid GmsCore APK, remote loading disabled.
06-19 08:26:46.555 30539 31427 D AudioPermissionProxy: AudioPermission: getStreamVolume called, allowing
06-19 08:26:46.557 30539 31427 D AudioPermissionProxy: AudioPermission: getStreamVolume called, allowing
06-19 08:26:46.559 30539 31431 W Ads     : Not retrying to fetch app settings
06-19 08:26:46.560 30539 30539 D VirtualSpoof: [spoof] ro.build.version.release = 12
06-19 08:26:46.560 30539 30539 D VirtualSpoof: [spoof] ro.product.model = Pixel 6
06-19 08:26:46.560 30539 30539 D VirtualSpoof: [spoof] ro.product.model = Pixel 6
06-19 08:26:46.560 30539 30539 D VirtualSpoof: [spoof] ro.build.version.release = 12
06-19 08:26:46.561 30539 31443 W GooglePlayServicesUtil: com.psoffritti.video.speed requires Google Play services, but they are missing.
06-19 08:26:46.562 30539 30539 D VirtualSpoof: [spoof] ro.build.version.release = 12
06-19 08:26:46.562 30539 30539 D VirtualSpoof: [spoof] ro.product.model = Pixel 6
06-19 08:26:46.562 30539 30539 D VirtualSpoof: [spoof] ro.product.model = Pixel 6
06-19 08:26:46.562 30539 30539 D VirtualSpoof: [spoof] ro.build.version.release = 12
06-19 08:26:46.563 30539 30622 D TransactionThrottler: Reset transaction throttler
06-19 08:26:46.565 30539 31421 W GooglePlayServicesUtil: com.psoffritti.video.speed requires Google Play services, but they are missing.
06-19 08:26:46.569 30539 30622 D TransactionThrottler: Reset transaction throttler
06-19 08:26:46.642 30539 30622 D TransactionThrottler: Reset transaction throttler
06-19 08:26:47.192 30442 30442 I VRI[]@9ee9dc: ViewPostIme pointer 0
06-19 08:26:47.534 30442 30442 I VRI[]@9ee9dc: ViewPostIme pointer 1
06-19 08:26:47.747 30442 30442 I VRI[]@9ee9dc: ViewPostIme pointer 0
06-19 08:26:47.778 30442 30442 I Choreographer: Skipped 72 frames!  The application may be doing too much work on its main thread.
06-19 08:26:47.981 30442 30442 I VRI[]@9ee9dc: ViewPostIme pointer 1
06-19 08:26:48.322 30442 30442 I VRI[]@9ee9dc: ViewPostIme pointer 0
06-19 08:26:48.562 30539 30539 D VirtualSpoof: [spoof] ro.build.version.release = 12
06-19 08:26:48.562 30539 30539 D VirtualSpoof: [spoof] ro.product.model = Pixel 6
06-19 08:26:48.562 30539 30539 D VirtualSpoof: [spoof] ro.product.model = Pixel 6
06-19 08:26:48.562 30539 30539 D VirtualSpoof: [spoof] ro.build.version.release = 12
06-19 08:26:48.566 30539 30539 D VirtualSpoof: [spoof] ro.build.version.release = 12
06-19 08:26:48.566 30539 30539 D VirtualSpoof: [spoof] ro.product.model = Pixel 6
06-19 08:26:48.566 30539 30539 D VirtualSpoof: [spoof] ro.product.model = Pixel 6
06-19 08:26:48.566 30539 30539 D VirtualSpoof: [spoof] ro.build.version.release = 12
06-19 08:26:48.572 30539 30539 D VirtualSpoof: [spoof] ro.build.version.release = 12
06-19 08:26:48.572 30539 30539 D VirtualSpoof: [spoof] ro.product.model = Pixel 6
06-19 08:26:48.572 30539 30539 D VirtualSpoof: [spoof] ro.product.model = Pixel 6
06-19 08:26:48.572 30539 30539 D VirtualSpoof: [spoof] ro.build.version.release = 12
06-19 08:26:48.606 30442 30442 I VRI[]@9ee9dc: ViewPostIme pointer 1
06-19 08:26:48.977 30442 30442 I VRI[]@d8921e7: call setFrameRateCategory for touch hint category=no preference, reason=boost timeout, vri=VRI[]@d8921e7
06-19 08:26:48.998 30442 30442 I VRI[]@9ee9dc: ViewPostIme pointer 0
06-19 08:26:49.264 30442 30442 I VRI[]@9ee9dc: ViewPostIme pointer 1
06-19 08:26:49.560 30442 30442 I VRI[]@9ee9dc: ViewPostIme pointer 0
06-19 08:26:49.710 30442 30442 I VRI[]@9ee9dc: ViewPostIme pointer 1
06-19 08:26:50.272 30442 30442 I VRI[]@9ee9dc: ViewPostIme pointer 0
06-19 08:26:50.387 30442 30442 I VRI[]@9ee9dc: ViewPostIme pointer 1
06-19 08:26:51.164 30442 30442 I VRI[]@9ee9dc: ViewPostIme pointer 0
06-19 08:26:51.279 30442 30442 I VRI[]@9ee9dc: ViewPostIme pointer 1
06-19 08:26:51.841 30442 30442 I VRI[]@9ee9dc: ViewPostIme pointer 0
06-19 08:26:51.867 30539 30539 D CrashMonitor: Performing periodic health check...
06-19 08:26:51.868 30539 30539 W CrashMonitor: High thread count detected: 120
06-19 08:26:51.868 30539 30539 D CrashMonitor: Health check completed - Memory: 5.2%, Threads: 120
06-19 08:26:51.918 30442 30442 I VRI[]@9ee9dc: ViewPostIme pointer 1
06-19 08:26:52.585 30442 30442 I VRI[]@9ee9dc: ViewPostIme pointer 0
06-19 08:26:52.626 30442 30442 D CrashMonitor: Performing periodic health check...
06-19 08:26:52.627 30442 30442 D CrashMonitor: Health check completed - Memory: 5.1%, Threads: 34
06-19 08:26:52.765 30442 30442 I VRI[]@9ee9dc: ViewPostIme pointer 1
06-19 08:26:53.145 30442 30442 I VRI[]@9ee9dc: ViewPostIme pointer 0
06-19 08:26:53.377 30442 30442 I VRI[]@9ee9dc: ViewPostIme pointer 1
06-19 08:26:53.756 30442 30442 I VRI[]@9ee9dc: ViewPostIme pointer 0
06-19 08:26:53.872 30442 30442 I VRI[]@9ee9dc: ViewPostIme pointer 1
06-19 08:26:54.167 30442 30442 I VRI[]@9ee9dc: ViewPostIme pointer 0
06-19 08:26:54.813 30442 30442 I VRI[]@9ee9dc: ViewPostIme pointer 1
06-19 08:26:55.575 30539 30539 I ImeFocusController: onPreWindowFocus: skipped hasWindowFocus=false mHasImeFocus=true
06-19 08:26:55.576 30539 30539 I ImeFocusController: onPostWindowFocus: skipped hasWindowFocus=false mHasImeFocus=true
06-19 08:26:55.582 30539 30539 I VRI[VideoSpeedActivity]@5ebe677: handleResized, frames=ClientWindowFrames{frame=[0,0][1340,800] display=[0,0][1340,800] parentFrame=[0,0][0,0]} displayId=0 dragResizing=false compatScale=1.0 frameChanged=false attachedFrameChanged=false configChanged=false displayChanged=false compatScaleChanged=false dragResizingChanged=false
06-19 08:26:55.582 30442 30442 I VRI[]@9ee9dc: handleResized, frames=ClientWindowFrames{frame=[16,239][562,702] display=[0,39][1340,737] parentFrame=[0,0][0,0]} displayId=0 dragResizing=false compatScale=1.0 frameChanged=false attachedFrameChanged=false configChanged=false displayChanged=false compatScaleChanged=false dragResizingChanged=false
06-19 08:26:55.583 30442 30442 I VRI[]@d8921e7: handleResized, frames=ClientWindowFrames{frame=[881,230][949,298] display=[0,39][1340,737] parentFrame=[0,0][0,0]} displayId=0 dragResizing=false compatScale=1.0 frameChanged=false attachedFrameChanged=false configChanged=false displayChanged=false compatScaleChanged=false dragResizingChanged=false
06-19 08:26:56.611 30539 30539 D VirtualSpoof: [spoof] ro.build.version.release = 12
06-19 08:26:56.611 30539 30539 D VirtualSpoof: [spoof] ro.product.model = Pixel 6
06-19 08:26:56.611 30539 30539 D VirtualSpoof: [spoof] ro.product.model = Pixel 6
06-19 08:26:56.611 30539 30539 D VirtualSpoof: [spoof] ro.build.version.release = 12
06-19 08:26:57.223 30539 30539 I InsetsSourceConsumer: applyRequestedVisibilityToControl: visible=true, type=navigationBars, host=com.psoffritti.video.speed/com.psoffritti.video.speed.ui.speed.VideoSpeedActivity
06-19 08:26:57.224 30539 30539 I InsetsSourceConsumer: applyRequestedVisibilityToControl: visible=true, type=statusBars, host=com.psoffritti.video.speed/com.psoffritti.video.speed.ui.speed.VideoSpeedActivity
06-19 08:26:57.225 30539 30539 D VRI[VideoSpeedActivity]@5ebe677: mThreadedRenderer.initializeIfNeeded()#2 mSurface={isValid=true 0x775e24c700}
06-19 08:26:57.226 30539 30539 D InputMethodManagerUtils: startInputInner - Id : 0
06-19 08:26:57.226 30539 30539 I InputMethodManager: startInputInner - IInputMethodManagerGlobalInvoker.startInputOrWindowGainedFocus
06-19 08:26:57.230 30539 30539 I InputMethodManager: handleMessage: setImeVisibility visible=false
06-19 08:26:57.230 30539 30539 D InsetsController: hide(ime(), fromIme=false)
06-19 08:26:57.230 30539 30539 I ImeTracker: top.niunaijun.blackbox:715ee445: onCancelled at PHASE_CLIENT_ALREADY_HIDDEN
06-19 08:26:57.233 30539 30613 D InputTransport: Input channel constructed: 'ClientS', fd=261
06-19 08:26:57.619 30539 30539 I ImeFocusController: onPreWindowFocus: skipped hasWindowFocus=false mHasImeFocus=true
06-19 08:26:57.619 30539 30539 I ImeFocusController: onPostWindowFocus: skipped hasWindowFocus=false mHasImeFocus=true
06-19 08:26:57.814 30442 30442 I VRI[]@9ee9dc: call setFrameRateCategory for touch hint category=no preference, reason=boost timeout, vri=VRI[]@9ee9dc
06-19 08:26:58.611 30539 30539 I Ads     : Ad failed to load : 0
06-19 08:26:58.612 30539 30539 I Ads     : Ad failed to load : 0
06-19 08:26:58.613 30539 30539 D VirtualSpoof: [spoof] ro.build.version.release = 12
06-19 08:26:58.614 30539 30539 D VirtualSpoof: [spoof] ro.product.model = Pixel 6
06-19 08:26:58.614 30539 30539 D VirtualSpoof: [spoof] ro.product.model = Pixel 6
06-19 08:26:58.614 30539 30539 D VirtualSpoof: [spoof] ro.build.version.release = 12
06-19 08:26:59.054 30539 30539 I InsetsSourceConsumer: applyRequestedVisibilityToControl: visible=true, type=navigationBars, host=com.psoffritti.video.speed/com.psoffritti.video.speed.ui.speed.VideoSpeedActivity
06-19 08:26:59.054 30539 30539 I InsetsSourceConsumer: applyRequestedVisibilityToControl: visible=true, type=statusBars, host=com.psoffritti.video.speed/com.psoffritti.video.speed.ui.speed.VideoSpeedActivity
06-19 08:26:59.059 30539 30539 D VRI[VideoSpeedActivity]@5ebe677: mThreadedRenderer.initializeIfNeeded()#2 mSurface={isValid=true 0x775e24c700}
06-19 08:26:59.060 30539 30539 D InputMethodManagerUtils: startInputInner - Id : 0
06-19 08:26:59.060 30539 30539 I InputMethodManager: startInputInner - IInputMethodManagerGlobalInvoker.startInputOrWindowGainedFocus
06-19 08:26:59.063 30539 30539 I InputMethodManager: handleMessage: setImeVisibility visible=false
06-19 08:26:59.063 30539 30539 D InsetsController: hide(ime(), fromIme=false)
06-19 08:26:59.063 30539 30539 I ImeTracker: top.niunaijun.blackbox:819f4dca: onCancelled at PHASE_CLIENT_ALREADY_HIDDEN
06-19 08:26:59.065 30539 30824 D InputTransport: Input channel constructed: 'ClientS', fd=177
06-19 08:27:02.019 30539 30557 W FA      : Tasks have been queued for a long time
06-19 08:27:02.362 30442 30452 E BLASTBufferQueue: [VRI[]@9ee9dc#2](f:0,a:2) Faking releaseBufferCallback from transactionCompleteCallback 678
06-19 08:27:04.783 30442 30442 I VRI[]@9ee9dc: ViewPostIme pointer 0
06-19 08:27:04.784 30442 30442 I VRI[]@9ee9dc: call setFrameRateCategory for touch hint category=high hint, reason=touch, vri=VRI[]@9ee9dc
06-19 08:27:05.064 30442 30442 I VRI[]@9ee9dc: ViewPostIme pointer 1
06-19 08:27:05.319 30442 30442 I VRI[]@9ee9dc: ViewPostIme pointer 0
06-19 08:27:05.485 30442 30442 I VRI[]@9ee9dc: ViewPostIme pointer 1
06-19 08:27:05.990 30442 30442 I VRI[]@9ee9dc: ViewPostIme pointer 0
06-19 08:27:06.613 30539 31212 W GooglePlayServicesUtil: com.psoffritti.video.speed requires Google Play services, but they are missing.
06-19 08:27:06.615 30539 31212 E DynamiteModule: Invalid GmsCore APK, remote loading disabled.
06-19 08:27:06.618 30539 31212 I Ads     : Use RequestConfiguration.Builder().setTestDeviceIds(Arrays.asList("1654883292BEA2952023B0AF6A4DAB83")) to get test ads on this device.
06-19 08:27:06.626 30539 31509 E DynamiteModule: Invalid GmsCore APK, remote loading disabled.
06-19 08:27:06.629 30539 31591 D AudioPermissionProxy: AudioPermission: getMode called, allowing
06-19 08:27:06.629 30539 31212 W GooglePlayServicesUtil: com.psoffritti.video.speed requires Google Play services, but they are missing.
06-19 08:27:06.629 30539 31509 D IConnectivityManagerProxy: Intercepting isActiveNetworkMetered for internet access
06-19 08:27:06.630 30539 31212 E DynamiteModule: Invalid GmsCore APK, remote loading disabled.
06-19 08:27:06.630 30539 31591 D AudioPermissionProxy: AudioPermission: isSpeakerphoneOn called, allowing
06-19 08:27:06.631 30539 31591 D AudioPermissionProxy: AudioPermission: getStreamVolume called, allowing
06-19 08:27:06.632 30539 31212 I Ads     : Use RequestConfiguration.Builder().setTestDeviceIds(Arrays.asList("1654883292BEA2952023B0AF6A4DAB83")) to get test ads on this device.
06-19 08:27:06.632 30539 31591 D AudioPermissionProxy: AudioPermission: getStreamVolume called, allowing
06-19 08:27:06.633 30539 31579 E DynamiteModule: Invalid GmsCore APK, remote loading disabled.
06-19 08:27:06.637 30539 31656 W GooglePlayServicesUtil: com.psoffritti.video.speed requires Google Play services, but they are missing.
06-19 08:27:06.637 30539 31584 D IConnectivityManagerProxy: Intercepting isActiveNetworkMetered for internet access
06-19 08:27:06.643 30539 30539 D VirtualSpoof: [spoof] ro.build.version.release = 12
06-19 08:27:06.643 30539 30539 D VirtualSpoof: [spoof] ro.product.model = Pixel 6
06-19 08:27:06.643 30539 30539 D VirtualSpoof: [spoof] ro.product.model = Pixel 6
06-19 08:27:06.643 30539 30539 D VirtualSpoof: [spoof] ro.build.version.release = 12
06-19 08:27:06.646 30539 31588 W GooglePlayServicesUtil: com.psoffritti.video.speed requires Google Play services, but they are missing.
06-19 08:27:06.646 30539 30539 D VirtualSpoof: [spoof] ro.build.version.release = 12
06-19 08:27:06.646 30539 30539 D VirtualSpoof: [spoof] ro.product.model = Pixel 6
06-19 08:27:06.646 30539 30539 D VirtualSpoof: [spoof] ro.product.model = Pixel 6
06-19 08:27:06.646 30539 30539 D VirtualSpoof: [spoof] ro.build.version.release = 12
06-19 08:27:06.651 30539 31576 D AudioPermissionProxy: AudioPermission: getMode called, allowing
06-19 08:27:06.652 30539 31576 D AudioPermissionProxy: AudioPermission: isSpeakerphoneOn called, allowing
06-19 08:27:06.653 30539 30539 D VirtualSpoof: [spoof] ro.build.version.release = 12
06-19 08:27:06.653 30539 30539 D VirtualSpoof: [spoof] ro.product.model = Pixel 6
06-19 08:27:06.653 30539 30539 D VirtualSpoof: [spoof] ro.product.model = Pixel 6
06-19 08:27:06.653 30539 30539 D VirtualSpoof: [spoof] ro.build.version.release = 12
06-19 08:27:06.654 30539 31576 D AudioPermissionProxy: AudioPermission: getStreamVolume called, allowing
06-19 08:27:06.655 30539 31576 D AudioPermissionProxy: AudioPermission: getStreamVolume called, allowing
06-19 08:27:06.657 30539 30622 D TransactionThrottler: Reset transaction throttler
06-19 08:27:06.658 30539 30539 D VirtualSpoof: [spoof] ro.build.version.release = 12
06-19 08:27:06.658 30539 30539 D VirtualSpoof: [spoof] ro.product.model = Pixel 6
06-19 08:27:06.658 30539 30539 D VirtualSpoof: [spoof] ro.product.model = Pixel 6
06-19 08:27:06.658 30539 30539 D VirtualSpoof: [spoof] ro.build.version.release = 12
06-19 08:27:06.661 30539 31590 W Ads     : Not retrying to fetch app settings
06-19 08:27:06.664 30539 31657 W GooglePlayServicesUtil: com.psoffritti.video.speed requires Google Play services, but they are missing.
06-19 08:27:06.665 30539 30622 D TransactionThrottler: Reset transaction throttler
06-19 08:27:06.677 30539 31585 W GooglePlayServicesUtil: com.psoffritti.video.speed requires Google Play services, but they are missing.
06-19 08:27:06.678 30539 30544 D InputTransport: Input channel destroyed: 'ClientS', fd=177
06-19 08:27:06.678 30539 30544 D InputTransport: Input channel destroyed: 'ClientS', fd=261
06-19 08:27:06.753 30539 30622 D TransactionThrottler: Reset transaction throttler
06-19 08:27:06.888 30442 30442 I VRI[]@9ee9dc: ViewPostIme pointer 1
06-19 08:27:07.618 30442 30442 I VRI[]@9ee9dc: ViewPostIme pointer 0
06-19 08:27:07.618 30442 30442 I Choreographer: Skipped 56 frames!  The application may be doing too much work on its main thread.
06-19 08:27:07.672 30442 30452 I HWUI    : Davey! duration=970ms; Flags=0, FrameTimelineVsyncId=143595366, IntendedVsync=247843639843513, Vsync=247844564797529, InputEventId=1039005665, HandleInputStart=247844579306078, AnimationStart=247844579321463, PerformTraversalsStart=247844579332232, DrawStart=247844579627309, FrameDeadline=247844251080894, FrameStartTime=247844578813232, FrameInterval=16517036, WorkloadTarget=16666667, SyncQueued=247844599299386, SyncStart=247844599492617, IssueDrawCommandsStart=247844600857771, SwapBuffers=247844605112848, FrameCompleted=247844610197771, DequeueBufferDuration=153846, QueueBufferDuration=491307, GpuCompleted=247844610144232, SwapBuffersCompleted=247844610197771, DisplayPresentTime=247836901707309, CommandSubmissionCompleted=247844605112848, 
06-19 08:27:07.831 30442 30442 I VRI[]@9ee9dc: ViewPostIme pointer 1
06-19 08:27:08.271 30442 30442 I VRI[]@9ee9dc: ViewPostIme pointer 0
06-19 08:27:08.387 30442 30442 I VRI[]@9ee9dc: ViewPostIme pointer 1
06-19 08:27:08.540 25338 25338 D CrashMonitor: Performing periodic health check...
06-19 08:27:08.540 25338 25338 D CrashMonitor: Health check completed - Memory: 2.2%, Threads: 15
06-19 08:27:08.656 30539 30539 D VirtualSpoof: [spoof] ro.build.version.release = 12
06-19 08:27:08.657 30539 30539 D VirtualSpoof: [spoof] ro.product.model = Pixel 6
06-19 08:27:08.657 30539 30539 D VirtualSpoof: [spoof] ro.product.model = Pixel 6
06-19 08:27:08.657 30539 30539 D VirtualSpoof: [spoof] ro.build.version.release = 12
06-19 08:27:08.660 30539 30539 D VirtualSpoof: [spoof] ro.build.version.release = 12
06-19 08:27:08.660 30539 30539 D VirtualSpoof: [spoof] ro.product.model = Pixel 6
06-19 08:27:08.660 30539 30539 D VirtualSpoof: [spoof] ro.product.model = Pixel 6
06-19 08:27:08.660 30539 30539 D VirtualSpoof: [spoof] ro.build.version.release = 12
06-19 08:27:08.665 30539 30539 D VirtualSpoof: [spoof] ro.build.version.release = 12
06-19 08:27:08.665 30539 30539 D VirtualSpoof: [spoof] ro.product.model = Pixel 6
06-19 08:27:08.665 30539 30539 D VirtualSpoof: [spoof] ro.product.model = Pixel 6
06-19 08:27:08.665 30539 30539 D VirtualSpoof: [spoof] ro.build.version.release = 12
06-19 08:27:09.066 30442 30442 I VRI[]@9ee9dc: ViewPostIme pointer 0
06-19 08:27:09.116 30442 30442 I VRI[]@9ee9dc: ViewPostIme pointer 1
06-19 08:27:09.197 30442 30442 I VRI[]@9ee9dc: ViewPostIme pointer 0
06-19 08:27:09.437 30442 30442 I VRI[]@9ee9dc: ViewPostIme pointer 1
06-19 08:27:11.644 30539 30539 I VRI[VideoSpeedActivity]@5ebe677: ViewPostIme pointer 0
06-19 08:27:11.646 30539 30539 I VRI[VideoSpeedActivity]@5ebe677: call setFrameRateCategory for touch hint category=high hint, reason=touch, vri=VRI[VideoSpeedActivity]@5ebe677
06-19 08:27:11.658 30539 30539 D Choreographer: BBA2 receive callback when in bg : 0
06-19 08:27:11.792 30539 30539 I VRI[VideoSpeedActivity]@5ebe677: ViewPostIme pointer 1
06-19 08:27:12.460 30442 30442 I VRI[]@9ee9dc: call setFrameRateCategory for touch hint category=no preference, reason=boost timeout, vri=VRI[]@9ee9dc
06-19 08:27:12.799 30539 30539 I VRI[VideoSpeedActivity]@5ebe677: ViewPostIme pointer 0
06-19 08:27:13.972 30539 30539 I VRI[VideoSpeedActivity]@5ebe677: ViewPostIme pointer 1
06-19 08:27:14.169 30539 30539 I VRI[VideoSpeedActivity]@5ebe677: ViewPostIme pointer 0
06-19 08:27:14.435 30539 30539 I VRI[VideoSpeedActivity]@5ebe677: ViewPostIme pointer 1
06-19 08:27:15.012 30539 30539 I VRI[VideoSpeedActivity]@5ebe677: ViewPostIme pointer 0
06-19 08:27:15.111 30539 30539 I VRI[VideoSpeedActivity]@5ebe677: ViewPostIme pointer 1
06-19 08:27:15.838 30539 30539 I VRI[VideoSpeedActivity]@5ebe677: ViewPostIme pointer 0
06-19 08:27:15.920 30539 30539 I VRI[VideoSpeedActivity]@5ebe677: ViewPostIme pointer 1
06-19 08:27:16.693 30539 30539 D VirtualSpoof: [spoof] ro.build.version.release = 12
06-19 08:27:16.693 30539 30539 D VirtualSpoof: [spoof] ro.product.model = Pixel 6
06-19 08:27:16.693 30539 30539 D VirtualSpoof: [spoof] ro.product.model = Pixel 6
06-19 08:27:16.693 30539 30539 D VirtualSpoof: [spoof] ro.build.version.release = 12
06-19 08:27:16.712 30539 30539 I VRI[VideoSpeedActivity]@5ebe677: ViewPostIme pointer 0
06-19 08:27:16.795 30539 30539 I VRI[VideoSpeedActivity]@5ebe677: ViewPostIme pointer 1
06-19 08:27:17.226 30539 30539 I VRI[VideoSpeedActivity]@5ebe677: ViewPostIme pointer 0
06-19 08:27:17.324 30539 30539 I VRI[VideoSpeedActivity]@5ebe677: ViewPostIme pointer 1
06-19 08:27:17.335 30539 30550 W jun.blackbox:p0: Couldn't lock the profile file /data/misc/profiles/cur/0/com.psoffritti.video.speed/primary.prof: Failed to open file '/data/misc/profiles/cur/0/com.psoffritti.video.speed/primary.prof': Permission denied
06-19 08:27:17.335 30539 30550 W jun.blackbox:p0: Could not forcefully load profile /data/misc/profiles/cur/0/com.psoffritti.video.speed/primary.prof
06-19 08:27:18.117 30539 30539 I VRI[VideoSpeedActivity]@5ebe677: ViewPostIme pointer 0
06-19 08:27:18.215 30539 30539 I VRI[VideoSpeedActivity]@5ebe677: ViewPostIme pointer 1
06-19 08:27:18.689 30539 30539 I Ads     : Ad failed to load : 0
06-19 08:27:18.691 30539 30539 I Ads     : Ad failed to load : 0
06-19 08:27:18.694 30539 30539 D VirtualSpoof: [spoof] ro.build.version.release = 12
06-19 08:27:18.694 30539 30539 D VirtualSpoof: [spoof] ro.product.model = Pixel 6
06-19 08:27:18.694 30539 30539 D VirtualSpoof: [spoof] ro.product.model = Pixel 6
06-19 08:27:18.694 30539 30539 D VirtualSpoof: [spoof] ro.build.version.release = 12
06-19 08:27:20.628 30442 30442 I VRI[]@9ee9dc: ViewPostIme pointer 0
06-19 08:27:20.629 30442 30442 I VRI[]@9ee9dc: call setFrameRateCategory for touch hint category=high hint, reason=touch, vri=VRI[]@9ee9dc
06-19 08:27:20.852 30442 30442 I VRI[]@9ee9dc: ViewPostIme pointer 1
06-19 08:27:21.216 30539 30539 I VRI[VideoSpeedActivity]@5ebe677: call setFrameRateCategory for touch hint category=no preference, reason=boost timeout, vri=VRI[VideoSpeedActivity]@5ebe677
06-19 08:27:21.868 30539 30539 D CrashMonitor: Performing periodic health check...
06-19 08:27:21.869 30539 30539 W CrashMonitor: High thread count detected: 106
06-19 08:27:21.869 30539 30539 D CrashMonitor: Health check completed - Memory: 3.9%, Threads: 106
06-19 08:27:22.635 30442 30442 D CrashMonitor: Performing periodic health check...
06-19 08:27:22.636 30442 30442 D CrashMonitor: Health check completed - Memory: 3.7%, Threads: 34
06-19 08:27:23.466 30539 30539 I ImeFocusController: onPreWindowFocus: skipped hasWindowFocus=false mHasImeFocus=true
06-19 08:27:23.467 30539 30539 I ImeFocusController: onPostWindowFocus: skipped hasWindowFocus=false mHasImeFocus=true
06-19 08:27:23.809 30539 30539 E HCallbackStub: mActivityCallbacks is null for clientTransaction: ClientTransaction{
06-19 08:27:23.809 30539 30539 E HCallbackStub:   transactionItems=[
06-19 08:27:23.809 30539 30539 E HCallbackStub:     StopActivityItem{mActivityToken=android.os.BinderProxy@823bb53}
06-19 08:27:23.809 30539 30539 E HCallbackStub:   ]
06-19 08:27:23.809 30539 30539 E HCallbackStub: }
06-19 08:27:23.809 30539 30539 D FirebaseSessions: App backgrounded on com.psoffritti.video.speed
06-19 08:27:23.810 30539 30539 W WindowOnBackDispatcher: sendCancelIfRunning: isInProgress=false callback=fw2@328b749
06-19 08:27:23.810 30539 30539 I VRI[VideoSpeedActivity]@5ebe677: stopped(true) old = false
06-19 08:27:23.810 30539 30539 D VRI[VideoSpeedActivity]@5ebe677: WindowStopped on com.psoffritti.video.speed/com.psoffritti.video.speed.ui.speed.VideoSpeedActivity set to true
06-19 08:27:23.811 30539 30575 D HWUI    : CacheManager::trimMemory(20)
06-19 08:27:23.828 30539 30575 D BLASTBufferQueue: [VRI[VideoSpeedActivity]@5ebe677#2](f:0,a:1) destructor()
06-19 08:27:23.828 30539 30575 D BufferQueueConsumer: [VRI[VideoSpeedActivity]@5ebe677#2(BLAST Consumer)2](id:774b00000002,api:0,p:-1,c:30539) disconnect
06-19 08:27:23.829 30539 30575 D HWUI    : CacheManager::trimMemory(20)
06-19 08:27:23.837 30539 30539 I VRI[VideoSpeedActivity]@5ebe677: Relayout returned: old=(0,0,1340,800) new=(0,0,1340,800) relayoutAsync=false req=(1340,800)4 dur=6 res=0x2 s={false 0x0} ch=false seqId=0
06-19 08:27:23.837 30539 30539 D VRI[VideoSpeedActivity]@5ebe677: Not drawing due to not visible. Reason=View.INVISIBLE
06-19 08:27:23.838 30539 30575 D HWUI    : CacheManager::trimMemory(20)
06-19 08:27:23.840 30539 30539 I VRI[VideoSpeedActivity]@5ebe677: handleAppVisibility mAppVisible = true visible = false
06-19 08:27:23.843 30539 30557 E FA      : Unable to use remote or local measurement implementation. Please register the AppMeasurementService service in the app manifest
06-19 08:27:23.849 30539 30539 D BBA2    : setIsFg isFg = false; delayValue 3999ms
06-19 08:27:23.852 30539 30539 D InputTransport: Input channel destroyed: 'ClientS', fd=278
06-19 08:27:24.331 30442 30442 D BBA2    : setIsFg isFg = false; delayValue 3999ms
06-19 08:27:24.359 30442 30442 I VRI[]@9ee9dc: call setFrameRateCategory for touch hint category=no preference, reason=boost timeout, vri=VRI[]@9ee9dc
06-19 08:27:24.389 30442 30442 I Choreographer: Skipped 31 frames!  The application may be doing too much work on its main thread.
